2025-03-21 09:37:10,560 - INFO - CSV saved to: C:\Users\SelengeTulga\Documents\GitHub\appfolio-dashboard\data\beg_year_cleaned_20250321_093710.csv
2025-03-21 09:40:44,301 - INFO - Started Appfolio data process
2025-03-21 09:40:45,435 - INFO - [INFO] Opening login page...
2025-03-21 09:40:47,251 - INFO -  An error occurred: Message: unknown error: cannot determine loading status
from target frame detached
  (Session info: chrome=134.0.6998.89)
Stacktrace:
	GetHandleVerifier [0x00007FF7A22E6EE5+28773]
	(No symbol) [0x00007FF7A22525D0]
	(No symbol) [0x00007FF7A20E8DDC]
	(No symbol) [0x00007FF7A20D60FB]
	(No symbol) [0x00007FF7A20D3CEE]
	(No symbol) [0x00007FF7A20D47AF]
	(No symbol) [0x00007FF7A20E387C]
	(No symbol) [0x00007FF7A20F919A]
	(No symbol) [0x00007FF7A210030A]
	(No symbol) [0x00007FF7A20D4F1D]
	(No symbol) [0x00007FF7A20F8B33]
	(No symbol) [0x00007FF7A218F5D5]
	(No symbol) [0x00007FF7A2167023]
	(No symbol) [0x00007FF7A212FF5E]
	(No symbol) [0x00007FF7A21311E3]
	GetHandleVerifier [0x00007FF7A263422D+3490733]
	GetHandleVerifier [0x00007FF7A264BA13+3586963]
	GetHandleVerifier [0x00007FF7A264144D+3544525]
	GetHandleVerifier [0x00007FF7A23AC9AA+838442]
	(No symbol) [0x00007FF7A225D01F]
	(No symbol) [0x00007FF7A22595E4]
	(No symbol) [0x00007FF7A2259786]
	(No symbol) [0x00007FF7A2248CB9]
	BaseThreadInitThunk [0x00007FF96DB6E8D7+23]
	RtlUserThreadStart [0x00007FF96FB5BF6C+44]

2025-03-21 09:40:49,379 - INFO - [ERROR] The process encountered an error.
2025-03-21 09:45:05,816 - INFO - Started Appfolio data process
2025-03-21 09:45:06,857 - INFO - [INFO] Opening login page...
2025-03-21 09:45:10,691 - INFO - [INFO] Entered username
2025-03-21 09:45:10,762 - INFO - [INFO] Entered password
2025-03-21 09:45:11,771 - INFO - [INFO] Clicked login button
2025-03-21 09:45:14,776 - INFO - [INFO] 2-Step Verification detected. Retrieving verification code...
2025-03-21 09:45:15,189 - INFO - [INFO] Requested verification code.
2025-03-21 09:45:18,764 - INFO - Entered verification code: 965864
2025-03-21 09:45:18,842 - INFO - Successfully submitted the verification code!
2025-03-21 09:45:21,848 - INFO - Navigating to https://rbmgt.appfolio.com/buffered_reports/rent_roll?customize=true and downloading CSV...
2025-03-21 09:45:25,479 - INFO - Update button clicked successfully.
2025-03-21 09:45:28,655 - INFO - Export CSV button clicked successfully.
2025-03-21 09:45:28,655 - INFO - CSV export process initiated.
2025-03-21 09:45:33,657 - INFO -  Waiting for CSV file to be downloaded...
2025-03-21 09:45:33,657 - INFO -  Latest downloaded file: C:\Users\SelengeTulga\Documents\GitHub\appfolio-dashboard\data\rent_roll-20250321.csv
2025-03-21 09:45:33,657 - INFO - Navigating to https://rbmgt.appfolio.com/buffered_reports/work_order?customize=true and downloading CSV...
2025-03-21 09:45:37,280 - INFO - Update button clicked successfully.
2025-03-21 09:45:40,441 - INFO - Export CSV button clicked successfully.
2025-03-21 09:45:40,441 - INFO - CSV export process initiated.
2025-03-21 09:45:45,443 - INFO -  Waiting for CSV file to be downloaded...
2025-03-21 09:45:45,444 - INFO -  Latest downloaded file: C:\Users\SelengeTulga\Documents\GitHub\appfolio-dashboard\data\work_order-20250321.csv
2025-03-21 09:45:45,444 - INFO -  An error occurred: get_data_from_appfolio() takes 0 positional arguments but 4 were given
2025-03-21 09:45:47,669 - INFO - [ERROR] The process encountered an error.
2025-03-21 09:47:56,921 - INFO - Started Appfolio data process
2025-03-21 09:47:57,960 - INFO - [INFO] Opening login page...
2025-03-21 09:47:59,789 - INFO - [INFO] Entered username
2025-03-21 09:47:59,931 - INFO - [INFO] Entered password
2025-03-21 09:48:00,770 - INFO - [INFO] Clicked login button
2025-03-21 09:48:03,779 - INFO - [INFO] 2-Step Verification detected. Retrieving verification code...
2025-03-21 09:48:04,098 - INFO - [INFO] Requested verification code.
2025-03-21 09:48:09,876 - INFO - Entered verification code: 916723
2025-03-21 09:48:11,705 - INFO - Successfully submitted the verification code!
2025-03-21 09:48:14,706 - INFO - Navigating to https://rbmgt.appfolio.com/buffered_reports/rent_roll?customize=true and downloading CSV...
2025-03-21 09:48:18,333 - INFO - Update button clicked successfully.
2025-03-21 09:48:21,503 - INFO - Export CSV button clicked successfully.
2025-03-21 09:48:21,503 - INFO - CSV export process initiated.
2025-03-21 09:48:26,506 - INFO -  Waiting for CSV file to be downloaded...
2025-03-21 09:48:26,506 - INFO -  Latest downloaded file: C:\Users\SelengeTulga\Documents\GitHub\appfolio-dashboard\data\rent_roll-20250321 (1).csv
2025-03-21 09:48:26,509 - INFO - Navigating to https://rbmgt.appfolio.com/buffered_reports/work_order?customize=true and downloading CSV...
2025-03-21 09:48:30,130 - INFO - Update button clicked successfully.
2025-03-21 09:48:33,263 - INFO - Export CSV button clicked successfully.
2025-03-21 09:48:33,264 - INFO - CSV export process initiated.
2025-03-21 09:48:38,265 - INFO -  Waiting for CSV file to be downloaded...
2025-03-21 09:48:38,265 - INFO -  Latest downloaded file: C:\Users\SelengeTulga\Documents\GitHub\appfolio-dashboard\data\work_order-20250321 (1).csv
2025-03-21 09:48:38,265 - INFO -  An error occurred: get_data_from_appfolio() takes 0 positional arguments but 4 were given
2025-03-21 09:48:40,418 - INFO - [ERROR] The process encountered an error.
2025-03-21 09:55:25,528 - INFO - Started Appfolio data process
2025-03-21 09:55:26,582 - INFO - [INFO] Opening login page...
2025-03-21 09:55:28,468 - INFO - [INFO] Entered username
2025-03-21 09:55:28,604 - INFO - [INFO] Entered password
2025-03-21 09:55:29,452 - INFO - [INFO] Clicked login button
2025-03-21 09:55:32,458 - INFO - [INFO] 2-Step Verification detected. Retrieving verification code...
2025-03-21 09:55:32,778 - INFO - [INFO] Requested verification code.
2025-03-21 09:55:38,540 - INFO - Entered verification code: 966593
2025-03-21 09:55:38,607 - INFO - Successfully submitted the verification code!
2025-03-21 09:55:41,609 - INFO - Navigating to https://rbmgt.appfolio.com/buffered_reports/rent_roll?customize=true and downloading CSV...
2025-03-21 09:55:45,271 - INFO - Update button clicked successfully.
2025-03-21 09:55:48,442 - INFO - Export CSV button clicked successfully.
2025-03-21 09:55:48,442 - INFO - CSV export process initiated.
2025-03-21 09:55:53,446 - INFO -  Waiting for CSV file to be downloaded...
2025-03-21 09:55:53,446 - INFO -  Latest downloaded file: C:\Users\SelengeTulga\Documents\GitHub\appfolio-dashboard\data\rent_roll-20250321 (2).csv
2025-03-21 09:55:53,446 - INFO - [SUCCESS] CSV file ready: C:\Users\SelengeTulga\Documents\GitHub\appfolio-dashboard\data\rent_roll-20250321 (2).csv
2025-03-21 09:55:53,446 - INFO - [SUCCESS] CSV URL: file://C:\Users\SelengeTulga\Documents\GitHub\appfolio-dashboard\data\rent_roll-20250321 (2).csv
2025-03-21 09:55:53,470 - INFO - CSV saved to: C:\Users\SelengeTulga\Documents\GitHub\appfolio-dashboard\data\beg_year_cleaned_20250321_095553.csv
2025-03-21 09:55:53,470 - INFO - Navigating to https://rbmgt.appfolio.com/buffered_reports/work_order?customize=true and downloading CSV...
2025-03-21 09:55:57,154 - INFO - Update button clicked successfully.
2025-03-21 09:56:00,332 - INFO - Export CSV button clicked successfully.
2025-03-21 09:56:00,332 - INFO - CSV export process initiated.
2025-03-21 09:56:05,338 - INFO -  Waiting for CSV file to be downloaded...
2025-03-21 09:56:05,338 - INFO -  Latest downloaded file: C:\Users\SelengeTulga\Documents\GitHub\appfolio-dashboard\data\work_order-20250321 (2).csv
2025-03-21 09:56:05,338 - INFO - [SUCCESS] CSV file ready: C:\Users\SelengeTulga\Documents\GitHub\appfolio-dashboard\data\work_order-20250321 (2).csv
2025-03-21 09:56:05,338 - INFO - [SUCCESS] CSV URL: file://C:\Users\SelengeTulga\Documents\GitHub\appfolio-dashboard\data\work_order-20250321 (2).csv
2025-03-21 09:56:05,362 - INFO - CSV saved to: C:\Users\SelengeTulga\Documents\GitHub\appfolio-dashboard\data\beg_year_cleaned_20250321_095605.csv
2025-03-21 09:56:05,362 - INFO -  An error occurred: get_data_from_appfolio() takes 0 positional arguments but 4 were given
2025-03-21 09:56:07,523 - INFO - [ERROR] The process encountered an error.
2025-03-21 09:57:08,064 - INFO - Started Appfolio data process
2025-03-21 09:57:09,096 - INFO - [INFO] Opening login page...
2025-03-21 09:57:11,014 - INFO - [INFO] Entered username
2025-03-21 09:57:11,154 - INFO - [INFO] Entered password
2025-03-21 09:57:11,218 - INFO - [INFO] Clicked login button
2025-03-21 09:57:14,226 - INFO - [INFO] 2-Step Verification detected. Retrieving verification code...
2025-03-21 09:57:14,539 - INFO - [INFO] Requested verification code.
2025-03-21 09:57:14,758 - INFO - Too many requests. Waiting 10 seconds before retrying...
2025-03-21 09:57:26,071 - INFO - Entered verification code: 220515
2025-03-21 09:57:29,619 - INFO - Successfully submitted the verification code!
2025-03-21 09:57:32,620 - INFO - Navigating to https://rbmgt.appfolio.com/buffered_reports/rent_roll?customize=true and downloading CSV...
2025-03-21 09:57:36,277 - INFO - Update button clicked successfully.
2025-03-21 09:57:39,508 - INFO - Export CSV button clicked successfully.
2025-03-21 09:57:39,509 - INFO - CSV export process initiated.
2025-03-21 09:57:44,510 - INFO -  Waiting for CSV file to be downloaded...
2025-03-21 09:57:44,511 - INFO -  Latest downloaded file: C:\Users\SelengeTulga\Documents\GitHub\appfolio-dashboard\data\rent_roll-20250321 (3).csv
2025-03-21 09:57:44,511 - INFO - [SUCCESS] CSV file ready: C:\Users\SelengeTulga\Documents\GitHub\appfolio-dashboard\data\rent_roll-20250321 (3).csv
2025-03-21 09:57:44,511 - INFO - [SUCCESS] CSV URL: file://C:\Users\SelengeTulga\Documents\GitHub\appfolio-dashboard\data\rent_roll-20250321 (3).csv
2025-03-21 09:57:44,532 - INFO - CSV saved to: C:\Users\SelengeTulga\Documents\GitHub\appfolio-dashboard\data\beg_year_cleaned_20250321_095744.csv
2025-03-21 09:57:44,532 - INFO - Navigating to https://rbmgt.appfolio.com/buffered_reports/work_order?customize=true and downloading CSV...
2025-03-21 09:57:48,244 - INFO - Update button clicked successfully.
2025-03-21 09:57:51,444 - INFO - Export CSV button clicked successfully.
2025-03-21 09:57:51,445 - INFO - CSV export process initiated.
2025-03-21 09:57:56,446 - INFO -  Waiting for CSV file to be downloaded...
2025-03-21 09:57:56,449 - INFO -  Latest downloaded file: C:\Users\SelengeTulga\Documents\GitHub\appfolio-dashboard\data\work_order-20250321 (3).csv
2025-03-21 09:57:56,449 - INFO - [SUCCESS] CSV file ready: C:\Users\SelengeTulga\Documents\GitHub\appfolio-dashboard\data\work_order-20250321 (3).csv
2025-03-21 09:57:56,449 - INFO - [SUCCESS] CSV URL: file://C:\Users\SelengeTulga\Documents\GitHub\appfolio-dashboard\data\work_order-20250321 (3).csv
2025-03-21 09:57:56,454 - INFO - CSV saved to: C:\Users\SelengeTulga\Documents\GitHub\appfolio-dashboard\data\beg_year_cleaned_20250321_095756.csv
2025-03-21 09:57:56,454 - INFO -  An error occurred: get_data_from_appfolio() takes 0 positional arguments but 4 were given
2025-03-21 09:57:58,611 - INFO - [ERROR] The process encountered an error.
2025-03-21 09:59:01,904 - INFO - Started Appfolio data process
2025-03-21 09:59:02,944 - INFO - [INFO] Opening login page...
2025-03-21 09:59:04,770 - INFO - [INFO] Entered username
2025-03-21 09:59:04,839 - INFO - [INFO] Entered password
2025-03-21 09:59:04,964 - INFO - [INFO] Clicked login button
2025-03-21 09:59:07,966 - INFO - [INFO] 2-Step Verification detected. Retrieving verification code...
2025-03-21 09:59:08,296 - INFO - [INFO] Requested verification code.
2025-03-21 09:59:14,111 - INFO - Entered verification code: 406688
2025-03-21 09:59:14,171 - INFO - Successfully submitted the verification code!
2025-03-21 09:59:17,172 - INFO - Navigating to https://rbmgt.appfolio.com/buffered_reports/rent_roll?customize=true and downloading CSV...
2025-03-21 09:59:20,815 - INFO - Update button clicked successfully.
2025-03-21 09:59:23,984 - INFO - Export CSV button clicked successfully.
2025-03-21 09:59:23,984 - INFO - CSV export process initiated.
2025-03-21 09:59:28,985 - INFO -  Waiting for CSV file to be downloaded...
2025-03-21 09:59:28,985 - INFO -  Latest downloaded file: C:\Users\SelengeTulga\Documents\GitHub\appfolio-dashboard\data\rent_roll-20250321.csv
2025-03-21 09:59:28,985 - INFO - [SUCCESS] CSV file ready: C:\Users\SelengeTulga\Documents\GitHub\appfolio-dashboard\data\rent_roll-20250321.csv
2025-03-21 09:59:28,985 - INFO - [SUCCESS] CSV URL: file://C:\Users\SelengeTulga\Documents\GitHub\appfolio-dashboard\data\rent_roll-20250321.csv
2025-03-21 09:59:29,012 - INFO - CSV saved to: C:\Users\SelengeTulga\Documents\GitHub\appfolio-dashboard\data\beg_year_cleaned_20250321_095929.csv
2025-03-21 09:59:29,012 - INFO - Navigating to https://rbmgt.appfolio.com/buffered_reports/work_order?customize=true and downloading CSV...
2025-03-21 09:59:33,023 - INFO - Update button clicked successfully.
2025-03-21 09:59:36,174 - INFO - Export CSV button clicked successfully.
2025-03-21 09:59:36,174 - INFO - CSV export process initiated.
2025-03-21 09:59:41,176 - INFO -  Waiting for CSV file to be downloaded...
2025-03-21 09:59:41,177 - INFO -  Latest downloaded file: C:\Users\SelengeTulga\Documents\GitHub\appfolio-dashboard\data\work_order-20250321.csv
2025-03-21 09:59:41,177 - INFO - [SUCCESS] CSV file ready: C:\Users\SelengeTulga\Documents\GitHub\appfolio-dashboard\data\work_order-20250321.csv
2025-03-21 09:59:41,177 - INFO - [SUCCESS] CSV URL: file://C:\Users\SelengeTulga\Documents\GitHub\appfolio-dashboard\data\work_order-20250321.csv
2025-03-21 09:59:41,183 - INFO - CSV saved to: C:\Users\SelengeTulga\Documents\GitHub\appfolio-dashboard\data\beg_year_cleaned_20250321_095941.csv
2025-03-21 09:59:41,183 - INFO - Navigating to https://rbmgt.appfolio.com/buffered_reports/unit_vacancy?customize=true and downloading CSV...
2025-03-21 09:59:44,717 - INFO - Update button clicked successfully.
2025-03-21 09:59:47,910 - INFO - Export CSV button clicked successfully.
2025-03-21 09:59:47,910 - INFO - CSV export process initiated.
2025-03-21 09:59:52,916 - INFO -  Waiting for CSV file to be downloaded...
2025-03-21 09:59:52,916 - INFO -  Latest downloaded file: C:\Users\SelengeTulga\Documents\GitHub\appfolio-dashboard\data\unit_vacancy_detail-20250321.csv
2025-03-21 09:59:52,916 - INFO - [SUCCESS] CSV file ready: C:\Users\SelengeTulga\Documents\GitHub\appfolio-dashboard\data\unit_vacancy_detail-20250321.csv
2025-03-21 09:59:52,916 - INFO - [SUCCESS] CSV URL: file://C:\Users\SelengeTulga\Documents\GitHub\appfolio-dashboard\data\unit_vacancy_detail-20250321.csv
2025-03-21 09:59:52,938 - INFO - CSV saved to: C:\Users\SelengeTulga\Documents\GitHub\appfolio-dashboard\data\beg_year_cleaned_20250321_095952.csv
2025-03-21 09:59:55,104 - INFO - [SUCCESS] The entire process completed successfully.
2025-03-21 10:02:27,276 - INFO - Started Appfolio data process
2025-03-21 10:02:28,292 - INFO - [INFO] Opening login page...
2025-03-21 10:02:32,441 - INFO - [INFO] Entered username
2025-03-21 10:02:32,509 - INFO - [INFO] Entered password
2025-03-21 10:02:32,572 - INFO - [INFO] Clicked login button
2025-03-21 10:02:35,572 - INFO - [INFO] 2-Step Verification detected. Retrieving verification code...
2025-03-21 10:02:35,899 - INFO - [INFO] Requested verification code.
2025-03-21 10:02:41,687 - INFO - Entered verification code: 249496
2025-03-21 10:02:41,750 - INFO - Successfully submitted the verification code!
2025-03-21 10:02:44,750 - INFO - Navigating to https://rbmgt.appfolio.com/buffered_reports/rent_roll?customize=true and downloading CSV...
2025-03-21 10:02:48,534 - INFO - Update button clicked successfully.
2025-03-21 10:02:51,709 - INFO - Export CSV button clicked successfully.
2025-03-21 10:02:51,709 - INFO - CSV export process initiated.
2025-03-21 10:02:56,713 - INFO -  Waiting for CSV file to be downloaded...
2025-03-21 10:02:56,713 - INFO -  Latest downloaded file: C:\Users\SelengeTulga\Documents\GitHub\appfolio-dashboard\data\rent_roll-20250321.csv
2025-03-21 10:02:56,713 - INFO - [SUCCESS] CSV file ready: C:\Users\SelengeTulga\Documents\GitHub\appfolio-dashboard\data\rent_roll-20250321.csv
2025-03-21 10:02:56,713 - INFO - [SUCCESS] CSV URL: file://C:\Users\SelengeTulga\Documents\GitHub\appfolio-dashboard\data\rent_roll-20250321.csv
2025-03-21 10:02:56,740 - INFO - CSV saved to: C:\Users\SelengeTulga\Documents\GitHub\appfolio-dashboard\data\tenant_data_cleaned_20250321_100256.csv
2025-03-21 10:02:56,740 - INFO - Navigating to https://rbmgt.appfolio.com/buffered_reports/work_order?customize=true and downloading CSV...
2025-03-21 10:03:00,407 - INFO - Update button clicked successfully.
2025-03-21 10:03:03,538 - INFO - Export CSV button clicked successfully.
2025-03-21 10:03:03,539 - INFO - CSV export process initiated.
2025-03-21 10:03:08,539 - INFO -  Waiting for CSV file to be downloaded...
2025-03-21 10:03:08,539 - INFO -  Latest downloaded file: C:\Users\SelengeTulga\Documents\GitHub\appfolio-dashboard\data\work_order-20250321.csv
2025-03-21 10:03:08,539 - INFO - [SUCCESS] CSV file ready: C:\Users\SelengeTulga\Documents\GitHub\appfolio-dashboard\data\work_order-20250321.csv
2025-03-21 10:03:08,539 - INFO - [SUCCESS] CSV URL: file://C:\Users\SelengeTulga\Documents\GitHub\appfolio-dashboard\data\work_order-20250321.csv
2025-03-21 10:03:08,548 - INFO - CSV saved to: C:\Users\SelengeTulga\Documents\GitHub\appfolio-dashboard\data\work_order_cleaned_20250321_100308.csv
2025-03-21 10:03:08,548 - INFO - Navigating to https://rbmgt.appfolio.com/buffered_reports/unit_vacancy?customize=true and downloading CSV...
2025-03-21 10:03:12,102 - INFO - Update button clicked successfully.
2025-03-21 10:03:15,240 - INFO - Export CSV button clicked successfully.
2025-03-21 10:03:15,240 - INFO - CSV export process initiated.
2025-03-21 10:03:20,241 - INFO -  Waiting for CSV file to be downloaded...
2025-03-21 10:03:20,243 - INFO -  Latest downloaded file: C:\Users\SelengeTulga\Documents\GitHub\appfolio-dashboard\data\unit_vacancy_detail-20250321.csv
2025-03-21 10:03:20,243 - INFO - [SUCCESS] CSV file ready: C:\Users\SelengeTulga\Documents\GitHub\appfolio-dashboard\data\unit_vacancy_detail-20250321.csv
2025-03-21 10:03:20,243 - INFO - [SUCCESS] CSV URL: file://C:\Users\SelengeTulga\Documents\GitHub\appfolio-dashboard\data\unit_vacancy_detail-20250321.csv
2025-03-21 10:03:20,248 - INFO - CSV saved to: C:\Users\SelengeTulga\Documents\GitHub\appfolio-dashboard\data\vacancy_cleaned_20250321_100320.csv
2025-03-21 10:03:22,447 - INFO - [SUCCESS] The entire process completed successfully.
2025-03-21 11:23:40,384 - INFO - Started Appfolio data process
2025-03-21 11:23:41,383 - INFO - [INFO] Opening login page...
2025-03-21 11:23:43,642 - INFO - [INFO] Entered username
2025-03-21 11:23:43,710 - INFO - [INFO] Entered password
2025-03-21 11:23:45,089 - INFO - [INFO] Clicked login button
2025-03-21 11:23:48,096 - INFO - [INFO] 2-Step Verification detected. Retrieving verification code...
2025-03-21 11:23:49,523 - INFO - [INFO] Requested verification code.
2025-03-21 11:23:53,978 - INFO - Entered verification code: 891105
2025-03-21 11:23:55,796 - INFO - Successfully submitted the verification code!
2025-03-21 11:23:58,799 - INFO -  An error occurred: download_csv_add() missing 1 required positional argument: 'file_prefix'
2025-03-21 11:24:00,970 - INFO - [ERROR] The process encountered an error.
2025-03-21 11:24:58,113 - INFO - Started Appfolio data process
2025-03-21 11:24:59,152 - INFO - [INFO] Opening login page...
2025-03-21 11:25:01,029 - INFO - [INFO] Entered username
2025-03-21 11:25:01,160 - INFO - [INFO] Entered password
2025-03-21 11:25:01,230 - INFO - [INFO] Clicked login button
2025-03-21 11:25:04,234 - INFO - [INFO] 2-Step Verification detected. Retrieving verification code...
2025-03-21 11:25:04,857 - INFO - [INFO] Requested verification code.
2025-03-21 11:25:11,091 - INFO - Entered verification code: 032343
2025-03-21 11:25:12,965 - INFO - Successfully submitted the verification code!
2025-03-21 11:25:15,967 - INFO - Navigating to https://rbmgt.appfolio.com/buffered_reports/rent_roll?customize=true and downloading CSV...
2025-03-21 11:25:19,711 - INFO - Update button clicked successfully.
2025-03-21 11:25:22,905 - INFO - Export CSV button clicked successfully.
2025-03-21 11:25:22,905 - INFO - CSV export process initiated.
2025-03-21 11:25:27,918 - INFO -  Waiting for CSV file to be downloaded...
2025-03-21 11:25:27,920 - INFO -  Latest downloaded file: C:\Users\SelengeTulga\Documents\GitHub\appfolio-dashboard\data\rent_roll-20250321 (1).csv
2025-03-21 11:25:27,920 - INFO - [SUCCESS] CSV file ready: C:\Users\SelengeTulga\Documents\GitHub\appfolio-dashboard\data\rent_roll-20250321 (1).csv
2025-03-21 11:25:27,920 - INFO - [SUCCESS] CSV URL: file://C:\Users\SelengeTulga\Documents\GitHub\appfolio-dashboard\data\rent_roll-20250321 (1).csv
2025-03-21 11:25:27,943 - INFO - CSV saved to: C:\Users\SelengeTulga\Documents\GitHub\appfolio-dashboard\data\tenant_data_cleaned_20250321_112527.csv
2025-03-21 11:25:30,137 - INFO - [SUCCESS] The entire process completed successfully.
2025-03-21 11:43:49,189 - INFO - Started Appfolio data process
2025-03-21 11:43:50,247 - INFO - [INFO] Opening login page...
2025-03-21 11:43:52,226 - INFO - [INFO] Entered username
2025-03-21 11:43:52,309 - INFO - [INFO] Entered password
2025-03-21 11:43:52,439 - INFO - [INFO] Clicked login button
2025-03-21 11:43:55,447 - INFO - [INFO] 2-Step Verification detected. Retrieving verification code...
2025-03-21 11:43:55,768 - INFO - [INFO] Requested verification code.
2025-03-21 11:43:59,326 - INFO - Entered verification code: 710492
2025-03-21 11:43:59,413 - INFO - Successfully submitted the verification code!
2025-03-21 11:44:02,418 - INFO - Navigating to https://rbmgt.appfolio.com/buffered_reports/rent_roll?customize=true and downloading CSV...
2025-03-21 11:44:06,030 - INFO - Update button clicked successfully.
2025-03-21 11:44:09,199 - INFO - Export CSV button clicked successfully.
2025-03-21 11:44:09,199 - INFO - CSV export process initiated.
2025-03-21 11:44:14,204 - INFO -  Waiting for CSV file to be downloaded...
2025-03-21 11:44:14,204 - INFO -  Latest downloaded file: C:\Users\SelengeTulga\Documents\GitHub\appfolio-dashboard\data\rent_roll-20250321 (2).csv
2025-03-21 11:44:14,204 - INFO - [SUCCESS] CSV file ready: C:\Users\SelengeTulga\Documents\GitHub\appfolio-dashboard\data\rent_roll-20250321 (2).csv
2025-03-21 11:44:14,204 - INFO - [SUCCESS] CSV URL: file://C:\Users\SelengeTulga\Documents\GitHub\appfolio-dashboard\data\rent_roll-20250321 (2).csv
2025-03-21 11:44:14,230 - INFO - CSV saved to: C:\Users\SelengeTulga\Documents\GitHub\appfolio-dashboard\data\tenant_data_cleaned_20250321_114414.csv
2025-03-21 11:44:14,231 - INFO - Navigating to https://rbmgt.appfolio.com/buffered_reports/rent_roll?customize=true and downloading CSV...
2025-03-21 11:44:17,862 - INFO - Update button clicked successfully.
2025-03-21 11:44:21,007 - INFO - Export CSV button clicked successfully.
2025-03-21 11:44:21,007 - INFO - CSV export process initiated.
2025-03-21 11:44:26,010 - INFO -  Waiting for CSV file to be downloaded...
2025-03-21 11:44:26,010 - INFO -  Latest downloaded file: C:\Users\SelengeTulga\Documents\GitHub\appfolio-dashboard\data\rent_roll-20250321 (3).csv
2025-03-21 11:44:26,010 - INFO - [SUCCESS] CSV file ready: C:\Users\SelengeTulga\Documents\GitHub\appfolio-dashboard\data\rent_roll-20250321 (3).csv
2025-03-21 11:44:26,010 - INFO - [SUCCESS] CSV URL: file://C:\Users\SelengeTulga\Documents\GitHub\appfolio-dashboard\data\rent_roll-20250321 (3).csv
2025-03-21 11:44:26,025 - INFO - CSV saved to: C:\Users\SelengeTulga\Documents\GitHub\appfolio-dashboard\data\t_rent_cleaned_20250321_114426.csv
2025-03-21 11:44:26,025 - INFO - Navigating to https://rbmgt.appfolio.com/buffered_reports/rent_roll?customize=true and downloading CSV...
2025-03-21 11:44:29,710 - INFO - Update button clicked successfully.
2025-03-21 11:44:33,034 - INFO - Export CSV button clicked successfully.
2025-03-21 11:44:33,048 - INFO - CSV export process initiated.
2025-03-21 11:44:38,049 - INFO -  Waiting for CSV file to be downloaded...
2025-03-21 11:44:38,051 - INFO -  Latest downloaded file: C:\Users\SelengeTulga\Documents\GitHub\appfolio-dashboard\data\rent_roll-20250321 (4).csv
2025-03-21 11:44:38,052 - INFO - [SUCCESS] CSV file ready: C:\Users\SelengeTulga\Documents\GitHub\appfolio-dashboard\data\rent_roll-20250321 (4).csv
2025-03-21 11:44:38,052 - INFO - [SUCCESS] CSV URL: file://C:\Users\SelengeTulga\Documents\GitHub\appfolio-dashboard\data\rent_roll-20250321 (4).csv
2025-03-21 11:44:38,072 - INFO - CSV saved to: C:\Users\SelengeTulga\Documents\GitHub\appfolio-dashboard\data\same_day_cleaned_20250321_114438.csv
2025-03-21 11:44:38,072 - INFO - Navigating to https://rbmgt.appfolio.com/buffered_reports/rent_roll?customize=true and downloading CSV...
2025-03-21 11:44:41,703 - INFO - Update button clicked successfully.
2025-03-21 11:44:44,839 - INFO - Export CSV button clicked successfully.
2025-03-21 11:44:44,839 - INFO - CSV export process initiated.
2025-03-21 11:44:49,846 - INFO -  Waiting for CSV file to be downloaded...
2025-03-21 11:44:49,846 - INFO -  Latest downloaded file: C:\Users\SelengeTulga\Documents\GitHub\appfolio-dashboard\data\rent_roll-20250321 (5).csv
2025-03-21 11:44:49,846 - INFO - [SUCCESS] CSV file ready: C:\Users\SelengeTulga\Documents\GitHub\appfolio-dashboard\data\rent_roll-20250321 (5).csv
2025-03-21 11:44:49,846 - INFO - [SUCCESS] CSV URL: file://C:\Users\SelengeTulga\Documents\GitHub\appfolio-dashboard\data\rent_roll-20250321 (5).csv
2025-03-21 11:44:49,866 - INFO - CSV saved to: C:\Users\SelengeTulga\Documents\GitHub\appfolio-dashboard\data\beg_year_cleaned_20250321_114449.csv
2025-03-21 11:44:49,866 - INFO - Navigating to https://rbmgt.appfolio.com/buffered_reports/work_order?customize=true and downloading CSV...
2025-03-21 11:44:53,504 - INFO - Update button clicked successfully.
2025-03-21 11:44:56,639 - INFO - Export CSV button clicked successfully.
2025-03-21 11:44:56,639 - INFO - CSV export process initiated.
2025-03-21 11:45:01,643 - INFO -  Waiting for CSV file to be downloaded...
2025-03-21 11:45:01,643 - INFO -  Latest downloaded file: C:\Users\SelengeTulga\Documents\GitHub\appfolio-dashboard\data\work_order-20250321 (1).csv
2025-03-21 11:45:01,643 - INFO - [SUCCESS] CSV file ready: C:\Users\SelengeTulga\Documents\GitHub\appfolio-dashboard\data\work_order-20250321 (1).csv
2025-03-21 11:45:01,643 - INFO - [SUCCESS] CSV URL: file://C:\Users\SelengeTulga\Documents\GitHub\appfolio-dashboard\data\work_order-20250321 (1).csv
2025-03-21 11:45:01,650 - INFO - CSV saved to: C:\Users\SelengeTulga\Documents\GitHub\appfolio-dashboard\data\work_order_cleaned_20250321_114501.csv
2025-03-21 11:45:01,650 - INFO - Navigating to https://rbmgt.appfolio.com/buffered_reports/unit_vacancy?customize=true and downloading CSV...
2025-03-21 11:45:05,234 - INFO - Update button clicked successfully.
2025-03-21 11:45:08,519 - INFO - Export CSV button clicked successfully.
2025-03-21 11:45:08,520 - INFO - CSV export process initiated.
2025-03-21 11:45:13,521 - INFO -  Waiting for CSV file to be downloaded...
2025-03-21 11:45:13,522 - INFO -  Latest downloaded file: C:\Users\SelengeTulga\Documents\GitHub\appfolio-dashboard\data\unit_vacancy_detail-20250321 (1).csv
2025-03-21 11:45:13,523 - INFO - [SUCCESS] CSV file ready: C:\Users\SelengeTulga\Documents\GitHub\appfolio-dashboard\data\unit_vacancy_detail-20250321 (1).csv
2025-03-21 11:45:13,523 - INFO - [SUCCESS] CSV URL: file://C:\Users\SelengeTulga\Documents\GitHub\appfolio-dashboard\data\unit_vacancy_detail-20250321 (1).csv
2025-03-21 11:45:13,524 - INFO - CSV saved to: C:\Users\SelengeTulga\Documents\GitHub\appfolio-dashboard\data\vacancy_cleaned_20250321_114513.csv
2025-03-21 11:45:15,729 - INFO - [SUCCESS] The entire process completed successfully.
2025-03-21 11:47:42,366 - INFO - Started Appfolio data process
2025-03-21 11:47:43,350 - INFO - [INFO] Opening login page...
2025-03-21 11:47:45,377 - INFO - [INFO] Entered username
2025-03-21 11:47:45,426 - INFO - [INFO] Entered password
2025-03-21 11:47:46,297 - INFO - [INFO] Clicked login button
2025-03-21 11:47:49,298 - INFO - [INFO] 2-Step Verification detected. Retrieving verification code...
2025-03-21 11:47:49,608 - INFO - [INFO] Requested verification code.
2025-03-21 11:47:53,174 - INFO - Entered verification code: 700663
2025-03-21 11:47:55,424 - INFO - Successfully submitted the verification code!
2025-03-21 11:47:58,430 - INFO - Navigating to https://rbmgt.appfolio.com/buffered_reports/rent_roll?customize=true and downloading CSV...
2025-03-21 11:48:02,093 - INFO - Update button clicked successfully.
2025-03-21 11:48:05,314 - INFO - Export CSV button clicked successfully.
2025-03-21 11:48:05,314 - INFO - CSV export process initiated.
2025-03-21 11:48:10,315 - INFO -  Waiting for CSV file to be downloaded...
2025-03-21 11:48:10,317 - INFO -  Latest downloaded file: C:\Users\SelengeTulga\Documents\GitHub\appfolio-dashboard\data\rent_roll-20250321.csv
2025-03-21 11:48:10,317 - INFO - [SUCCESS] CSV file ready: C:\Users\SelengeTulga\Documents\GitHub\appfolio-dashboard\data\rent_roll-20250321.csv
2025-03-21 11:48:10,317 - INFO - [SUCCESS] CSV URL: file://C:\Users\SelengeTulga\Documents\GitHub\appfolio-dashboard\data\rent_roll-20250321.csv
2025-03-21 11:48:10,344 - INFO - CSV saved to: C:\Users\SelengeTulga\Documents\GitHub\appfolio-dashboard\data\tenant_data_cleaned_20250321_114810.csv
2025-03-21 11:48:10,344 - INFO - Navigating to https://rbmgt.appfolio.com/buffered_reports/rent_roll?customize=true and downloading CSV...
2025-03-21 11:48:14,019 - INFO - Update button clicked successfully.
2025-03-21 11:48:17,163 - INFO - Export CSV button clicked successfully.
2025-03-21 11:48:17,163 - INFO - CSV export process initiated.
2025-03-21 11:48:22,167 - INFO -  Waiting for CSV file to be downloaded...
2025-03-21 11:48:22,167 - INFO -  Latest downloaded file: C:\Users\SelengeTulga\Documents\GitHub\appfolio-dashboard\data\rent_roll-20250321 (1).csv
2025-03-21 11:48:22,167 - INFO - [SUCCESS] CSV file ready: C:\Users\SelengeTulga\Documents\GitHub\appfolio-dashboard\data\rent_roll-20250321 (1).csv
2025-03-21 11:48:22,167 - INFO - [SUCCESS] CSV URL: file://C:\Users\SelengeTulga\Documents\GitHub\appfolio-dashboard\data\rent_roll-20250321 (1).csv
2025-03-21 11:48:22,180 - INFO - CSV saved to: C:\Users\SelengeTulga\Documents\GitHub\appfolio-dashboard\data\t_rent_cleaned_20250321_114822.csv
2025-03-21 11:48:22,180 - INFO - Navigating to https://rbmgt.appfolio.com/buffered_reports/rent_roll?customize=true and downloading CSV...
2025-03-21 11:48:26,172 - INFO - Update button clicked successfully.
2025-03-21 11:48:29,333 - INFO - Export CSV button clicked successfully.
2025-03-21 11:48:29,333 - INFO - CSV export process initiated.
2025-03-21 11:48:34,344 - INFO -  Waiting for CSV file to be downloaded...
2025-03-21 11:48:34,346 - INFO -  Latest downloaded file: C:\Users\SelengeTulga\Documents\GitHub\appfolio-dashboard\data\rent_roll-20250321 (2).csv
2025-03-21 11:48:34,347 - INFO - [SUCCESS] CSV file ready: C:\Users\SelengeTulga\Documents\GitHub\appfolio-dashboard\data\rent_roll-20250321 (2).csv
2025-03-21 11:48:34,347 - INFO - [SUCCESS] CSV URL: file://C:\Users\SelengeTulga\Documents\GitHub\appfolio-dashboard\data\rent_roll-20250321 (2).csv
2025-03-21 11:48:34,358 - INFO - CSV saved to: C:\Users\SelengeTulga\Documents\GitHub\appfolio-dashboard\data\same_day_cleaned_20250321_114834.csv
2025-03-21 11:48:34,358 - INFO - Navigating to https://rbmgt.appfolio.com/buffered_reports/rent_roll?customize=true and downloading CSV...
2025-03-21 11:48:37,991 - INFO - Update button clicked successfully.
2025-03-21 11:48:41,135 - INFO - Export CSV button clicked successfully.
2025-03-21 11:48:41,135 - INFO - CSV export process initiated.
2025-03-21 11:48:46,139 - INFO -  Waiting for CSV file to be downloaded...
2025-03-21 11:48:46,139 - INFO -  Latest downloaded file: C:\Users\SelengeTulga\Documents\GitHub\appfolio-dashboard\data\rent_roll-20250321 (3).csv
2025-03-21 11:48:46,139 - INFO - [SUCCESS] CSV file ready: C:\Users\SelengeTulga\Documents\GitHub\appfolio-dashboard\data\rent_roll-20250321 (3).csv
2025-03-21 11:48:46,139 - INFO - [SUCCESS] CSV URL: file://C:\Users\SelengeTulga\Documents\GitHub\appfolio-dashboard\data\rent_roll-20250321 (3).csv
2025-03-21 11:48:46,152 - INFO - CSV saved to: C:\Users\SelengeTulga\Documents\GitHub\appfolio-dashboard\data\beg_year_cleaned_20250321_114846.csv
2025-03-21 11:48:46,152 - INFO - Navigating to https://rbmgt.appfolio.com/buffered_reports/work_order?customize=true and downloading CSV...
2025-03-21 11:48:49,833 - INFO - Update button clicked successfully.
2025-03-21 11:48:52,960 - INFO - Export CSV button clicked successfully.
2025-03-21 11:48:52,960 - INFO - CSV export process initiated.
2025-03-21 11:48:57,964 - INFO -  Waiting for CSV file to be downloaded...
2025-03-21 11:48:57,966 - INFO -  Latest downloaded file: C:\Users\SelengeTulga\Documents\GitHub\appfolio-dashboard\data\work_order-20250321.csv
2025-03-21 11:48:57,967 - INFO - [SUCCESS] CSV file ready: C:\Users\SelengeTulga\Documents\GitHub\appfolio-dashboard\data\work_order-20250321.csv
2025-03-21 11:48:57,967 - INFO - [SUCCESS] CSV URL: file://C:\Users\SelengeTulga\Documents\GitHub\appfolio-dashboard\data\work_order-20250321.csv
2025-03-21 11:48:57,971 - INFO - CSV saved to: C:\Users\SelengeTulga\Documents\GitHub\appfolio-dashboard\data\work_order_cleaned_20250321_114857.csv
2025-03-21 11:48:57,971 - INFO - Navigating to https://rbmgt.appfolio.com/buffered_reports/unit_vacancy?customize=true and downloading CSV...
2025-03-21 11:49:01,548 - INFO - Update button clicked successfully.
2025-03-21 11:49:04,721 - INFO - Export CSV button clicked successfully.
2025-03-21 11:49:04,722 - INFO - CSV export process initiated.
2025-03-21 11:49:09,723 - INFO -  Waiting for CSV file to be downloaded...
2025-03-21 11:49:09,723 - INFO -  Latest downloaded file: C:\Users\SelengeTulga\Documents\GitHub\appfolio-dashboard\data\unit_vacancy_detail-20250321.csv
2025-03-21 11:49:09,723 - INFO - [SUCCESS] CSV file ready: C:\Users\SelengeTulga\Documents\GitHub\appfolio-dashboard\data\unit_vacancy_detail-20250321.csv
2025-03-21 11:49:09,723 - INFO - [SUCCESS] CSV URL: file://C:\Users\SelengeTulga\Documents\GitHub\appfolio-dashboard\data\unit_vacancy_detail-20250321.csv
2025-03-21 11:49:09,730 - INFO - CSV saved to: C:\Users\SelengeTulga\Documents\GitHub\appfolio-dashboard\data\vacancy_cleaned_20250321_114909.csv
2025-03-21 11:49:11,909 - INFO - [SUCCESS] The entire process completed successfully.
2025-03-21 11:57:15,760 - INFO - Started Appfolio data process
2025-03-21 11:57:16,779 - INFO - [INFO] Opening login page...
2025-03-21 11:57:19,079 - INFO - [INFO] Entered username
2025-03-21 11:57:19,160 - INFO - [INFO] Entered password
2025-03-21 11:57:20,056 - INFO - [INFO] Clicked login button
2025-03-21 11:57:23,063 - INFO - [INFO] 2-Step Verification detected. Retrieving verification code...
2025-03-21 11:57:23,387 - INFO - [INFO] Requested verification code.
2025-03-21 11:57:23,609 - INFO - Too many requests. Waiting 10 seconds before retrying...
2025-03-21 11:57:34,985 - INFO - Entered verification code: 179195
2025-03-21 11:57:36,846 - INFO - Successfully submitted the verification code!
2025-03-21 11:57:39,859 - INFO - Navigating to https://rbmgt.appfolio.com/buffered_reports/rent_roll?customize=true and downloading CSV...
2025-03-21 11:57:43,549 - INFO - Update button clicked successfully.
2025-03-21 11:57:46,776 - INFO - Export CSV button clicked successfully.
2025-03-21 11:57:46,776 - INFO - CSV export process initiated.
2025-03-21 11:57:51,776 - INFO -  Waiting for CSV file to be downloaded...
2025-03-21 11:57:51,778 - INFO -  Latest downloaded file: C:\Users\SelengeTulga\Documents\GitHub\appfolio-dashboard\data\rent_roll-20250321.csv
2025-03-21 11:57:51,778 - INFO - [SUCCESS] CSV file ready: C:\Users\SelengeTulga\Documents\GitHub\appfolio-dashboard\data\rent_roll-20250321.csv
2025-03-21 11:57:51,778 - INFO - [SUCCESS] CSV URL: file://C:\Users\SelengeTulga\Documents\GitHub\appfolio-dashboard\data\rent_roll-20250321.csv
2025-03-21 11:57:51,806 - INFO - CSV saved to: C:\Users\SelengeTulga\Documents\GitHub\appfolio-dashboard\data\tenant_data_cleaned_20250321_115751.csv
2025-03-21 11:57:51,807 - INFO - Navigating to https://rbmgt.appfolio.com/buffered_reports/rent_roll?customize=true and downloading CSV...
2025-03-21 11:57:55,462 - INFO - Update button clicked successfully.
2025-03-21 11:57:58,622 - INFO - Export CSV button clicked successfully.
2025-03-21 11:57:58,622 - INFO - CSV export process initiated.
2025-03-21 11:58:03,625 - INFO -  Waiting for CSV file to be downloaded...
2025-03-21 11:58:03,628 - INFO -  Latest downloaded file: C:\Users\SelengeTulga\Documents\GitHub\appfolio-dashboard\data\rent_roll-20250321 (1).csv
2025-03-21 11:58:03,628 - INFO - [SUCCESS] CSV file ready: C:\Users\SelengeTulga\Documents\GitHub\appfolio-dashboard\data\rent_roll-20250321 (1).csv
2025-03-21 11:58:03,628 - INFO - [SUCCESS] CSV URL: file://C:\Users\SelengeTulga\Documents\GitHub\appfolio-dashboard\data\rent_roll-20250321 (1).csv
2025-03-21 11:58:03,650 - INFO - CSV saved to: C:\Users\SelengeTulga\Documents\GitHub\appfolio-dashboard\data\t_rent_cleaned_20250321_115803.csv
2025-03-21 11:58:03,650 - INFO - Navigating to https://rbmgt.appfolio.com/buffered_reports/rent_roll?customize=true and downloading CSV...
2025-03-21 11:58:07,371 - INFO - Update button clicked successfully.
2025-03-21 11:58:10,536 - INFO - Export CSV button clicked successfully.
2025-03-21 11:58:10,536 - INFO - CSV export process initiated.
2025-03-21 11:58:15,538 - INFO -  Waiting for CSV file to be downloaded...
2025-03-21 11:58:15,540 - INFO -  Latest downloaded file: C:\Users\SelengeTulga\Documents\GitHub\appfolio-dashboard\data\rent_roll-20250321 (2).csv
2025-03-21 11:58:15,540 - INFO - [SUCCESS] CSV file ready: C:\Users\SelengeTulga\Documents\GitHub\appfolio-dashboard\data\rent_roll-20250321 (2).csv
2025-03-21 11:58:15,540 - INFO - [SUCCESS] CSV URL: file://C:\Users\SelengeTulga\Documents\GitHub\appfolio-dashboard\data\rent_roll-20250321 (2).csv
2025-03-21 11:58:15,558 - INFO - CSV saved to: C:\Users\SelengeTulga\Documents\GitHub\appfolio-dashboard\data\same_day_cleaned_20250321_115815.csv
2025-03-21 11:58:15,558 - INFO - Navigating to https://rbmgt.appfolio.com/buffered_reports/rent_roll?customize=true and downloading CSV...
2025-03-21 11:58:19,290 - INFO - Update button clicked successfully.
2025-03-21 11:58:22,430 - INFO - Export CSV button clicked successfully.
2025-03-21 11:58:22,430 - INFO - CSV export process initiated.
2025-03-21 11:58:27,433 - INFO -  Waiting for CSV file to be downloaded...
2025-03-21 11:58:27,435 - INFO -  Latest downloaded file: C:\Users\SelengeTulga\Documents\GitHub\appfolio-dashboard\data\rent_roll-20250321 (3).csv
2025-03-21 11:58:27,435 - INFO - [SUCCESS] CSV file ready: C:\Users\SelengeTulga\Documents\GitHub\appfolio-dashboard\data\rent_roll-20250321 (3).csv
2025-03-21 11:58:27,435 - INFO - [SUCCESS] CSV URL: file://C:\Users\SelengeTulga\Documents\GitHub\appfolio-dashboard\data\rent_roll-20250321 (3).csv
2025-03-21 11:58:27,458 - INFO - CSV saved to: C:\Users\SelengeTulga\Documents\GitHub\appfolio-dashboard\data\beg_year_cleaned_20250321_115827.csv
2025-03-21 11:58:27,458 - INFO - Navigating to https://rbmgt.appfolio.com/buffered_reports/work_order?customize=true and downloading CSV...
2025-03-21 11:58:31,139 - INFO - Update button clicked successfully.
2025-03-21 11:58:34,276 - INFO - Export CSV button clicked successfully.
2025-03-21 11:58:34,276 - INFO - CSV export process initiated.
2025-03-21 11:58:39,277 - INFO -  Waiting for CSV file to be downloaded...
2025-03-21 11:58:39,277 - INFO -  Latest downloaded file: C:\Users\SelengeTulga\Documents\GitHub\appfolio-dashboard\data\work_order-20250321.csv
2025-03-21 11:58:39,277 - INFO - [SUCCESS] CSV file ready: C:\Users\SelengeTulga\Documents\GitHub\appfolio-dashboard\data\work_order-20250321.csv
2025-03-21 11:58:39,277 - INFO - [SUCCESS] CSV URL: file://C:\Users\SelengeTulga\Documents\GitHub\appfolio-dashboard\data\work_order-20250321.csv
2025-03-21 11:58:39,284 - INFO - CSV saved to: C:\Users\SelengeTulga\Documents\GitHub\appfolio-dashboard\data\work_order_cleaned_20250321_115839.csv
2025-03-21 11:58:39,284 - INFO - Navigating to https://rbmgt.appfolio.com/buffered_reports/unit_vacancy?customize=true and downloading CSV...
2025-03-21 11:58:42,806 - INFO - Update button clicked successfully.
2025-03-21 11:58:45,998 - INFO - Export CSV button clicked successfully.
2025-03-21 11:58:45,998 - INFO - CSV export process initiated.
2025-03-21 11:58:51,004 - INFO -  Waiting for CSV file to be downloaded...
2025-03-21 11:58:51,004 - INFO -  Latest downloaded file: C:\Users\SelengeTulga\Documents\GitHub\appfolio-dashboard\data\unit_vacancy_detail-20250321.csv
2025-03-21 11:58:51,004 - INFO - [SUCCESS] CSV file ready: C:\Users\SelengeTulga\Documents\GitHub\appfolio-dashboard\data\unit_vacancy_detail-20250321.csv
2025-03-21 11:58:51,004 - INFO - [SUCCESS] CSV URL: file://C:\Users\SelengeTulga\Documents\GitHub\appfolio-dashboard\data\unit_vacancy_detail-20250321.csv
2025-03-21 11:58:51,014 - INFO - CSV saved to: C:\Users\SelengeTulga\Documents\GitHub\appfolio-dashboard\data\vacancy_cleaned_20250321_115851.csv
2025-03-21 11:58:53,184 - INFO - [SUCCESS] The entire process completed successfully.
2025-03-21 15:07:52,924 - INFO - Started Appfolio data process
2025-03-21 15:07:54,038 - INFO - [INFO] Opening login page...
2025-03-21 15:07:55,916 - INFO - [INFO] Entered username
2025-03-21 15:07:56,047 - INFO - [INFO] Entered password
2025-03-21 15:07:56,788 - INFO - [INFO] Clicked login button
2025-03-21 15:07:59,797 - INFO - [INFO] 2-Step Verification detected. Retrieving verification code...
2025-03-21 15:08:00,141 - INFO - [INFO] Requested verification code.
2025-03-21 15:08:00,357 - INFO - Too many requests. Waiting 10 seconds before retrying...
2025-03-21 15:08:11,698 - INFO - Entered verification code: 189901
2025-03-21 15:08:11,767 - INFO - Successfully submitted the verification code!
2025-03-21 15:08:14,767 - INFO - Navigating to https://rbmgt.appfolio.com/buffered_reports/rent_roll?customize=true and downloading CSV...
2025-03-21 15:08:18,398 - INFO - Update button clicked successfully.
2025-03-21 15:08:21,582 - INFO - Export CSV button clicked successfully.
2025-03-21 15:08:21,582 - INFO - CSV export process initiated.
2025-03-21 15:08:26,583 - INFO -  Waiting for CSV file to be downloaded...
2025-03-21 15:08:26,583 - INFO -  Latest downloaded file: C:\Users\SelengeTulga\Documents\GitHub\appfolio-dashboard\data\rent_roll-20250321 (4).csv
2025-03-21 15:08:26,587 - INFO - [SUCCESS] CSV file ready: C:\Users\SelengeTulga\Documents\GitHub\appfolio-dashboard\data\rent_roll-20250321 (4).csv
2025-03-21 15:08:26,587 - INFO - [SUCCESS] CSV URL: file://C:\Users\SelengeTulga\Documents\GitHub\appfolio-dashboard\data\rent_roll-20250321 (4).csv
2025-03-21 15:08:26,611 - INFO - CSV saved to: C:\Users\SelengeTulga\Documents\GitHub\appfolio-dashboard\data\tenant_data_cleaned_20250321_150826.csv
2025-03-21 15:08:26,611 - INFO - Navigating to https://rbmgt.appfolio.com/buffered_reports/rent_roll?customize=true and downloading CSV...
2025-03-21 15:08:30,213 - INFO - Update button clicked successfully.
2025-03-21 15:08:33,353 - INFO - Export CSV button clicked successfully.
2025-03-21 15:08:33,353 - INFO - CSV export process initiated.
2025-03-21 15:08:38,354 - INFO -  Waiting for CSV file to be downloaded...
2025-03-21 15:08:38,354 - INFO -  Latest downloaded file: C:\Users\SelengeTulga\Documents\GitHub\appfolio-dashboard\data\rent_roll-20250321 (5).csv
2025-03-21 15:08:38,354 - INFO - [SUCCESS] CSV file ready: C:\Users\SelengeTulga\Documents\GitHub\appfolio-dashboard\data\rent_roll-20250321 (5).csv
2025-03-21 15:08:38,354 - INFO - [SUCCESS] CSV URL: file://C:\Users\SelengeTulga\Documents\GitHub\appfolio-dashboard\data\rent_roll-20250321 (5).csv
2025-03-21 15:08:38,376 - INFO - CSV saved to: C:\Users\SelengeTulga\Documents\GitHub\appfolio-dashboard\data\t_rent_cleaned_20250321_150838.csv
2025-03-21 15:08:38,376 - INFO - Navigating to https://rbmgt.appfolio.com/buffered_reports/rent_roll?customize=true and downloading CSV...
2025-03-21 15:08:41,975 - INFO - Update button clicked successfully.
2025-03-21 15:08:45,125 - INFO - Export CSV button clicked successfully.
2025-03-21 15:08:45,125 - INFO - CSV export process initiated.
2025-03-21 15:08:50,127 - INFO -  Waiting for CSV file to be downloaded...
2025-03-21 15:08:50,127 - INFO -  Latest downloaded file: C:\Users\SelengeTulga\Documents\GitHub\appfolio-dashboard\data\rent_roll-20250321 (6).csv
2025-03-21 15:08:50,127 - INFO - [SUCCESS] CSV file ready: C:\Users\SelengeTulga\Documents\GitHub\appfolio-dashboard\data\rent_roll-20250321 (6).csv
2025-03-21 15:08:50,127 - INFO - [SUCCESS] CSV URL: file://C:\Users\SelengeTulga\Documents\GitHub\appfolio-dashboard\data\rent_roll-20250321 (6).csv
2025-03-21 15:08:50,140 - INFO - CSV saved to: C:\Users\SelengeTulga\Documents\GitHub\appfolio-dashboard\data\same_day_cleaned_20250321_150850.csv
2025-03-21 15:08:50,140 - INFO - Navigating to https://rbmgt.appfolio.com/buffered_reports/rent_roll?customize=true and downloading CSV...
2025-03-21 15:08:53,780 - INFO - Update button clicked successfully.
2025-03-21 15:08:56,910 - INFO - Export CSV button clicked successfully.
2025-03-21 15:08:56,910 - INFO - CSV export process initiated.
2025-03-21 15:09:01,914 - INFO -  Waiting for CSV file to be downloaded...
2025-03-21 15:09:01,914 - INFO -  Latest downloaded file: C:\Users\SelengeTulga\Documents\GitHub\appfolio-dashboard\data\rent_roll-20250321 (7).csv
2025-03-21 15:09:01,914 - INFO - [SUCCESS] CSV file ready: C:\Users\SelengeTulga\Documents\GitHub\appfolio-dashboard\data\rent_roll-20250321 (7).csv
2025-03-21 15:09:01,914 - INFO - [SUCCESS] CSV URL: file://C:\Users\SelengeTulga\Documents\GitHub\appfolio-dashboard\data\rent_roll-20250321 (7).csv
2025-03-21 15:09:01,932 - INFO - CSV saved to: C:\Users\SelengeTulga\Documents\GitHub\appfolio-dashboard\data\beg_year_cleaned_20250321_150901.csv
2025-03-21 15:09:01,932 - INFO - Navigating to https://rbmgt.appfolio.com/buffered_reports/work_order?customize=true and downloading CSV...
2025-03-21 15:09:05,558 - INFO - Update button clicked successfully.
2025-03-21 15:09:08,687 - INFO - Export CSV button clicked successfully.
2025-03-21 15:09:08,687 - INFO - CSV export process initiated.
2025-03-21 15:09:13,699 - INFO -  Waiting for CSV file to be downloaded...
2025-03-21 15:09:13,702 - INFO -  Latest downloaded file: C:\Users\SelengeTulga\Documents\GitHub\appfolio-dashboard\data\work_order-20250321 (1).csv
2025-03-21 15:09:13,702 - INFO - [SUCCESS] CSV file ready: C:\Users\SelengeTulga\Documents\GitHub\appfolio-dashboard\data\work_order-20250321 (1).csv
2025-03-21 15:09:13,702 - INFO - [SUCCESS] CSV URL: file://C:\Users\SelengeTulga\Documents\GitHub\appfolio-dashboard\data\work_order-20250321 (1).csv
2025-03-21 15:09:13,719 - INFO - CSV saved to: C:\Users\SelengeTulga\Documents\GitHub\appfolio-dashboard\data\work_order_cleaned_20250321_150913.csv
2025-03-21 15:09:13,719 - INFO - Navigating to https://rbmgt.appfolio.com/buffered_reports/unit_vacancy?customize=true and downloading CSV...
2025-03-21 15:09:17,290 - INFO - Update button clicked successfully.
2025-03-21 15:09:20,423 - INFO - Export CSV button clicked successfully.
2025-03-21 15:09:20,423 - INFO - CSV export process initiated.
2025-03-21 15:09:25,431 - INFO -  Waiting for CSV file to be downloaded...
2025-03-21 15:09:25,434 - INFO -  Latest downloaded file: C:\Users\SelengeTulga\Documents\GitHub\appfolio-dashboard\data\unit_vacancy_detail-20250321 (1).csv
2025-03-21 15:09:25,434 - INFO - [SUCCESS] CSV file ready: C:\Users\SelengeTulga\Documents\GitHub\appfolio-dashboard\data\unit_vacancy_detail-20250321 (1).csv
2025-03-21 15:09:25,434 - INFO - [SUCCESS] CSV URL: file://C:\Users\SelengeTulga\Documents\GitHub\appfolio-dashboard\data\unit_vacancy_detail-20250321 (1).csv
2025-03-21 15:09:25,434 - INFO - CSV saved to: C:\Users\SelengeTulga\Documents\GitHub\appfolio-dashboard\data\vacancy_cleaned_20250321_150925.csv
2025-03-21 15:09:27,596 - INFO - [SUCCESS] The entire process completed successfully.
2025-04-16 09:13:17,088 - INFO - Started Appfolio data process
2025-04-16 09:14:04,131 - INFO - Started Appfolio data process
2025-04-16 09:26:04,694 - INFO - Started Appfolio data process
2025-04-16 09:26:05,805 - INFO - [INFO] Opening login page...
2025-04-16 09:26:09,436 - INFO - [INFO] Entered username
2025-04-16 09:26:09,516 - INFO - [INFO] Entered password
2025-04-16 09:26:10,568 - INFO - [INFO] Clicked login button
2025-04-16 09:26:13,640 - INFO -  An error occurred: argument of type 'NoneType' is not iterable
2025-04-16 09:26:15,859 - INFO - [ERROR] The process encountered an error.
2025-04-16 09:33:26,487 - INFO - Started Appfolio data process
2025-04-16 09:33:27,555 - INFO - [INFO] Opening login page...
2025-04-16 09:33:29,800 - INFO - [INFO] Entered username
2025-04-16 09:33:29,881 - INFO - [INFO] Entered password
2025-04-16 09:33:30,722 - INFO - [INFO] Clicked login button
2025-04-16 09:33:33,728 - INFO - [INFO] 2-Step Verification detected. Retrieving verification code...
2025-04-16 09:33:34,678 - INFO - [INFO] Requested verification code.
2025-04-16 09:33:40,620 - INFO - Entered verification code: 641857
2025-04-16 09:33:42,291 - INFO - Successfully submitted the verification code!
2025-04-16 09:33:45,292 - INFO - Navigating to https://infinitybh.appfolio.com/buffered_reports/rent_roll?customize=true and downloading CSV...
2025-04-16 09:33:48,905 - INFO - Update button clicked successfully.
2025-04-16 09:33:52,956 - INFO - An error occurred: Message: element click intercepted: Element <button type="button" aria-haspopup="true" aria-expanded="false" class="dropdown-div__button js-dropdown btn btn-secondary dropdown-toggle btn btn-secondary">...</button> is not clickable at point (1397, 27). Other element would receive the click: <div class="modal show" aria-modal="true" role="dialog" tabindex="-1" style="display: block;">...</div>
  (Session info: chrome=135.0.7049.85)
Stacktrace:
	GetHandleVerifier [0x00007FF7711A5355+78597]
	GetHandleVerifier [0x00007FF7711A53B0+78688]
	(No symbol) [0x00007FF770F591AA]
	(No symbol) [0x00007FF770FB7089]
	(No symbol) [0x00007FF770FB4A42]
	(No symbol) [0x00007FF770FB1AE1]
	(No symbol) [0x00007FF770FB0A42]
	(No symbol) [0x00007FF770FA2204]
	(No symbol) [0x00007FF770FD70EA]
	(No symbol) [0x00007FF770FA1AB6]
	(No symbol) [0x00007FF770FD7300]
	(No symbol) [0x00007FF770FFF2BB]
	(No symbol) [0x00007FF770FD6EC3]
	(No symbol) [0x00007FF770FA03F8]
	(No symbol) [0x00007FF770FA1163]
	GetHandleVerifier [0x00007FF77144EF0D+2870973]
	GetHandleVerifier [0x00007FF7714496B8+2848360]
	GetHandleVerifier [0x00007FF771466993+2967875]
	GetHandleVerifier [0x00007FF7711C019A+188746]
	GetHandleVerifier [0x00007FF7711C847F+222255]
	GetHandleVerifier [0x00007FF7711AD2D4+111236]
	GetHandleVerifier [0x00007FF7711AD482+111666]
	GetHandleVerifier [0x00007FF7711935A9+5465]
	BaseThreadInitThunk [0x00007FF96DB6E8D7+23]
	RtlUserThreadStart [0x00007FF96FB5BF6C+44]

2025-04-16 09:33:57,957 - INFO -  Waiting for CSV file to be downloaded...
2025-04-16 09:33:57,958 - INFO -  Latest downloaded file: C:\Users\SelengeTulga\Documents\GitHub\appfolio-dashboard\data\vacancy_cleaned_20250321_115851.csv
2025-04-16 09:33:57,959 - INFO - [SUCCESS] CSV file ready: C:\Users\SelengeTulga\Documents\GitHub\appfolio-dashboard\data\vacancy_cleaned_20250321_115851.csv
2025-04-16 09:33:57,959 - INFO - [SUCCESS] CSV URL: file://C:\Users\SelengeTulga\Documents\GitHub\appfolio-dashboard\data\vacancy_cleaned_20250321_115851.csv
2025-04-16 09:33:57,990 - INFO - CSV saved to: C:\Users\SelengeTulga\Documents\GitHub\appfolio-dashboard\data\tenant_data_cleaned_20250416_093357.csv
2025-04-16 09:33:57,990 - INFO - Navigating to https://infinitybh.appfolio.com/buffered_reports/rent_roll?customize=true and downloading CSV...
2025-04-16 09:34:01,751 - INFO - Update button clicked successfully.
2025-04-16 09:34:05,799 - INFO - An error occurred: Message: element click intercepted: Element <button type="button" aria-haspopup="true" aria-expanded="false" class="dropdown-div__button js-dropdown btn btn-secondary dropdown-toggle btn btn-secondary">...</button> is not clickable at point (1397, 27). Other element would receive the click: <div class="modal show" aria-modal="true" role="dialog" tabindex="-1" style="display: block;">...</div>
  (Session info: chrome=135.0.7049.85)
Stacktrace:
	GetHandleVerifier [0x00007FF7711A5355+78597]
	GetHandleVerifier [0x00007FF7711A53B0+78688]
	(No symbol) [0x00007FF770F591AA]
	(No symbol) [0x00007FF770FB7089]
	(No symbol) [0x00007FF770FB4A42]
	(No symbol) [0x00007FF770FB1AE1]
	(No symbol) [0x00007FF770FB0A42]
	(No symbol) [0x00007FF770FA2204]
	(No symbol) [0x00007FF770FD70EA]
	(No symbol) [0x00007FF770FA1AB6]
	(No symbol) [0x00007FF770FD7300]
	(No symbol) [0x00007FF770FFF2BB]
	(No symbol) [0x00007FF770FD6EC3]
	(No symbol) [0x00007FF770FA03F8]
	(No symbol) [0x00007FF770FA1163]
	GetHandleVerifier [0x00007FF77144EF0D+2870973]
	GetHandleVerifier [0x00007FF7714496B8+2848360]
	GetHandleVerifier [0x00007FF771466993+2967875]
	GetHandleVerifier [0x00007FF7711C019A+188746]
	GetHandleVerifier [0x00007FF7711C847F+222255]
	GetHandleVerifier [0x00007FF7711AD2D4+111236]
	GetHandleVerifier [0x00007FF7711AD482+111666]
	GetHandleVerifier [0x00007FF7711935A9+5465]
	BaseThreadInitThunk [0x00007FF96DB6E8D7+23]
	RtlUserThreadStart [0x00007FF96FB5BF6C+44]

2025-04-16 09:34:10,800 - INFO -  Waiting for CSV file to be downloaded...
2025-04-16 09:34:10,801 - INFO -  Latest downloaded file: C:\Users\SelengeTulga\Documents\GitHub\appfolio-dashboard\data\tenant_data_cleaned_20250416_093357.csv
2025-04-16 09:34:10,802 - INFO - [SUCCESS] CSV file ready: C:\Users\SelengeTulga\Documents\GitHub\appfolio-dashboard\data\tenant_data_cleaned_20250416_093357.csv
2025-04-16 09:34:10,802 - INFO - [SUCCESS] CSV URL: file://C:\Users\SelengeTulga\Documents\GitHub\appfolio-dashboard\data\tenant_data_cleaned_20250416_093357.csv
2025-04-16 09:34:10,824 - INFO - CSV saved to: C:\Users\SelengeTulga\Documents\GitHub\appfolio-dashboard\data\t_rent_cleaned_20250416_093410.csv
2025-04-16 09:34:10,824 - INFO - Navigating to https://infinitybh.appfolio.com/buffered_reports/rent_roll?customize=true and downloading CSV...
2025-04-16 09:34:14,532 - INFO - Update button clicked successfully.
2025-04-16 09:34:18,652 - INFO - An error occurred: Message: element click intercepted: Element <button type="button" aria-haspopup="true" aria-expanded="false" class="dropdown-div__button js-dropdown btn btn-secondary dropdown-toggle btn btn-secondary">...</button> is not clickable at point (1397, 27). Other element would receive the click: <div class="modal show" aria-modal="true" role="dialog" tabindex="-1" style="display: block;">...</div>
  (Session info: chrome=135.0.7049.85)
Stacktrace:
	GetHandleVerifier [0x00007FF7711A5355+78597]
	GetHandleVerifier [0x00007FF7711A53B0+78688]
	(No symbol) [0x00007FF770F591AA]
	(No symbol) [0x00007FF770FB7089]
	(No symbol) [0x00007FF770FB4A42]
	(No symbol) [0x00007FF770FB1AE1]
	(No symbol) [0x00007FF770FB0A42]
	(No symbol) [0x00007FF770FA2204]
	(No symbol) [0x00007FF770FD70EA]
	(No symbol) [0x00007FF770FA1AB6]
	(No symbol) [0x00007FF770FD7300]
	(No symbol) [0x00007FF770FFF2BB]
	(No symbol) [0x00007FF770FD6EC3]
	(No symbol) [0x00007FF770FA03F8]
	(No symbol) [0x00007FF770FA1163]
	GetHandleVerifier [0x00007FF77144EF0D+2870973]
	GetHandleVerifier [0x00007FF7714496B8+2848360]
	GetHandleVerifier [0x00007FF771466993+2967875]
	GetHandleVerifier [0x00007FF7711C019A+188746]
	GetHandleVerifier [0x00007FF7711C847F+222255]
	GetHandleVerifier [0x00007FF7711AD2D4+111236]
	GetHandleVerifier [0x00007FF7711AD482+111666]
	GetHandleVerifier [0x00007FF7711935A9+5465]
	BaseThreadInitThunk [0x00007FF96DB6E8D7+23]
	RtlUserThreadStart [0x00007FF96FB5BF6C+44]

2025-04-16 09:34:23,654 - INFO -  Waiting for CSV file to be downloaded...
2025-04-16 09:34:23,655 - INFO -  Latest downloaded file: C:\Users\SelengeTulga\Documents\GitHub\appfolio-dashboard\data\t_rent_cleaned_20250416_093410.csv
2025-04-16 09:34:23,655 - INFO - [SUCCESS] CSV file ready: C:\Users\SelengeTulga\Documents\GitHub\appfolio-dashboard\data\t_rent_cleaned_20250416_093410.csv
2025-04-16 09:34:23,655 - INFO - [SUCCESS] CSV URL: file://C:\Users\SelengeTulga\Documents\GitHub\appfolio-dashboard\data\t_rent_cleaned_20250416_093410.csv
2025-04-16 09:34:23,676 - INFO - CSV saved to: C:\Users\SelengeTulga\Documents\GitHub\appfolio-dashboard\data\same_day_cleaned_20250416_093423.csv
2025-04-16 09:34:23,677 - INFO - Navigating to https://infinitybh.appfolio.com/buffered_reports/rent_roll?customize=true and downloading CSV...
2025-04-16 09:34:27,296 - INFO - Update button clicked successfully.
2025-04-16 09:34:31,397 - INFO - An error occurred: Message: element click intercepted: Element <button type="button" aria-haspopup="true" aria-expanded="false" class="dropdown-div__button js-dropdown btn btn-secondary dropdown-toggle btn btn-secondary">...</button> is not clickable at point (1397, 27). Other element would receive the click: <div class="modal show" aria-modal="true" role="dialog" tabindex="-1" style="display: block;">...</div>
  (Session info: chrome=135.0.7049.85)
Stacktrace:
	GetHandleVerifier [0x00007FF7711A5355+78597]
	GetHandleVerifier [0x00007FF7711A53B0+78688]
	(No symbol) [0x00007FF770F591AA]
	(No symbol) [0x00007FF770FB7089]
	(No symbol) [0x00007FF770FB4A42]
	(No symbol) [0x00007FF770FB1AE1]
	(No symbol) [0x00007FF770FB0A42]
	(No symbol) [0x00007FF770FA2204]
	(No symbol) [0x00007FF770FD70EA]
	(No symbol) [0x00007FF770FA1AB6]
	(No symbol) [0x00007FF770FD7300]
	(No symbol) [0x00007FF770FFF2BB]
	(No symbol) [0x00007FF770FD6EC3]
	(No symbol) [0x00007FF770FA03F8]
	(No symbol) [0x00007FF770FA1163]
	GetHandleVerifier [0x00007FF77144EF0D+2870973]
	GetHandleVerifier [0x00007FF7714496B8+2848360]
	GetHandleVerifier [0x00007FF771466993+2967875]
	GetHandleVerifier [0x00007FF7711C019A+188746]
	GetHandleVerifier [0x00007FF7711C847F+222255]
	GetHandleVerifier [0x00007FF7711AD2D4+111236]
	GetHandleVerifier [0x00007FF7711AD482+111666]
	GetHandleVerifier [0x00007FF7711935A9+5465]
	BaseThreadInitThunk [0x00007FF96DB6E8D7+23]
	RtlUserThreadStart [0x00007FF96FB5BF6C+44]

2025-04-16 09:34:36,398 - INFO -  Waiting for CSV file to be downloaded...
2025-04-16 09:34:36,400 - INFO -  Latest downloaded file: C:\Users\SelengeTulga\Documents\GitHub\appfolio-dashboard\data\same_day_cleaned_20250416_093423.csv
2025-04-16 09:34:36,400 - INFO - [SUCCESS] CSV file ready: C:\Users\SelengeTulga\Documents\GitHub\appfolio-dashboard\data\same_day_cleaned_20250416_093423.csv
2025-04-16 09:34:36,400 - INFO - [SUCCESS] CSV URL: file://C:\Users\SelengeTulga\Documents\GitHub\appfolio-dashboard\data\same_day_cleaned_20250416_093423.csv
2025-04-16 09:34:36,419 - INFO - CSV saved to: C:\Users\SelengeTulga\Documents\GitHub\appfolio-dashboard\data\beg_year_cleaned_20250416_093436.csv
2025-04-16 09:34:36,420 - INFO - Navigating to https://infinitybh.appfolio.com/buffered_reports/work_order?customize=true and downloading CSV...
2025-04-16 09:34:40,304 - INFO - Update button clicked successfully.
2025-04-16 09:34:43,448 - INFO - Export CSV button clicked successfully.
2025-04-16 09:34:43,449 - INFO - CSV export process initiated.
2025-04-16 09:34:48,450 - INFO -  Waiting for CSV file to be downloaded...
2025-04-16 09:34:48,451 - INFO -  Latest downloaded file: C:\Users\SelengeTulga\Documents\GitHub\appfolio-dashboard\data\work_order-20250416.csv
2025-04-16 09:34:48,451 - INFO - [SUCCESS] CSV file ready: C:\Users\SelengeTulga\Documents\GitHub\appfolio-dashboard\data\work_order-20250416.csv
2025-04-16 09:34:48,451 - INFO - [SUCCESS] CSV URL: file://C:\Users\SelengeTulga\Documents\GitHub\appfolio-dashboard\data\work_order-20250416.csv
2025-04-16 09:34:48,478 - INFO - CSV saved to: C:\Users\SelengeTulga\Documents\GitHub\appfolio-dashboard\data\work_order_cleaned_20250416_093448.csv
2025-04-16 09:34:50,689 - INFO - [SUCCESS] The entire process completed successfully.
2025-04-16 09:38:35,469 - INFO - Started Appfolio data process
2025-04-16 09:38:36,546 - INFO - [INFO] Opening login page...
2025-04-16 09:38:38,703 - INFO - [INFO] Entered username
2025-04-16 09:38:38,769 - INFO - [INFO] Entered password
2025-04-16 09:38:38,844 - INFO - [INFO] Clicked login button
2025-04-16 09:38:41,850 - INFO - [INFO] 2-Step Verification detected. Retrieving verification code...
2025-04-16 09:38:42,177 - INFO - [INFO] Requested verification code.
2025-04-16 09:38:45,745 - INFO - Entered verification code: 678937
2025-04-16 09:38:47,713 - INFO - Successfully submitted the verification code!
2025-04-16 09:38:50,714 - INFO - Navigating to https://infinitybh.appfolio.com/buffered_reports/rent_roll?customize=true and downloading CSV...
2025-04-16 09:38:54,310 - INFO - Update button clicked successfully.
2025-04-16 09:38:58,412 - INFO - An error occurred: Message: element click intercepted: Element <button type="button" aria-haspopup="true" aria-expanded="false" class="dropdown-div__button js-dropdown btn btn-secondary dropdown-toggle btn btn-secondary">...</button> is not clickable at point (1397, 27). Other element would receive the click: <div class="modal show" aria-modal="true" role="dialog" tabindex="-1" style="display: block;">...</div>
  (Session info: chrome=135.0.7049.85)
Stacktrace:
	GetHandleVerifier [0x00007FF7711A5355+78597]
	GetHandleVerifier [0x00007FF7711A53B0+78688]
	(No symbol) [0x00007FF770F591AA]
	(No symbol) [0x00007FF770FB7089]
	(No symbol) [0x00007FF770FB4A42]
	(No symbol) [0x00007FF770FB1AE1]
	(No symbol) [0x00007FF770FB0A42]
	(No symbol) [0x00007FF770FA2204]
	(No symbol) [0x00007FF770FD70EA]
	(No symbol) [0x00007FF770FA1AB6]
	(No symbol) [0x00007FF770FD7300]
	(No symbol) [0x00007FF770FFF2BB]
	(No symbol) [0x00007FF770FD6EC3]
	(No symbol) [0x00007FF770FA03F8]
	(No symbol) [0x00007FF770FA1163]
	GetHandleVerifier [0x00007FF77144EF0D+2870973]
	GetHandleVerifier [0x00007FF7714496B8+2848360]
	GetHandleVerifier [0x00007FF771466993+2967875]
	GetHandleVerifier [0x00007FF7711C019A+188746]
	GetHandleVerifier [0x00007FF7711C847F+222255]
	GetHandleVerifier [0x00007FF7711AD2D4+111236]
	GetHandleVerifier [0x00007FF7711AD482+111666]
	GetHandleVerifier [0x00007FF7711935A9+5465]
	BaseThreadInitThunk [0x00007FF96DB6E8D7+23]
	RtlUserThreadStart [0x00007FF96FB5BF6C+44]

2025-04-16 09:39:03,413 - INFO -  Waiting for CSV file to be downloaded...
2025-04-16 09:39:33,423 - INFO -  An error occurred:  No CSV files found in the downloads folder after waiting.
2025-04-16 09:39:35,651 - INFO - [ERROR] The process encountered an error.
2025-04-16 09:42:44,430 - INFO - Started Appfolio data process
2025-04-16 09:42:45,497 - INFO - [INFO] Opening login page...
2025-04-16 09:42:47,660 - INFO - [INFO] Entered username
2025-04-16 09:42:47,815 - INFO - [INFO] Entered password
2025-04-16 09:42:48,761 - INFO - [INFO] Clicked login button
2025-04-16 09:42:51,765 - INFO - [INFO] 2-Step Verification detected. Retrieving verification code...
2025-04-16 09:42:52,135 - INFO - [INFO] Requested verification code.
2025-04-16 09:42:52,377 - INFO - Too many requests. Waiting 10 seconds before retrying...
2025-04-16 09:43:03,817 - INFO - Entered verification code: 476404
2025-04-16 09:43:03,899 - INFO - Successfully submitted the verification code!
2025-04-16 09:43:06,901 - INFO - Navigating to https://infinitybh.appfolio.com/buffered_reports/rent_roll?customize=true and downloading CSV...
2025-04-16 09:43:10,669 - INFO - Update button clicked successfully.
2025-04-16 09:43:14,797 - INFO - An error occurred: Message: element click intercepted: Element <button type="button" aria-haspopup="true" aria-expanded="false" class="dropdown-div__button js-dropdown btn btn-secondary dropdown-toggle btn btn-secondary">...</button> is not clickable at point (1397, 27). Other element would receive the click: <div class="modal show" aria-modal="true" role="dialog" tabindex="-1" style="display: block;">...</div>
  (Session info: chrome=135.0.7049.85)
Stacktrace:
	GetHandleVerifier [0x00007FF7711A5355+78597]
	GetHandleVerifier [0x00007FF7711A53B0+78688]
	(No symbol) [0x00007FF770F591AA]
	(No symbol) [0x00007FF770FB7089]
	(No symbol) [0x00007FF770FB4A42]
	(No symbol) [0x00007FF770FB1AE1]
	(No symbol) [0x00007FF770FB0A42]
	(No symbol) [0x00007FF770FA2204]
	(No symbol) [0x00007FF770FD70EA]
	(No symbol) [0x00007FF770FA1AB6]
	(No symbol) [0x00007FF770FD7300]
	(No symbol) [0x00007FF770FFF2BB]
	(No symbol) [0x00007FF770FD6EC3]
	(No symbol) [0x00007FF770FA03F8]
	(No symbol) [0x00007FF770FA1163]
	GetHandleVerifier [0x00007FF77144EF0D+2870973]
	GetHandleVerifier [0x00007FF7714496B8+2848360]
	GetHandleVerifier [0x00007FF771466993+2967875]
	GetHandleVerifier [0x00007FF7711C019A+188746]
	GetHandleVerifier [0x00007FF7711C847F+222255]
	GetHandleVerifier [0x00007FF7711AD2D4+111236]
	GetHandleVerifier [0x00007FF7711AD482+111666]
	GetHandleVerifier [0x00007FF7711935A9+5465]
	BaseThreadInitThunk [0x00007FF96DB6E8D7+23]
	RtlUserThreadStart [0x00007FF96FB5BF6C+44]

2025-04-16 09:43:19,798 - INFO -  Waiting for CSV file to be downloaded...
2025-04-16 09:43:49,806 - INFO -  An error occurred:  No CSV files found in the downloads folder after waiting.
2025-04-16 09:43:52,038 - INFO - [ERROR] The process encountered an error.
2025-04-16 09:46:28,373 - INFO - Started Appfolio data process
2025-04-16 09:46:29,471 - INFO - [INFO] Opening login page...
2025-04-16 09:46:31,270 - INFO - [INFO] Entered username
2025-04-16 09:46:31,348 - INFO - [INFO] Entered password
2025-04-16 09:46:31,482 - INFO - [INFO] Clicked login button
2025-04-16 09:46:34,488 - INFO - [INFO] 2-Step Verification detected. Retrieving verification code...
2025-04-16 09:46:34,803 - INFO - [INFO] Requested verification code.
2025-04-16 09:46:40,606 - INFO - Entered verification code: 085877
2025-04-16 09:46:42,346 - INFO - Successfully submitted the verification code!
2025-04-16 09:46:45,347 - INFO - Navigating to https://infinitybh.appfolio.com/buffered_reports/rent_roll?customize=true and downloading CSV...
2025-04-16 09:46:48,979 - INFO - Update button clicked successfully.
2025-04-16 09:46:56,084 - INFO - An error occurred: Message: element click intercepted: Element <button type="button" aria-haspopup="true" aria-expanded="false" class="dropdown-div__button js-dropdown btn btn-secondary dropdown-toggle btn btn-secondary">...</button> is not clickable at point (1397, 27). Other element would receive the click: <div class="modal show" aria-modal="true" role="dialog" tabindex="-1" style="display: block;">...</div>
  (Session info: chrome=135.0.7049.85)
Stacktrace:
	GetHandleVerifier [0x00007FF7711A5355+78597]
	GetHandleVerifier [0x00007FF7711A53B0+78688]
	(No symbol) [0x00007FF770F591AA]
	(No symbol) [0x00007FF770FB7089]
	(No symbol) [0x00007FF770FB4A42]
	(No symbol) [0x00007FF770FB1AE1]
	(No symbol) [0x00007FF770FB0A42]
	(No symbol) [0x00007FF770FA2204]
	(No symbol) [0x00007FF770FD70EA]
	(No symbol) [0x00007FF770FA1AB6]
	(No symbol) [0x00007FF770FD7300]
	(No symbol) [0x00007FF770FFF2BB]
	(No symbol) [0x00007FF770FD6EC3]
	(No symbol) [0x00007FF770FA03F8]
	(No symbol) [0x00007FF770FA1163]
	GetHandleVerifier [0x00007FF77144EF0D+2870973]
	GetHandleVerifier [0x00007FF7714496B8+2848360]
	GetHandleVerifier [0x00007FF771466993+2967875]
	GetHandleVerifier [0x00007FF7711C019A+188746]
	GetHandleVerifier [0x00007FF7711C847F+222255]
	GetHandleVerifier [0x00007FF7711AD2D4+111236]
	GetHandleVerifier [0x00007FF7711AD482+111666]
	GetHandleVerifier [0x00007FF7711935A9+5465]
	BaseThreadInitThunk [0x00007FF96DB6E8D7+23]
	RtlUserThreadStart [0x00007FF96FB5BF6C+44]

2025-04-16 09:47:01,084 - INFO -  Waiting for CSV file to be downloaded...
2025-04-16 09:47:31,094 - INFO -  An error occurred:  No CSV files found in the downloads folder after waiting.
2025-04-16 09:47:33,327 - INFO - [ERROR] The process encountered an error.
2025-04-16 10:26:16,120 - INFO - Started Appfolio data process
2025-04-16 10:27:09,997 - INFO - Started Appfolio data process
2025-04-16 10:27:11,121 - INFO - [INFO] Opening login page...
2025-04-16 10:27:13,008 - INFO - [INFO] Entered username
2025-04-16 10:27:13,092 - INFO - [INFO] Entered password
2025-04-16 10:27:13,876 - INFO - [INFO] Clicked login button
2025-04-16 10:27:16,881 - INFO - [INFO] 2-Step Verification detected. Retrieving verification code...
2025-04-16 10:27:17,192 - INFO - [INFO] Requested verification code.
2025-04-16 10:27:20,953 - INFO - Entered verification code: 976035
2025-04-16 10:27:21,065 - INFO - Successfully submitted the verification code!
2025-04-16 10:27:24,066 - INFO - Navigating to https://infinitybh.appfolio.com/buffered_reports/rent_roll?customize=true and downloading CSV...
2025-04-16 10:27:27,762 - INFO - Update button clicked successfully.
2025-04-16 10:27:38,818 - INFO - An error occurred: Message: element click intercepted: Element <button type="button" aria-haspopup="true" aria-expanded="false" class="dropdown-div__button js-dropdown btn btn-secondary dropdown-toggle btn btn-secondary">...</button> is not clickable at point (1397, 27). Other element would receive the click: <div class="modal show" aria-modal="true" role="dialog" tabindex="-1" style="display: block;">...</div>
  (Session info: chrome=135.0.7049.85)
Stacktrace:
	GetHandleVerifier [0x00007FF7711A5355+78597]
	GetHandleVerifier [0x00007FF7711A53B0+78688]
	(No symbol) [0x00007FF770F591AA]
	(No symbol) [0x00007FF770FB7089]
	(No symbol) [0x00007FF770FB4A42]
	(No symbol) [0x00007FF770FB1AE1]
	(No symbol) [0x00007FF770FB0A42]
	(No symbol) [0x00007FF770FA2204]
	(No symbol) [0x00007FF770FD70EA]
	(No symbol) [0x00007FF770FA1AB6]
	(No symbol) [0x00007FF770FD7300]
	(No symbol) [0x00007FF770FFF2BB]
	(No symbol) [0x00007FF770FD6EC3]
	(No symbol) [0x00007FF770FA03F8]
	(No symbol) [0x00007FF770FA1163]
	GetHandleVerifier [0x00007FF77144EF0D+2870973]
	GetHandleVerifier [0x00007FF7714496B8+2848360]
	GetHandleVerifier [0x00007FF771466993+2967875]
	GetHandleVerifier [0x00007FF7711C019A+188746]
	GetHandleVerifier [0x00007FF7711C847F+222255]
	GetHandleVerifier [0x00007FF7711AD2D4+111236]
	GetHandleVerifier [0x00007FF7711AD482+111666]
	GetHandleVerifier [0x00007FF7711935A9+5465]
	BaseThreadInitThunk [0x00007FF96DB6E8D7+23]
	RtlUserThreadStart [0x00007FF96FB5BF6C+44]

2025-04-16 10:27:43,819 - INFO -  Waiting for CSV file to be downloaded...
2025-04-16 10:28:13,828 - INFO -  An error occurred:  No CSV files found in the downloads folder after waiting.
2025-04-16 10:28:16,015 - INFO - [ERROR] The process encountered an error.
2025-04-16 10:28:32,906 - INFO - Started Appfolio data process
2025-04-16 10:28:33,968 - INFO - [INFO] Opening login page...
2025-04-16 10:28:35,725 - INFO - [INFO] Entered username
2025-04-16 10:28:35,798 - INFO - [INFO] Entered password
2025-04-16 10:28:36,802 - INFO - [INFO] Clicked login button
2025-04-16 10:28:39,806 - INFO - [INFO] 2-Step Verification detected. Retrieving verification code...
2025-04-16 10:28:40,137 - INFO - [INFO] Requested verification code.
2025-04-16 10:28:45,904 - INFO - Entered verification code: 291546
2025-04-16 10:28:47,705 - INFO - Successfully submitted the verification code!
2025-04-16 10:28:50,706 - INFO - Navigating to https://infinitybh.appfolio.com/buffered_reports/rent_roll?customize=true and downloading CSV...
2025-04-16 10:28:54,384 - INFO - Update button clicked successfully.
2025-04-16 10:29:24,572 - INFO - Export CSV button clicked successfully.
2025-04-16 10:29:24,572 - INFO - CSV export process initiated.
2025-04-16 10:29:29,573 - INFO -  Waiting for CSV file to be downloaded...
2025-04-16 10:29:29,573 - INFO -  Latest downloaded file: C:\Users\SelengeTulga\Documents\GitHub\infinity_bh_appfolio\data\rent_roll-20250416.csv
2025-04-16 10:29:29,574 - INFO - [SUCCESS] CSV file ready: C:\Users\SelengeTulga\Documents\GitHub\infinity_bh_appfolio\data\rent_roll-20250416.csv
2025-04-16 10:29:29,574 - INFO - [SUCCESS] CSV URL: file://C:\Users\SelengeTulga\Documents\GitHub\infinity_bh_appfolio\data\rent_roll-20250416.csv
2025-04-16 10:29:29,615 - INFO - CSV saved to: C:\Users\SelengeTulga\Documents\GitHub\appfolio-dashboard\data\tenant_data_cleaned_20250416_102929.csv
2025-04-16 10:29:29,616 - INFO - Navigating to https://infinitybh.appfolio.com/buffered_reports/work_order?customize=true and downloading CSV...
2025-04-16 10:29:33,501 - INFO - Update button clicked successfully.
2025-04-16 10:30:03,681 - INFO - Export CSV button clicked successfully.
2025-04-16 10:30:03,682 - INFO - CSV export process initiated.
2025-04-16 10:30:08,683 - INFO -  Waiting for CSV file to be downloaded...
2025-04-16 10:30:08,684 - INFO -  Latest downloaded file: C:\Users\SelengeTulga\Documents\GitHub\infinity_bh_appfolio\data\work_order-20250416.csv
2025-04-16 10:30:08,685 - INFO - [SUCCESS] CSV file ready: C:\Users\SelengeTulga\Documents\GitHub\infinity_bh_appfolio\data\work_order-20250416.csv
2025-04-16 10:30:08,685 - INFO - [SUCCESS] CSV URL: file://C:\Users\SelengeTulga\Documents\GitHub\infinity_bh_appfolio\data\work_order-20250416.csv
2025-04-16 10:30:08,713 - INFO - CSV saved to: C:\Users\SelengeTulga\Documents\GitHub\appfolio-dashboard\data\work_order_cleaned_20250416_103008.csv
2025-04-16 10:30:10,964 - INFO - [SUCCESS] The entire process completed successfully.
2025-04-17 14:09:58,051 - INFO - Started Appfolio data process
2025-04-17 14:09:59,159 - INFO - [INFO] Opening login page...
2025-04-17 14:10:01,062 - INFO - [INFO] Entered username
2025-04-17 14:10:01,212 - INFO - [INFO] Entered password
2025-04-17 14:10:02,069 - INFO - [INFO] Clicked login button
2025-04-17 14:10:05,075 - INFO - [INFO] 2-Step Verification detected. Retrieving verification code...
2025-04-17 14:10:05,548 - INFO - [INFO] Requested verification code.
2025-04-17 14:10:11,762 - INFO - Entered verification code: 852657
2025-04-17 14:10:13,323 - INFO - Successfully submitted the verification code!
2025-04-17 14:10:16,324 - INFO - Navigating to https://infinitybh.appfolio.com/buffered_reports/rent_roll?customize=true and downloading CSV...
2025-04-17 14:10:19,967 - INFO - Update button clicked successfully.
2025-04-17 14:10:50,303 - INFO - Export CSV button clicked successfully.
2025-04-17 14:10:50,303 - INFO - CSV export process initiated.
2025-04-17 14:10:55,304 - INFO -  Waiting for CSV file to be downloaded...
2025-04-17 14:10:55,306 - INFO -  Latest downloaded file: C:\Users\SelengeTulga\Documents\GitHub\infinity_bh_appfolio\data\rent_roll-20250417.csv
2025-04-17 14:10:55,306 - INFO - [SUCCESS] CSV file ready: C:\Users\SelengeTulga\Documents\GitHub\infinity_bh_appfolio\data\rent_roll-20250417.csv
2025-04-17 14:10:55,306 - INFO - [SUCCESS] CSV URL: file://C:\Users\SelengeTulga\Documents\GitHub\infinity_bh_appfolio\data\rent_roll-20250417.csv
2025-04-17 14:10:55,373 - INFO - CSV saved to: C:\Users\SelengeTulga\Documents\GitHub\appfolio-dashboard\data\tenant_data_cleaned_20250417_141055.csv
2025-04-17 14:10:55,373 - INFO - Navigating to https://infinitybh.appfolio.com/buffered_reports/work_order?customize=true and downloading CSV...
2025-04-17 14:10:59,541 - INFO - Update button clicked successfully.
2025-04-17 14:11:29,791 - INFO - Export CSV button clicked successfully.
2025-04-17 14:11:29,791 - INFO - CSV export process initiated.
2025-04-17 14:11:34,792 - INFO -  Waiting for CSV file to be downloaded...
2025-04-17 14:11:34,793 - INFO -  Latest downloaded file: C:\Users\SelengeTulga\Documents\GitHub\infinity_bh_appfolio\data\work_order-20250417.csv
2025-04-17 14:11:34,794 - INFO - [SUCCESS] CSV file ready: C:\Users\SelengeTulga\Documents\GitHub\infinity_bh_appfolio\data\work_order-20250417.csv
2025-04-17 14:11:34,794 - INFO - [SUCCESS] CSV URL: file://C:\Users\SelengeTulga\Documents\GitHub\infinity_bh_appfolio\data\work_order-20250417.csv
2025-04-17 14:11:34,821 - INFO - CSV saved to: C:\Users\SelengeTulga\Documents\GitHub\appfolio-dashboard\data\work_order_cleaned_20250417_141134.csv
2025-04-17 14:11:37,032 - INFO - [SUCCESS] The entire process completed successfully.
2025-04-17 16:29:21,504 - INFO - Started Appfolio data process
2025-04-17 16:29:22,554 - INFO - [INFO] Opening login page...
2025-04-17 16:29:24,468 - INFO - [INFO] Entered username
2025-04-17 16:29:24,551 - INFO - [INFO] Entered password
2025-04-17 16:29:25,505 - INFO - [INFO] Clicked login button
2025-04-17 16:29:28,508 - INFO -  An error occurred: Message: invalid session id: session deleted as the browser has closed the connection
from disconnected: not connected to DevTools
  (Session info: chrome=135.0.7049.85)
Stacktrace:
	GetHandleVerifier [0x00007FF68B975355+78597]
	GetHandleVerifier [0x00007FF68B9753B0+78688]
	(No symbol) [0x00007FF68B7291AA]
	(No symbol) [0x00007FF68B714EF5]
	(No symbol) [0x00007FF68B739F04]
	(No symbol) [0x00007FF68B7AED0F]
	(No symbol) [0x00007FF68B7CEBB2]
	(No symbol) [0x00007FF68B7A6EC3]
	(No symbol) [0x00007FF68B7703F8]
	(No symbol) [0x00007FF68B771163]
	GetHandleVerifier [0x00007FF68BC1EF0D+2870973]
	GetHandleVerifier [0x00007FF68BC196B8+2848360]
	GetHandleVerifier [0x00007FF68BC36993+2967875]
	GetHandleVerifier [0x00007FF68B99019A+188746]
	GetHandleVerifier [0x00007FF68B99847F+222255]
	GetHandleVerifier [0x00007FF68B97D2D4+111236]
	GetHandleVerifier [0x00007FF68B97D482+111666]
	GetHandleVerifier [0x00007FF68B9635A9+5465]
	BaseThreadInitThunk [0x00007FF96DB6E8D7+23]
	RtlUserThreadStart [0x00007FF96FB5BF6C+44]

2025-04-17 16:29:30,551 - INFO - [ERROR] The process encountered an error.
2025-04-17 17:00:21,307 - INFO - Started Appfolio data process
2025-04-17 17:00:22,387 - INFO - [INFO] Opening login page...
2025-04-17 17:00:24,526 - INFO - [INFO] Entered username
2025-04-17 17:00:24,592 - INFO - [INFO] Entered password
2025-04-17 17:00:24,670 - INFO - [INFO] Clicked login button
2025-04-17 17:00:27,679 - INFO - [INFO] 2-Step Verification detected. Retrieving verification code...
2025-04-17 17:00:28,001 - INFO - [INFO] Requested verification code.
2025-04-17 17:00:31,618 - INFO - Entered verification code: 856803
2025-04-17 17:00:31,689 - INFO - Successfully submitted the verification code!
2025-04-17 17:00:34,690 - INFO - Navigating to https://infinitybh.appfolio.com/buffered_reports/work_order?customize=true and downloading CSV...
2025-04-17 17:00:48,661 - INFO -  An error occurred: Message: 
Stacktrace:
	GetHandleVerifier [0x00007FF68B975355+78597]
	GetHandleVerifier [0x00007FF68B9753B0+78688]
	(No symbol) [0x00007FF68B7291AA]
	(No symbol) [0x00007FF68B77F149]
	(No symbol) [0x00007FF68B77F3FC]
	(No symbol) [0x00007FF68B7D2467]
	(No symbol) [0x00007FF68B7A712F]
	(No symbol) [0x00007FF68B7CF2BB]
	(No symbol) [0x00007FF68B7A6EC3]
	(No symbol) [0x00007FF68B7703F8]
	(No symbol) [0x00007FF68B771163]
	GetHandleVerifier [0x00007FF68BC1EF0D+2870973]
	GetHandleVerifier [0x00007FF68BC196B8+2848360]
	GetHandleVerifier [0x00007FF68BC36993+2967875]
	GetHandleVerifier [0x00007FF68B99019A+188746]
	GetHandleVerifier [0x00007FF68B99847F+222255]
	GetHandleVerifier [0x00007FF68B97D2D4+111236]
	GetHandleVerifier [0x00007FF68B97D482+111666]
	GetHandleVerifier [0x00007FF68B9635A9+5465]
	BaseThreadInitThunk [0x00007FF96DB6E8D7+23]
	RtlUserThreadStart [0x00007FF96FB5BF6C+44]

2025-04-17 17:00:50,847 - INFO - [ERROR] The process encountered an error.
2025-04-17 17:02:26,185 - INFO - Started Appfolio data process
2025-04-17 17:02:27,242 - INFO - [INFO] Opening login page...
2025-04-17 17:02:29,049 - INFO - [INFO] Entered username
2025-04-17 17:02:29,173 - INFO - [INFO] Entered password
2025-04-17 17:02:29,914 - INFO - [INFO] Clicked login button
2025-04-17 17:02:32,920 - INFO - [INFO] 2-Step Verification detected. Retrieving verification code...
2025-04-17 17:02:33,238 - INFO - [INFO] Requested verification code.
2025-04-17 17:02:39,222 - INFO - Entered verification code: 327398
2025-04-17 17:02:39,295 - INFO - Successfully submitted the verification code!
2025-04-17 17:02:42,296 - INFO - Navigating to https://infinitybh.appfolio.com/buffered_reports/rent_roll?customize=true and downloading CSV...
2025-04-17 17:02:46,206 - INFO - Set date to 03/31/2025
2025-04-17 17:02:46,287 - INFO - Update button clicked successfully.
2025-04-17 17:03:07,412 - INFO - An error occurred: Message: element click intercepted: Element <button type="button" aria-haspopup="true" aria-expanded="false" class="dropdown-div__button js-dropdown btn btn-secondary dropdown-toggle btn btn-secondary">...</button> is not clickable at point (1397, 27). Other element would receive the click: <div class="modal show" aria-modal="true" role="dialog" tabindex="-1" style="display: block;">...</div>
  (Session info: chrome=135.0.7049.85)
Stacktrace:
	GetHandleVerifier [0x00007FF68B975355+78597]
	GetHandleVerifier [0x00007FF68B9753B0+78688]
	(No symbol) [0x00007FF68B7291AA]
	(No symbol) [0x00007FF68B787089]
	(No symbol) [0x00007FF68B784A42]
	(No symbol) [0x00007FF68B781AE1]
	(No symbol) [0x00007FF68B780A42]
	(No symbol) [0x00007FF68B772204]
	(No symbol) [0x00007FF68B7A70EA]
	(No symbol) [0x00007FF68B771AB6]
	(No symbol) [0x00007FF68B7A7300]
	(No symbol) [0x00007FF68B7CF2BB]
	(No symbol) [0x00007FF68B7A6EC3]
	(No symbol) [0x00007FF68B7703F8]
	(No symbol) [0x00007FF68B771163]
	GetHandleVerifier [0x00007FF68BC1EF0D+2870973]
	GetHandleVerifier [0x00007FF68BC196B8+2848360]
	GetHandleVerifier [0x00007FF68BC36993+2967875]
	GetHandleVerifier [0x00007FF68B99019A+188746]
	GetHandleVerifier [0x00007FF68B99847F+222255]
	GetHandleVerifier [0x00007FF68B97D2D4+111236]
	GetHandleVerifier [0x00007FF68B97D482+111666]
	GetHandleVerifier [0x00007FF68B9635A9+5465]
	BaseThreadInitThunk [0x00007FF96DB6E8D7+23]
	RtlUserThreadStart [0x00007FF96FB5BF6C+44]

2025-04-17 17:03:12,412 - INFO -  Waiting for CSV file to be downloaded...
2025-04-17 17:03:12,414 - INFO -  Latest downloaded file: C:\Users\SelengeTulga\Documents\GitHub\infinity_bh_appfolio\data\work_order-20250417.csv
2025-04-17 17:03:12,414 - INFO - [SUCCESS] CSV file ready: C:\Users\SelengeTulga\Documents\GitHub\infinity_bh_appfolio\data\work_order-20250417.csv
2025-04-17 17:03:12,414 - INFO - [SUCCESS] CSV URL: file://C:\Users\SelengeTulga\Documents\GitHub\infinity_bh_appfolio\data\work_order-20250417.csv
2025-04-17 17:03:12,429 - INFO - CSV saved to: C:\Users\SelengeTulga\Documents\GitHub\appfolio-dashboard\data\vacancy_03-31-2025_cleaned_20250417_170312.csv
2025-04-17 17:03:12,429 - INFO - Navigating to https://infinitybh.appfolio.com/buffered_reports/rent_roll?customize=true and downloading CSV...
2025-04-17 17:03:16,094 - INFO - Set date to 02/28/2025
2025-04-17 17:03:16,198 - INFO - Update button clicked successfully.
2025-04-17 17:03:36,373 - INFO - Export CSV button clicked successfully.
2025-04-17 17:03:36,374 - INFO - CSV export process initiated.
2025-04-17 17:03:41,375 - INFO -  Waiting for CSV file to be downloaded...
2025-04-17 17:03:41,377 - INFO -  Latest downloaded file: C:\Users\SelengeTulga\Documents\GitHub\infinity_bh_appfolio\data\rent_roll-20250417 (1).csv
2025-04-17 17:03:41,378 - INFO - [SUCCESS] CSV file ready: C:\Users\SelengeTulga\Documents\GitHub\infinity_bh_appfolio\data\rent_roll-20250417 (1).csv
2025-04-17 17:03:41,378 - INFO - [SUCCESS] CSV URL: file://C:\Users\SelengeTulga\Documents\GitHub\infinity_bh_appfolio\data\rent_roll-20250417 (1).csv
2025-04-17 17:03:41,417 - INFO - CSV saved to: C:\Users\SelengeTulga\Documents\GitHub\appfolio-dashboard\data\vacancy_02-28-2025_cleaned_20250417_170341.csv
2025-04-17 17:03:41,417 - INFO - Navigating to https://infinitybh.appfolio.com/buffered_reports/rent_roll?customize=true and downloading CSV...
2025-04-17 17:03:44,940 - INFO - Set date to 01/31/2025
2025-04-17 17:03:45,007 - INFO - Update button clicked successfully.
2025-04-17 17:04:05,205 - INFO - Export CSV button clicked successfully.
2025-04-17 17:04:05,206 - INFO - CSV export process initiated.
2025-04-17 17:04:10,206 - INFO -  Waiting for CSV file to be downloaded...
2025-04-17 17:04:10,208 - INFO -  Latest downloaded file: C:\Users\SelengeTulga\Documents\GitHub\infinity_bh_appfolio\data\rent_roll-20250417 (2).csv
2025-04-17 17:04:10,209 - INFO - [SUCCESS] CSV file ready: C:\Users\SelengeTulga\Documents\GitHub\infinity_bh_appfolio\data\rent_roll-20250417 (2).csv
2025-04-17 17:04:10,209 - INFO - [SUCCESS] CSV URL: file://C:\Users\SelengeTulga\Documents\GitHub\infinity_bh_appfolio\data\rent_roll-20250417 (2).csv
2025-04-17 17:04:10,259 - INFO - CSV saved to: C:\Users\SelengeTulga\Documents\GitHub\appfolio-dashboard\data\vacancy_01-31-2025_cleaned_20250417_170410.csv
2025-04-17 17:04:10,259 - INFO - Navigating to https://infinitybh.appfolio.com/buffered_reports/rent_roll?customize=true and downloading CSV...
2025-04-17 17:04:13,879 - INFO - Set date to 12/31/2024
2025-04-17 17:04:13,961 - INFO - Update button clicked successfully.
2025-04-17 17:04:34,166 - INFO - Export CSV button clicked successfully.
2025-04-17 17:04:34,166 - INFO - CSV export process initiated.
2025-04-17 17:04:39,167 - INFO -  Waiting for CSV file to be downloaded...
2025-04-17 17:04:39,169 - INFO -  Latest downloaded file: C:\Users\SelengeTulga\Documents\GitHub\infinity_bh_appfolio\data\rent_roll-20250417 (3).csv
2025-04-17 17:04:39,169 - INFO - [SUCCESS] CSV file ready: C:\Users\SelengeTulga\Documents\GitHub\infinity_bh_appfolio\data\rent_roll-20250417 (3).csv
2025-04-17 17:04:39,169 - INFO - [SUCCESS] CSV URL: file://C:\Users\SelengeTulga\Documents\GitHub\infinity_bh_appfolio\data\rent_roll-20250417 (3).csv
2025-04-17 17:04:39,213 - INFO - CSV saved to: C:\Users\SelengeTulga\Documents\GitHub\appfolio-dashboard\data\vacancy_12-31-2024_cleaned_20250417_170439.csv
2025-04-17 17:04:39,214 - INFO - Navigating to https://infinitybh.appfolio.com/buffered_reports/rent_roll?customize=true and downloading CSV...
2025-04-17 17:04:42,847 - INFO - Set date to 11/30/2024
2025-04-17 17:04:42,944 - INFO - Update button clicked successfully.
2025-04-17 17:05:03,144 - INFO - Export CSV button clicked successfully.
2025-04-17 17:05:03,144 - INFO - CSV export process initiated.
2025-04-17 17:05:08,145 - INFO -  Waiting for CSV file to be downloaded...
2025-04-17 17:05:08,146 - INFO -  Latest downloaded file: C:\Users\SelengeTulga\Documents\GitHub\infinity_bh_appfolio\data\rent_roll-20250417 (4).csv
2025-04-17 17:05:08,147 - INFO - [SUCCESS] CSV file ready: C:\Users\SelengeTulga\Documents\GitHub\infinity_bh_appfolio\data\rent_roll-20250417 (4).csv
2025-04-17 17:05:08,147 - INFO - [SUCCESS] CSV URL: file://C:\Users\SelengeTulga\Documents\GitHub\infinity_bh_appfolio\data\rent_roll-20250417 (4).csv
2025-04-17 17:05:08,181 - INFO - CSV saved to: C:\Users\SelengeTulga\Documents\GitHub\appfolio-dashboard\data\vacancy_11-30-2024_cleaned_20250417_170508.csv
2025-04-17 17:05:08,181 - INFO - Navigating to https://infinitybh.appfolio.com/buffered_reports/rent_roll?customize=true and downloading CSV...
2025-04-17 17:05:11,984 - INFO - Set date to 10/31/2024
2025-04-17 17:05:12,067 - INFO - Update button clicked successfully.
2025-04-17 17:05:32,263 - INFO - Export CSV button clicked successfully.
2025-04-17 17:05:32,263 - INFO - CSV export process initiated.
2025-04-17 17:05:37,263 - INFO -  Waiting for CSV file to be downloaded...
2025-04-17 17:05:37,264 - INFO -  Latest downloaded file: C:\Users\SelengeTulga\Documents\GitHub\infinity_bh_appfolio\data\rent_roll-20250417 (5).csv
2025-04-17 17:05:37,264 - INFO - [SUCCESS] CSV file ready: C:\Users\SelengeTulga\Documents\GitHub\infinity_bh_appfolio\data\rent_roll-20250417 (5).csv
2025-04-17 17:05:37,264 - INFO - [SUCCESS] CSV URL: file://C:\Users\SelengeTulga\Documents\GitHub\infinity_bh_appfolio\data\rent_roll-20250417 (5).csv
2025-04-17 17:05:37,308 - INFO - CSV saved to: C:\Users\SelengeTulga\Documents\GitHub\appfolio-dashboard\data\vacancy_10-31-2024_cleaned_20250417_170537.csv
2025-04-17 17:05:37,309 - INFO - Navigating to https://infinitybh.appfolio.com/buffered_reports/rent_roll?customize=true and downloading CSV...
2025-04-17 17:05:40,916 - INFO - Set date to 09/30/2024
2025-04-17 17:05:41,021 - INFO - Update button clicked successfully.
2025-04-17 17:06:01,205 - INFO - Export CSV button clicked successfully.
2025-04-17 17:06:01,206 - INFO - CSV export process initiated.
2025-04-17 17:06:06,206 - INFO -  Waiting for CSV file to be downloaded...
2025-04-17 17:06:06,207 - INFO -  Latest downloaded file: C:\Users\SelengeTulga\Documents\GitHub\infinity_bh_appfolio\data\rent_roll-20250417 (6).csv
2025-04-17 17:06:06,208 - INFO - [SUCCESS] CSV file ready: C:\Users\SelengeTulga\Documents\GitHub\infinity_bh_appfolio\data\rent_roll-20250417 (6).csv
2025-04-17 17:06:06,208 - INFO - [SUCCESS] CSV URL: file://C:\Users\SelengeTulga\Documents\GitHub\infinity_bh_appfolio\data\rent_roll-20250417 (6).csv
2025-04-17 17:06:06,260 - INFO - CSV saved to: C:\Users\SelengeTulga\Documents\GitHub\appfolio-dashboard\data\vacancy_09-30-2024_cleaned_20250417_170606.csv
2025-04-17 17:06:06,261 - INFO - Navigating to https://infinitybh.appfolio.com/buffered_reports/rent_roll?customize=true and downloading CSV...
2025-04-17 17:06:09,946 - INFO - Set date to 08/31/2024
2025-04-17 17:06:10,065 - INFO - Update button clicked successfully.
2025-04-17 17:06:30,246 - INFO - Export CSV button clicked successfully.
2025-04-17 17:06:30,246 - INFO - CSV export process initiated.
2025-04-17 17:06:35,247 - INFO -  Waiting for CSV file to be downloaded...
2025-04-17 17:06:35,249 - INFO -  Latest downloaded file: C:\Users\SelengeTulga\Documents\GitHub\infinity_bh_appfolio\data\rent_roll-20250417 (7).csv
2025-04-17 17:06:35,249 - INFO - [SUCCESS] CSV file ready: C:\Users\SelengeTulga\Documents\GitHub\infinity_bh_appfolio\data\rent_roll-20250417 (7).csv
2025-04-17 17:06:35,249 - INFO - [SUCCESS] CSV URL: file://C:\Users\SelengeTulga\Documents\GitHub\infinity_bh_appfolio\data\rent_roll-20250417 (7).csv
2025-04-17 17:06:35,295 - INFO - CSV saved to: C:\Users\SelengeTulga\Documents\GitHub\appfolio-dashboard\data\vacancy_08-31-2024_cleaned_20250417_170635.csv
2025-04-17 17:06:35,295 - INFO - Navigating to https://infinitybh.appfolio.com/buffered_reports/rent_roll?customize=true and downloading CSV...
2025-04-17 17:06:38,805 - INFO - Set date to 07/31/2024
2025-04-17 17:06:38,881 - INFO - Update button clicked successfully.
2025-04-17 17:06:59,116 - INFO - Export CSV button clicked successfully.
2025-04-17 17:06:59,117 - INFO - CSV export process initiated.
2025-04-17 17:07:04,118 - INFO -  Waiting for CSV file to be downloaded...
2025-04-17 17:07:04,121 - INFO -  Latest downloaded file: C:\Users\SelengeTulga\Documents\GitHub\infinity_bh_appfolio\data\rent_roll-20250417 (8).csv
2025-04-17 17:07:04,122 - INFO - [SUCCESS] CSV file ready: C:\Users\SelengeTulga\Documents\GitHub\infinity_bh_appfolio\data\rent_roll-20250417 (8).csv
2025-04-17 17:07:04,122 - INFO - [SUCCESS] CSV URL: file://C:\Users\SelengeTulga\Documents\GitHub\infinity_bh_appfolio\data\rent_roll-20250417 (8).csv
2025-04-17 17:07:04,174 - INFO - CSV saved to: C:\Users\SelengeTulga\Documents\GitHub\appfolio-dashboard\data\vacancy_07-31-2024_cleaned_20250417_170704.csv
2025-04-17 17:07:04,174 - INFO - Navigating to https://infinitybh.appfolio.com/buffered_reports/rent_roll?customize=true and downloading CSV...
2025-04-17 17:07:07,786 - INFO - Set date to 06/30/2024
2025-04-17 17:07:07,899 - INFO - Update button clicked successfully.
2025-04-17 17:07:28,160 - INFO - Export CSV button clicked successfully.
2025-04-17 17:07:28,160 - INFO - CSV export process initiated.
2025-04-17 17:07:33,162 - INFO -  Waiting for CSV file to be downloaded...
2025-04-17 17:07:33,163 - INFO -  Latest downloaded file: C:\Users\SelengeTulga\Documents\GitHub\infinity_bh_appfolio\data\rent_roll-20250417 (9).csv
2025-04-17 17:07:33,163 - INFO - [SUCCESS] CSV file ready: C:\Users\SelengeTulga\Documents\GitHub\infinity_bh_appfolio\data\rent_roll-20250417 (9).csv
2025-04-17 17:07:33,163 - INFO - [SUCCESS] CSV URL: file://C:\Users\SelengeTulga\Documents\GitHub\infinity_bh_appfolio\data\rent_roll-20250417 (9).csv
2025-04-17 17:07:33,204 - INFO - CSV saved to: C:\Users\SelengeTulga\Documents\GitHub\appfolio-dashboard\data\vacancy_06-30-2024_cleaned_20250417_170733.csv
2025-04-17 17:07:33,204 - INFO - Navigating to https://infinitybh.appfolio.com/buffered_reports/rent_roll?customize=true and downloading CSV...
2025-04-17 17:07:36,908 - INFO - Set date to 05/31/2024
2025-04-17 17:07:36,994 - INFO - Update button clicked successfully.
2025-04-17 17:07:57,230 - INFO - Export CSV button clicked successfully.
2025-04-17 17:07:57,230 - INFO - CSV export process initiated.
2025-04-17 17:08:02,231 - INFO -  Waiting for CSV file to be downloaded...
2025-04-17 17:08:02,234 - INFO -  Latest downloaded file: C:\Users\SelengeTulga\Documents\GitHub\infinity_bh_appfolio\data\rent_roll-20250417 (10).csv
2025-04-17 17:08:02,234 - INFO - [SUCCESS] CSV file ready: C:\Users\SelengeTulga\Documents\GitHub\infinity_bh_appfolio\data\rent_roll-20250417 (10).csv
2025-04-17 17:08:02,235 - INFO - [SUCCESS] CSV URL: file://C:\Users\SelengeTulga\Documents\GitHub\infinity_bh_appfolio\data\rent_roll-20250417 (10).csv
2025-04-17 17:08:02,275 - INFO - CSV saved to: C:\Users\SelengeTulga\Documents\GitHub\appfolio-dashboard\data\vacancy_05-31-2024_cleaned_20250417_170802.csv
2025-04-17 17:08:02,275 - INFO - Navigating to https://infinitybh.appfolio.com/buffered_reports/rent_roll?customize=true and downloading CSV...
2025-04-17 17:08:05,937 - INFO - Set date to 04/30/2024
2025-04-17 17:08:06,036 - INFO - Update button clicked successfully.
2025-04-17 17:08:26,249 - INFO - Export CSV button clicked successfully.
2025-04-17 17:08:26,249 - INFO - CSV export process initiated.
2025-04-17 17:08:31,250 - INFO -  Waiting for CSV file to be downloaded...
2025-04-17 17:08:31,252 - INFO -  Latest downloaded file: C:\Users\SelengeTulga\Documents\GitHub\infinity_bh_appfolio\data\rent_roll-20250417 (11).csv
2025-04-17 17:08:31,252 - INFO - [SUCCESS] CSV file ready: C:\Users\SelengeTulga\Documents\GitHub\infinity_bh_appfolio\data\rent_roll-20250417 (11).csv
2025-04-17 17:08:31,252 - INFO - [SUCCESS] CSV URL: file://C:\Users\SelengeTulga\Documents\GitHub\infinity_bh_appfolio\data\rent_roll-20250417 (11).csv
2025-04-17 17:08:31,290 - INFO - CSV saved to: C:\Users\SelengeTulga\Documents\GitHub\appfolio-dashboard\data\vacancy_04-30-2024_cleaned_20250417_170831.csv
2025-04-17 17:08:33,502 - INFO - [SUCCESS] The entire process completed successfully.
2025-04-18 08:52:34,581 - INFO - Started Appfolio data process
2025-04-18 08:52:37,405 - INFO - [INFO] Opening login page...
2025-04-18 08:52:39,532 - INFO - [INFO] Entered username
2025-04-18 08:52:39,666 - INFO - [INFO] Entered password
2025-04-18 08:52:40,366 - INFO - [INFO] Clicked login button
2025-04-18 08:52:43,370 - INFO - [INFO] 2-Step Verification detected. Retrieving verification code...
2025-04-18 08:52:43,768 - INFO - [INFO] Requested verification code.
2025-04-18 08:52:49,556 - INFO - Entered verification code: 730656
2025-04-18 08:52:51,015 - INFO - Successfully submitted the verification code!
2025-04-18 08:52:54,017 - INFO - Navigating to https://infinitybh.appfolio.com/buffered_reports/tenant_directory?customize=true and downloading CSV...
2025-04-18 08:52:57,616 - INFO - Update button clicked successfully.
2025-04-18 08:53:17,811 - INFO - Export CSV button clicked successfully.
2025-04-18 08:53:17,811 - INFO - CSV export process initiated.
2025-04-18 08:53:22,812 - INFO -  Waiting for CSV file to be downloaded...
2025-04-18 08:53:22,815 - INFO -  Latest downloaded file: C:\Users\SelengeTulga\Documents\GitHub\infinity_bh_appfolio\data\rent_roll-20250417 (11).csv
2025-04-18 08:53:22,815 - INFO - [SUCCESS] CSV file ready: C:\Users\SelengeTulga\Documents\GitHub\infinity_bh_appfolio\data\rent_roll-20250417 (11).csv
2025-04-18 08:53:22,815 - INFO - [SUCCESS] CSV URL: file://C:\Users\SelengeTulga\Documents\GitHub\infinity_bh_appfolio\data\rent_roll-20250417 (11).csv
2025-04-18 08:53:22,871 - INFO - CSV saved to: C:\Users\SelengeTulga\Documents\GitHub\appfolio-dashboard\data\tenant_data_cleaned_20250418_085322.csv
2025-04-18 08:53:25,075 - INFO - [ERROR] The process encountered an error.
2025-04-18 09:04:54,241 - INFO - Started Appfolio data process
2025-04-18 09:04:55,380 - INFO - [INFO] Opening login page...
2025-04-18 09:04:57,378 - INFO - [INFO] Entered username
2025-04-18 09:04:57,445 - INFO - [INFO] Entered password
2025-04-18 09:04:58,167 - INFO - [INFO] Clicked login button
2025-04-18 09:05:01,172 - INFO - [INFO] 2-Step Verification detected. Retrieving verification code...
2025-04-18 09:05:01,553 - INFO - [INFO] Requested verification code.
2025-04-18 09:05:05,120 - INFO - Entered verification code: 107569
2025-04-18 09:05:06,714 - INFO - Successfully submitted the verification code!
2025-04-18 09:05:09,715 - INFO - Navigating to https://infinitybh.appfolio.com/buffered_reports/rent_roll?customize=true and downloading CSV...
2025-04-18 09:05:13,348 - INFO - Update button clicked successfully.
2025-04-18 09:05:33,543 - INFO - Export CSV button clicked successfully.
2025-04-18 09:05:33,543 - INFO - CSV export process initiated.
2025-04-18 09:05:38,545 - INFO -  Waiting for CSV file to be downloaded...
2025-04-18 09:05:38,546 - INFO -  Latest downloaded file: C:\Users\SelengeTulga\Documents\GitHub\infinity_bh_appfolio\data\rent_roll-20250418.csv
2025-04-18 09:05:38,546 - INFO - [SUCCESS] CSV file ready: C:\Users\SelengeTulga\Documents\GitHub\infinity_bh_appfolio\data\rent_roll-20250418.csv
2025-04-18 09:05:38,546 - INFO - [SUCCESS] CSV URL: file://C:\Users\SelengeTulga\Documents\GitHub\infinity_bh_appfolio\data\rent_roll-20250418.csv
2025-04-18 09:05:38,588 - INFO - CSV saved to: C:\Users\SelengeTulga\Documents\GitHub\infinity_bh_appfolio\data\rentroll_cleaned_20250418_090538.csv
2025-04-18 09:05:38,589 - INFO - Navigating to https://infinitybh.appfolio.com/buffered_reports/tenant_directory?customize=true and downloading CSV...
2025-04-18 09:05:42,154 - INFO - Update button clicked successfully.
2025-04-18 09:06:02,346 - INFO - Export CSV button clicked successfully.
2025-04-18 09:06:02,346 - INFO - CSV export process initiated.
2025-04-18 09:06:07,347 - INFO -  Waiting for CSV file to be downloaded...
2025-04-18 09:06:07,350 - INFO -  Latest downloaded file: C:\Users\SelengeTulga\Documents\GitHub\infinity_bh_appfolio\data\tenant_directory-20250418.csv
2025-04-18 09:06:07,351 - INFO - [SUCCESS] CSV file ready: C:\Users\SelengeTulga\Documents\GitHub\infinity_bh_appfolio\data\tenant_directory-20250418.csv
2025-04-18 09:06:07,351 - INFO - [SUCCESS] CSV URL: file://C:\Users\SelengeTulga\Documents\GitHub\infinity_bh_appfolio\data\tenant_directory-20250418.csv
2025-04-18 09:06:07,424 - INFO - CSV saved to: C:\Users\SelengeTulga\Documents\GitHub\infinity_bh_appfolio\data\tenant_data_cleaned_20250418_090607.csv
2025-04-18 09:06:07,425 - INFO - Navigating to https://infinitybh.appfolio.com/buffered_reports/work_order?customize=true and downloading CSV...
2025-04-18 09:06:11,276 - INFO - Update button clicked successfully.
2025-04-18 09:06:31,423 - INFO - Export CSV button clicked successfully.
2025-04-18 09:06:31,423 - INFO - CSV export process initiated.
2025-04-18 09:06:36,425 - INFO -  Waiting for CSV file to be downloaded...
2025-04-18 09:06:36,427 - INFO -  Latest downloaded file: C:\Users\SelengeTulga\Documents\GitHub\infinity_bh_appfolio\data\work_order-20250418.csv
2025-04-18 09:06:36,428 - INFO - [SUCCESS] CSV file ready: C:\Users\SelengeTulga\Documents\GitHub\infinity_bh_appfolio\data\work_order-20250418.csv
2025-04-18 09:06:36,428 - INFO - [SUCCESS] CSV URL: file://C:\Users\SelengeTulga\Documents\GitHub\infinity_bh_appfolio\data\work_order-20250418.csv
2025-04-18 09:06:36,454 - INFO - CSV saved to: C:\Users\SelengeTulga\Documents\GitHub\infinity_bh_appfolio\data\tenant_data_cleaned_20250418_090636.csv
2025-04-18 09:06:36,455 - INFO - Navigating to https://infinitybh.appfolio.com/buffered_reports/leasing_funnel_performance?customize=true and downloading CSV...
2025-04-18 09:06:40,018 - INFO - Update button clicked successfully.
2025-04-18 09:07:00,171 - INFO - Export CSV button clicked successfully.
2025-04-18 09:07:00,171 - INFO - CSV export process initiated.
2025-04-18 09:07:05,172 - INFO -  Waiting for CSV file to be downloaded...
2025-04-18 09:07:05,174 - INFO -  Latest downloaded file: C:\Users\SelengeTulga\Documents\GitHub\infinity_bh_appfolio\data\leasing_funnel_performance-20250418.csv
2025-04-18 09:07:05,174 - INFO - [SUCCESS] CSV file ready: C:\Users\SelengeTulga\Documents\GitHub\infinity_bh_appfolio\data\leasing_funnel_performance-20250418.csv
2025-04-18 09:07:05,175 - INFO - [SUCCESS] CSV URL: file://C:\Users\SelengeTulga\Documents\GitHub\infinity_bh_appfolio\data\leasing_funnel_performance-20250418.csv
2025-04-18 09:07:05,192 - INFO - CSV saved to: C:\Users\SelengeTulga\Documents\GitHub\infinity_bh_appfolio\data\tenant_data_cleaned_20250418_090705.csv
2025-04-18 09:07:05,192 - INFO - Navigating to https://infinitybh.appfolio.com/buffered_reports/prospect_source_tracking?customize=true and downloading CSV...
2025-04-18 09:07:08,689 - INFO - Update button clicked successfully.
2025-04-18 09:07:28,860 - INFO - Export CSV button clicked successfully.
2025-04-18 09:07:28,860 - INFO - CSV export process initiated.
2025-04-18 09:07:33,861 - INFO -  Waiting for CSV file to be downloaded...
2025-04-18 09:07:33,864 - INFO -  Latest downloaded file: C:\Users\SelengeTulga\Documents\GitHub\infinity_bh_appfolio\data\prospect_source_tracking-20250418.csv
2025-04-18 09:07:33,864 - INFO - [SUCCESS] CSV file ready: C:\Users\SelengeTulga\Documents\GitHub\infinity_bh_appfolio\data\prospect_source_tracking-20250418.csv
2025-04-18 09:07:33,864 - INFO - [SUCCESS] CSV URL: file://C:\Users\SelengeTulga\Documents\GitHub\infinity_bh_appfolio\data\prospect_source_tracking-20250418.csv
2025-04-18 09:07:33,885 - INFO - CSV saved to: C:\Users\SelengeTulga\Documents\GitHub\infinity_bh_appfolio\data\tenant_data_cleaned_20250418_090733.csv
2025-04-18 09:07:36,125 - INFO - [ERROR] The process encountered an error.
2025-04-18 09:09:30,182 - INFO - Started Appfolio data process
2025-04-18 09:09:31,236 - INFO - [INFO] Opening login page...
2025-04-18 09:09:32,962 - INFO - [INFO] Entered username
2025-04-18 09:09:33,120 - INFO - [INFO] Entered password
2025-04-18 09:09:33,820 - INFO - [INFO] Clicked login button
2025-04-18 09:09:36,826 - INFO - [INFO] 2-Step Verification detected. Retrieving verification code...
2025-04-18 09:09:37,162 - INFO - [INFO] Requested verification code.
2025-04-18 09:09:42,938 - INFO - Entered verification code: 650197
2025-04-18 09:09:45,312 - INFO - Successfully submitted the verification code!
2025-04-18 09:09:48,313 - INFO - Navigating to https://infinitybh.appfolio.com/buffered_reports/rent_roll?customize=true and downloading CSV...
2025-04-18 09:09:51,920 - INFO - Update button clicked successfully.
2025-04-18 09:10:12,112 - INFO - Export CSV button clicked successfully.
2025-04-18 09:10:12,112 - INFO - CSV export process initiated.
2025-04-18 09:10:17,114 - INFO -  Waiting for CSV file to be downloaded...
2025-04-18 09:10:17,115 - INFO -  Latest downloaded file: C:\Users\SelengeTulga\Documents\GitHub\infinity_bh_appfolio\data\rent_roll-20250418.csv
2025-04-18 09:10:17,115 - INFO - [SUCCESS] CSV file ready: C:\Users\SelengeTulga\Documents\GitHub\infinity_bh_appfolio\data\rent_roll-20250418.csv
2025-04-18 09:10:17,115 - INFO - [SUCCESS] CSV URL: file://C:\Users\SelengeTulga\Documents\GitHub\infinity_bh_appfolio\data\rent_roll-20250418.csv
2025-04-18 09:10:17,160 - INFO - CSV saved to: C:\Users\SelengeTulga\Documents\GitHub\infinity_bh_appfolio\data\rentroll_cleaned_20250418_091017.csv
2025-04-18 09:10:17,161 - INFO - Navigating to https://infinitybh.appfolio.com/buffered_reports/tenant_directory?customize=true and downloading CSV...
2025-04-18 09:10:21,619 - INFO - Update button clicked successfully.
2025-04-18 09:10:41,814 - INFO - Export CSV button clicked successfully.
2025-04-18 09:10:41,814 - INFO - CSV export process initiated.
2025-04-18 09:10:46,815 - INFO -  Waiting for CSV file to be downloaded...
2025-04-18 09:10:46,817 - INFO -  Latest downloaded file: C:\Users\SelengeTulga\Documents\GitHub\infinity_bh_appfolio\data\tenant_directory-20250418.csv
2025-04-18 09:10:46,817 - INFO - [SUCCESS] CSV file ready: C:\Users\SelengeTulga\Documents\GitHub\infinity_bh_appfolio\data\tenant_directory-20250418.csv
2025-04-18 09:10:46,818 - INFO - [SUCCESS] CSV URL: file://C:\Users\SelengeTulga\Documents\GitHub\infinity_bh_appfolio\data\tenant_directory-20250418.csv
2025-04-18 09:10:46,875 - INFO - CSV saved to: C:\Users\SelengeTulga\Documents\GitHub\infinity_bh_appfolio\data\tenant_data_cleaned_20250418_091046.csv
2025-04-18 09:10:46,876 - INFO - Navigating to https://infinitybh.appfolio.com/buffered_reports/work_order?customize=true and downloading CSV...
2025-04-18 09:10:51,445 - INFO - Update button clicked successfully.
2025-04-18 09:11:11,664 - INFO - Export CSV button clicked successfully.
2025-04-18 09:11:11,664 - INFO - CSV export process initiated.
2025-04-18 09:11:16,666 - INFO -  Waiting for CSV file to be downloaded...
2025-04-18 09:11:16,668 - INFO -  Latest downloaded file: C:\Users\SelengeTulga\Documents\GitHub\infinity_bh_appfolio\data\work_order-20250418.csv
2025-04-18 09:11:16,669 - INFO - [SUCCESS] CSV file ready: C:\Users\SelengeTulga\Documents\GitHub\infinity_bh_appfolio\data\work_order-20250418.csv
2025-04-18 09:11:16,669 - INFO - [SUCCESS] CSV URL: file://C:\Users\SelengeTulga\Documents\GitHub\infinity_bh_appfolio\data\work_order-20250418.csv
2025-04-18 09:11:16,694 - INFO - CSV saved to: C:\Users\SelengeTulga\Documents\GitHub\infinity_bh_appfolio\data\tenant_data_cleaned_20250418_091116.csv
2025-04-18 09:11:16,694 - INFO - Navigating to https://infinitybh.appfolio.com/buffered_reports/leasing_funnel_performance?customize=true and downloading CSV...
2025-04-18 09:11:20,950 - INFO - Update button clicked successfully.
2025-04-18 09:11:41,155 - INFO - Export CSV button clicked successfully.
2025-04-18 09:11:41,155 - INFO - CSV export process initiated.
2025-04-18 09:11:46,156 - INFO -  Waiting for CSV file to be downloaded...
2025-04-18 09:11:46,158 - INFO -  Latest downloaded file: C:\Users\SelengeTulga\Documents\GitHub\infinity_bh_appfolio\data\leasing_funnel_performance-20250418.csv
2025-04-18 09:11:46,158 - INFO - [SUCCESS] CSV file ready: C:\Users\SelengeTulga\Documents\GitHub\infinity_bh_appfolio\data\leasing_funnel_performance-20250418.csv
2025-04-18 09:11:46,158 - INFO - [SUCCESS] CSV URL: file://C:\Users\SelengeTulga\Documents\GitHub\infinity_bh_appfolio\data\leasing_funnel_performance-20250418.csv
2025-04-18 09:11:46,174 - INFO - CSV saved to: C:\Users\SelengeTulga\Documents\GitHub\infinity_bh_appfolio\data\leasing_cleaned_20250418_091146.csv
2025-04-18 09:11:46,174 - INFO - Navigating to https://infinitybh.appfolio.com/buffered_reports/prospect_source_tracking?customize=true and downloading CSV...
2025-04-18 09:11:50,550 - INFO - Update button clicked successfully.
2025-04-18 09:12:10,778 - INFO - Export CSV button clicked successfully.
2025-04-18 09:12:10,778 - INFO - CSV export process initiated.
2025-04-18 09:12:15,779 - INFO -  Waiting for CSV file to be downloaded...
2025-04-18 09:12:15,780 - INFO -  Latest downloaded file: C:\Users\SelengeTulga\Documents\GitHub\infinity_bh_appfolio\data\prospect_source_tracking-20250418.csv
2025-04-18 09:12:15,781 - INFO - [SUCCESS] CSV file ready: C:\Users\SelengeTulga\Documents\GitHub\infinity_bh_appfolio\data\prospect_source_tracking-20250418.csv
2025-04-18 09:12:15,781 - INFO - [SUCCESS] CSV URL: file://C:\Users\SelengeTulga\Documents\GitHub\infinity_bh_appfolio\data\prospect_source_tracking-20250418.csv
2025-04-18 09:12:15,785 - INFO - CSV saved to: C:\Users\SelengeTulga\Documents\GitHub\infinity_bh_appfolio\data\prospect_cleaned_20250418_091215.csv
2025-04-18 09:12:17,962 - INFO - [SUCCESS] The entire process completed successfully.
2025-04-18 09:28:38,516 - INFO - Started Appfolio data process
2025-04-18 09:28:39,598 - INFO - [INFO] Opening login page...
2025-04-18 09:28:41,912 - INFO - [INFO] Entered username
2025-04-18 09:28:42,198 - INFO - [INFO] Entered password
2025-04-18 09:28:42,280 - INFO - [INFO] Clicked login button
2025-04-18 09:28:45,288 - INFO - [INFO] 2-Step Verification detected. Retrieving verification code...
2025-04-18 09:28:45,626 - INFO - [INFO] Requested verification code.
2025-04-18 09:28:45,840 - INFO - Too many requests. Waiting 10 seconds before retrying...
2025-04-18 09:28:57,171 - INFO - Entered verification code: 414093
2025-04-18 09:28:58,718 - INFO - Successfully submitted the verification code!
2025-04-18 09:29:01,719 - INFO - Navigating to https://infinitybh.appfolio.com/buffered_reports/rent_roll?customize=true and downloading CSV...
2025-04-18 09:29:05,319 - INFO - Update button clicked successfully.
2025-04-18 09:29:25,486 - INFO - Export CSV button clicked successfully.
2025-04-18 09:29:25,486 - INFO - CSV export process initiated.
2025-04-18 09:29:30,488 - INFO -  Waiting for CSV file to be downloaded...
2025-04-18 09:29:30,490 - INFO -  Latest downloaded file: C:\Users\SelengeTulga\Documents\GitHub\infinity_bh_appfolio\data\rent_roll-20250418.csv
2025-04-18 09:29:30,491 - INFO - [SUCCESS] CSV file ready: C:\Users\SelengeTulga\Documents\GitHub\infinity_bh_appfolio\data\rent_roll-20250418.csv
2025-04-18 09:29:30,491 - INFO - [SUCCESS] CSV URL: file://C:\Users\SelengeTulga\Documents\GitHub\infinity_bh_appfolio\data\rent_roll-20250418.csv
2025-04-18 09:29:30,541 - INFO - CSV saved to: C:\Users\SelengeTulga\Documents\GitHub\infinity_bh_appfolio\data\rentroll_cleaned_20250418_092930.csv
2025-04-18 09:29:30,542 - INFO - Navigating to https://infinitybh.appfolio.com/buffered_reports/tenant_directory?customize=true and downloading CSV...
2025-04-18 09:29:34,175 - INFO - Update button clicked successfully.
2025-04-18 09:29:54,349 - INFO - Export CSV button clicked successfully.
2025-04-18 09:29:54,349 - INFO - CSV export process initiated.
2025-04-18 09:29:59,351 - INFO -  Waiting for CSV file to be downloaded...
2025-04-18 09:29:59,352 - INFO -  Latest downloaded file: C:\Users\SelengeTulga\Documents\GitHub\infinity_bh_appfolio\data\tenant_directory-20250418.csv
2025-04-18 09:29:59,353 - INFO - [SUCCESS] CSV file ready: C:\Users\SelengeTulga\Documents\GitHub\infinity_bh_appfolio\data\tenant_directory-20250418.csv
2025-04-18 09:29:59,353 - INFO - [SUCCESS] CSV URL: file://C:\Users\SelengeTulga\Documents\GitHub\infinity_bh_appfolio\data\tenant_directory-20250418.csv
2025-04-18 09:29:59,412 - INFO - CSV saved to: C:\Users\SelengeTulga\Documents\GitHub\infinity_bh_appfolio\data\tenant_data_cleaned_20250418_092959.csv
2025-04-18 09:29:59,414 - INFO - Navigating to https://infinitybh.appfolio.com/buffered_reports/work_order?customize=true and downloading CSV...
2025-04-18 09:30:04,031 - INFO - Update button clicked successfully.
2025-04-18 09:30:24,192 - INFO - Export CSV button clicked successfully.
2025-04-18 09:30:24,193 - INFO - CSV export process initiated.
2025-04-18 09:30:29,193 - INFO -  Waiting for CSV file to be downloaded...
2025-04-18 09:30:29,195 - INFO -  Latest downloaded file: C:\Users\SelengeTulga\Documents\GitHub\infinity_bh_appfolio\data\work_order-20250418.csv
2025-04-18 09:30:29,195 - INFO - [SUCCESS] CSV file ready: C:\Users\SelengeTulga\Documents\GitHub\infinity_bh_appfolio\data\work_order-20250418.csv
2025-04-18 09:30:29,195 - INFO - [SUCCESS] CSV URL: file://C:\Users\SelengeTulga\Documents\GitHub\infinity_bh_appfolio\data\work_order-20250418.csv
2025-04-18 09:30:29,219 - INFO - CSV saved to: C:\Users\SelengeTulga\Documents\GitHub\infinity_bh_appfolio\data\tenant_data_cleaned_20250418_093029.csv
2025-04-18 09:30:29,219 - INFO - Navigating to https://infinitybh.appfolio.com/buffered_reports/leasing_funnel_performance?customize=true and downloading CSV...
2025-04-18 09:30:32,796 - INFO - Update button clicked successfully.
2025-04-18 09:30:52,951 - INFO - Export CSV button clicked successfully.
2025-04-18 09:30:52,952 - INFO - CSV export process initiated.
2025-04-18 09:30:57,953 - INFO -  Waiting for CSV file to be downloaded...
2025-04-18 09:30:57,954 - INFO -  Latest downloaded file: C:\Users\SelengeTulga\Documents\GitHub\infinity_bh_appfolio\data\leasing_funnel_performance-20250418.csv
2025-04-18 09:30:57,955 - INFO - [SUCCESS] CSV file ready: C:\Users\SelengeTulga\Documents\GitHub\infinity_bh_appfolio\data\leasing_funnel_performance-20250418.csv
2025-04-18 09:30:57,955 - INFO - [SUCCESS] CSV URL: file://C:\Users\SelengeTulga\Documents\GitHub\infinity_bh_appfolio\data\leasing_funnel_performance-20250418.csv
2025-04-18 09:30:57,968 - INFO - CSV saved to: C:\Users\SelengeTulga\Documents\GitHub\infinity_bh_appfolio\data\leasing_cleaned_20250418_093057.csv
2025-04-18 09:30:57,968 - INFO - Navigating to https://infinitybh.appfolio.com/buffered_reports/prospect_source_tracking?customize=true and downloading CSV...
2025-04-18 09:31:01,430 - INFO - Update button clicked successfully.
2025-04-18 09:31:21,605 - INFO - Export CSV button clicked successfully.
2025-04-18 09:31:21,605 - INFO - CSV export process initiated.
2025-04-18 09:31:26,605 - INFO -  Waiting for CSV file to be downloaded...
2025-04-18 09:31:26,607 - INFO -  Latest downloaded file: C:\Users\SelengeTulga\Documents\GitHub\infinity_bh_appfolio\data\prospect_source_tracking-20250418.csv
2025-04-18 09:31:26,607 - INFO - [SUCCESS] CSV file ready: C:\Users\SelengeTulga\Documents\GitHub\infinity_bh_appfolio\data\prospect_source_tracking-20250418.csv
2025-04-18 09:31:26,607 - INFO - [SUCCESS] CSV URL: file://C:\Users\SelengeTulga\Documents\GitHub\infinity_bh_appfolio\data\prospect_source_tracking-20250418.csv
2025-04-18 09:31:26,625 - INFO - CSV saved to: C:\Users\SelengeTulga\Documents\GitHub\infinity_bh_appfolio\data\prospect_cleaned_20250418_093126.csv
2025-04-18 09:31:26,626 - INFO -  An error occurred: name 'DATA_FOLDER' is not defined
2025-04-18 09:31:28,881 - INFO - [ERROR] The process encountered an error.
2025-04-18 09:34:21,567 - INFO - Started Appfolio data process
2025-04-18 09:34:22,639 - INFO - [INFO] Opening login page...
2025-04-18 09:34:24,692 - INFO - [INFO] Entered username
2025-04-18 09:34:24,771 - INFO - [INFO] Entered password
2025-04-18 09:34:24,939 - INFO - [INFO] Clicked login button
2025-04-18 09:34:27,946 - INFO - [INFO] 2-Step Verification detected. Retrieving verification code...
2025-04-18 09:34:28,272 - INFO - [INFO] Requested verification code.
2025-04-18 09:34:28,497 - INFO - Too many requests. Waiting 10 seconds before retrying...
2025-04-18 09:34:39,848 - INFO - Entered verification code: 305510
2025-04-18 09:34:41,625 - INFO - Successfully submitted the verification code!
2025-04-18 09:34:44,626 - INFO - Navigating to https://infinitybh.appfolio.com/buffered_reports/rent_roll?customize=true and downloading CSV...
2025-04-18 09:34:48,247 - INFO - Update button clicked successfully.
2025-04-18 09:35:08,466 - INFO - Export CSV button clicked successfully.
2025-04-18 09:35:08,467 - INFO - CSV export process initiated.
2025-04-18 09:35:13,467 - INFO -  Waiting for CSV file to be downloaded...
2025-04-18 09:35:13,469 - INFO -  Latest downloaded file: C:\Users\SelengeTulga\Documents\GitHub\infinity_bh_appfolio\data\rent_roll-20250418.csv
2025-04-18 09:35:13,469 - INFO - [SUCCESS] CSV file ready: C:\Users\SelengeTulga\Documents\GitHub\infinity_bh_appfolio\data\rent_roll-20250418.csv
2025-04-18 09:35:13,469 - INFO - [SUCCESS] CSV URL: file://C:\Users\SelengeTulga\Documents\GitHub\infinity_bh_appfolio\data\rent_roll-20250418.csv
2025-04-18 09:35:13,521 - INFO - CSV saved to: C:\Users\SelengeTulga\Documents\GitHub\infinity_bh_appfolio\data\rentroll_cleaned_20250418_093513.csv
2025-04-18 09:35:13,522 - INFO - Navigating to https://infinitybh.appfolio.com/buffered_reports/tenant_directory?customize=true and downloading CSV...
2025-04-18 09:35:17,124 - INFO - Update button clicked successfully.
2025-04-18 09:35:37,311 - INFO - Export CSV button clicked successfully.
2025-04-18 09:35:37,311 - INFO - CSV export process initiated.
2025-04-18 09:35:42,311 - INFO -  Waiting for CSV file to be downloaded...
2025-04-18 09:35:42,313 - INFO -  Latest downloaded file: C:\Users\SelengeTulga\Documents\GitHub\infinity_bh_appfolio\data\tenant_directory-20250418.csv
2025-04-18 09:35:42,313 - INFO - [SUCCESS] CSV file ready: C:\Users\SelengeTulga\Documents\GitHub\infinity_bh_appfolio\data\tenant_directory-20250418.csv
2025-04-18 09:35:42,313 - INFO - [SUCCESS] CSV URL: file://C:\Users\SelengeTulga\Documents\GitHub\infinity_bh_appfolio\data\tenant_directory-20250418.csv
2025-04-18 09:35:42,376 - INFO - CSV saved to: C:\Users\SelengeTulga\Documents\GitHub\infinity_bh_appfolio\data\tenant_data_cleaned_20250418_093542.csv
2025-04-18 09:35:42,377 - INFO - Navigating to https://infinitybh.appfolio.com/buffered_reports/work_order?customize=true and downloading CSV...
2025-04-18 09:35:46,200 - INFO - Update button clicked successfully.
2025-04-18 09:36:06,376 - INFO - Export CSV button clicked successfully.
2025-04-18 09:36:06,376 - INFO - CSV export process initiated.
2025-04-18 09:36:11,376 - INFO -  Waiting for CSV file to be downloaded...
2025-04-18 09:36:11,378 - INFO -  Latest downloaded file: C:\Users\SelengeTulga\Documents\GitHub\infinity_bh_appfolio\data\work_order-20250418.csv
2025-04-18 09:36:11,379 - INFO - [SUCCESS] CSV file ready: C:\Users\SelengeTulga\Documents\GitHub\infinity_bh_appfolio\data\work_order-20250418.csv
2025-04-18 09:36:11,379 - INFO - [SUCCESS] CSV URL: file://C:\Users\SelengeTulga\Documents\GitHub\infinity_bh_appfolio\data\work_order-20250418.csv
2025-04-18 09:36:11,401 - INFO - CSV saved to: C:\Users\SelengeTulga\Documents\GitHub\infinity_bh_appfolio\data\tenant_data_cleaned_20250418_093611.csv
2025-04-18 09:36:11,401 - INFO - Navigating to https://infinitybh.appfolio.com/buffered_reports/leasing_funnel_performance?customize=true and downloading CSV...
2025-04-18 09:36:14,918 - INFO - Update button clicked successfully.
2025-04-18 09:36:35,143 - INFO - Export CSV button clicked successfully.
2025-04-18 09:36:35,143 - INFO - CSV export process initiated.
2025-04-18 09:36:40,144 - INFO -  Waiting for CSV file to be downloaded...
2025-04-18 09:36:40,145 - INFO -  Latest downloaded file: C:\Users\SelengeTulga\Documents\GitHub\infinity_bh_appfolio\data\leasing_funnel_performance-20250418.csv
2025-04-18 09:36:40,145 - INFO - [SUCCESS] CSV file ready: C:\Users\SelengeTulga\Documents\GitHub\infinity_bh_appfolio\data\leasing_funnel_performance-20250418.csv
2025-04-18 09:36:40,145 - INFO - [SUCCESS] CSV URL: file://C:\Users\SelengeTulga\Documents\GitHub\infinity_bh_appfolio\data\leasing_funnel_performance-20250418.csv
2025-04-18 09:36:40,149 - INFO - CSV saved to: C:\Users\SelengeTulga\Documents\GitHub\infinity_bh_appfolio\data\leasing_cleaned_20250418_093640.csv
2025-04-18 09:36:40,150 - INFO - Navigating to https://infinitybh.appfolio.com/buffered_reports/prospect_source_tracking?customize=true and downloading CSV...
2025-04-18 09:36:43,839 - INFO - Update button clicked successfully.
2025-04-18 09:37:04,027 - INFO - Export CSV button clicked successfully.
2025-04-18 09:37:04,028 - INFO - CSV export process initiated.
2025-04-18 09:37:09,028 - INFO -  Waiting for CSV file to be downloaded...
2025-04-18 09:37:09,030 - INFO -  Latest downloaded file: C:\Users\SelengeTulga\Documents\GitHub\infinity_bh_appfolio\data\prospect_source_tracking-20250418.csv
2025-04-18 09:37:09,030 - INFO - [SUCCESS] CSV file ready: C:\Users\SelengeTulga\Documents\GitHub\infinity_bh_appfolio\data\prospect_source_tracking-20250418.csv
2025-04-18 09:37:09,030 - INFO - [SUCCESS] CSV URL: file://C:\Users\SelengeTulga\Documents\GitHub\infinity_bh_appfolio\data\prospect_source_tracking-20250418.csv
2025-04-18 09:37:09,035 - INFO - CSV saved to: C:\Users\SelengeTulga\Documents\GitHub\infinity_bh_appfolio\data\prospect_cleaned_20250418_093709.csv
2025-04-18 09:37:09,036 - INFO - Navigating to https://infinitybh.appfolio.com/buffered_reports/rent_roll?customize=true and downloading CSV...
2025-04-18 09:37:13,099 - INFO - Set date to 03/31/2025
2025-04-18 09:37:13,178 - INFO - Update button clicked successfully.
2025-04-18 09:37:33,403 - INFO - Export CSV button clicked successfully.
2025-04-18 09:37:33,403 - INFO - CSV export process initiated.
2025-04-18 09:37:38,404 - INFO -  Waiting for CSV file to be downloaded...
2025-04-18 09:37:38,405 - INFO -  Latest downloaded file: C:\Users\SelengeTulga\Documents\GitHub\infinity_bh_appfolio\data\rent_roll-20250418 (1).csv
2025-04-18 09:37:38,405 - INFO - [SUCCESS] CSV file ready: C:\Users\SelengeTulga\Documents\GitHub\infinity_bh_appfolio\data\rent_roll-20250418 (1).csv
2025-04-18 09:37:38,405 - INFO - [SUCCESS] CSV URL: file://C:\Users\SelengeTulga\Documents\GitHub\infinity_bh_appfolio\data\rent_roll-20250418 (1).csv
2025-04-18 09:37:38,439 - INFO - CSV saved to: C:\Users\SelengeTulga\Documents\GitHub\infinity_bh_appfolio\data\rentroll_03-31-2025_cleaned_20250418_093738.csv
2025-04-18 09:37:38,439 - INFO - Navigating to https://infinitybh.appfolio.com/buffered_reports/rent_roll?customize=true and downloading CSV...
2025-04-18 09:37:42,066 - INFO - Set date to 02/28/2025
2025-04-18 09:37:42,142 - INFO - Update button clicked successfully.
2025-04-18 09:38:02,329 - INFO - Export CSV button clicked successfully.
2025-04-18 09:38:02,329 - INFO - CSV export process initiated.
2025-04-18 09:38:07,330 - INFO -  Waiting for CSV file to be downloaded...
2025-04-18 09:38:07,331 - INFO -  Latest downloaded file: C:\Users\SelengeTulga\Documents\GitHub\infinity_bh_appfolio\data\rent_roll-20250418 (2).csv
2025-04-18 09:38:07,332 - INFO - [SUCCESS] CSV file ready: C:\Users\SelengeTulga\Documents\GitHub\infinity_bh_appfolio\data\rent_roll-20250418 (2).csv
2025-04-18 09:38:07,332 - INFO - [SUCCESS] CSV URL: file://C:\Users\SelengeTulga\Documents\GitHub\infinity_bh_appfolio\data\rent_roll-20250418 (2).csv
2025-04-18 09:38:07,367 - INFO - CSV saved to: C:\Users\SelengeTulga\Documents\GitHub\infinity_bh_appfolio\data\rentroll_02-28-2025_cleaned_20250418_093807.csv
2025-04-18 09:38:07,368 - INFO - Navigating to https://infinitybh.appfolio.com/buffered_reports/rent_roll?customize=true and downloading CSV...
2025-04-18 09:38:11,032 - INFO - Set date to 01/31/2025
2025-04-18 09:38:11,116 - INFO - Update button clicked successfully.
2025-04-18 09:38:31,322 - INFO - Export CSV button clicked successfully.
2025-04-18 09:38:31,322 - INFO - CSV export process initiated.
2025-04-18 09:38:36,322 - INFO -  Waiting for CSV file to be downloaded...
2025-04-18 09:38:36,323 - INFO -  Latest downloaded file: C:\Users\SelengeTulga\Documents\GitHub\infinity_bh_appfolio\data\rent_roll-20250418 (3).csv
2025-04-18 09:38:36,323 - INFO - [SUCCESS] CSV file ready: C:\Users\SelengeTulga\Documents\GitHub\infinity_bh_appfolio\data\rent_roll-20250418 (3).csv
2025-04-18 09:38:36,323 - INFO - [SUCCESS] CSV URL: file://C:\Users\SelengeTulga\Documents\GitHub\infinity_bh_appfolio\data\rent_roll-20250418 (3).csv
2025-04-18 09:38:36,363 - INFO - CSV saved to: C:\Users\SelengeTulga\Documents\GitHub\infinity_bh_appfolio\data\rentroll_01-31-2025_cleaned_20250418_093836.csv
2025-04-18 09:38:36,364 - INFO - Navigating to https://infinitybh.appfolio.com/buffered_reports/rent_roll?customize=true and downloading CSV...
2025-04-18 09:38:40,018 - INFO - Set date to 12/31/2024
2025-04-18 09:38:40,125 - INFO - Update button clicked successfully.
2025-04-18 09:39:00,272 - INFO - Export CSV button clicked successfully.
2025-04-18 09:39:00,273 - INFO - CSV export process initiated.
2025-04-18 09:39:05,274 - INFO -  Waiting for CSV file to be downloaded...
2025-04-18 09:39:05,276 - INFO -  Latest downloaded file: C:\Users\SelengeTulga\Documents\GitHub\infinity_bh_appfolio\data\rent_roll-20250418 (4).csv
2025-04-18 09:39:05,276 - INFO - [SUCCESS] CSV file ready: C:\Users\SelengeTulga\Documents\GitHub\infinity_bh_appfolio\data\rent_roll-20250418 (4).csv
2025-04-18 09:39:05,276 - INFO - [SUCCESS] CSV URL: file://C:\Users\SelengeTulga\Documents\GitHub\infinity_bh_appfolio\data\rent_roll-20250418 (4).csv
2025-04-18 09:39:05,322 - INFO - CSV saved to: C:\Users\SelengeTulga\Documents\GitHub\infinity_bh_appfolio\data\rentroll_12-31-2024_cleaned_20250418_093905.csv
2025-04-18 09:39:05,323 - INFO - Navigating to https://infinitybh.appfolio.com/buffered_reports/rent_roll?customize=true and downloading CSV...
2025-04-18 09:39:08,858 - INFO - Set date to 11/30/2024
2025-04-18 09:39:08,933 - INFO - Update button clicked successfully.
2025-04-18 09:39:29,163 - INFO - Export CSV button clicked successfully.
2025-04-18 09:39:29,163 - INFO - CSV export process initiated.
2025-04-18 09:39:34,164 - INFO -  Waiting for CSV file to be downloaded...
2025-04-18 09:39:34,165 - INFO -  Latest downloaded file: C:\Users\SelengeTulga\Documents\GitHub\infinity_bh_appfolio\data\rent_roll-20250418 (5).csv
2025-04-18 09:39:34,165 - INFO - [SUCCESS] CSV file ready: C:\Users\SelengeTulga\Documents\GitHub\infinity_bh_appfolio\data\rent_roll-20250418 (5).csv
2025-04-18 09:39:34,165 - INFO - [SUCCESS] CSV URL: file://C:\Users\SelengeTulga\Documents\GitHub\infinity_bh_appfolio\data\rent_roll-20250418 (5).csv
2025-04-18 09:39:34,202 - INFO - CSV saved to: C:\Users\SelengeTulga\Documents\GitHub\infinity_bh_appfolio\data\rentroll_11-30-2024_cleaned_20250418_093934.csv
2025-04-18 09:39:34,204 - INFO - Navigating to https://infinitybh.appfolio.com/buffered_reports/rent_roll?customize=true and downloading CSV...
2025-04-18 09:39:37,947 - INFO - Set date to 10/31/2024
2025-04-18 09:39:38,054 - INFO - Update button clicked successfully.
2025-04-18 09:39:58,222 - INFO - Export CSV button clicked successfully.
2025-04-18 09:39:58,223 - INFO - CSV export process initiated.
2025-04-18 09:40:03,224 - INFO -  Waiting for CSV file to be downloaded...
2025-04-18 09:40:03,225 - INFO -  Latest downloaded file: C:\Users\SelengeTulga\Documents\GitHub\infinity_bh_appfolio\data\rentroll_11-30-2024_cleaned_20250418_093934.csv
2025-04-18 09:40:03,226 - INFO - [SUCCESS] CSV file ready: C:\Users\SelengeTulga\Documents\GitHub\infinity_bh_appfolio\data\rentroll_11-30-2024_cleaned_20250418_093934.csv
2025-04-18 09:40:03,226 - INFO - [SUCCESS] CSV URL: file://C:\Users\SelengeTulga\Documents\GitHub\infinity_bh_appfolio\data\rentroll_11-30-2024_cleaned_20250418_093934.csv
2025-04-18 09:40:03,291 - INFO - CSV saved to: C:\Users\SelengeTulga\Documents\GitHub\infinity_bh_appfolio\data\rentroll_10-31-2024_cleaned_20250418_094003.csv
2025-04-18 09:40:03,292 - INFO - Navigating to https://infinitybh.appfolio.com/buffered_reports/rent_roll?customize=true and downloading CSV...
2025-04-18 09:40:08,416 - INFO - Set date to 09/30/2024
2025-04-18 09:40:08,507 - INFO - Update button clicked successfully.
2025-04-18 09:40:28,722 - INFO - Export CSV button clicked successfully.
2025-04-18 09:40:28,722 - INFO - CSV export process initiated.
2025-04-18 09:40:33,723 - INFO -  Waiting for CSV file to be downloaded...
2025-04-18 09:40:33,726 - INFO -  Latest downloaded file: C:\Users\SelengeTulga\Documents\GitHub\infinity_bh_appfolio\data\rentroll_10-31-2024_cleaned_20250418_094003.csv
2025-04-18 09:40:33,727 - INFO - [SUCCESS] CSV file ready: C:\Users\SelengeTulga\Documents\GitHub\infinity_bh_appfolio\data\rentroll_10-31-2024_cleaned_20250418_094003.csv
2025-04-18 09:40:33,727 - INFO - [SUCCESS] CSV URL: file://C:\Users\SelengeTulga\Documents\GitHub\infinity_bh_appfolio\data\rentroll_10-31-2024_cleaned_20250418_094003.csv
2025-04-18 09:40:33,779 - INFO - CSV saved to: C:\Users\SelengeTulga\Documents\GitHub\infinity_bh_appfolio\data\rentroll_09-30-2024_cleaned_20250418_094033.csv
2025-04-18 09:40:33,780 - INFO - Navigating to https://infinitybh.appfolio.com/buffered_reports/rent_roll?customize=true and downloading CSV...
2025-04-18 09:40:42,618 - INFO - Set date to 08/31/2024
2025-04-18 09:40:42,711 - INFO - Update button clicked successfully.
2025-04-18 09:41:02,911 - INFO - Export CSV button clicked successfully.
2025-04-18 09:41:02,912 - INFO - CSV export process initiated.
2025-04-18 09:41:07,913 - INFO -  Waiting for CSV file to be downloaded...
2025-04-18 09:41:07,915 - INFO -  Latest downloaded file: C:\Users\SelengeTulga\Documents\GitHub\infinity_bh_appfolio\data\rent_roll-20250418 (7).csv
2025-04-18 09:41:07,915 - INFO - [SUCCESS] CSV file ready: C:\Users\SelengeTulga\Documents\GitHub\infinity_bh_appfolio\data\rent_roll-20250418 (7).csv
2025-04-18 09:41:07,915 - INFO - [SUCCESS] CSV URL: file://C:\Users\SelengeTulga\Documents\GitHub\infinity_bh_appfolio\data\rent_roll-20250418 (7).csv
2025-04-18 09:41:07,953 - INFO - CSV saved to: C:\Users\SelengeTulga\Documents\GitHub\infinity_bh_appfolio\data\rentroll_08-31-2024_cleaned_20250418_094107.csv
2025-04-18 09:41:07,955 - INFO - Navigating to https://infinitybh.appfolio.com/buffered_reports/rent_roll?customize=true and downloading CSV...
2025-04-18 09:41:11,487 - INFO - Set date to 07/31/2024
2025-04-18 09:41:11,562 - INFO - Update button clicked successfully.
2025-04-18 09:41:31,721 - INFO - Export CSV button clicked successfully.
2025-04-18 09:41:31,721 - INFO - CSV export process initiated.
2025-04-18 09:41:36,722 - INFO -  Waiting for CSV file to be downloaded...
2025-04-18 09:41:36,723 - INFO -  Latest downloaded file: C:\Users\SelengeTulga\Documents\GitHub\infinity_bh_appfolio\data\rent_roll-20250418 (8).csv
2025-04-18 09:41:36,723 - INFO - [SUCCESS] CSV file ready: C:\Users\SelengeTulga\Documents\GitHub\infinity_bh_appfolio\data\rent_roll-20250418 (8).csv
2025-04-18 09:41:36,723 - INFO - [SUCCESS] CSV URL: file://C:\Users\SelengeTulga\Documents\GitHub\infinity_bh_appfolio\data\rent_roll-20250418 (8).csv
2025-04-18 09:41:36,760 - INFO - CSV saved to: C:\Users\SelengeTulga\Documents\GitHub\infinity_bh_appfolio\data\rentroll_07-31-2024_cleaned_20250418_094136.csv
2025-04-18 09:41:36,760 - INFO - Navigating to https://infinitybh.appfolio.com/buffered_reports/rent_roll?customize=true and downloading CSV...
2025-04-18 09:41:40,414 - INFO - Set date to 06/30/2024
2025-04-18 09:41:40,518 - INFO - Update button clicked successfully.
2025-04-18 09:42:00,696 - INFO - Export CSV button clicked successfully.
2025-04-18 09:42:00,696 - INFO - CSV export process initiated.
2025-04-18 09:42:05,697 - INFO -  Waiting for CSV file to be downloaded...
2025-04-18 09:42:05,700 - INFO -  Latest downloaded file: C:\Users\SelengeTulga\Documents\GitHub\infinity_bh_appfolio\data\rent_roll-20250418 (9).csv
2025-04-18 09:42:05,700 - INFO - [SUCCESS] CSV file ready: C:\Users\SelengeTulga\Documents\GitHub\infinity_bh_appfolio\data\rent_roll-20250418 (9).csv
2025-04-18 09:42:05,700 - INFO - [SUCCESS] CSV URL: file://C:\Users\SelengeTulga\Documents\GitHub\infinity_bh_appfolio\data\rent_roll-20250418 (9).csv
2025-04-18 09:42:05,742 - INFO - CSV saved to: C:\Users\SelengeTulga\Documents\GitHub\infinity_bh_appfolio\data\rentroll_06-30-2024_cleaned_20250418_094205.csv
2025-04-18 09:42:05,743 - INFO - Navigating to https://infinitybh.appfolio.com/buffered_reports/rent_roll?customize=true and downloading CSV...
2025-04-18 09:42:09,308 - INFO - Set date to 05/31/2024
2025-04-18 09:42:09,383 - INFO - Update button clicked successfully.
2025-04-18 09:42:29,564 - INFO - Export CSV button clicked successfully.
2025-04-18 09:42:29,564 - INFO - CSV export process initiated.
2025-04-18 09:42:34,566 - INFO -  Waiting for CSV file to be downloaded...
2025-04-18 09:42:34,567 - INFO -  Latest downloaded file: C:\Users\SelengeTulga\Documents\GitHub\infinity_bh_appfolio\data\rent_roll-20250418 (10).csv
2025-04-18 09:42:34,567 - INFO - [SUCCESS] CSV file ready: C:\Users\SelengeTulga\Documents\GitHub\infinity_bh_appfolio\data\rent_roll-20250418 (10).csv
2025-04-18 09:42:34,567 - INFO - [SUCCESS] CSV URL: file://C:\Users\SelengeTulga\Documents\GitHub\infinity_bh_appfolio\data\rent_roll-20250418 (10).csv
2025-04-18 09:42:34,606 - INFO - CSV saved to: C:\Users\SelengeTulga\Documents\GitHub\infinity_bh_appfolio\data\rentroll_05-31-2024_cleaned_20250418_094234.csv
2025-04-18 09:42:34,607 - INFO - Navigating to https://infinitybh.appfolio.com/buffered_reports/rent_roll?customize=true and downloading CSV...
2025-04-18 09:42:38,266 - INFO - Set date to 04/30/2024
2025-04-18 09:42:38,367 - INFO - Update button clicked successfully.
2025-04-18 09:42:58,526 - INFO - Export CSV button clicked successfully.
2025-04-18 09:42:58,526 - INFO - CSV export process initiated.
2025-04-18 09:43:03,527 - INFO -  Waiting for CSV file to be downloaded...
2025-04-18 09:43:03,528 - INFO -  Latest downloaded file: C:\Users\SelengeTulga\Documents\GitHub\infinity_bh_appfolio\data\rent_roll-20250418 (11).csv
2025-04-18 09:43:03,528 - INFO - [SUCCESS] CSV file ready: C:\Users\SelengeTulga\Documents\GitHub\infinity_bh_appfolio\data\rent_roll-20250418 (11).csv
2025-04-18 09:43:03,529 - INFO - [SUCCESS] CSV URL: file://C:\Users\SelengeTulga\Documents\GitHub\infinity_bh_appfolio\data\rent_roll-20250418 (11).csv
2025-04-18 09:43:03,566 - INFO - CSV saved to: C:\Users\SelengeTulga\Documents\GitHub\infinity_bh_appfolio\data\rentroll_04-30-2024_cleaned_20250418_094303.csv
2025-04-18 09:43:05,829 - INFO - [SUCCESS] The entire process completed successfully.
2025-04-18 09:44:15,155 - INFO - Started Appfolio data process
2025-04-18 09:44:16,238 - INFO - [INFO] Opening login page...
2025-04-18 09:44:18,078 - INFO - [INFO] Entered username
2025-04-18 09:44:18,229 - INFO - [INFO] Entered password
2025-04-18 09:44:19,200 - INFO - [INFO] Clicked login button
2025-04-18 09:44:22,205 - INFO - [INFO] 2-Step Verification detected. Retrieving verification code...
2025-04-18 09:44:22,517 - INFO - [INFO] Requested verification code.
2025-04-18 09:44:22,742 - INFO - Too many requests. Waiting 10 seconds before retrying...
2025-04-18 09:44:34,147 - INFO - Entered verification code: 367087
2025-04-18 09:44:34,253 - INFO - Successfully submitted the verification code!
2025-04-18 09:44:37,254 - INFO - Navigating to https://infinitybh.appfolio.com/buffered_reports/rent_roll?customize=true and downloading CSV...
2025-04-18 09:44:40,878 - INFO - Update button clicked successfully.
2025-04-18 09:45:01,070 - INFO - Export CSV button clicked successfully.
2025-04-18 09:45:01,070 - INFO - CSV export process initiated.
2025-04-18 09:45:06,071 - INFO -  Waiting for CSV file to be downloaded...
2025-04-18 09:45:06,072 - INFO -  Latest downloaded file: C:\Users\SelengeTulga\Documents\GitHub\infinity_bh_appfolio\data\rent_roll-20250418 (12).csv
2025-04-18 09:45:06,072 - INFO - [SUCCESS] CSV file ready: C:\Users\SelengeTulga\Documents\GitHub\infinity_bh_appfolio\data\rent_roll-20250418 (12).csv
2025-04-18 09:45:06,072 - INFO - [SUCCESS] CSV URL: file://C:\Users\SelengeTulga\Documents\GitHub\infinity_bh_appfolio\data\rent_roll-20250418 (12).csv
2025-04-18 09:45:06,114 - INFO - CSV saved to: C:\Users\SelengeTulga\Documents\GitHub\infinity_bh_appfolio\data\rentroll_cleaned_20250418_094506.csv
2025-04-18 09:45:06,115 - INFO - Navigating to https://infinitybh.appfolio.com/buffered_reports/tenant_directory?customize=true and downloading CSV...
2025-04-18 09:45:09,708 - INFO - Update button clicked successfully.
2025-04-18 09:45:29,880 - INFO - Export CSV button clicked successfully.
2025-04-18 09:45:29,880 - INFO - CSV export process initiated.
2025-04-18 09:45:34,881 - INFO -  Waiting for CSV file to be downloaded...
2025-04-18 09:45:34,883 - INFO -  Latest downloaded file: C:\Users\SelengeTulga\Documents\GitHub\infinity_bh_appfolio\data\tenant_directory-20250418 (1).csv
2025-04-18 09:45:34,883 - INFO - [SUCCESS] CSV file ready: C:\Users\SelengeTulga\Documents\GitHub\infinity_bh_appfolio\data\tenant_directory-20250418 (1).csv
2025-04-18 09:45:34,883 - INFO - [SUCCESS] CSV URL: file://C:\Users\SelengeTulga\Documents\GitHub\infinity_bh_appfolio\data\tenant_directory-20250418 (1).csv
2025-04-18 09:45:34,939 - INFO - CSV saved to: C:\Users\SelengeTulga\Documents\GitHub\infinity_bh_appfolio\data\tenant_data_cleaned_20250418_094534.csv
2025-04-18 09:45:34,939 - INFO - Navigating to https://infinitybh.appfolio.com/buffered_reports/work_order?customize=true and downloading CSV...
2025-04-18 09:45:38,822 - INFO - Update button clicked successfully.
2025-04-18 09:45:59,050 - INFO - Export CSV button clicked successfully.
2025-04-18 09:45:59,050 - INFO - CSV export process initiated.
2025-04-18 09:46:04,050 - INFO -  Waiting for CSV file to be downloaded...
2025-04-18 09:46:04,052 - INFO -  Latest downloaded file: C:\Users\SelengeTulga\Documents\GitHub\infinity_bh_appfolio\data\work_order-20250418 (1).csv
2025-04-18 09:46:04,052 - INFO - [SUCCESS] CSV file ready: C:\Users\SelengeTulga\Documents\GitHub\infinity_bh_appfolio\data\work_order-20250418 (1).csv
2025-04-18 09:46:04,052 - INFO - [SUCCESS] CSV URL: file://C:\Users\SelengeTulga\Documents\GitHub\infinity_bh_appfolio\data\work_order-20250418 (1).csv
2025-04-18 09:46:04,073 - INFO - CSV saved to: C:\Users\SelengeTulga\Documents\GitHub\infinity_bh_appfolio\data\tenant_data_cleaned_20250418_094604.csv
2025-04-18 09:46:04,073 - INFO - Navigating to https://infinitybh.appfolio.com/buffered_reports/leasing_funnel_performance?customize=true and downloading CSV...
2025-04-18 09:46:07,635 - INFO - Update button clicked successfully.
2025-04-18 09:46:27,806 - INFO - Export CSV button clicked successfully.
2025-04-18 09:46:27,806 - INFO - CSV export process initiated.
2025-04-18 09:46:32,807 - INFO -  Waiting for CSV file to be downloaded...
2025-04-18 09:46:32,809 - INFO -  Latest downloaded file: C:\Users\SelengeTulga\Documents\GitHub\infinity_bh_appfolio\data\leasing_funnel_performance-20250418 (1).csv
2025-04-18 09:46:32,809 - INFO - [SUCCESS] CSV file ready: C:\Users\SelengeTulga\Documents\GitHub\infinity_bh_appfolio\data\leasing_funnel_performance-20250418 (1).csv
2025-04-18 09:46:32,809 - INFO - [SUCCESS] CSV URL: file://C:\Users\SelengeTulga\Documents\GitHub\infinity_bh_appfolio\data\leasing_funnel_performance-20250418 (1).csv
2025-04-18 09:46:32,831 - INFO - CSV saved to: C:\Users\SelengeTulga\Documents\GitHub\infinity_bh_appfolio\data\leasing_cleaned_20250418_094632.csv
2025-04-18 09:46:32,832 - INFO - Navigating to https://infinitybh.appfolio.com/buffered_reports/prospect_source_tracking?customize=true and downloading CSV...
2025-04-18 09:46:36,342 - INFO - Update button clicked successfully.
2025-04-18 09:46:56,508 - INFO - Export CSV button clicked successfully.
2025-04-18 09:46:56,509 - INFO - CSV export process initiated.
2025-04-18 09:47:01,510 - INFO -  Waiting for CSV file to be downloaded...
2025-04-18 09:47:01,512 - INFO -  Latest downloaded file: C:\Users\SelengeTulga\Documents\GitHub\infinity_bh_appfolio\data\prospect_source_tracking-20250418 (1).csv
2025-04-18 09:47:01,513 - INFO - [SUCCESS] CSV file ready: C:\Users\SelengeTulga\Documents\GitHub\infinity_bh_appfolio\data\prospect_source_tracking-20250418 (1).csv
2025-04-18 09:47:01,513 - INFO - [SUCCESS] CSV URL: file://C:\Users\SelengeTulga\Documents\GitHub\infinity_bh_appfolio\data\prospect_source_tracking-20250418 (1).csv
2025-04-18 09:47:01,534 - INFO - CSV saved to: C:\Users\SelengeTulga\Documents\GitHub\infinity_bh_appfolio\data\prospect_cleaned_20250418_094701.csv
2025-04-18 09:47:03,765 - INFO - [SUCCESS] The entire process completed successfully.
2025-04-18 10:25:42,918 - INFO - Started Appfolio data process
2025-04-18 10:25:44,024 - INFO - [INFO] Opening login page...
2025-04-18 10:25:45,827 - INFO - [INFO] Entered username
2025-04-18 10:25:45,975 - INFO - [INFO] Entered password
2025-04-18 10:25:46,042 - INFO - [INFO] Clicked login button
2025-04-18 10:25:49,052 - INFO - [INFO] 2-Step Verification detected. Retrieving verification code...
2025-04-18 10:25:49,411 - INFO - [INFO] Requested verification code.
2025-04-18 10:25:55,255 - INFO - Entered verification code: 745117
2025-04-18 10:25:57,064 - INFO - Successfully submitted the verification code!
2025-04-18 10:26:00,064 - INFO - Navigating to https://infinitybh.appfolio.com/buffered_reports/tenant_directory?customize=true and downloading CSV...
2025-04-18 10:26:03,741 - INFO - Update button clicked successfully.
2025-04-18 10:26:23,913 - INFO - Export CSV button clicked successfully.
2025-04-18 10:26:23,914 - INFO - CSV export process initiated.
2025-04-18 10:26:28,915 - INFO -  Waiting for CSV file to be downloaded...
2025-04-18 10:26:28,919 - INFO -  Latest downloaded file: C:\Users\SelengeTulga\Documents\GitHub\infinity_bh_appfolio\data\prospect_cleaned_20250418_094701.csv
2025-04-18 10:26:28,919 - INFO - [SUCCESS] CSV file ready: C:\Users\SelengeTulga\Documents\GitHub\infinity_bh_appfolio\data\prospect_cleaned_20250418_094701.csv
2025-04-18 10:26:28,920 - INFO - [SUCCESS] CSV URL: file://C:\Users\SelengeTulga\Documents\GitHub\infinity_bh_appfolio\data\prospect_cleaned_20250418_094701.csv
2025-04-18 10:26:28,960 - INFO - CSV saved to: C:\Users\SelengeTulga\Documents\GitHub\infinity_bh_appfolio\data\tenant_data_cleaned_20250418_102628.csv
2025-04-18 10:26:31,146 - INFO - [SUCCESS] The entire process completed successfully.
2025-04-18 10:26:45,026 - INFO - Started Appfolio data process
2025-04-18 10:26:46,106 - INFO - [INFO] Opening login page...
2025-04-18 10:26:47,943 - INFO - [INFO] Entered username
2025-04-18 10:26:48,013 - INFO - [INFO] Entered password
2025-04-18 10:26:48,937 - INFO - [INFO] Clicked login button
2025-04-18 10:26:51,943 - INFO - [INFO] 2-Step Verification detected. Retrieving verification code...
2025-04-18 10:26:52,285 - INFO - [INFO] Requested verification code.
2025-04-18 10:26:52,510 - INFO - Too many requests. Waiting 10 seconds before retrying...
2025-04-18 10:27:03,837 - INFO - Entered verification code: 882247
2025-04-18 10:27:03,904 - INFO - Successfully submitted the verification code!
2025-04-18 10:27:06,905 - INFO - Navigating to https://infinitybh.appfolio.com/buffered_reports/tenant_directory?customize=true and downloading CSV...
2025-04-18 10:27:10,683 - INFO - Update button clicked successfully.
2025-04-18 10:27:31,014 - INFO - Export CSV button clicked successfully.
2025-04-18 10:27:31,015 - INFO - CSV export process initiated.
2025-04-18 10:27:36,016 - INFO -  Waiting for CSV file to be downloaded...
2025-04-18 10:27:36,020 - INFO -  Latest downloaded file: C:\Users\SelengeTulga\Documents\GitHub\infinity_bh_appfolio\data\tenant_data_cleaned_20250418_102628.csv
2025-04-18 10:27:36,020 - INFO - [SUCCESS] CSV file ready: C:\Users\SelengeTulga\Documents\GitHub\infinity_bh_appfolio\data\tenant_data_cleaned_20250418_102628.csv
2025-04-18 10:27:36,021 - INFO - [SUCCESS] CSV URL: file://C:\Users\SelengeTulga\Documents\GitHub\infinity_bh_appfolio\data\tenant_data_cleaned_20250418_102628.csv
2025-04-18 10:27:36,024 - INFO - CSV saved to: C:\Users\SelengeTulga\Documents\GitHub\infinity_bh_appfolio\data\tenant_data_cleaned_20250418_102736.csv
2025-04-18 10:27:38,207 - INFO - [SUCCESS] The entire process completed successfully.
2025-04-18 10:29:23,541 - INFO - Started Appfolio data process
2025-04-18 10:29:24,604 - INFO - [INFO] Opening login page...
2025-04-18 10:29:26,550 - INFO - [INFO] Entered username
2025-04-18 10:29:26,703 - INFO - [INFO] Entered password
2025-04-18 10:29:27,491 - INFO - [INFO] Clicked login button
2025-04-18 10:29:30,496 - INFO - [INFO] 2-Step Verification detected. Retrieving verification code...
2025-04-18 10:29:30,819 - INFO - [INFO] Requested verification code.
2025-04-18 10:29:34,353 - INFO - Entered verification code: 359373
2025-04-18 10:29:34,459 - INFO - Successfully submitted the verification code!
2025-04-18 10:29:37,460 - INFO - Navigating to https://infinitybh.appfolio.com/buffered_reports/tenant_directory?customize=true and downloading CSV...
2025-04-18 10:29:41,164 - INFO - Update button clicked successfully.
2025-04-18 10:30:02,716 - INFO - Export CSV button clicked successfully.
2025-04-18 10:30:02,717 - INFO - CSV export process initiated.
2025-04-18 10:30:07,718 - INFO -  Waiting for CSV file to be downloaded...
2025-04-18 10:30:07,722 - INFO -  Latest downloaded file: C:\Users\SelengeTulga\Documents\GitHub\infinity_bh_appfolio\data\rentroll_04-30-2024_cleaned_20250418_094303.csv
2025-04-18 10:30:07,723 - INFO - [SUCCESS] CSV file ready: C:\Users\SelengeTulga\Documents\GitHub\infinity_bh_appfolio\data\rentroll_04-30-2024_cleaned_20250418_094303.csv
2025-04-18 10:30:07,723 - INFO - [SUCCESS] CSV URL: file://C:\Users\SelengeTulga\Documents\GitHub\infinity_bh_appfolio\data\rentroll_04-30-2024_cleaned_20250418_094303.csv
2025-04-18 10:30:07,787 - INFO - CSV saved to: C:\Users\SelengeTulga\Documents\GitHub\infinity_bh_appfolio\data\tenant_data_cleaned_20250418_103007.csv
2025-04-18 10:30:09,978 - INFO - [SUCCESS] The entire process completed successfully.
2025-04-18 10:33:14,914 - INFO - Started Appfolio data process
2025-04-18 10:33:16,058 - INFO - [INFO] Opening login page...
2025-04-18 10:33:18,009 - INFO - [INFO] Entered username
2025-04-18 10:33:18,150 - INFO - [INFO] Entered password
2025-04-18 10:33:18,931 - INFO - [INFO] Clicked login button
2025-04-18 10:33:21,937 - INFO - [INFO] 2-Step Verification detected. Retrieving verification code...
2025-04-18 10:33:22,265 - INFO - [INFO] Requested verification code.
2025-04-18 10:33:22,484 - INFO - Too many requests. Waiting 10 seconds before retrying...
2025-04-18 10:33:33,814 - INFO - Entered verification code: 493786
2025-04-18 10:33:33,893 - INFO - Successfully submitted the verification code!
2025-04-18 10:33:36,894 - INFO - Navigating to https://infinitybh.appfolio.com/buffered_reports/tenant_directory?customize=true and downloading CSV...
2025-04-18 10:33:40,623 - INFO - Update button clicked successfully.
2025-04-18 10:34:00,812 - INFO - Export CSV button clicked successfully.
2025-04-18 10:34:00,812 - INFO - CSV export process initiated.
2025-04-18 10:34:05,813 - INFO -  Waiting for CSV file to be downloaded...
2025-04-18 10:34:05,814 - INFO -  Latest downloaded file: C:\Users\SelengeTulga\Documents\GitHub\infinity_bh_appfolio\data\tenant_data_cleaned_20250418_103007.csv
2025-04-18 10:34:05,814 - INFO - [SUCCESS] CSV file ready: C:\Users\SelengeTulga\Documents\GitHub\infinity_bh_appfolio\data\tenant_data_cleaned_20250418_103007.csv
2025-04-18 10:34:05,814 - INFO - [SUCCESS] CSV URL: file://C:\Users\SelengeTulga\Documents\GitHub\infinity_bh_appfolio\data\tenant_data_cleaned_20250418_103007.csv
2025-04-18 10:34:05,844 - INFO - CSV saved to: C:\Users\SelengeTulga\Documents\GitHub\infinity_bh_appfolio\data\tenant_data_cleaned_20250418_103405.csv
2025-04-18 10:34:08,042 - INFO - [SUCCESS] The entire process completed successfully.
2025-04-18 10:34:42,060 - INFO - Started Appfolio data process
2025-04-18 10:34:43,121 - INFO - [INFO] Opening login page...
2025-04-18 10:34:45,060 - INFO - [INFO] Entered username
2025-04-18 10:34:45,139 - INFO - [INFO] Entered password
2025-04-18 10:34:45,306 - INFO - [INFO] Clicked login button
2025-04-18 10:34:48,315 - INFO - [INFO] 2-Step Verification detected. Retrieving verification code...
2025-04-18 10:34:48,694 - INFO - [INFO] Requested verification code.
2025-04-18 10:34:52,233 - INFO - Entered verification code: 873890
2025-04-18 10:34:52,304 - INFO - Successfully submitted the verification code!
2025-04-18 10:34:55,304 - INFO - Navigating to https://infinitybh.appfolio.com/buffered_reports/tenant_directory?customize=true and downloading CSV...
2025-04-18 10:34:59,074 - INFO - Update button clicked successfully.
2025-04-18 10:35:19,235 - INFO - Export CSV button clicked successfully.
2025-04-18 10:35:19,235 - INFO - CSV export process initiated.
2025-04-18 10:35:39,236 - INFO -  Waiting for CSV file to be downloaded...
2025-04-18 10:35:39,241 - INFO -  Latest downloaded file: C:\Users\SelengeTulga\Documents\GitHub\infinity_bh_appfolio\data\tenant_directory-20250418 (1).csv
2025-04-18 10:35:39,241 - INFO - [SUCCESS] CSV file ready: C:\Users\SelengeTulga\Documents\GitHub\infinity_bh_appfolio\data\tenant_directory-20250418 (1).csv
2025-04-18 10:35:39,241 - INFO - [SUCCESS] CSV URL: file://C:\Users\SelengeTulga\Documents\GitHub\infinity_bh_appfolio\data\tenant_directory-20250418 (1).csv
2025-04-18 10:35:39,426 - INFO - CSV saved to: C:\Users\SelengeTulga\Documents\GitHub\infinity_bh_appfolio\data\tenant_data_cleaned_20250418_103539.csv
2025-04-18 10:35:41,633 - INFO - [SUCCESS] The entire process completed successfully.
2025-04-18 10:38:19,258 - INFO - Started Appfolio data process
2025-04-18 10:38:20,337 - INFO - [INFO] Opening login page...
2025-04-18 10:38:22,167 - INFO - [INFO] Entered username
2025-04-18 10:38:22,303 - INFO - [INFO] Entered password
2025-04-18 10:38:22,369 - INFO - [INFO] Clicked login button
2025-04-18 10:38:25,375 - INFO - [INFO] 2-Step Verification detected. Retrieving verification code...
2025-04-18 10:38:25,708 - INFO - [INFO] Requested verification code.
2025-04-18 10:38:29,281 - INFO - Entered verification code: 969444
2025-04-18 10:38:30,869 - INFO - Successfully submitted the verification code!
2025-04-18 10:38:33,869 - INFO - Navigating to https://infinitybh.appfolio.com/buffered_reports/work_order?customize=true and downloading CSV...
2025-04-18 10:38:37,618 - INFO -  An error occurred: Message: invalid element state
  (Session info: chrome=135.0.7049.96)
Stacktrace:
	GetHandleVerifier [0x00007FF614EE5355+78597]
	GetHandleVerifier [0x00007FF614EE53B0+78688]
	(No symbol) [0x00007FF614C98FDC]
	(No symbol) [0x00007FF614CE46A5]
	(No symbol) [0x00007FF614D170EA]
	(No symbol) [0x00007FF614CE1AB6]
	(No symbol) [0x00007FF614D17300]
	(No symbol) [0x00007FF614D3F2BB]
	(No symbol) [0x00007FF614D16EC3]
	(No symbol) [0x00007FF614CE03F8]
	(No symbol) [0x00007FF614CE1163]
	GetHandleVerifier [0x00007FF61518EF0D+2870973]
	GetHandleVerifier [0x00007FF6151896B8+2848360]
	GetHandleVerifier [0x00007FF6151A6993+2967875]
	GetHandleVerifier [0x00007FF614F0019A+188746]
	GetHandleVerifier [0x00007FF614F0847F+222255]
	GetHandleVerifier [0x00007FF614EED2D4+111236]
	GetHandleVerifier [0x00007FF614EED482+111666]
	GetHandleVerifier [0x00007FF614ED35A9+5465]
	BaseThreadInitThunk [0x00007FF96DB6E8D7+23]
	RtlUserThreadStart [0x00007FF96FB5BF6C+44]

2025-04-18 10:38:39,807 - INFO - [ERROR] The process encountered an error.
2025-04-18 10:39:45,466 - INFO - Started Appfolio data process
2025-04-18 10:39:46,547 - INFO - [INFO] Opening login page...
2025-04-18 10:39:48,428 - INFO - [INFO] Entered username
2025-04-18 10:39:48,553 - INFO - [INFO] Entered password
2025-04-18 10:39:48,636 - INFO - [INFO] Clicked login button
2025-04-18 10:39:51,643 - INFO - [INFO] 2-Step Verification detected. Retrieving verification code...
2025-04-18 10:39:51,993 - INFO - [INFO] Requested verification code.
2025-04-18 10:39:55,535 - INFO - Entered verification code: 763129
2025-04-18 10:39:55,623 - INFO - Successfully submitted the verification code!
2025-04-18 10:39:58,625 - INFO - Navigating to https://infinitybh.appfolio.com/buffered_reports/work_order?customize=true and downloading CSV...
2025-04-18 10:40:02,493 - INFO -  An error occurred: Message: element not interactable
  (Session info: chrome=135.0.7049.96)
Stacktrace:
	GetHandleVerifier [0x00007FF614EE5355+78597]
	GetHandleVerifier [0x00007FF614EE53B0+78688]
	(No symbol) [0x00007FF614C98FDC]
	(No symbol) [0x00007FF614CF061D]
	(No symbol) [0x00007FF614CE2204]
	(No symbol) [0x00007FF614D170EA]
	(No symbol) [0x00007FF614CE1AB6]
	(No symbol) [0x00007FF614D17300]
	(No symbol) [0x00007FF614D3F2BB]
	(No symbol) [0x00007FF614D16EC3]
	(No symbol) [0x00007FF614CE03F8]
	(No symbol) [0x00007FF614CE1163]
	GetHandleVerifier [0x00007FF61518EF0D+2870973]
	GetHandleVerifier [0x00007FF6151896B8+2848360]
	GetHandleVerifier [0x00007FF6151A6993+2967875]
	GetHandleVerifier [0x00007FF614F0019A+188746]
	GetHandleVerifier [0x00007FF614F0847F+222255]
	GetHandleVerifier [0x00007FF614EED2D4+111236]
	GetHandleVerifier [0x00007FF614EED482+111666]
	GetHandleVerifier [0x00007FF614ED35A9+5465]
	BaseThreadInitThunk [0x00007FF96DB6E8D7+23]
	RtlUserThreadStart [0x00007FF96FB5BF6C+44]

2025-04-18 10:40:04,693 - INFO - [ERROR] The process encountered an error.
2025-04-18 10:40:14,624 - INFO - Started Appfolio data process
2025-04-18 10:40:15,685 - INFO - [INFO] Opening login page...
2025-04-18 10:40:17,592 - INFO - [INFO] Entered username
2025-04-18 10:40:17,766 - INFO - [INFO] Entered password
2025-04-18 10:40:18,569 - INFO - [INFO] Clicked login button
2025-04-18 10:40:21,575 - INFO - [INFO] 2-Step Verification detected. Retrieving verification code...
2025-04-18 10:40:21,928 - INFO - [INFO] Requested verification code.
2025-04-18 10:40:25,490 - INFO - Entered verification code: 433303
2025-04-18 10:40:27,369 - INFO - Successfully submitted the verification code!
2025-04-18 10:40:30,370 - INFO - Navigating to https://infinitybh.appfolio.com/buffered_reports/work_order?customize=true and downloading CSV...
2025-04-18 10:40:35,622 - INFO -  An error occurred: Message: element not interactable
  (Session info: chrome=135.0.7049.96)
Stacktrace:
	GetHandleVerifier [0x00007FF614EE5355+78597]
	GetHandleVerifier [0x00007FF614EE53B0+78688]
	(No symbol) [0x00007FF614C98FDC]
	(No symbol) [0x00007FF614CF061D]
	(No symbol) [0x00007FF614CE2204]
	(No symbol) [0x00007FF614D170EA]
	(No symbol) [0x00007FF614CE1AB6]
	(No symbol) [0x00007FF614D17300]
	(No symbol) [0x00007FF614D3F2BB]
	(No symbol) [0x00007FF614D16EC3]
	(No symbol) [0x00007FF614CE03F8]
	(No symbol) [0x00007FF614CE1163]
	GetHandleVerifier [0x00007FF61518EF0D+2870973]
	GetHandleVerifier [0x00007FF6151896B8+2848360]
	GetHandleVerifier [0x00007FF6151A6993+2967875]
	GetHandleVerifier [0x00007FF614F0019A+188746]
	GetHandleVerifier [0x00007FF614F0847F+222255]
	GetHandleVerifier [0x00007FF614EED2D4+111236]
	GetHandleVerifier [0x00007FF614EED482+111666]
	GetHandleVerifier [0x00007FF614ED35A9+5465]
	BaseThreadInitThunk [0x00007FF96DB6E8D7+23]
	RtlUserThreadStart [0x00007FF96FB5BF6C+44]

2025-04-18 10:40:37,819 - INFO - [ERROR] The process encountered an error.
2025-04-18 10:42:35,122 - INFO - Started Appfolio data process
2025-04-18 10:42:36,187 - INFO - [INFO] Opening login page...
2025-04-18 10:42:38,188 - INFO - [INFO] Entered username
2025-04-18 10:42:38,341 - INFO - [INFO] Entered password
2025-04-18 10:42:38,439 - INFO - [INFO] Clicked login button
2025-04-18 10:42:41,446 - INFO - [INFO] 2-Step Verification detected. Retrieving verification code...
2025-04-18 10:42:41,791 - INFO - [INFO] Requested verification code.
2025-04-18 10:42:45,387 - INFO - Entered verification code: 655386
2025-04-18 10:42:47,253 - INFO - Successfully submitted the verification code!
2025-04-18 10:42:50,253 - INFO - Navigating to https://infinitybh.appfolio.com/buffered_reports/work_order?customize=true and downloading CSV...
2025-04-18 10:43:14,037 - INFO -  An error occurred: Message: 

2025-04-18 10:43:16,202 - INFO - [ERROR] The process encountered an error.
2025-04-18 10:43:25,820 - INFO - Started Appfolio data process
2025-04-18 10:43:26,896 - INFO - [INFO] Opening login page...
2025-04-18 10:43:28,604 - INFO - [INFO] Entered username
2025-04-18 10:43:28,675 - INFO - [INFO] Entered password
2025-04-18 10:43:29,538 - INFO - [INFO] Clicked login button
2025-04-18 10:43:32,542 - INFO - [INFO] 2-Step Verification detected. Retrieving verification code...
2025-04-18 10:43:32,915 - INFO - [INFO] Requested verification code.
2025-04-18 10:43:33,122 - INFO - Too many requests. Waiting 10 seconds before retrying...
2025-04-18 10:43:44,464 - INFO - Entered verification code: 227325
2025-04-18 10:43:46,032 - INFO - Successfully submitted the verification code!
2025-04-18 10:43:49,033 - INFO - Navigating to https://infinitybh.appfolio.com/buffered_reports/work_order?customize=true and downloading CSV...
2025-04-18 10:44:12,987 - INFO -  An error occurred: Message: 

2025-04-18 10:44:15,200 - INFO - [ERROR] The process encountered an error.
2025-04-18 10:45:37,937 - INFO - Started Appfolio data process
2025-04-18 10:45:39,024 - INFO - [INFO] Opening login page...
2025-04-18 10:45:40,826 - INFO - [INFO] Entered username
2025-04-18 10:45:40,960 - INFO - [INFO] Entered password
2025-04-18 10:45:41,713 - INFO - [INFO] Clicked login button
2025-04-18 10:45:44,718 - INFO - [INFO] 2-Step Verification detected. Retrieving verification code...
2025-04-18 10:45:45,131 - INFO - [INFO] Requested verification code.
2025-04-18 10:45:48,680 - INFO - Entered verification code: 189649
2025-04-18 10:45:50,265 - INFO - Successfully submitted the verification code!
2025-04-18 10:45:53,266 - INFO - Navigating to https://infinitybh.appfolio.com/buffered_reports/work_order?customize=true and downloading CSV...
2025-04-18 10:46:17,120 - INFO -  An error occurred: Message: 

2025-04-18 10:46:19,310 - INFO - [ERROR] The process encountered an error.
2025-04-18 10:48:11,322 - INFO - Started Appfolio data process
2025-04-18 10:48:12,375 - INFO - [INFO] Opening login page...
2025-04-18 10:48:14,136 - INFO - [INFO] Entered username
2025-04-18 10:48:14,207 - INFO - [INFO] Entered password
2025-04-18 10:48:14,378 - INFO - [INFO] Clicked login button
2025-04-18 10:48:17,384 - INFO - [INFO] 2-Step Verification detected. Retrieving verification code...
2025-04-18 10:48:17,718 - INFO - [INFO] Requested verification code.
2025-04-18 10:48:21,259 - INFO - Entered verification code: 912239
2025-04-18 10:48:23,078 - INFO - Successfully submitted the verification code!
2025-04-18 10:48:26,080 - INFO - Navigating to https://infinitybh.appfolio.com/buffered_reports/work_order?customize=true and downloading CSV...
2025-04-18 10:48:30,046 - INFO - Update button clicked successfully.
2025-04-18 10:48:50,237 - INFO - Export CSV button clicked successfully.
2025-04-18 10:48:50,238 - INFO - CSV export process initiated.
2025-04-18 10:49:10,239 - INFO -  Waiting for CSV file to be downloaded...
2025-04-18 10:49:10,240 - INFO -  Latest downloaded file: C:\Users\SelengeTulga\Documents\GitHub\infinity_bh_appfolio\data\work_order-20250418 (1).csv
2025-04-18 10:49:10,240 - INFO - [SUCCESS] CSV file ready: C:\Users\SelengeTulga\Documents\GitHub\infinity_bh_appfolio\data\work_order-20250418 (1).csv
2025-04-18 10:49:10,240 - INFO - [SUCCESS] CSV URL: file://C:\Users\SelengeTulga\Documents\GitHub\infinity_bh_appfolio\data\work_order-20250418 (1).csv
2025-04-18 10:49:10,308 - INFO - CSV saved to: C:\Users\SelengeTulga\Documents\GitHub\infinity_bh_appfolio\data\work_order_cleaned_20250418_104910.csv
2025-04-18 10:49:12,536 - INFO - [SUCCESS] The entire process completed successfully.
2025-04-18 10:55:44,790 - INFO - Started Appfolio data process
2025-04-18 10:55:45,855 - INFO - [INFO] Opening login page...
2025-04-18 10:55:47,904 - INFO - [INFO] Entered username
2025-04-18 10:55:47,980 - INFO - [INFO] Entered password
2025-04-18 10:55:48,107 - INFO - [INFO] Clicked login button
2025-04-18 10:55:51,113 - INFO - [INFO] 2-Step Verification detected. Retrieving verification code...
2025-04-18 10:55:51,444 - INFO - [INFO] Requested verification code.
2025-04-18 10:55:57,262 - INFO - Entered verification code: 898994
2025-04-18 10:55:58,852 - INFO - Successfully submitted the verification code!
2025-04-18 10:56:01,853 - INFO - Navigating to https://infinitybh.appfolio.com/buffered_reports/work_order?customize=true and downloading CSV...
2025-04-18 10:56:05,936 - INFO - Update button clicked successfully.
2025-04-18 10:56:26,987 - INFO - An error occurred: Message: element click intercepted: Element <button type="button" aria-haspopup="true" aria-expanded="false" class="dropdown-div__button js-dropdown btn btn-secondary dropdown-toggle btn btn-secondary">...</button> is not clickable at point (1397, 27). Other element would receive the click: <div class="modal show" aria-modal="true" role="dialog" tabindex="-1" style="display: block;">...</div>
  (Session info: chrome=135.0.7049.96)
Stacktrace:
	GetHandleVerifier [0x00007FF614EE5355+78597]
	GetHandleVerifier [0x00007FF614EE53B0+78688]
	(No symbol) [0x00007FF614C991AA]
	(No symbol) [0x00007FF614CF7089]
	(No symbol) [0x00007FF614CF4A42]
	(No symbol) [0x00007FF614CF1AE1]
	(No symbol) [0x00007FF614CF0A42]
	(No symbol) [0x00007FF614CE2204]
	(No symbol) [0x00007FF614D170EA]
	(No symbol) [0x00007FF614CE1AB6]
	(No symbol) [0x00007FF614D17300]
	(No symbol) [0x00007FF614D3F2BB]
	(No symbol) [0x00007FF614D16EC3]
	(No symbol) [0x00007FF614CE03F8]
	(No symbol) [0x00007FF614CE1163]
	GetHandleVerifier [0x00007FF61518EF0D+2870973]
	GetHandleVerifier [0x00007FF6151896B8+2848360]
	GetHandleVerifier [0x00007FF6151A6993+2967875]
	GetHandleVerifier [0x00007FF614F0019A+188746]
	GetHandleVerifier [0x00007FF614F0847F+222255]
	GetHandleVerifier [0x00007FF614EED2D4+111236]
	GetHandleVerifier [0x00007FF614EED482+111666]
	GetHandleVerifier [0x00007FF614ED35A9+5465]
	BaseThreadInitThunk [0x00007FF96DB6E8D7+23]
	RtlUserThreadStart [0x00007FF96FB5BF6C+44]

2025-04-18 10:56:46,988 - INFO -  Waiting for CSV file to be downloaded...
2025-04-18 10:56:46,991 - INFO -  Latest downloaded file: C:\Users\SelengeTulga\Documents\GitHub\infinity_bh_appfolio\data\work_order_cleaned_20250418_104910.csv
2025-04-18 10:56:46,992 - INFO - [SUCCESS] CSV file ready: C:\Users\SelengeTulga\Documents\GitHub\infinity_bh_appfolio\data\work_order_cleaned_20250418_104910.csv
2025-04-18 10:56:46,993 - INFO - [SUCCESS] CSV URL: file://C:\Users\SelengeTulga\Documents\GitHub\infinity_bh_appfolio\data\work_order_cleaned_20250418_104910.csv
2025-04-18 10:56:47,072 - INFO - CSV saved to: C:\Users\SelengeTulga\Documents\GitHub\infinity_bh_appfolio\data\work_order_cleaned_20250418_105647.csv
2025-04-18 10:56:49,274 - INFO - [SUCCESS] The entire process completed successfully.
2025-04-18 10:58:52,741 - INFO - Started Appfolio data process
2025-04-18 10:58:53,806 - INFO - [INFO] Opening login page...
2025-04-18 10:58:55,708 - INFO - [INFO] Entered username
2025-04-18 10:58:55,860 - INFO - [INFO] Entered password
2025-04-18 10:58:56,658 - INFO - [INFO] Clicked login button
2025-04-18 10:58:59,663 - INFO - [INFO] 2-Step Verification detected. Retrieving verification code...
2025-04-18 10:59:00,000 - INFO - [INFO] Requested verification code.
2025-04-18 10:59:03,549 - INFO - Entered verification code: 532802
2025-04-18 10:59:05,832 - INFO - Successfully submitted the verification code!
2025-04-18 10:59:08,832 - INFO - Navigating to https://infinitybh.appfolio.com/buffered_reports/work_order?customize=true and downloading CSV...
2025-04-18 10:59:13,007 - INFO - Update button clicked successfully.
2025-04-18 10:59:34,144 - INFO - An error occurred: Message: element click intercepted: Element <button type="button" aria-haspopup="true" aria-expanded="false" class="dropdown-div__button js-dropdown btn btn-secondary dropdown-toggle btn btn-secondary">...</button> is not clickable at point (1397, 27). Other element would receive the click: <div class="modal show" aria-modal="true" role="dialog" tabindex="-1" style="display: block;">...</div>
  (Session info: chrome=135.0.7049.96)
Stacktrace:
	GetHandleVerifier [0x00007FF614EE5355+78597]
	GetHandleVerifier [0x00007FF614EE53B0+78688]
	(No symbol) [0x00007FF614C991AA]
	(No symbol) [0x00007FF614CF7089]
	(No symbol) [0x00007FF614CF4A42]
	(No symbol) [0x00007FF614CF1AE1]
	(No symbol) [0x00007FF614CF0A42]
	(No symbol) [0x00007FF614CE2204]
	(No symbol) [0x00007FF614D170EA]
	(No symbol) [0x00007FF614CE1AB6]
	(No symbol) [0x00007FF614D17300]
	(No symbol) [0x00007FF614D3F2BB]
	(No symbol) [0x00007FF614D16EC3]
	(No symbol) [0x00007FF614CE03F8]
	(No symbol) [0x00007FF614CE1163]
	GetHandleVerifier [0x00007FF61518EF0D+2870973]
	GetHandleVerifier [0x00007FF6151896B8+2848360]
	GetHandleVerifier [0x00007FF6151A6993+2967875]
	GetHandleVerifier [0x00007FF614F0019A+188746]
	GetHandleVerifier [0x00007FF614F0847F+222255]
	GetHandleVerifier [0x00007FF614EED2D4+111236]
	GetHandleVerifier [0x00007FF614EED482+111666]
	GetHandleVerifier [0x00007FF614ED35A9+5465]
	BaseThreadInitThunk [0x00007FF96DB6E8D7+23]
	RtlUserThreadStart [0x00007FF96FB5BF6C+44]

2025-04-18 10:59:54,145 - INFO -  Waiting for CSV file to be downloaded...
2025-04-18 10:59:54,148 - INFO -  Latest downloaded file: C:\Users\SelengeTulga\Documents\GitHub\infinity_bh_appfolio\data\work_order_cleaned_20250418_105647.csv
2025-04-18 10:59:54,148 - INFO - [SUCCESS] CSV file ready: C:\Users\SelengeTulga\Documents\GitHub\infinity_bh_appfolio\data\work_order_cleaned_20250418_105647.csv
2025-04-18 10:59:54,148 - INFO - [SUCCESS] CSV URL: file://C:\Users\SelengeTulga\Documents\GitHub\infinity_bh_appfolio\data\work_order_cleaned_20250418_105647.csv
2025-04-18 10:59:54,223 - INFO - CSV saved to: C:\Users\SelengeTulga\Documents\GitHub\infinity_bh_appfolio\data\work_order_cleaned_20250418_105954.csv
2025-04-18 10:59:56,448 - INFO - [SUCCESS] The entire process completed successfully.
2025-04-18 11:01:38,025 - INFO - Started Appfolio data process
2025-04-18 11:01:39,096 - INFO - [INFO] Opening login page...
2025-04-18 11:01:40,899 - INFO - [INFO] Entered username
2025-04-18 11:01:40,967 - INFO - [INFO] Entered password
2025-04-18 11:01:41,037 - INFO - [INFO] Clicked login button
2025-04-18 11:01:44,044 - INFO - [INFO] 2-Step Verification detected. Retrieving verification code...
2025-04-18 11:01:44,424 - INFO - [INFO] Requested verification code.
2025-04-18 11:01:44,714 - INFO - Too many requests. Waiting 10 seconds before retrying...
2025-04-18 11:01:56,285 - INFO - Entered verification code: 916615
2025-04-18 11:02:15,856 - INFO - Successfully submitted the verification code!
2025-04-18 11:02:18,857 - INFO - Navigating to https://infinitybh.appfolio.com/buffered_reports/work_order?customize=true and downloading CSV...
2025-04-18 11:02:22,783 - INFO - Update button clicked successfully.
2025-04-18 11:02:42,785 - INFO - An error occurred: Message: invalid session id: session deleted as the browser has closed the connection
from disconnected: not connected to DevTools
  (Session info: chrome=135.0.7049.96)
Stacktrace:
	GetHandleVerifier [0x00007FF614EE5355+78597]
	GetHandleVerifier [0x00007FF614EE53B0+78688]
	(No symbol) [0x00007FF614C991AA]
	(No symbol) [0x00007FF614C84EF5]
	(No symbol) [0x00007FF614CA9F04]
	(No symbol) [0x00007FF614D1ED0F]
	(No symbol) [0x00007FF614D3EBB2]
	(No symbol) [0x00007FF614D16EC3]
	(No symbol) [0x00007FF614CE03F8]
	(No symbol) [0x00007FF614CE1163]
	GetHandleVerifier [0x00007FF61518EF0D+2870973]
	GetHandleVerifier [0x00007FF6151896B8+2848360]
	GetHandleVerifier [0x00007FF6151A6993+2967875]
	GetHandleVerifier [0x00007FF614F0019A+188746]
	GetHandleVerifier [0x00007FF614F0847F+222255]
	GetHandleVerifier [0x00007FF614EED2D4+111236]
	GetHandleVerifier [0x00007FF614EED482+111666]
	GetHandleVerifier [0x00007FF614ED35A9+5465]
	BaseThreadInitThunk [0x00007FF96DB6E8D7+23]
	RtlUserThreadStart [0x00007FF96FB5BF6C+44]

2025-04-18 11:03:02,787 - INFO -  Waiting for CSV file to be downloaded...
2025-04-18 11:03:02,789 - INFO -  Latest downloaded file: C:\Users\SelengeTulga\Documents\GitHub\infinity_bh_appfolio\data\work_order_cleaned_20250418_105954.csv
2025-04-18 11:03:02,789 - INFO - [SUCCESS] CSV file ready: C:\Users\SelengeTulga\Documents\GitHub\infinity_bh_appfolio\data\work_order_cleaned_20250418_105954.csv
2025-04-18 11:03:02,789 - INFO - [SUCCESS] CSV URL: file://C:\Users\SelengeTulga\Documents\GitHub\infinity_bh_appfolio\data\work_order_cleaned_20250418_105954.csv
2025-04-18 11:03:02,870 - INFO - CSV saved to: C:\Users\SelengeTulga\Documents\GitHub\infinity_bh_appfolio\data\work_order_cleaned_20250418_110302.csv
2025-04-18 11:03:04,897 - INFO - [SUCCESS] The entire process completed successfully.
2025-04-18 11:14:52,291 - INFO - Started Appfolio data process
2025-04-18 11:14:53,347 - INFO - [INFO] Opening login page...
2025-04-18 11:14:55,651 - INFO - [INFO] Entered username
2025-04-18 11:14:55,726 - INFO - [INFO] Entered password
2025-04-18 11:14:55,849 - INFO - [INFO] Clicked login button
2025-04-18 11:14:58,857 - INFO - [INFO] 2-Step Verification detected. Retrieving verification code...
2025-04-18 11:14:59,551 - INFO - [INFO] Requested verification code.
2025-04-18 11:15:03,447 - INFO - Entered verification code: 380173
2025-04-18 11:15:05,309 - INFO - Successfully submitted the verification code!
2025-04-18 11:15:08,310 - INFO - Navigating to https://infinitybh.appfolio.com/buffered_reports/work_order?customize=true and downloading CSV...
2025-04-18 11:15:12,256 - INFO - Update button clicked successfully.
2025-04-18 11:15:32,440 - INFO - Export CSV button clicked successfully.
2025-04-18 11:15:32,440 - INFO - CSV export process initiated.
2025-04-18 11:15:52,441 - INFO -  Waiting for CSV file to be downloaded...
2025-04-18 11:15:52,442 - INFO -  Latest downloaded file: C:\Users\SelengeTulga\Documents\GitHub\infinity_bh_appfolio\data\work_order-20250418 (2).csv
2025-04-18 11:15:52,443 - INFO - [SUCCESS] CSV file ready: C:\Users\SelengeTulga\Documents\GitHub\infinity_bh_appfolio\data\work_order-20250418 (2).csv
2025-04-18 11:15:52,443 - INFO - [SUCCESS] CSV URL: file://C:\Users\SelengeTulga\Documents\GitHub\infinity_bh_appfolio\data\work_order-20250418 (2).csv
2025-04-18 11:15:52,465 - INFO - CSV saved to: C:\Users\SelengeTulga\Documents\GitHub\infinity_bh_appfolio\data\work_order_cleaned_20250418_111552.csv
2025-04-18 11:15:54,617 - INFO - [SUCCESS] The entire process completed successfully.
2025-04-18 11:16:37,992 - INFO - Started Appfolio data process
2025-04-18 11:16:39,033 - INFO - [INFO] Opening login page...
2025-04-18 11:16:41,033 - INFO - [INFO] Entered username
2025-04-18 11:16:41,185 - INFO - [INFO] Entered password
2025-04-18 11:16:42,068 - INFO - [INFO] Clicked login button
2025-04-18 11:16:45,072 - INFO - [INFO] 2-Step Verification detected. Retrieving verification code...
2025-04-18 11:16:45,872 - INFO - [INFO] Requested verification code.
2025-04-18 11:16:49,976 - INFO - Entered verification code: 899914
2025-04-18 11:16:51,658 - INFO - Successfully submitted the verification code!
2025-04-18 11:16:54,659 - INFO - Navigating to https://infinitybh.appfolio.com/buffered_reports/work_order?customize=true and downloading CSV...
2025-04-18 11:16:58,753 - INFO - Update button clicked successfully.
2025-04-18 11:17:18,931 - INFO - Export CSV button clicked successfully.
2025-04-18 11:17:18,931 - INFO - CSV export process initiated.
2025-04-18 11:17:38,931 - INFO -  Waiting for CSV file to be downloaded...
2025-04-18 11:17:38,933 - INFO -  Latest downloaded file: C:\Users\SelengeTulga\Documents\GitHub\infinity_bh_appfolio\data\rentroll_04-30-2024_cleaned_20250418_094303.csv
2025-04-18 11:17:38,933 - INFO - [SUCCESS] CSV file ready: C:\Users\SelengeTulga\Documents\GitHub\infinity_bh_appfolio\data\rentroll_04-30-2024_cleaned_20250418_094303.csv
2025-04-18 11:17:38,933 - INFO - [SUCCESS] CSV URL: file://C:\Users\SelengeTulga\Documents\GitHub\infinity_bh_appfolio\data\rentroll_04-30-2024_cleaned_20250418_094303.csv
2025-04-18 11:17:38,968 - INFO - CSV saved to: C:\Users\SelengeTulga\Documents\GitHub\infinity_bh_appfolio\data\work_order_cleaned_20250418_111738.csv
2025-04-18 11:17:41,165 - INFO - [SUCCESS] The entire process completed successfully.
2025-04-18 11:18:15,666 - INFO - Started Appfolio data process
2025-04-18 11:18:16,727 - INFO - [INFO] Opening login page...
2025-04-18 11:18:18,766 - INFO - [INFO] Entered username
2025-04-18 11:18:18,842 - INFO - [INFO] Entered password
2025-04-18 11:18:19,755 - INFO - [INFO] Clicked login button
2025-04-18 11:18:22,764 - INFO - [INFO] 2-Step Verification detected. Retrieving verification code...
2025-04-18 11:18:24,264 - INFO - [INFO] Requested verification code.
2025-04-18 11:18:28,131 - INFO - Entered verification code: 505866
2025-04-18 11:18:28,212 - INFO - Successfully submitted the verification code!
2025-04-18 11:18:31,213 - INFO - Navigating to https://infinitybh.appfolio.com/buffered_reports/work_order?customize=true and downloading CSV...
2025-04-18 11:18:35,404 - INFO - Update button clicked successfully.
2025-04-18 11:18:55,574 - INFO - Export CSV button clicked successfully.
2025-04-18 11:18:55,575 - INFO - CSV export process initiated.
2025-04-18 11:19:25,577 - INFO -  Waiting for CSV file to be downloaded...
2025-04-18 11:19:25,579 - INFO -  Latest downloaded file: C:\Users\SelengeTulga\Documents\GitHub\infinity_bh_appfolio\data\work_order-20250418 (1).csv
2025-04-18 11:19:25,579 - INFO - [SUCCESS] CSV file ready: C:\Users\SelengeTulga\Documents\GitHub\infinity_bh_appfolio\data\work_order-20250418 (1).csv
2025-04-18 11:19:25,579 - INFO - [SUCCESS] CSV URL: file://C:\Users\SelengeTulga\Documents\GitHub\infinity_bh_appfolio\data\work_order-20250418 (1).csv
2025-04-18 11:19:25,812 - INFO - CSV saved to: C:\Users\SelengeTulga\Documents\GitHub\infinity_bh_appfolio\data\work_order_cleaned_20250418_111925.csv
2025-04-18 11:19:27,991 - INFO - [SUCCESS] The entire process completed successfully.
2025-04-18 11:19:49,393 - INFO - Started Appfolio data process
2025-04-18 11:19:50,464 - INFO - [INFO] Opening login page...
2025-04-18 11:19:52,527 - INFO - [INFO] Entered username
2025-04-18 11:19:52,598 - INFO - [INFO] Entered password
2025-04-18 11:19:53,607 - INFO - [INFO] Clicked login button
2025-04-18 11:19:56,613 - INFO - [INFO] 2-Step Verification detected. Retrieving verification code...
2025-04-18 11:19:57,143 - INFO - [INFO] Requested verification code.
2025-04-18 11:20:03,379 - INFO - Entered verification code: 788472
2025-04-18 11:20:03,447 - INFO - Successfully submitted the verification code!
2025-04-18 11:20:06,448 - INFO - Navigating to https://infinitybh.appfolio.com/buffered_reports/work_order?customize=true and downloading CSV...
2025-04-18 11:20:10,702 - INFO - Update button clicked successfully.
2025-04-18 11:20:30,886 - INFO - Export CSV button clicked successfully.
2025-04-18 11:20:30,886 - INFO - CSV export process initiated.
2025-04-18 11:21:00,887 - INFO -  Waiting for CSV file to be downloaded...
2025-04-18 11:21:00,889 - INFO -  Latest downloaded file: C:\Users\SelengeTulga\Documents\GitHub\infinity_bh_appfolio\data\work_order-20250418 (2).csv
2025-04-18 11:21:00,890 - INFO - [SUCCESS] CSV file ready: C:\Users\SelengeTulga\Documents\GitHub\infinity_bh_appfolio\data\work_order-20250418 (2).csv
2025-04-18 11:21:00,890 - INFO - [SUCCESS] CSV URL: file://C:\Users\SelengeTulga\Documents\GitHub\infinity_bh_appfolio\data\work_order-20250418 (2).csv
2025-04-18 11:21:00,964 - INFO - CSV saved to: C:\Users\SelengeTulga\Documents\GitHub\infinity_bh_appfolio\data\work_order_cleaned_20250418_112100.csv
2025-04-18 11:21:03,170 - INFO - [SUCCESS] The entire process completed successfully.
2025-04-18 11:28:59,077 - INFO - Started Appfolio data process
2025-04-18 11:29:00,139 - INFO - [INFO] Opening login page...
2025-04-18 11:29:01,954 - INFO - [INFO] Entered username
2025-04-18 11:29:02,031 - INFO - [INFO] Entered password
2025-04-18 11:29:02,179 - INFO - [INFO] Clicked login button
2025-04-18 11:29:05,188 - INFO - [INFO] 2-Step Verification detected. Retrieving verification code...
2025-04-18 11:29:05,768 - INFO - [INFO] Requested verification code.
2025-04-18 11:29:09,679 - INFO - Entered verification code: 273740
2025-04-18 11:29:09,801 - INFO - Successfully submitted the verification code!
2025-04-18 11:29:12,802 - INFO - Navigating to https://infinitybh.appfolio.com/buffered_reports/work_order?customize=true and downloading CSV...
2025-04-18 11:29:16,994 - INFO - Update button clicked successfully.
2025-04-18 11:29:37,234 - INFO - Export CSV button clicked successfully.
2025-04-18 11:29:37,234 - INFO - CSV export process initiated.
2025-04-18 11:30:07,236 - INFO -  Waiting for CSV file to be downloaded...
2025-04-18 11:30:07,238 - INFO -  Latest downloaded file: C:\Users\SelengeTulga\Documents\GitHub\infinity_bh_appfolio\data\work_order-20250418 (3).csv
2025-04-18 11:30:07,239 - INFO - [SUCCESS] CSV file ready: C:\Users\SelengeTulga\Documents\GitHub\infinity_bh_appfolio\data\work_order-20250418 (3).csv
2025-04-18 11:30:07,239 - INFO - [SUCCESS] CSV URL: file://C:\Users\SelengeTulga\Documents\GitHub\infinity_bh_appfolio\data\work_order-20250418 (3).csv
2025-04-18 11:30:07,292 - INFO - CSV saved to: C:\Users\SelengeTulga\Documents\GitHub\infinity_bh_appfolio\data\work_order_cleaned_20250418_113007.csv
2025-04-18 11:30:09,491 - INFO - [SUCCESS] The entire process completed successfully.
2025-04-18 11:30:24,418 - INFO - Started Appfolio data process
2025-04-18 11:30:25,490 - INFO - [INFO] Opening login page...
2025-04-18 11:30:27,430 - INFO - [INFO] Entered username
2025-04-18 11:30:27,565 - INFO - [INFO] Entered password
2025-04-18 11:30:27,631 - INFO - [INFO] Clicked login button
2025-04-18 11:30:30,638 - INFO - [INFO] 2-Step Verification detected. Retrieving verification code...
2025-04-18 11:30:31,634 - INFO - [INFO] Requested verification code.
2025-04-18 11:30:35,190 - INFO - Entered verification code: 162836
2025-04-18 11:30:36,838 - INFO - Successfully submitted the verification code!
2025-04-18 11:30:39,839 - INFO - Navigating to https://infinitybh.appfolio.com/buffered_reports/leasing_funnel_performance?customize=true and downloading CSV...
2025-04-18 11:30:53,693 - INFO -  An error occurred: Message: 
Stacktrace:
	GetHandleVerifier [0x00007FF614EE5355+78597]
	GetHandleVerifier [0x00007FF614EE53B0+78688]
	(No symbol) [0x00007FF614C991AA]
	(No symbol) [0x00007FF614CEF149]
	(No symbol) [0x00007FF614CEF3FC]
	(No symbol) [0x00007FF614D42467]
	(No symbol) [0x00007FF614D1712F]
	(No symbol) [0x00007FF614D3F2BB]
	(No symbol) [0x00007FF614D16EC3]
	(No symbol) [0x00007FF614CE03F8]
	(No symbol) [0x00007FF614CE1163]
	GetHandleVerifier [0x00007FF61518EF0D+2870973]
	GetHandleVerifier [0x00007FF6151896B8+2848360]
	GetHandleVerifier [0x00007FF6151A6993+2967875]
	GetHandleVerifier [0x00007FF614F0019A+188746]
	GetHandleVerifier [0x00007FF614F0847F+222255]
	GetHandleVerifier [0x00007FF614EED2D4+111236]
	GetHandleVerifier [0x00007FF614EED482+111666]
	GetHandleVerifier [0x00007FF614ED35A9+5465]
	BaseThreadInitThunk [0x00007FF96DB6E8D7+23]
	RtlUserThreadStart [0x00007FF96FB5BF6C+44]

2025-04-18 11:30:55,897 - INFO - [ERROR] The process encountered an error.
2025-04-18 11:31:39,953 - INFO - Started Appfolio data process
2025-04-18 11:31:41,032 - INFO - [INFO] Opening login page...
2025-04-18 11:31:42,831 - INFO - [INFO] Entered username
2025-04-18 11:31:42,897 - INFO - [INFO] Entered password
2025-04-18 11:31:43,696 - INFO - [INFO] Clicked login button
2025-04-18 11:31:46,703 - INFO - [INFO] 2-Step Verification detected. Retrieving verification code...
2025-04-18 11:31:47,313 - INFO - [INFO] Requested verification code.
2025-04-18 11:31:51,500 - INFO - Entered verification code: 110745
2025-04-18 11:31:53,166 - INFO - Successfully submitted the verification code!
2025-04-18 11:31:56,167 - INFO - Navigating to https://infinitybh.appfolio.com/buffered_reports/leasing_funnel_performance?customize=true and downloading CSV...
2025-04-18 11:32:00,013 - INFO - Update button clicked successfully.
2025-04-18 11:32:20,207 - INFO - Export CSV button clicked successfully.
2025-04-18 11:32:20,207 - INFO - CSV export process initiated.
2025-04-18 11:32:50,208 - INFO -  Waiting for CSV file to be downloaded...
2025-04-18 11:32:50,210 - INFO -  Latest downloaded file: C:\Users\SelengeTulga\Documents\GitHub\infinity_bh_appfolio\data\leasing_funnel_performance-20250418 (1).csv
2025-04-18 11:32:50,210 - INFO - [SUCCESS] CSV file ready: C:\Users\SelengeTulga\Documents\GitHub\infinity_bh_appfolio\data\leasing_funnel_performance-20250418 (1).csv
2025-04-18 11:32:50,210 - INFO - [SUCCESS] CSV URL: file://C:\Users\SelengeTulga\Documents\GitHub\infinity_bh_appfolio\data\leasing_funnel_performance-20250418 (1).csv
2025-04-18 11:32:50,226 - INFO - CSV saved to: C:\Users\SelengeTulga\Documents\GitHub\infinity_bh_appfolio\data\leasing_cleaned_20250418_113250.csv
2025-04-18 11:32:52,436 - INFO - [SUCCESS] The entire process completed successfully.
2025-04-18 12:10:02,139 - INFO - Started Appfolio data process
2025-04-18 12:10:03,201 - INFO - [INFO] Opening login page...
2025-04-18 12:10:05,912 - INFO - [INFO] Entered username
2025-04-18 12:10:05,982 - INFO - [INFO] Entered password
2025-04-18 12:10:06,944 - INFO - [INFO] Clicked login button
2025-04-18 12:10:09,947 - INFO - [INFO] 2-Step Verification detected. Retrieving verification code...
2025-04-18 12:10:10,277 - INFO - [INFO] Requested verification code.
2025-04-18 12:10:10,488 - INFO - Too many requests. Waiting 10 seconds before retrying...
2025-04-18 12:10:21,840 - INFO - Entered verification code: 199671
2025-04-18 12:10:23,537 - INFO - Successfully submitted the verification code!
2025-04-18 12:10:26,538 - INFO - Navigating to https://infinitybh.appfolio.com/buffered_reports/rent_roll?customize=true and downloading CSV...
2025-04-18 12:10:30,220 - INFO - Update button clicked successfully.
2025-04-18 12:10:50,426 - INFO - Export CSV button clicked successfully.
2025-04-18 12:10:50,426 - INFO - CSV export process initiated.
2025-04-18 12:11:20,426 - INFO -  Waiting for CSV file to be downloaded...
2025-04-18 12:11:20,430 - INFO -  Latest downloaded file: C:\Users\SelengeTulga\Documents\GitHub\infinity_bh_appfolio\data\rent_roll-20250418 (12).csv
2025-04-18 12:11:20,430 - INFO - [SUCCESS] CSV file ready: C:\Users\SelengeTulga\Documents\GitHub\infinity_bh_appfolio\data\rent_roll-20250418 (12).csv
2025-04-18 12:11:20,430 - INFO - [SUCCESS] CSV URL: file://C:\Users\SelengeTulga\Documents\GitHub\infinity_bh_appfolio\data\rent_roll-20250418 (12).csv
2025-04-18 12:11:20,430 - INFO -  An error occurred: cannot access local variable 'df' where it is not associated with a value
2025-04-18 12:11:22,648 - INFO - [ERROR] The process encountered an error.
2025-04-18 12:12:27,162 - INFO - Started Appfolio data process
2025-04-18 12:12:28,217 - INFO - [INFO] Opening login page...
2025-04-18 12:12:30,181 - INFO - [INFO] Entered username
2025-04-18 12:12:30,319 - INFO - [INFO] Entered password
2025-04-18 12:12:30,385 - INFO - [INFO] Clicked login button
2025-04-18 12:12:33,392 - INFO - [INFO] 2-Step Verification detected. Retrieving verification code...
2025-04-18 12:12:33,736 - INFO - [INFO] Requested verification code.
2025-04-18 12:12:37,317 - INFO - Entered verification code: 807684
2025-04-18 12:12:37,387 - INFO - Successfully submitted the verification code!
2025-04-18 12:12:40,388 - INFO - Navigating to https://infinitybh.appfolio.com/buffered_reports/rent_roll?customize=true and downloading CSV...
2025-04-18 12:12:44,054 - INFO - Update button clicked successfully.
2025-04-18 12:13:04,220 - INFO - Export CSV button clicked successfully.
2025-04-18 12:13:04,220 - INFO - CSV export process initiated.
2025-04-18 12:13:34,220 - INFO -  Waiting for CSV file to be downloaded...
2025-04-18 12:13:34,224 - INFO -  Latest downloaded file: C:\Users\SelengeTulga\Documents\GitHub\infinity_bh_appfolio\data\rent_roll-20250418 (13).csv
2025-04-18 12:13:34,224 - INFO - [SUCCESS] CSV file ready: C:\Users\SelengeTulga\Documents\GitHub\infinity_bh_appfolio\data\rent_roll-20250418 (13).csv
2025-04-18 12:13:34,224 - INFO - [SUCCESS] CSV URL: file://C:\Users\SelengeTulga\Documents\GitHub\infinity_bh_appfolio\data\rent_roll-20250418 (13).csv
2025-04-18 12:13:36,432 - INFO - [SUCCESS] The entire process completed successfully.
2025-04-18 13:54:21,360 - INFO - Started Appfolio data process
2025-04-18 13:54:22,434 - INFO - [INFO] Opening login page...
2025-04-18 13:54:24,303 - INFO - [INFO] Entered username
2025-04-18 13:54:24,480 - INFO - [INFO] Entered password
2025-04-18 13:54:24,548 - INFO - [INFO] Clicked login button
2025-04-18 13:54:27,557 - INFO - [INFO] 2-Step Verification detected. Retrieving verification code...
2025-04-18 13:54:27,946 - INFO - [INFO] Requested verification code.
2025-04-18 13:54:28,170 - INFO - Too many requests. Waiting 10 seconds before retrying...
2025-04-18 13:54:39,567 - INFO - Entered verification code: 176423
2025-04-18 13:54:42,847 - INFO - Successfully submitted the verification code!
2025-04-18 13:54:45,848 - INFO - Navigating to https://infinitybh.appfolio.com/buffered_reports/rent_roll?customize=true and downloading CSV...
2025-04-18 13:54:49,572 - INFO - Update button clicked successfully.
2025-04-18 13:55:09,854 - INFO - Export CSV button clicked successfully.
2025-04-18 13:55:09,854 - INFO - CSV export process initiated.
2025-04-18 13:55:39,855 - INFO -  Waiting for CSV file to be downloaded...
2025-04-18 13:55:39,856 - INFO -  Latest downloaded file: C:\Users\SelengeTulga\Documents\GitHub\infinity_bh_appfolio\data\rent_roll-20250418 (14).csv
2025-04-18 13:55:39,857 - INFO - [SUCCESS] CSV file ready: C:\Users\SelengeTulga\Documents\GitHub\infinity_bh_appfolio\data\rent_roll-20250418 (14).csv
2025-04-18 13:55:39,857 - INFO - [SUCCESS] CSV URL: file://C:\Users\SelengeTulga\Documents\GitHub\infinity_bh_appfolio\data\rent_roll-20250418 (14).csv
2025-04-18 13:55:39,908 - INFO -  An error occurred: name 'timestamp' is not defined
2025-04-18 13:55:42,107 - INFO - [ERROR] The process encountered an error.
2025-04-18 13:55:53,141 - INFO - Started Appfolio data process
2025-04-18 13:55:54,210 - INFO - [INFO] Opening login page...
2025-04-18 13:55:55,928 - INFO - [INFO] Entered username
2025-04-18 13:55:56,056 - INFO - [INFO] Entered password
2025-04-18 13:55:56,122 - INFO - [INFO] Clicked login button
2025-04-18 13:55:59,130 - INFO - [INFO] 2-Step Verification detected. Retrieving verification code...
2025-04-18 13:55:59,486 - INFO - [INFO] Requested verification code.
2025-04-18 13:56:03,230 - INFO - Entered verification code: 285661
2025-04-18 13:56:03,304 - INFO - Successfully submitted the verification code!
2025-04-18 13:56:06,305 - INFO - Navigating to https://infinitybh.appfolio.com/buffered_reports/rent_roll?customize=true and downloading CSV...
2025-04-18 13:56:09,882 - INFO - Update button clicked successfully.
2025-04-18 13:56:30,048 - INFO - Export CSV button clicked successfully.
2025-04-18 13:56:30,048 - INFO - CSV export process initiated.
2025-04-18 13:57:00,049 - INFO -  Waiting for CSV file to be downloaded...
2025-04-18 13:57:00,053 - INFO -  Latest downloaded file: C:\Users\SelengeTulga\Documents\GitHub\infinity_bh_appfolio\data\rent_roll-20250418 (15).csv
2025-04-18 13:57:00,053 - INFO - [SUCCESS] CSV file ready: C:\Users\SelengeTulga\Documents\GitHub\infinity_bh_appfolio\data\rent_roll-20250418 (15).csv
2025-04-18 13:57:00,053 - INFO - [SUCCESS] CSV URL: file://C:\Users\SelengeTulga\Documents\GitHub\infinity_bh_appfolio\data\rent_roll-20250418 (15).csv
2025-04-18 13:57:02,351 - INFO - [SUCCESS] The entire process completed successfully.
2025-04-18 14:05:18,492 - INFO - Started Appfolio data process
2025-04-18 14:05:19,548 - INFO - [INFO] Opening login page...
2025-04-18 14:05:21,553 - INFO - [INFO] Entered username
2025-04-18 14:05:21,623 - INFO - [INFO] Entered password
2025-04-18 14:05:22,502 - INFO - [INFO] Clicked login button
2025-04-18 14:05:25,508 - INFO - [INFO] 2-Step Verification detected. Retrieving verification code...
2025-04-18 14:05:25,865 - INFO - [INFO] Requested verification code.
2025-04-18 14:05:36,136 - INFO - Entered verification code: 282936
2025-04-18 14:05:36,225 - INFO - Successfully submitted the verification code!
2025-04-18 14:05:39,226 - INFO - Navigating to https://infinitybh.appfolio.com/buffered_reports/rent_roll?customize=true and downloading CSV...
2025-04-18 14:05:42,929 - INFO - Update button clicked successfully.
2025-04-18 14:06:03,133 - INFO - Export CSV button clicked successfully.
2025-04-18 14:06:03,133 - INFO - CSV export process initiated.
2025-04-18 14:06:33,134 - INFO -  Waiting for CSV file to be downloaded...
2025-04-18 14:06:33,136 - INFO -  Latest downloaded file: C:\Users\SelengeTulga\Documents\GitHub\infinity_bh_appfolio\data\rent_roll-20250418 (16).csv
2025-04-18 14:06:33,137 - INFO - [SUCCESS] CSV file ready: C:\Users\SelengeTulga\Documents\GitHub\infinity_bh_appfolio\data\rent_roll-20250418 (16).csv
2025-04-18 14:06:33,137 - INFO - [SUCCESS] CSV URL: file://C:\Users\SelengeTulga\Documents\GitHub\infinity_bh_appfolio\data\rent_roll-20250418 (16).csv
2025-04-18 14:06:35,441 - INFO - [SUCCESS] The entire process completed successfully.
2025-04-18 14:16:15,806 - INFO - Started Appfolio data process
2025-04-18 14:16:16,862 - INFO - [INFO] Opening login page...
2025-04-18 14:16:18,647 - INFO - [INFO] Entered username
2025-04-18 14:16:18,729 - INFO - [INFO] Entered password
2025-04-18 14:16:19,691 - INFO - [INFO] Clicked login button
2025-04-18 14:16:22,697 - INFO - [INFO] 2-Step Verification detected. Retrieving verification code...
2025-04-18 14:16:23,208 - INFO - [INFO] Requested verification code.
2025-04-18 14:16:26,767 - INFO - Entered verification code: 714378
2025-04-18 14:16:26,884 - INFO - Successfully submitted the verification code!
2025-04-18 14:16:29,884 - INFO - Navigating to https://infinitybh.appfolio.com/buffered_reports/tenant_directory?customize=true and downloading CSV...
2025-04-18 14:16:33,842 - INFO - Update button clicked successfully.
2025-04-18 14:16:54,042 - INFO - Export CSV button clicked successfully.
2025-04-18 14:16:54,042 - INFO - CSV export process initiated.
2025-04-18 14:17:24,043 - INFO -  Waiting for CSV file to be downloaded...
2025-04-18 14:17:24,045 - INFO -  Latest downloaded file: C:\Users\SelengeTulga\Documents\GitHub\infinity_bh_appfolio\data\tenant_directory-20250418 (1).csv
2025-04-18 14:17:24,045 - INFO - [SUCCESS] CSV file ready: C:\Users\SelengeTulga\Documents\GitHub\infinity_bh_appfolio\data\tenant_directory-20250418 (1).csv
2025-04-18 14:17:24,045 - INFO - [SUCCESS] CSV URL: file://C:\Users\SelengeTulga\Documents\GitHub\infinity_bh_appfolio\data\tenant_directory-20250418 (1).csv
2025-04-18 14:17:26,481 - INFO - [SUCCESS] The entire process completed successfully.
2025-04-18 14:18:12,954 - INFO - Started Appfolio data process
2025-04-18 14:18:14,015 - INFO - [INFO] Opening login page...
2025-04-18 14:18:16,168 - INFO - [INFO] Entered username
2025-04-18 14:18:16,349 - INFO - [INFO] Entered password
2025-04-18 14:18:16,441 - INFO - [INFO] Clicked login button
2025-04-18 14:18:19,449 - INFO - [INFO] 2-Step Verification detected. Retrieving verification code...
2025-04-18 14:18:19,830 - INFO - [INFO] Requested verification code.
2025-04-18 14:18:23,361 - INFO - Entered verification code: 566795
2025-04-18 14:18:23,457 - INFO - Successfully submitted the verification code!
2025-04-18 14:18:26,457 - INFO - Navigating to https://infinitybh.appfolio.com/buffered_reports/work_order?customize=true and downloading CSV...
2025-04-18 14:18:30,605 - INFO - Update button clicked successfully.
2025-04-18 14:18:50,844 - INFO - Export CSV button clicked successfully.
2025-04-18 14:18:50,844 - INFO - CSV export process initiated.
2025-04-18 14:19:20,845 - INFO -  Waiting for CSV file to be downloaded...
2025-04-18 14:19:20,847 - INFO -  Latest downloaded file: C:\Users\SelengeTulga\Documents\GitHub\infinity_bh_appfolio\data\work_order-20250418 (4).csv
2025-04-18 14:19:20,847 - INFO - [SUCCESS] CSV file ready: C:\Users\SelengeTulga\Documents\GitHub\infinity_bh_appfolio\data\work_order-20250418 (4).csv
2025-04-18 14:19:20,847 - INFO - [SUCCESS] CSV URL: file://C:\Users\SelengeTulga\Documents\GitHub\infinity_bh_appfolio\data\work_order-20250418 (4).csv
2025-04-18 14:19:23,146 - INFO - [SUCCESS] The entire process completed successfully.
2025-04-18 14:27:39,430 - INFO - Started Appfolio data process
2025-04-18 14:27:40,516 - INFO - [INFO] Opening login page...
2025-04-18 14:27:42,347 - INFO - [INFO] Entered username
2025-04-18 14:27:42,511 - INFO - [INFO] Entered password
2025-04-18 14:27:42,595 - INFO - [INFO] Clicked login button
2025-04-18 14:27:45,602 - INFO - [INFO] 2-Step Verification detected. Retrieving verification code...
2025-04-18 14:27:45,929 - INFO - [INFO] Requested verification code.
2025-04-18 14:27:51,819 - INFO - Entered verification code: 172453
2025-04-18 14:27:51,896 - INFO - Successfully submitted the verification code!
2025-04-18 14:27:54,897 - INFO - Navigating to https://infinitybh.appfolio.com/buffered_reports/leasing_funnel_performance?customize=true and downloading CSV...
2025-04-18 14:27:58,822 - INFO - Update button clicked successfully.
2025-04-18 14:28:19,932 - INFO - An error occurred: Message: element click intercepted: Element <button type="button" aria-haspopup="true" aria-expanded="false" class="dropdown-div__button js-dropdown btn btn-secondary dropdown-toggle btn btn-secondary">...</button> is not clickable at point (1397, 27). Other element would receive the click: <div class="modal show" aria-modal="true" role="dialog" tabindex="-1" style="display: block;">...</div>
  (Session info: chrome=135.0.7049.96)
Stacktrace:
	GetHandleVerifier [0x00007FF614EE5355+78597]
	GetHandleVerifier [0x00007FF614EE53B0+78688]
	(No symbol) [0x00007FF614C991AA]
	(No symbol) [0x00007FF614CF7089]
	(No symbol) [0x00007FF614CF4A42]
	(No symbol) [0x00007FF614CF1AE1]
	(No symbol) [0x00007FF614CF0A42]
	(No symbol) [0x00007FF614CE2204]
	(No symbol) [0x00007FF614D170EA]
	(No symbol) [0x00007FF614CE1AB6]
	(No symbol) [0x00007FF614D17300]
	(No symbol) [0x00007FF614D3F2BB]
	(No symbol) [0x00007FF614D16EC3]
	(No symbol) [0x00007FF614CE03F8]
	(No symbol) [0x00007FF614CE1163]
	GetHandleVerifier [0x00007FF61518EF0D+2870973]
	GetHandleVerifier [0x00007FF6151896B8+2848360]
	GetHandleVerifier [0x00007FF6151A6993+2967875]
	GetHandleVerifier [0x00007FF614F0019A+188746]
	GetHandleVerifier [0x00007FF614F0847F+222255]
	GetHandleVerifier [0x00007FF614EED2D4+111236]
	GetHandleVerifier [0x00007FF614EED482+111666]
	GetHandleVerifier [0x00007FF614ED35A9+5465]
	BaseThreadInitThunk [0x00007FF96DB6E8D7+23]
	RtlUserThreadStart [0x00007FF96FB5BF6C+44]

2025-04-18 14:28:49,933 - INFO -  Waiting for CSV file to be downloaded...
2025-04-18 14:28:49,936 - INFO -  Latest downloaded file: C:\Users\SelengeTulga\Documents\GitHub\infinity_bh_appfolio\data\work_order_cleaned_20250418_141920.csv
2025-04-18 14:28:49,936 - INFO - [SUCCESS] CSV file ready: C:\Users\SelengeTulga\Documents\GitHub\infinity_bh_appfolio\data\work_order_cleaned_20250418_141920.csv
2025-04-18 14:28:49,936 - INFO - [SUCCESS] CSV URL: file://C:\Users\SelengeTulga\Documents\GitHub\infinity_bh_appfolio\data\work_order_cleaned_20250418_141920.csv
2025-04-18 14:28:49,966 - INFO -  An error occurred: 'Property'
2025-04-18 14:28:52,190 - INFO - [ERROR] The process encountered an error.
2025-04-18 14:29:24,321 - INFO - Started Appfolio data process
2025-04-18 14:29:25,380 - INFO - [INFO] Opening login page...
2025-04-18 14:29:27,432 - INFO - [INFO] Entered username
2025-04-18 14:29:27,566 - INFO - [INFO] Entered password
2025-04-18 14:29:28,646 - INFO - [INFO] Clicked login button
2025-04-18 14:29:31,654 - INFO - [INFO] 2-Step Verification detected. Retrieving verification code...
2025-04-18 14:29:31,979 - INFO - [INFO] Requested verification code.
2025-04-18 14:29:40,027 - INFO - Entered verification code: 774211
2025-04-18 14:29:41,635 - INFO - Successfully submitted the verification code!
2025-04-18 14:29:44,636 - INFO - Navigating to https://infinitybh.appfolio.com/buffered_reports/leasing_funnel_performance?customize=true and downloading CSV...
2025-04-18 14:29:48,634 - INFO - Update button clicked successfully.
2025-04-18 14:30:08,816 - INFO - Export CSV button clicked successfully.
2025-04-18 14:30:08,816 - INFO - CSV export process initiated.
2025-04-18 14:30:38,817 - INFO -  Waiting for CSV file to be downloaded...
2025-04-18 14:30:38,820 - INFO -  Latest downloaded file: C:\Users\SelengeTulga\Documents\GitHub\infinity_bh_appfolio\data\leasing_funnel_performance-20250418 (2).csv
2025-04-18 14:30:38,820 - INFO - [SUCCESS] CSV file ready: C:\Users\SelengeTulga\Documents\GitHub\infinity_bh_appfolio\data\leasing_funnel_performance-20250418 (2).csv
2025-04-18 14:30:38,820 - INFO - [SUCCESS] CSV URL: file://C:\Users\SelengeTulga\Documents\GitHub\infinity_bh_appfolio\data\leasing_funnel_performance-20250418 (2).csv
2025-04-18 14:30:41,031 - INFO - [SUCCESS] The entire process completed successfully.
2025-04-18 14:31:57,501 - INFO - Started Appfolio data process
2025-04-18 14:31:58,593 - INFO - [INFO] Opening login page...
2025-04-18 14:32:00,375 - INFO - [INFO] Entered username
2025-04-18 14:32:00,460 - INFO - [INFO] Entered password
2025-04-18 14:32:01,432 - INFO - [INFO] Clicked login button
2025-04-18 14:32:04,439 - INFO - [INFO] 2-Step Verification detected. Retrieving verification code...
2025-04-18 14:32:04,766 - INFO - [INFO] Requested verification code.
2025-04-18 14:32:08,316 - INFO - Entered verification code: 777611
2025-04-18 14:32:10,058 - INFO - Successfully submitted the verification code!
2025-04-18 14:32:13,059 - INFO - Navigating to https://infinitybh.appfolio.com/buffered_reports/leasing_funnel_performance?customize=true and downloading CSV...
2025-04-18 14:32:16,999 - INFO - Update button clicked successfully.
2025-04-18 14:32:38,124 - INFO - An error occurred: Message: element click intercepted: Element <button type="button" aria-haspopup="true" aria-expanded="false" class="dropdown-div__button js-dropdown btn btn-secondary dropdown-toggle btn btn-secondary">...</button> is not clickable at point (1397, 27). Other element would receive the click: <div class="modal show" aria-modal="true" role="dialog" tabindex="-1" style="display: block;">...</div>
  (Session info: chrome=135.0.7049.96)
Stacktrace:
	GetHandleVerifier [0x00007FF614EE5355+78597]
	GetHandleVerifier [0x00007FF614EE53B0+78688]
	(No symbol) [0x00007FF614C991AA]
	(No symbol) [0x00007FF614CF7089]
	(No symbol) [0x00007FF614CF4A42]
	(No symbol) [0x00007FF614CF1AE1]
	(No symbol) [0x00007FF614CF0A42]
	(No symbol) [0x00007FF614CE2204]
	(No symbol) [0x00007FF614D170EA]
	(No symbol) [0x00007FF614CE1AB6]
	(No symbol) [0x00007FF614D17300]
	(No symbol) [0x00007FF614D3F2BB]
	(No symbol) [0x00007FF614D16EC3]
	(No symbol) [0x00007FF614CE03F8]
	(No symbol) [0x00007FF614CE1163]
	GetHandleVerifier [0x00007FF61518EF0D+2870973]
	GetHandleVerifier [0x00007FF6151896B8+2848360]
	GetHandleVerifier [0x00007FF6151A6993+2967875]
	GetHandleVerifier [0x00007FF614F0019A+188746]
	GetHandleVerifier [0x00007FF614F0847F+222255]
	GetHandleVerifier [0x00007FF614EED2D4+111236]
	GetHandleVerifier [0x00007FF614EED482+111666]
	GetHandleVerifier [0x00007FF614ED35A9+5465]
	BaseThreadInitThunk [0x00007FF96DB6E8D7+23]
	RtlUserThreadStart [0x00007FF96FB5BF6C+44]

2025-04-18 14:33:08,125 - INFO -  Waiting for CSV file to be downloaded...
2025-04-18 14:33:08,127 - INFO -  Latest downloaded file: C:\Users\SelengeTulga\Documents\GitHub\infinity_bh_appfolio\data\leasing_cleaned_20250418_143038.csv
2025-04-18 14:33:08,127 - INFO - [SUCCESS] CSV file ready: C:\Users\SelengeTulga\Documents\GitHub\infinity_bh_appfolio\data\leasing_cleaned_20250418_143038.csv
2025-04-18 14:33:08,127 - INFO - [SUCCESS] CSV URL: file://C:\Users\SelengeTulga\Documents\GitHub\infinity_bh_appfolio\data\leasing_cleaned_20250418_143038.csv
2025-04-18 14:33:10,324 - INFO - [SUCCESS] The entire process completed successfully.
2025-04-18 14:33:30,336 - INFO - Started Appfolio data process
2025-04-18 14:33:31,396 - INFO - [INFO] Opening login page...
2025-04-18 14:33:33,413 - INFO - [INFO] Entered username
2025-04-18 14:33:33,561 - INFO - [INFO] Entered password
2025-04-18 14:33:34,433 - INFO - [INFO] Clicked login button
2025-04-18 14:33:37,437 - INFO - [INFO] 2-Step Verification detected. Retrieving verification code...
2025-04-18 14:33:37,775 - INFO - [INFO] Requested verification code.
2025-04-18 14:33:41,334 - INFO - Entered verification code: 648244
2025-04-18 14:33:43,098 - INFO - Successfully submitted the verification code!
2025-04-18 14:33:46,099 - INFO - Navigating to https://infinitybh.appfolio.com/buffered_reports/leasing_funnel_performance?customize=true and downloading CSV...
2025-04-18 14:33:50,034 - INFO - Update button clicked successfully.
2025-04-18 14:34:10,241 - INFO - Export CSV button clicked successfully.
2025-04-18 14:34:10,241 - INFO - CSV export process initiated.
2025-04-18 14:34:40,242 - INFO -  Waiting for CSV file to be downloaded...
2025-04-18 14:34:40,244 - INFO -  Latest downloaded file: C:\Users\SelengeTulga\Documents\GitHub\infinity_bh_appfolio\data\leasing_funnel_performance-20250418 (3).csv
2025-04-18 14:34:40,245 - INFO - [SUCCESS] CSV file ready: C:\Users\SelengeTulga\Documents\GitHub\infinity_bh_appfolio\data\leasing_funnel_performance-20250418 (3).csv
2025-04-18 14:34:40,245 - INFO - [SUCCESS] CSV URL: file://C:\Users\SelengeTulga\Documents\GitHub\infinity_bh_appfolio\data\leasing_funnel_performance-20250418 (3).csv
2025-04-18 14:34:42,431 - INFO - [SUCCESS] The entire process completed successfully.
2025-04-18 14:36:15,210 - INFO - Started Appfolio data process
2025-04-18 14:36:16,270 - INFO - [INFO] Opening login page...
2025-04-18 14:36:17,959 - INFO - [INFO] Entered username
2025-04-18 14:36:18,024 - INFO - [INFO] Entered password
2025-04-18 14:36:18,961 - INFO - [INFO] Clicked login button
2025-04-18 14:36:21,967 - INFO - [INFO] 2-Step Verification detected. Retrieving verification code...
2025-04-18 14:36:22,293 - INFO - [INFO] Requested verification code.
2025-04-18 14:36:30,460 - INFO - Entered verification code: 688964
2025-04-18 14:36:32,163 - INFO - Successfully submitted the verification code!
2025-04-18 14:36:35,164 - INFO - Navigating to https://infinitybh.appfolio.com/buffered_reports/prospect_source_tracking?customize=true and downloading CSV...
2025-04-18 14:36:38,748 - INFO - Update button clicked successfully.
2025-04-18 14:36:58,924 - INFO - Export CSV button clicked successfully.
2025-04-18 14:36:58,925 - INFO - CSV export process initiated.
2025-04-18 14:37:28,925 - INFO -  Waiting for CSV file to be downloaded...
2025-04-18 14:37:28,929 - INFO -  Latest downloaded file: C:\Users\SelengeTulga\Documents\GitHub\infinity_bh_appfolio\data\prospect_source_tracking-20250418 (1).csv
2025-04-18 14:37:28,929 - INFO - [SUCCESS] CSV file ready: C:\Users\SelengeTulga\Documents\GitHub\infinity_bh_appfolio\data\prospect_source_tracking-20250418 (1).csv
2025-04-18 14:37:28,929 - INFO - [SUCCESS] CSV URL: file://C:\Users\SelengeTulga\Documents\GitHub\infinity_bh_appfolio\data\prospect_source_tracking-20250418 (1).csv
2025-04-18 14:37:28,946 - INFO - Navigating to https://infinitybh.appfolio.com/buffered_reports/purchase_order?customize=true and downloading CSV...
2025-04-18 14:37:32,710 - INFO - Update button clicked successfully.
2025-04-18 14:37:52,880 - INFO - Export CSV button clicked successfully.
2025-04-18 14:37:52,880 - INFO - CSV export process initiated.
2025-04-18 14:38:22,880 - INFO -  Waiting for CSV file to be downloaded...
2025-04-18 14:38:22,884 - INFO -  Latest downloaded file: C:\Users\SelengeTulga\Documents\GitHub\infinity_bh_appfolio\data\purchase_order-20250418.csv
2025-04-18 14:38:22,884 - INFO - [SUCCESS] CSV file ready: C:\Users\SelengeTulga\Documents\GitHub\infinity_bh_appfolio\data\purchase_order-20250418.csv
2025-04-18 14:38:22,884 - INFO - [SUCCESS] CSV URL: file://C:\Users\SelengeTulga\Documents\GitHub\infinity_bh_appfolio\data\purchase_order-20250418.csv
2025-04-18 14:38:25,123 - INFO - [SUCCESS] The entire process completed successfully.
2025-04-18 14:39:55,704 - INFO - Started Appfolio data process
2025-04-18 14:39:56,760 - INFO - [INFO] Opening login page...
2025-04-18 14:39:58,637 - INFO - [INFO] Entered username
2025-04-18 14:39:58,763 - INFO - [INFO] Entered password
2025-04-18 14:39:58,831 - INFO - [INFO] Clicked login button
2025-04-18 14:40:01,838 - INFO - [INFO] 2-Step Verification detected. Retrieving verification code...
2025-04-18 14:40:02,171 - INFO - [INFO] Requested verification code.
2025-04-18 14:40:08,014 - INFO - Entered verification code: 277114
2025-04-18 14:40:08,087 - INFO - Successfully submitted the verification code!
2025-04-18 14:40:11,088 - INFO - Navigating to https://infinitybh.appfolio.com/buffered_reports/rent_roll?customize=true and downloading CSV...
2025-04-18 14:40:14,671 - INFO - Update button clicked successfully.
2025-04-18 14:40:34,868 - INFO - Export CSV button clicked successfully.
2025-04-18 14:40:34,868 - INFO - CSV export process initiated.
2025-04-18 14:41:04,869 - INFO -  Waiting for CSV file to be downloaded...
2025-04-18 14:41:04,870 - INFO -  Latest downloaded file: C:\Users\SelengeTulga\Documents\GitHub\infinity_bh_appfolio\data\rent_roll-20250418.csv
2025-04-18 14:41:04,870 - INFO - [SUCCESS] CSV file ready: C:\Users\SelengeTulga\Documents\GitHub\infinity_bh_appfolio\data\rent_roll-20250418.csv
2025-04-18 14:41:04,870 - INFO - [SUCCESS] CSV URL: file://C:\Users\SelengeTulga\Documents\GitHub\infinity_bh_appfolio\data\rent_roll-20250418.csv
2025-04-18 14:41:04,928 - INFO - Navigating to https://infinitybh.appfolio.com/buffered_reports/tenant_directory?customize=true and downloading CSV...
2025-04-18 14:41:08,580 - INFO - Update button clicked successfully.
2025-04-18 14:41:28,744 - INFO - Export CSV button clicked successfully.
2025-04-18 14:41:28,744 - INFO - CSV export process initiated.
2025-04-18 14:41:58,745 - INFO -  Waiting for CSV file to be downloaded...
2025-04-18 14:41:58,747 - INFO -  Latest downloaded file: C:\Users\SelengeTulga\Documents\GitHub\infinity_bh_appfolio\data\tenant_directory-20250418.csv
2025-04-18 14:41:58,747 - INFO - [SUCCESS] CSV file ready: C:\Users\SelengeTulga\Documents\GitHub\infinity_bh_appfolio\data\tenant_directory-20250418.csv
2025-04-18 14:41:58,747 - INFO - [SUCCESS] CSV URL: file://C:\Users\SelengeTulga\Documents\GitHub\infinity_bh_appfolio\data\tenant_directory-20250418.csv
2025-04-18 14:41:58,888 - INFO - Navigating to https://infinitybh.appfolio.com/buffered_reports/work_order?customize=true and downloading CSV...
2025-04-18 14:42:02,969 - INFO - Update button clicked successfully.
2025-04-18 14:42:23,126 - INFO - Export CSV button clicked successfully.
2025-04-18 14:42:23,127 - INFO - CSV export process initiated.
2025-04-18 14:42:53,128 - INFO -  Waiting for CSV file to be downloaded...
2025-04-18 14:42:53,129 - INFO -  Latest downloaded file: C:\Users\SelengeTulga\Documents\GitHub\infinity_bh_appfolio\data\work_order-20250418.csv
2025-04-18 14:42:53,129 - INFO - [SUCCESS] CSV file ready: C:\Users\SelengeTulga\Documents\GitHub\infinity_bh_appfolio\data\work_order-20250418.csv
2025-04-18 14:42:53,129 - INFO - [SUCCESS] CSV URL: file://C:\Users\SelengeTulga\Documents\GitHub\infinity_bh_appfolio\data\work_order-20250418.csv
2025-04-18 14:42:53,204 - INFO - Navigating to https://infinitybh.appfolio.com/buffered_reports/leasing_funnel_performance?customize=true and downloading CSV...
2025-04-18 14:42:57,036 - INFO - Update button clicked successfully.
2025-04-18 14:43:17,209 - INFO - Export CSV button clicked successfully.
2025-04-18 14:43:17,211 - INFO - CSV export process initiated.
2025-04-18 14:43:47,211 - INFO -  Waiting for CSV file to be downloaded...
2025-04-18 14:43:47,213 - INFO -  Latest downloaded file: C:\Users\SelengeTulga\Documents\GitHub\infinity_bh_appfolio\data\leasing_funnel_performance-20250418.csv
2025-04-18 14:43:47,213 - INFO - [SUCCESS] CSV file ready: C:\Users\SelengeTulga\Documents\GitHub\infinity_bh_appfolio\data\leasing_funnel_performance-20250418.csv
2025-04-18 14:43:47,214 - INFO - [SUCCESS] CSV URL: file://C:\Users\SelengeTulga\Documents\GitHub\infinity_bh_appfolio\data\leasing_funnel_performance-20250418.csv
2025-04-18 14:43:47,220 - INFO - Navigating to https://infinitybh.appfolio.com/buffered_reports/prospect_source_tracking?customize=true and downloading CSV...
2025-04-18 14:43:50,683 - INFO - Update button clicked successfully.
2025-04-18 14:44:10,829 - INFO - Export CSV button clicked successfully.
2025-04-18 14:44:10,830 - INFO - CSV export process initiated.
2025-04-18 14:44:40,830 - INFO -  Waiting for CSV file to be downloaded...
2025-04-18 14:44:40,830 - INFO -  Latest downloaded file: C:\Users\SelengeTulga\Documents\GitHub\infinity_bh_appfolio\data\prospect_source_tracking-20250418.csv
2025-04-18 14:44:40,832 - INFO - [SUCCESS] CSV file ready: C:\Users\SelengeTulga\Documents\GitHub\infinity_bh_appfolio\data\prospect_source_tracking-20250418.csv
2025-04-18 14:44:40,832 - INFO - [SUCCESS] CSV URL: file://C:\Users\SelengeTulga\Documents\GitHub\infinity_bh_appfolio\data\prospect_source_tracking-20250418.csv
2025-04-18 14:44:40,837 - INFO - Navigating to https://infinitybh.appfolio.com/buffered_reports/purchase_order?customize=true and downloading CSV...
2025-04-18 14:44:44,655 - INFO - Update button clicked successfully.
2025-04-18 14:45:04,818 - INFO - Export CSV button clicked successfully.
2025-04-18 14:45:04,819 - INFO - CSV export process initiated.
2025-04-18 14:45:34,820 - INFO -  Waiting for CSV file to be downloaded...
2025-04-18 14:45:34,822 - INFO -  Latest downloaded file: C:\Users\SelengeTulga\Documents\GitHub\infinity_bh_appfolio\data\purchase_order-20250418.csv
2025-04-18 14:45:34,822 - INFO - [SUCCESS] CSV file ready: C:\Users\SelengeTulga\Documents\GitHub\infinity_bh_appfolio\data\purchase_order-20250418.csv
2025-04-18 14:45:34,822 - INFO - [SUCCESS] CSV URL: file://C:\Users\SelengeTulga\Documents\GitHub\infinity_bh_appfolio\data\purchase_order-20250418.csv
2025-04-18 14:45:34,910 - INFO - Navigating to https://infinitybh.appfolio.com/buffered_reports/rent_roll?customize=true and downloading CSV...
2025-04-18 14:45:38,527 - INFO - Set date to 03/31/2025
2025-04-18 14:45:38,599 - INFO - Update button clicked successfully.
2025-04-18 14:45:58,777 - INFO - Export CSV button clicked successfully.
2025-04-18 14:45:58,777 - INFO - CSV export process initiated.
2025-04-18 14:46:28,778 - INFO -  Waiting for CSV file to be downloaded...
2025-04-18 14:46:28,779 - INFO -  Latest downloaded file: C:\Users\SelengeTulga\Documents\GitHub\infinity_bh_appfolio\data\rent_roll-20250418 (1).csv
2025-04-18 14:46:28,779 - INFO - [SUCCESS] CSV file ready: C:\Users\SelengeTulga\Documents\GitHub\infinity_bh_appfolio\data\rent_roll-20250418 (1).csv
2025-04-18 14:46:28,779 - INFO - [SUCCESS] CSV URL: file://C:\Users\SelengeTulga\Documents\GitHub\infinity_bh_appfolio\data\rent_roll-20250418 (1).csv
2025-04-18 14:46:28,832 - INFO - Navigating to https://infinitybh.appfolio.com/buffered_reports/rent_roll?customize=true and downloading CSV...
2025-04-18 14:46:32,564 - INFO - Set date to 02/28/2025
2025-04-18 14:46:32,676 - INFO - Update button clicked successfully.
2025-04-18 14:46:52,884 - INFO - Export CSV button clicked successfully.
2025-04-18 14:46:52,884 - INFO - CSV export process initiated.
2025-04-18 14:47:22,885 - INFO -  Waiting for CSV file to be downloaded...
2025-04-18 14:47:22,887 - INFO -  Latest downloaded file: C:\Users\SelengeTulga\Documents\GitHub\infinity_bh_appfolio\data\rent_roll-20250418 (2).csv
2025-04-18 14:47:22,887 - INFO - [SUCCESS] CSV file ready: C:\Users\SelengeTulga\Documents\GitHub\infinity_bh_appfolio\data\rent_roll-20250418 (2).csv
2025-04-18 14:47:22,887 - INFO - [SUCCESS] CSV URL: file://C:\Users\SelengeTulga\Documents\GitHub\infinity_bh_appfolio\data\rent_roll-20250418 (2).csv
2025-04-18 14:47:22,927 - INFO - Navigating to https://infinitybh.appfolio.com/buffered_reports/rent_roll?customize=true and downloading CSV...
2025-04-18 14:47:26,737 - INFO - Set date to 01/31/2025
2025-04-18 14:47:26,847 - INFO - Update button clicked successfully.
2025-04-18 14:47:47,100 - INFO - Export CSV button clicked successfully.
2025-04-18 14:47:47,100 - INFO - CSV export process initiated.
2025-04-18 14:48:17,101 - INFO -  Waiting for CSV file to be downloaded...
2025-04-18 14:48:17,102 - INFO -  Latest downloaded file: C:\Users\SelengeTulga\Documents\GitHub\infinity_bh_appfolio\data\rent_roll-20250418 (3).csv
2025-04-18 14:48:17,103 - INFO - [SUCCESS] CSV file ready: C:\Users\SelengeTulga\Documents\GitHub\infinity_bh_appfolio\data\rent_roll-20250418 (3).csv
2025-04-18 14:48:17,103 - INFO - [SUCCESS] CSV URL: file://C:\Users\SelengeTulga\Documents\GitHub\infinity_bh_appfolio\data\rent_roll-20250418 (3).csv
2025-04-18 14:48:17,141 - INFO - Navigating to https://infinitybh.appfolio.com/buffered_reports/rent_roll?customize=true and downloading CSV...
2025-04-18 14:48:21,147 - INFO - Set date to 12/31/2024
2025-04-18 14:48:21,307 - INFO - Update button clicked successfully.
2025-04-18 14:48:41,586 - INFO - Export CSV button clicked successfully.
2025-04-18 14:48:41,586 - INFO - CSV export process initiated.
2025-04-18 14:49:11,587 - INFO -  Waiting for CSV file to be downloaded...
2025-04-18 14:49:11,590 - INFO -  Latest downloaded file: C:\Users\SelengeTulga\Documents\GitHub\infinity_bh_appfolio\data\rent_roll-20250418 (4).csv
2025-04-18 14:49:11,591 - INFO - [SUCCESS] CSV file ready: C:\Users\SelengeTulga\Documents\GitHub\infinity_bh_appfolio\data\rent_roll-20250418 (4).csv
2025-04-18 14:49:11,591 - INFO - [SUCCESS] CSV URL: file://C:\Users\SelengeTulga\Documents\GitHub\infinity_bh_appfolio\data\rent_roll-20250418 (4).csv
2025-04-18 14:49:11,637 - INFO - Navigating to https://infinitybh.appfolio.com/buffered_reports/rent_roll?customize=true and downloading CSV...
2025-04-18 14:49:15,394 - INFO - Set date to 11/30/2024
2025-04-18 14:49:15,510 - INFO - Update button clicked successfully.
2025-04-18 14:49:35,720 - INFO - Export CSV button clicked successfully.
2025-04-18 14:49:35,721 - INFO - CSV export process initiated.
2025-04-18 14:50:05,722 - INFO -  Waiting for CSV file to be downloaded...
2025-04-18 14:50:05,724 - INFO -  Latest downloaded file: C:\Users\SelengeTulga\Documents\GitHub\infinity_bh_appfolio\data\rent_roll-20250418 (5).csv
2025-04-18 14:50:05,724 - INFO - [SUCCESS] CSV file ready: C:\Users\SelengeTulga\Documents\GitHub\infinity_bh_appfolio\data\rent_roll-20250418 (5).csv
2025-04-18 14:50:05,724 - INFO - [SUCCESS] CSV URL: file://C:\Users\SelengeTulga\Documents\GitHub\infinity_bh_appfolio\data\rent_roll-20250418 (5).csv
2025-04-18 14:50:05,772 - INFO - Navigating to https://infinitybh.appfolio.com/buffered_reports/rent_roll?customize=true and downloading CSV...
2025-04-18 14:50:09,435 - INFO - Set date to 10/31/2024
2025-04-18 14:50:09,539 - INFO - Update button clicked successfully.
2025-04-18 14:50:29,724 - INFO - Export CSV button clicked successfully.
2025-04-18 14:50:29,724 - INFO - CSV export process initiated.
2025-04-18 14:50:59,725 - INFO -  Waiting for CSV file to be downloaded...
2025-04-18 14:50:59,727 - INFO -  Latest downloaded file: C:\Users\SelengeTulga\Documents\GitHub\infinity_bh_appfolio\data\rent_roll-20250418 (6).csv
2025-04-18 14:50:59,728 - INFO - [SUCCESS] CSV file ready: C:\Users\SelengeTulga\Documents\GitHub\infinity_bh_appfolio\data\rent_roll-20250418 (6).csv
2025-04-18 14:50:59,728 - INFO - [SUCCESS] CSV URL: file://C:\Users\SelengeTulga\Documents\GitHub\infinity_bh_appfolio\data\rent_roll-20250418 (6).csv
2025-04-18 14:50:59,774 - INFO - Navigating to https://infinitybh.appfolio.com/buffered_reports/rent_roll?customize=true and downloading CSV...
2025-04-18 14:51:03,516 - INFO - Set date to 09/30/2024
2025-04-18 14:51:03,629 - INFO - Update button clicked successfully.
2025-04-18 14:51:23,826 - INFO - Export CSV button clicked successfully.
2025-04-18 14:51:23,826 - INFO - CSV export process initiated.
2025-04-18 14:51:53,827 - INFO -  Waiting for CSV file to be downloaded...
2025-04-18 14:51:53,829 - INFO -  Latest downloaded file: C:\Users\SelengeTulga\Documents\GitHub\infinity_bh_appfolio\data\rent_roll-20250418 (7).csv
2025-04-18 14:51:53,829 - INFO - [SUCCESS] CSV file ready: C:\Users\SelengeTulga\Documents\GitHub\infinity_bh_appfolio\data\rent_roll-20250418 (7).csv
2025-04-18 14:51:53,829 - INFO - [SUCCESS] CSV URL: file://C:\Users\SelengeTulga\Documents\GitHub\infinity_bh_appfolio\data\rent_roll-20250418 (7).csv
2025-04-18 14:51:53,871 - INFO - Navigating to https://infinitybh.appfolio.com/buffered_reports/rent_roll?customize=true and downloading CSV...
2025-04-18 14:51:57,553 - INFO - Set date to 08/31/2024
2025-04-18 14:51:57,716 - INFO - Update button clicked successfully.
2025-04-18 14:52:17,900 - INFO - Export CSV button clicked successfully.
2025-04-18 14:52:17,900 - INFO - CSV export process initiated.
2025-04-18 14:52:47,901 - INFO -  Waiting for CSV file to be downloaded...
2025-04-18 14:52:47,904 - INFO -  Latest downloaded file: C:\Users\SelengeTulga\Documents\GitHub\infinity_bh_appfolio\data\rent_roll-20250418 (8).csv
2025-04-18 14:52:47,905 - INFO - [SUCCESS] CSV file ready: C:\Users\SelengeTulga\Documents\GitHub\infinity_bh_appfolio\data\rent_roll-20250418 (8).csv
2025-04-18 14:52:47,905 - INFO - [SUCCESS] CSV URL: file://C:\Users\SelengeTulga\Documents\GitHub\infinity_bh_appfolio\data\rent_roll-20250418 (8).csv
2025-04-18 14:52:47,951 - INFO - Navigating to https://infinitybh.appfolio.com/buffered_reports/rent_roll?customize=true and downloading CSV...
2025-04-18 14:52:51,718 - INFO - Set date to 07/31/2024
2025-04-18 14:52:51,822 - INFO - Update button clicked successfully.
2025-04-18 14:53:12,043 - INFO - Export CSV button clicked successfully.
2025-04-18 14:53:12,043 - INFO - CSV export process initiated.
2025-04-18 14:53:42,044 - INFO -  Waiting for CSV file to be downloaded...
2025-04-18 14:53:42,046 - INFO -  Latest downloaded file: C:\Users\SelengeTulga\Documents\GitHub\infinity_bh_appfolio\data\rent_roll-20250418 (9).csv
2025-04-18 14:53:42,046 - INFO - [SUCCESS] CSV file ready: C:\Users\SelengeTulga\Documents\GitHub\infinity_bh_appfolio\data\rent_roll-20250418 (9).csv
2025-04-18 14:53:42,046 - INFO - [SUCCESS] CSV URL: file://C:\Users\SelengeTulga\Documents\GitHub\infinity_bh_appfolio\data\rent_roll-20250418 (9).csv
2025-04-18 14:53:42,093 - INFO - Navigating to https://infinitybh.appfolio.com/buffered_reports/rent_roll?customize=true and downloading CSV...
2025-04-18 14:53:45,836 - INFO - Set date to 06/30/2024
2025-04-18 14:53:45,947 - INFO - Update button clicked successfully.
2025-04-18 14:54:06,162 - INFO - Export CSV button clicked successfully.
2025-04-18 14:54:06,162 - INFO - CSV export process initiated.
2025-04-18 14:54:36,163 - INFO -  Waiting for CSV file to be downloaded...
2025-04-18 14:54:36,165 - INFO -  Latest downloaded file: C:\Users\SelengeTulga\Documents\GitHub\infinity_bh_appfolio\data\rent_roll-20250418 (10).csv
2025-04-18 14:54:36,165 - INFO - [SUCCESS] CSV file ready: C:\Users\SelengeTulga\Documents\GitHub\infinity_bh_appfolio\data\rent_roll-20250418 (10).csv
2025-04-18 14:54:36,165 - INFO - [SUCCESS] CSV URL: file://C:\Users\SelengeTulga\Documents\GitHub\infinity_bh_appfolio\data\rent_roll-20250418 (10).csv
2025-04-18 14:54:36,211 - INFO - Navigating to https://infinitybh.appfolio.com/buffered_reports/rent_roll?customize=true and downloading CSV...
2025-04-18 14:54:40,045 - INFO - Set date to 05/31/2024
2025-04-18 14:54:40,133 - INFO - Update button clicked successfully.
2025-04-18 14:55:00,396 - INFO - Export CSV button clicked successfully.
2025-04-18 14:55:00,396 - INFO - CSV export process initiated.
2025-04-18 14:55:30,397 - INFO -  Waiting for CSV file to be downloaded...
2025-04-18 14:55:30,400 - INFO -  Latest downloaded file: C:\Users\SelengeTulga\Documents\GitHub\infinity_bh_appfolio\data\rent_roll-20250418 (11).csv
2025-04-18 14:55:30,400 - INFO - [SUCCESS] CSV file ready: C:\Users\SelengeTulga\Documents\GitHub\infinity_bh_appfolio\data\rent_roll-20250418 (11).csv
2025-04-18 14:55:30,400 - INFO - [SUCCESS] CSV URL: file://C:\Users\SelengeTulga\Documents\GitHub\infinity_bh_appfolio\data\rent_roll-20250418 (11).csv
2025-04-18 14:55:30,448 - INFO - Navigating to https://infinitybh.appfolio.com/buffered_reports/rent_roll?customize=true and downloading CSV...
2025-04-18 14:55:34,260 - INFO - Set date to 04/30/2024
2025-04-18 14:55:34,361 - INFO - Update button clicked successfully.
2025-04-18 14:55:54,569 - INFO - Export CSV button clicked successfully.
2025-04-18 14:55:54,569 - INFO - CSV export process initiated.
2025-04-18 14:56:24,569 - INFO -  Waiting for CSV file to be downloaded...
2025-04-18 14:56:24,571 - INFO -  Latest downloaded file: C:\Users\SelengeTulga\Documents\GitHub\infinity_bh_appfolio\data\rent_roll-20250418 (12).csv
2025-04-18 14:56:24,571 - INFO - [SUCCESS] CSV file ready: C:\Users\SelengeTulga\Documents\GitHub\infinity_bh_appfolio\data\rent_roll-20250418 (12).csv
2025-04-18 14:56:24,571 - INFO - [SUCCESS] CSV URL: file://C:\Users\SelengeTulga\Documents\GitHub\infinity_bh_appfolio\data\rent_roll-20250418 (12).csv
2025-04-18 14:56:26,910 - INFO - [SUCCESS] The entire process completed successfully.
2025-04-18 14:59:58,779 - INFO - Started Appfolio data process
2025-04-18 14:59:59,835 - INFO - [INFO] Opening login page...
2025-04-18 15:00:02,021 - INFO - [INFO] Entered username
2025-04-18 15:00:02,248 - INFO - [INFO] Entered password
2025-04-18 15:00:02,318 - INFO - [INFO] Clicked login button
2025-04-18 15:00:05,328 - INFO - [INFO] 2-Step Verification detected. Retrieving verification code...
2025-04-18 15:00:05,652 - INFO - [INFO] Requested verification code.
2025-04-18 15:00:09,168 - INFO - Entered verification code: 758560
2025-04-18 15:00:10,988 - INFO - Successfully submitted the verification code!
2025-04-18 15:00:13,988 - INFO - Navigating to https://infinitybh.appfolio.com/buffered_reports/rent_roll?customize=true and downloading CSV...
2025-04-18 15:00:17,777 - INFO - Update button clicked successfully.
2025-04-18 15:00:38,071 - INFO - Export CSV button clicked successfully.
2025-04-18 15:00:38,072 - INFO - CSV export process initiated.
2025-04-18 15:01:08,072 - INFO -  Waiting for CSV file to be downloaded...
2025-04-18 15:01:08,073 - INFO -  Latest downloaded file: C:\Users\SelengeTulga\Documents\GitHub\infinity_bh_appfolio\data\rent_roll-20250418.csv
2025-04-18 15:01:08,074 - INFO - [SUCCESS] CSV file ready: C:\Users\SelengeTulga\Documents\GitHub\infinity_bh_appfolio\data\rent_roll-20250418.csv
2025-04-18 15:01:08,074 - INFO - [SUCCESS] CSV URL: file://C:\Users\SelengeTulga\Documents\GitHub\infinity_bh_appfolio\data\rent_roll-20250418.csv
2025-04-18 15:01:08,154 - INFO - Deleted original file: C:\Users\SelengeTulga\Documents\GitHub\infinity_bh_appfolio\data\rent_roll-20250418.csv
2025-04-18 15:01:08,154 - INFO - Navigating to https://infinitybh.appfolio.com/buffered_reports/tenant_directory?customize=true and downloading CSV...
2025-04-18 15:01:11,920 - INFO - Update button clicked successfully.
2025-04-18 15:01:31,922 - INFO - An error occurred: Message: invalid session id: session deleted as the browser has closed the connection
from disconnected: not connected to DevTools
  (Session info: chrome=135.0.7049.96)
Stacktrace:
	GetHandleVerifier [0x00007FF614EE5355+78597]
	GetHandleVerifier [0x00007FF614EE53B0+78688]
	(No symbol) [0x00007FF614C991AA]
	(No symbol) [0x00007FF614C84EF5]
	(No symbol) [0x00007FF614CA9F04]
	(No symbol) [0x00007FF614D1ED0F]
	(No symbol) [0x00007FF614D3EBB2]
	(No symbol) [0x00007FF614D16EC3]
	(No symbol) [0x00007FF614CE03F8]
	(No symbol) [0x00007FF614CE1163]
	GetHandleVerifier [0x00007FF61518EF0D+2870973]
	GetHandleVerifier [0x00007FF6151896B8+2848360]
	GetHandleVerifier [0x00007FF6151A6993+2967875]
	GetHandleVerifier [0x00007FF614F0019A+188746]
	GetHandleVerifier [0x00007FF614F0847F+222255]
	GetHandleVerifier [0x00007FF614EED2D4+111236]
	GetHandleVerifier [0x00007FF614EED482+111666]
	GetHandleVerifier [0x00007FF614ED35A9+5465]
	BaseThreadInitThunk [0x00007FF96DB6E8D7+23]
	RtlUserThreadStart [0x00007FF96FB5BF6C+44]

2025-04-18 15:01:44,972 - WARNING - Retrying (Retry(total=2, connect=None, read=None, redirect=None, status=None)) after connection broken by 'ConnectionResetError(10054, 'An existing connection was forcibly closed by the remote host', None, 10054, None)': /session/549be9e8001bc0bc14777d218cde8723
2025-04-18 15:02:09,571 - INFO - Started Appfolio data process
2025-04-18 15:02:10,646 - INFO - [INFO] Opening login page...
2025-04-18 15:02:12,759 - INFO - [INFO] Entered username
2025-04-18 15:02:12,906 - INFO - [INFO] Entered password
2025-04-18 15:02:13,880 - INFO - [INFO] Clicked login button
2025-04-18 15:02:16,884 - INFO -  An error occurred: Message: invalid session id: session deleted as the browser has closed the connection
from disconnected: not connected to DevTools
  (Session info: chrome=135.0.7049.96)
Stacktrace:
	GetHandleVerifier [0x00007FF614EE5355+78597]
	GetHandleVerifier [0x00007FF614EE53B0+78688]
	(No symbol) [0x00007FF614C991AA]
	(No symbol) [0x00007FF614C84EF5]
	(No symbol) [0x00007FF614CA9F04]
	(No symbol) [0x00007FF614D1ED0F]
	(No symbol) [0x00007FF614D3EBB2]
	(No symbol) [0x00007FF614D16EC3]
	(No symbol) [0x00007FF614CE03F8]
	(No symbol) [0x00007FF614CE1163]
	GetHandleVerifier [0x00007FF61518EF0D+2870973]
	GetHandleVerifier [0x00007FF6151896B8+2848360]
	GetHandleVerifier [0x00007FF6151A6993+2967875]
	GetHandleVerifier [0x00007FF614F0019A+188746]
	GetHandleVerifier [0x00007FF614F0847F+222255]
	GetHandleVerifier [0x00007FF614EED2D4+111236]
	GetHandleVerifier [0x00007FF614EED482+111666]
	GetHandleVerifier [0x00007FF614ED35A9+5465]
	BaseThreadInitThunk [0x00007FF96DB6E8D7+23]
	RtlUserThreadStart [0x00007FF96FB5BF6C+44]

2025-04-18 15:02:18,926 - INFO - [ERROR] The process encountered an error.
2025-04-18 15:02:30,321 - INFO - Started Appfolio data process
2025-04-18 15:02:31,395 - INFO - [INFO] Opening login page...
2025-04-18 15:02:33,185 - INFO - [INFO] Entered username
2025-04-18 15:02:33,345 - INFO - [INFO] Entered password
2025-04-18 15:02:33,420 - INFO - [INFO] Clicked login button
2025-04-18 15:02:36,426 - INFO - [INFO] 2-Step Verification detected. Retrieving verification code...
2025-04-18 15:02:36,762 - INFO - [INFO] Requested verification code.
2025-04-18 15:02:42,601 - INFO - Entered verification code: 967515
2025-04-18 15:02:42,701 - INFO - Successfully submitted the verification code!
2025-04-18 15:02:45,702 - INFO - Navigating to https://infinitybh.appfolio.com/buffered_reports/rent_roll?customize=true and downloading CSV...
2025-04-18 15:02:49,288 - INFO - Update button clicked successfully.
2025-04-18 15:03:09,542 - INFO - Export CSV button clicked successfully.
2025-04-18 15:03:09,543 - INFO - CSV export process initiated.
2025-04-18 15:03:39,544 - INFO -  Waiting for CSV file to be downloaded...
2025-04-18 15:03:39,545 - INFO -  Latest downloaded file: C:\Users\SelengeTulga\Documents\GitHub\infinity_bh_appfolio\data\rent_roll-20250418.csv
2025-04-18 15:03:39,545 - INFO - [SUCCESS] CSV file ready: C:\Users\SelengeTulga\Documents\GitHub\infinity_bh_appfolio\data\rent_roll-20250418.csv
2025-04-18 15:03:39,545 - INFO - [SUCCESS] CSV URL: file://C:\Users\SelengeTulga\Documents\GitHub\infinity_bh_appfolio\data\rent_roll-20250418.csv
2025-04-18 15:03:39,611 - INFO - Deleted original file: C:\Users\SelengeTulga\Documents\GitHub\infinity_bh_appfolio\data\rent_roll-20250418.csv
2025-04-18 15:03:39,611 - INFO - Navigating to https://infinitybh.appfolio.com/buffered_reports/tenant_directory?customize=true and downloading CSV...
2025-04-18 15:03:43,311 - INFO - Update button clicked successfully.
2025-04-18 15:04:03,514 - INFO - Export CSV button clicked successfully.
2025-04-18 15:04:03,514 - INFO - CSV export process initiated.
2025-04-18 15:04:33,515 - INFO -  Waiting for CSV file to be downloaded...
2025-04-18 15:04:33,516 - INFO -  Latest downloaded file: C:\Users\SelengeTulga\Documents\GitHub\infinity_bh_appfolio\data\tenant_directory-20250418.csv
2025-04-18 15:04:33,516 - INFO - [SUCCESS] CSV file ready: C:\Users\SelengeTulga\Documents\GitHub\infinity_bh_appfolio\data\tenant_directory-20250418.csv
2025-04-18 15:04:33,516 - INFO - [SUCCESS] CSV URL: file://C:\Users\SelengeTulga\Documents\GitHub\infinity_bh_appfolio\data\tenant_directory-20250418.csv
2025-04-18 15:04:33,699 - INFO - Deleted original file: C:\Users\SelengeTulga\Documents\GitHub\infinity_bh_appfolio\data\tenant_directory-20250418.csv
2025-04-18 15:04:33,699 - INFO - Navigating to https://infinitybh.appfolio.com/buffered_reports/work_order?customize=true and downloading CSV...
2025-04-18 15:04:37,971 - INFO - Update button clicked successfully.
2025-04-18 15:04:58,208 - INFO - Export CSV button clicked successfully.
2025-04-18 15:04:58,208 - INFO - CSV export process initiated.
2025-04-18 15:05:28,209 - INFO -  Waiting for CSV file to be downloaded...
2025-04-18 15:05:28,211 - INFO -  Latest downloaded file: C:\Users\SelengeTulga\Documents\GitHub\infinity_bh_appfolio\data\work_order-20250418.csv
2025-04-18 15:05:28,211 - INFO - [SUCCESS] CSV file ready: C:\Users\SelengeTulga\Documents\GitHub\infinity_bh_appfolio\data\work_order-20250418.csv
2025-04-18 15:05:28,211 - INFO - [SUCCESS] CSV URL: file://C:\Users\SelengeTulga\Documents\GitHub\infinity_bh_appfolio\data\work_order-20250418.csv
2025-04-18 15:05:28,283 - INFO - Deleted original file: C:\Users\SelengeTulga\Documents\GitHub\infinity_bh_appfolio\data\work_order-20250418.csv
2025-04-18 15:05:28,284 - INFO - Navigating to https://infinitybh.appfolio.com/buffered_reports/leasing_funnel_performance?customize=true and downloading CSV...
2025-04-18 15:05:32,172 - INFO - Update button clicked successfully.
2025-04-18 15:05:52,320 - INFO - Export CSV button clicked successfully.
2025-04-18 15:05:52,320 - INFO - CSV export process initiated.
2025-04-18 15:06:22,321 - INFO -  Waiting for CSV file to be downloaded...
2025-04-18 15:06:22,323 - INFO -  Latest downloaded file: C:\Users\SelengeTulga\Documents\GitHub\infinity_bh_appfolio\data\leasing_funnel_performance-20250418.csv
2025-04-18 15:06:22,324 - INFO - [SUCCESS] CSV file ready: C:\Users\SelengeTulga\Documents\GitHub\infinity_bh_appfolio\data\leasing_funnel_performance-20250418.csv
2025-04-18 15:06:22,324 - INFO - [SUCCESS] CSV URL: file://C:\Users\SelengeTulga\Documents\GitHub\infinity_bh_appfolio\data\leasing_funnel_performance-20250418.csv
2025-04-18 15:06:22,329 - INFO - Deleted original file: C:\Users\SelengeTulga\Documents\GitHub\infinity_bh_appfolio\data\leasing_funnel_performance-20250418.csv
2025-04-18 15:06:22,329 - INFO - Navigating to https://infinitybh.appfolio.com/buffered_reports/prospect_source_tracking?customize=true and downloading CSV...
2025-04-18 15:06:26,062 - INFO - Update button clicked successfully.
2025-04-18 15:06:46,235 - INFO - Export CSV button clicked successfully.
2025-04-18 15:06:46,235 - INFO - CSV export process initiated.
2025-04-18 15:07:16,236 - INFO -  Waiting for CSV file to be downloaded...
2025-04-18 15:07:16,237 - INFO -  Latest downloaded file: C:\Users\SelengeTulga\Documents\GitHub\infinity_bh_appfolio\data\prospect_source_tracking-20250418.csv
2025-04-18 15:07:16,237 - INFO - [SUCCESS] CSV file ready: C:\Users\SelengeTulga\Documents\GitHub\infinity_bh_appfolio\data\prospect_source_tracking-20250418.csv
2025-04-18 15:07:16,238 - INFO - [SUCCESS] CSV URL: file://C:\Users\SelengeTulga\Documents\GitHub\infinity_bh_appfolio\data\prospect_source_tracking-20250418.csv
2025-04-18 15:07:16,256 - INFO - Deleted original file: C:\Users\SelengeTulga\Documents\GitHub\infinity_bh_appfolio\data\prospect_source_tracking-20250418.csv
2025-04-18 15:07:16,256 - INFO - Navigating to https://infinitybh.appfolio.com/buffered_reports/purchase_order?customize=true and downloading CSV...
2025-04-18 15:07:20,410 - INFO - Update button clicked successfully.
2025-04-18 15:07:40,601 - INFO - Export CSV button clicked successfully.
2025-04-18 15:07:40,601 - INFO - CSV export process initiated.
2025-04-18 15:08:10,603 - INFO -  Waiting for CSV file to be downloaded...
2025-04-18 15:08:10,604 - INFO -  Latest downloaded file: C:\Users\SelengeTulga\Documents\GitHub\infinity_bh_appfolio\data\purchase_order-20250418.csv
2025-04-18 15:08:10,604 - INFO - [SUCCESS] CSV file ready: C:\Users\SelengeTulga\Documents\GitHub\infinity_bh_appfolio\data\purchase_order-20250418.csv
2025-04-18 15:08:10,604 - INFO - [SUCCESS] CSV URL: file://C:\Users\SelengeTulga\Documents\GitHub\infinity_bh_appfolio\data\purchase_order-20250418.csv
2025-04-18 15:08:10,721 - INFO - Deleted original file: C:\Users\SelengeTulga\Documents\GitHub\infinity_bh_appfolio\data\purchase_order-20250418.csv
2025-04-18 15:08:10,722 - INFO - Navigating to https://infinitybh.appfolio.com/buffered_reports/rent_roll?customize=true and downloading CSV...
2025-04-18 15:08:14,515 - INFO - Set date to 03/31/2025
2025-04-18 15:08:14,622 - INFO - Update button clicked successfully.
2025-04-18 15:08:34,857 - INFO - Export CSV button clicked successfully.
2025-04-18 15:08:34,857 - INFO - CSV export process initiated.
2025-04-18 15:09:04,859 - INFO -  Waiting for CSV file to be downloaded...
2025-04-18 15:09:04,861 - INFO -  Latest downloaded file: C:\Users\SelengeTulga\Documents\GitHub\infinity_bh_appfolio\data\rent_roll-20250418.csv
2025-04-18 15:09:04,861 - INFO - [SUCCESS] CSV file ready: C:\Users\SelengeTulga\Documents\GitHub\infinity_bh_appfolio\data\rent_roll-20250418.csv
2025-04-18 15:09:04,861 - INFO - [SUCCESS] CSV URL: file://C:\Users\SelengeTulga\Documents\GitHub\infinity_bh_appfolio\data\rent_roll-20250418.csv
2025-04-18 15:09:04,907 - INFO - Deleted original file: C:\Users\SelengeTulga\Documents\GitHub\infinity_bh_appfolio\data\rent_roll-20250418.csv
2025-04-18 15:09:04,907 - INFO - Navigating to https://infinitybh.appfolio.com/buffered_reports/rent_roll?customize=true and downloading CSV...
2025-04-18 15:09:08,680 - INFO - Set date to 02/28/2025
2025-04-18 15:09:08,769 - INFO - Update button clicked successfully.
2025-04-18 15:09:28,988 - INFO - Export CSV button clicked successfully.
2025-04-18 15:09:28,989 - INFO - CSV export process initiated.
2025-04-18 15:09:58,989 - INFO -  Waiting for CSV file to be downloaded...
2025-04-18 15:09:58,991 - INFO -  Latest downloaded file: C:\Users\SelengeTulga\Documents\GitHub\infinity_bh_appfolio\data\rent_roll-20250418.csv
2025-04-18 15:09:58,991 - INFO - [SUCCESS] CSV file ready: C:\Users\SelengeTulga\Documents\GitHub\infinity_bh_appfolio\data\rent_roll-20250418.csv
2025-04-18 15:09:58,991 - INFO - [SUCCESS] CSV URL: file://C:\Users\SelengeTulga\Documents\GitHub\infinity_bh_appfolio\data\rent_roll-20250418.csv
2025-04-18 15:09:59,039 - INFO - Deleted original file: C:\Users\SelengeTulga\Documents\GitHub\infinity_bh_appfolio\data\rent_roll-20250418.csv
2025-04-18 15:09:59,040 - INFO - Navigating to https://infinitybh.appfolio.com/buffered_reports/rent_roll?customize=true and downloading CSV...
2025-04-18 15:10:02,889 - INFO - Set date to 01/31/2025
2025-04-18 15:10:02,981 - INFO - Update button clicked successfully.
2025-04-18 15:10:23,165 - INFO - Export CSV button clicked successfully.
2025-04-18 15:10:23,166 - INFO - CSV export process initiated.
2025-04-18 15:10:53,166 - INFO -  Waiting for CSV file to be downloaded...
2025-04-18 15:10:53,170 - INFO -  Latest downloaded file: C:\Users\SelengeTulga\Documents\GitHub\infinity_bh_appfolio\data\rent_roll-20250418.csv
2025-04-18 15:10:53,170 - INFO - [SUCCESS] CSV file ready: C:\Users\SelengeTulga\Documents\GitHub\infinity_bh_appfolio\data\rent_roll-20250418.csv
2025-04-18 15:10:53,171 - INFO - [SUCCESS] CSV URL: file://C:\Users\SelengeTulga\Documents\GitHub\infinity_bh_appfolio\data\rent_roll-20250418.csv
2025-04-18 15:10:53,211 - INFO - Deleted original file: C:\Users\SelengeTulga\Documents\GitHub\infinity_bh_appfolio\data\rent_roll-20250418.csv
2025-04-18 15:10:53,212 - INFO - Navigating to https://infinitybh.appfolio.com/buffered_reports/rent_roll?customize=true and downloading CSV...
2025-04-18 15:11:03,560 - INFO - Set date to 12/31/2024
2025-04-18 15:11:03,650 - INFO - Update button clicked successfully.
2025-04-18 15:11:23,860 - INFO - Export CSV button clicked successfully.
2025-04-18 15:11:23,860 - INFO - CSV export process initiated.
2025-04-18 15:11:53,860 - INFO -  Waiting for CSV file to be downloaded...
2025-04-18 15:11:53,862 - INFO -  Latest downloaded file: C:\Users\SelengeTulga\Documents\GitHub\infinity_bh_appfolio\data\rent_roll-20250418.csv
2025-04-18 15:11:53,862 - INFO - [SUCCESS] CSV file ready: C:\Users\SelengeTulga\Documents\GitHub\infinity_bh_appfolio\data\rent_roll-20250418.csv
2025-04-18 15:11:53,862 - INFO - [SUCCESS] CSV URL: file://C:\Users\SelengeTulga\Documents\GitHub\infinity_bh_appfolio\data\rent_roll-20250418.csv
2025-04-18 15:11:53,902 - INFO - Deleted original file: C:\Users\SelengeTulga\Documents\GitHub\infinity_bh_appfolio\data\rent_roll-20250418.csv
2025-04-18 15:11:53,903 - INFO - Navigating to https://infinitybh.appfolio.com/buffered_reports/rent_roll?customize=true and downloading CSV...
2025-04-18 15:12:03,541 - INFO - Set date to 11/30/2024
2025-04-18 15:12:03,636 - INFO - Update button clicked successfully.
2025-04-18 15:12:23,872 - INFO - Export CSV button clicked successfully.
2025-04-18 15:12:23,872 - INFO - CSV export process initiated.
2025-04-18 15:12:53,873 - INFO -  Waiting for CSV file to be downloaded...
2025-04-18 15:12:53,875 - INFO -  Latest downloaded file: C:\Users\SelengeTulga\Documents\GitHub\infinity_bh_appfolio\data\rent_roll-20250418.csv
2025-04-18 15:12:53,875 - INFO - [SUCCESS] CSV file ready: C:\Users\SelengeTulga\Documents\GitHub\infinity_bh_appfolio\data\rent_roll-20250418.csv
2025-04-18 15:12:53,875 - INFO - [SUCCESS] CSV URL: file://C:\Users\SelengeTulga\Documents\GitHub\infinity_bh_appfolio\data\rent_roll-20250418.csv
2025-04-18 15:12:53,937 - INFO - Deleted original file: C:\Users\SelengeTulga\Documents\GitHub\infinity_bh_appfolio\data\rent_roll-20250418.csv
2025-04-18 15:12:53,938 - INFO - Navigating to https://infinitybh.appfolio.com/buffered_reports/rent_roll?customize=true and downloading CSV...
2025-04-18 15:12:57,705 - INFO - Set date to 10/31/2024
2025-04-18 15:12:57,845 - INFO - Update button clicked successfully.
2025-04-18 15:13:18,092 - INFO - Export CSV button clicked successfully.
2025-04-18 15:13:18,093 - INFO - CSV export process initiated.
2025-04-18 15:13:48,093 - INFO -  Waiting for CSV file to be downloaded...
2025-04-18 15:13:48,094 - INFO -  Latest downloaded file: C:\Users\SelengeTulga\Documents\GitHub\infinity_bh_appfolio\data\rent_roll-20250418.csv
2025-04-18 15:13:48,094 - INFO - [SUCCESS] CSV file ready: C:\Users\SelengeTulga\Documents\GitHub\infinity_bh_appfolio\data\rent_roll-20250418.csv
2025-04-18 15:13:48,094 - INFO - [SUCCESS] CSV URL: file://C:\Users\SelengeTulga\Documents\GitHub\infinity_bh_appfolio\data\rent_roll-20250418.csv
2025-04-18 15:13:48,143 - INFO - Deleted original file: C:\Users\SelengeTulga\Documents\GitHub\infinity_bh_appfolio\data\rent_roll-20250418.csv
2025-04-18 15:13:48,143 - INFO - Navigating to https://infinitybh.appfolio.com/buffered_reports/rent_roll?customize=true and downloading CSV...
2025-04-18 15:13:52,021 - INFO - Set date to 09/30/2024
2025-04-18 15:13:52,170 - INFO - Update button clicked successfully.
2025-04-18 15:14:12,449 - INFO - Export CSV button clicked successfully.
2025-04-18 15:14:12,449 - INFO - CSV export process initiated.
2025-04-18 15:14:42,450 - INFO -  Waiting for CSV file to be downloaded...
2025-04-18 15:14:42,453 - INFO -  Latest downloaded file: C:\Users\SelengeTulga\Documents\GitHub\infinity_bh_appfolio\data\rent_roll-20250418.csv
2025-04-18 15:14:42,453 - INFO - [SUCCESS] CSV file ready: C:\Users\SelengeTulga\Documents\GitHub\infinity_bh_appfolio\data\rent_roll-20250418.csv
2025-04-18 15:14:42,454 - INFO - [SUCCESS] CSV URL: file://C:\Users\SelengeTulga\Documents\GitHub\infinity_bh_appfolio\data\rent_roll-20250418.csv
2025-04-18 15:14:42,500 - INFO - Deleted original file: C:\Users\SelengeTulga\Documents\GitHub\infinity_bh_appfolio\data\rent_roll-20250418.csv
2025-04-18 15:14:42,500 - INFO - Navigating to https://infinitybh.appfolio.com/buffered_reports/rent_roll?customize=true and downloading CSV...
2025-04-18 15:14:46,244 - INFO - Set date to 08/31/2024
2025-04-18 15:14:46,354 - INFO - Update button clicked successfully.
2025-04-18 15:15:06,596 - INFO - Export CSV button clicked successfully.
2025-04-18 15:15:06,597 - INFO - CSV export process initiated.
2025-04-18 15:15:36,598 - INFO -  Waiting for CSV file to be downloaded...
2025-04-18 15:15:36,599 - INFO -  Latest downloaded file: C:\Users\SelengeTulga\Documents\GitHub\infinity_bh_appfolio\data\rent_roll-20250418.csv
2025-04-18 15:15:36,599 - INFO - [SUCCESS] CSV file ready: C:\Users\SelengeTulga\Documents\GitHub\infinity_bh_appfolio\data\rent_roll-20250418.csv
2025-04-18 15:15:36,599 - INFO - [SUCCESS] CSV URL: file://C:\Users\SelengeTulga\Documents\GitHub\infinity_bh_appfolio\data\rent_roll-20250418.csv
2025-04-18 15:15:36,638 - INFO - Deleted original file: C:\Users\SelengeTulga\Documents\GitHub\infinity_bh_appfolio\data\rent_roll-20250418.csv
2025-04-18 15:15:36,638 - INFO - Navigating to https://infinitybh.appfolio.com/buffered_reports/rent_roll?customize=true and downloading CSV...
2025-04-18 15:15:40,459 - INFO - Set date to 07/31/2024
2025-04-18 15:15:40,577 - INFO - Update button clicked successfully.
2025-04-18 15:16:00,834 - INFO - Export CSV button clicked successfully.
2025-04-18 15:16:00,834 - INFO - CSV export process initiated.
2025-04-18 15:16:30,835 - INFO -  Waiting for CSV file to be downloaded...
2025-04-18 15:16:30,837 - INFO -  Latest downloaded file: C:\Users\SelengeTulga\Documents\GitHub\infinity_bh_appfolio\data\rent_roll-20250418.csv
2025-04-18 15:16:30,837 - INFO - [SUCCESS] CSV file ready: C:\Users\SelengeTulga\Documents\GitHub\infinity_bh_appfolio\data\rent_roll-20250418.csv
2025-04-18 15:16:30,837 - INFO - [SUCCESS] CSV URL: file://C:\Users\SelengeTulga\Documents\GitHub\infinity_bh_appfolio\data\rent_roll-20250418.csv
2025-04-18 15:16:30,886 - INFO - Deleted original file: C:\Users\SelengeTulga\Documents\GitHub\infinity_bh_appfolio\data\rent_roll-20250418.csv
2025-04-18 15:16:30,886 - INFO - Navigating to https://infinitybh.appfolio.com/buffered_reports/rent_roll?customize=true and downloading CSV...
2025-04-18 15:16:34,624 - INFO - Set date to 06/30/2024
2025-04-18 15:16:34,711 - INFO - Update button clicked successfully.
2025-04-18 15:16:54,961 - INFO - Export CSV button clicked successfully.
2025-04-18 15:16:54,961 - INFO - CSV export process initiated.
2025-04-18 15:17:24,963 - INFO -  Waiting for CSV file to be downloaded...
2025-04-18 15:17:24,964 - INFO -  Latest downloaded file: C:\Users\SelengeTulga\Documents\GitHub\infinity_bh_appfolio\data\rent_roll-20250418.csv
2025-04-18 15:17:24,964 - INFO - [SUCCESS] CSV file ready: C:\Users\SelengeTulga\Documents\GitHub\infinity_bh_appfolio\data\rent_roll-20250418.csv
2025-04-18 15:17:24,964 - INFO - [SUCCESS] CSV URL: file://C:\Users\SelengeTulga\Documents\GitHub\infinity_bh_appfolio\data\rent_roll-20250418.csv
2025-04-18 15:17:25,005 - INFO - Deleted original file: C:\Users\SelengeTulga\Documents\GitHub\infinity_bh_appfolio\data\rent_roll-20250418.csv
2025-04-18 15:17:25,006 - INFO - Navigating to https://infinitybh.appfolio.com/buffered_reports/rent_roll?customize=true and downloading CSV...
2025-04-18 15:17:28,778 - INFO - Set date to 05/31/2024
2025-04-18 15:17:28,893 - INFO - Update button clicked successfully.
2025-04-18 15:17:49,063 - INFO - Export CSV button clicked successfully.
2025-04-18 15:17:49,063 - INFO - CSV export process initiated.
2025-04-18 15:18:19,064 - INFO -  Waiting for CSV file to be downloaded...
2025-04-18 15:18:19,067 - INFO -  Latest downloaded file: C:\Users\SelengeTulga\Documents\GitHub\infinity_bh_appfolio\data\rent_roll-20250418.csv
2025-04-18 15:18:19,067 - INFO - [SUCCESS] CSV file ready: C:\Users\SelengeTulga\Documents\GitHub\infinity_bh_appfolio\data\rent_roll-20250418.csv
2025-04-18 15:18:19,067 - INFO - [SUCCESS] CSV URL: file://C:\Users\SelengeTulga\Documents\GitHub\infinity_bh_appfolio\data\rent_roll-20250418.csv
2025-04-18 15:18:19,131 - INFO - Deleted original file: C:\Users\SelengeTulga\Documents\GitHub\infinity_bh_appfolio\data\rent_roll-20250418.csv
2025-04-18 15:18:19,132 - INFO - Navigating to https://infinitybh.appfolio.com/buffered_reports/rent_roll?customize=true and downloading CSV...
2025-04-18 15:18:22,866 - INFO - Set date to 04/30/2024
2025-04-18 15:18:22,967 - INFO - Update button clicked successfully.
2025-04-18 15:18:43,204 - INFO - Export CSV button clicked successfully.
2025-04-18 15:18:43,204 - INFO - CSV export process initiated.
2025-04-18 15:19:13,205 - INFO -  Waiting for CSV file to be downloaded...
2025-04-18 15:19:13,207 - INFO -  Latest downloaded file: C:\Users\SelengeTulga\Documents\GitHub\infinity_bh_appfolio\data\rent_roll-20250418.csv
2025-04-18 15:19:13,208 - INFO - [SUCCESS] CSV file ready: C:\Users\SelengeTulga\Documents\GitHub\infinity_bh_appfolio\data\rent_roll-20250418.csv
2025-04-18 15:19:13,208 - INFO - [SUCCESS] CSV URL: file://C:\Users\SelengeTulga\Documents\GitHub\infinity_bh_appfolio\data\rent_roll-20250418.csv
2025-04-18 15:19:13,264 - INFO - Deleted original file: C:\Users\SelengeTulga\Documents\GitHub\infinity_bh_appfolio\data\rent_roll-20250418.csv
2025-04-18 15:19:15,595 - INFO - [SUCCESS] The entire process completed successfully.
2025-04-18 16:09:06,037 - INFO - Started Appfolio data process
2025-04-18 16:09:07,173 - INFO - [INFO] Opening login page...
2025-04-18 16:09:09,178 - INFO - [INFO] Entered username
2025-04-18 16:09:09,374 - INFO - [INFO] Entered password
2025-04-18 16:09:09,453 - INFO - [INFO] Clicked login button
2025-04-18 16:09:12,459 - INFO - [INFO] 2-Step Verification detected. Retrieving verification code...
2025-04-18 16:09:12,912 - INFO - [INFO] Requested verification code.
2025-04-18 16:09:16,534 - INFO - Entered verification code: 727504
2025-04-18 16:09:16,630 - INFO - Successfully submitted the verification code!
2025-04-18 16:09:19,631 - INFO - Navigating to https://infinitybh.appfolio.com/buffered_reports/rent_roll?customize=true and downloading CSV...
2025-04-18 16:09:23,714 - INFO - Update button clicked successfully.
2025-04-18 16:09:43,974 - INFO - Export CSV button clicked successfully.
2025-04-18 16:09:43,974 - INFO - CSV export process initiated.
2025-04-18 16:10:13,975 - INFO -  Waiting for CSV file to be downloaded...
2025-04-18 16:10:13,977 - INFO -  Latest downloaded file: C:\Users\SelengeTulga\Documents\GitHub\infinity_bh_appfolio\data\rent_roll-20250418.csv
2025-04-18 16:10:13,978 - INFO - [SUCCESS] CSV file ready: C:\Users\SelengeTulga\Documents\GitHub\infinity_bh_appfolio\data\rent_roll-20250418.csv
2025-04-18 16:10:13,978 - INFO - [SUCCESS] CSV URL: file://C:\Users\SelengeTulga\Documents\GitHub\infinity_bh_appfolio\data\rent_roll-20250418.csv
2025-04-18 16:10:14,065 - INFO - Deleted original file: C:\Users\SelengeTulga\Documents\GitHub\infinity_bh_appfolio\data\rent_roll-20250418.csv
2025-04-18 16:10:14,065 - INFO - Navigating to https://infinitybh.appfolio.com/buffered_reports/tenant_directory?customize=true and downloading CSV...
2025-04-18 16:10:17,929 - INFO - Update button clicked successfully.
2025-04-18 16:10:38,113 - INFO - Export CSV button clicked successfully.
2025-04-18 16:10:38,113 - INFO - CSV export process initiated.
2025-04-18 16:11:08,114 - INFO -  Waiting for CSV file to be downloaded...
2025-04-18 16:11:08,115 - INFO -  Latest downloaded file: C:\Users\SelengeTulga\Documents\GitHub\infinity_bh_appfolio\data\tenant_directory-20250418.csv
2025-04-18 16:11:08,116 - INFO - [SUCCESS] CSV file ready: C:\Users\SelengeTulga\Documents\GitHub\infinity_bh_appfolio\data\tenant_directory-20250418.csv
2025-04-18 16:11:08,116 - INFO - [SUCCESS] CSV URL: file://C:\Users\SelengeTulga\Documents\GitHub\infinity_bh_appfolio\data\tenant_directory-20250418.csv
2025-04-18 16:11:08,259 - INFO - Deleted original file: C:\Users\SelengeTulga\Documents\GitHub\infinity_bh_appfolio\data\tenant_directory-20250418.csv
2025-04-18 16:11:08,259 - INFO - Navigating to https://infinitybh.appfolio.com/buffered_reports/work_order?customize=true and downloading CSV...
2025-04-18 16:11:12,486 - INFO - Update button clicked successfully.
2025-04-18 16:11:32,659 - INFO - Export CSV button clicked successfully.
2025-04-18 16:11:32,659 - INFO - CSV export process initiated.
2025-04-18 16:12:02,660 - INFO -  Waiting for CSV file to be downloaded...
2025-04-18 16:12:02,662 - INFO -  Latest downloaded file: C:\Users\SelengeTulga\Documents\GitHub\infinity_bh_appfolio\data\work_order-20250418.csv
2025-04-18 16:12:02,663 - INFO - [SUCCESS] CSV file ready: C:\Users\SelengeTulga\Documents\GitHub\infinity_bh_appfolio\data\work_order-20250418.csv
2025-04-18 16:12:02,663 - INFO - [SUCCESS] CSV URL: file://C:\Users\SelengeTulga\Documents\GitHub\infinity_bh_appfolio\data\work_order-20250418.csv
2025-04-18 16:12:02,766 - INFO - Deleted original file: C:\Users\SelengeTulga\Documents\GitHub\infinity_bh_appfolio\data\work_order-20250418.csv
2025-04-18 16:12:02,766 - INFO - Navigating to https://infinitybh.appfolio.com/buffered_reports/leasing_funnel_performance?customize=true and downloading CSV...
2025-04-18 16:12:06,663 - INFO - Update button clicked successfully.
2025-04-18 16:12:26,827 - INFO - Export CSV button clicked successfully.
2025-04-18 16:12:26,827 - INFO - CSV export process initiated.
2025-04-18 16:12:56,828 - INFO -  Waiting for CSV file to be downloaded...
2025-04-18 16:12:56,829 - INFO -  Latest downloaded file: C:\Users\SelengeTulga\Documents\GitHub\infinity_bh_appfolio\data\leasing_funnel_performance-20250418.csv
2025-04-18 16:12:56,829 - INFO - [SUCCESS] CSV file ready: C:\Users\SelengeTulga\Documents\GitHub\infinity_bh_appfolio\data\leasing_funnel_performance-20250418.csv
2025-04-18 16:12:56,829 - INFO - [SUCCESS] CSV URL: file://C:\Users\SelengeTulga\Documents\GitHub\infinity_bh_appfolio\data\leasing_funnel_performance-20250418.csv
2025-04-18 16:12:56,846 - INFO - Deleted original file: C:\Users\SelengeTulga\Documents\GitHub\infinity_bh_appfolio\data\leasing_funnel_performance-20250418.csv
2025-04-18 16:12:56,846 - INFO - Navigating to https://infinitybh.appfolio.com/buffered_reports/prospect_source_tracking?customize=true and downloading CSV...
2025-04-18 16:13:00,556 - INFO - Update button clicked successfully.
2025-04-18 16:13:20,738 - INFO - Export CSV button clicked successfully.
2025-04-18 16:13:20,738 - INFO - CSV export process initiated.
2025-04-18 16:13:50,739 - INFO -  Waiting for CSV file to be downloaded...
2025-04-18 16:13:50,741 - INFO -  Latest downloaded file: C:\Users\SelengeTulga\Documents\GitHub\infinity_bh_appfolio\data\prospect_source_tracking-20250418.csv
2025-04-18 16:13:50,741 - INFO - [SUCCESS] CSV file ready: C:\Users\SelengeTulga\Documents\GitHub\infinity_bh_appfolio\data\prospect_source_tracking-20250418.csv
2025-04-18 16:13:50,741 - INFO - [SUCCESS] CSV URL: file://C:\Users\SelengeTulga\Documents\GitHub\infinity_bh_appfolio\data\prospect_source_tracking-20250418.csv
2025-04-18 16:13:50,762 - INFO - Deleted original file: C:\Users\SelengeTulga\Documents\GitHub\infinity_bh_appfolio\data\prospect_source_tracking-20250418.csv
2025-04-18 16:13:50,762 - INFO - Navigating to https://infinitybh.appfolio.com/buffered_reports/purchase_order?customize=true and downloading CSV...
2025-04-18 16:13:54,919 - INFO - Update button clicked successfully.
2025-04-18 16:14:15,180 - INFO - Export CSV button clicked successfully.
2025-04-18 16:14:15,180 - INFO - CSV export process initiated.
2025-04-18 16:14:45,181 - INFO -  Waiting for CSV file to be downloaded...
2025-04-18 16:14:45,184 - INFO -  Latest downloaded file: C:\Users\SelengeTulga\Documents\GitHub\infinity_bh_appfolio\data\purchase_order-20250418.csv
2025-04-18 16:14:45,184 - INFO - [SUCCESS] CSV file ready: C:\Users\SelengeTulga\Documents\GitHub\infinity_bh_appfolio\data\purchase_order-20250418.csv
2025-04-18 16:14:45,184 - INFO - [SUCCESS] CSV URL: file://C:\Users\SelengeTulga\Documents\GitHub\infinity_bh_appfolio\data\purchase_order-20250418.csv
2025-04-18 16:14:45,303 - INFO - Deleted original file: C:\Users\SelengeTulga\Documents\GitHub\infinity_bh_appfolio\data\purchase_order-20250418.csv
2025-04-18 16:14:45,304 - INFO - Navigating to https://infinitybh.appfolio.com/buffered_reports/rent_roll?customize=true and downloading CSV...
2025-04-18 16:14:49,015 - INFO - Set date to 03/31/2025
2025-04-18 16:14:49,157 - INFO - Update button clicked successfully.
2025-04-18 16:15:09,394 - INFO - Export CSV button clicked successfully.
2025-04-18 16:15:09,395 - INFO - CSV export process initiated.
2025-04-18 16:15:39,396 - INFO -  Waiting for CSV file to be downloaded...
2025-04-18 16:15:39,398 - INFO -  Latest downloaded file: C:\Users\SelengeTulga\Documents\GitHub\infinity_bh_appfolio\data\rent_roll-20250418.csv
2025-04-18 16:15:39,398 - INFO - [SUCCESS] CSV file ready: C:\Users\SelengeTulga\Documents\GitHub\infinity_bh_appfolio\data\rent_roll-20250418.csv
2025-04-18 16:15:39,398 - INFO - [SUCCESS] CSV URL: file://C:\Users\SelengeTulga\Documents\GitHub\infinity_bh_appfolio\data\rent_roll-20250418.csv
2025-04-18 16:15:39,452 - INFO - Deleted original file: C:\Users\SelengeTulga\Documents\GitHub\infinity_bh_appfolio\data\rent_roll-20250418.csv
2025-04-18 16:15:39,453 - INFO - Navigating to https://infinitybh.appfolio.com/buffered_reports/rent_roll?customize=true and downloading CSV...
2025-04-18 16:15:43,228 - INFO - Set date to 02/28/2025
2025-04-18 16:15:43,361 - INFO - Update button clicked successfully.
2025-04-18 16:16:03,592 - INFO - Export CSV button clicked successfully.
2025-04-18 16:16:03,593 - INFO - CSV export process initiated.
2025-04-18 16:16:33,594 - INFO -  Waiting for CSV file to be downloaded...
2025-04-18 16:16:33,596 - INFO -  Latest downloaded file: C:\Users\SelengeTulga\Documents\GitHub\infinity_bh_appfolio\data\rent_roll-20250418.csv
2025-04-18 16:16:33,596 - INFO - [SUCCESS] CSV file ready: C:\Users\SelengeTulga\Documents\GitHub\infinity_bh_appfolio\data\rent_roll-20250418.csv
2025-04-18 16:16:33,596 - INFO - [SUCCESS] CSV URL: file://C:\Users\SelengeTulga\Documents\GitHub\infinity_bh_appfolio\data\rent_roll-20250418.csv
2025-04-18 16:16:33,645 - INFO - Deleted original file: C:\Users\SelengeTulga\Documents\GitHub\infinity_bh_appfolio\data\rent_roll-20250418.csv
2025-04-18 16:16:33,645 - INFO - Navigating to https://infinitybh.appfolio.com/buffered_reports/rent_roll?customize=true and downloading CSV...
2025-04-18 16:16:37,429 - INFO - Set date to 01/31/2025
2025-04-18 16:16:37,546 - INFO - Update button clicked successfully.
2025-04-18 16:16:57,782 - INFO - Export CSV button clicked successfully.
2025-04-18 16:16:57,782 - INFO - CSV export process initiated.
2025-04-18 16:17:27,783 - INFO -  Waiting for CSV file to be downloaded...
2025-04-18 16:17:27,785 - INFO -  Latest downloaded file: C:\Users\SelengeTulga\Documents\GitHub\infinity_bh_appfolio\data\rent_roll-20250418.csv
2025-04-18 16:17:27,785 - INFO - [SUCCESS] CSV file ready: C:\Users\SelengeTulga\Documents\GitHub\infinity_bh_appfolio\data\rent_roll-20250418.csv
2025-04-18 16:17:27,785 - INFO - [SUCCESS] CSV URL: file://C:\Users\SelengeTulga\Documents\GitHub\infinity_bh_appfolio\data\rent_roll-20250418.csv
2025-04-18 16:17:27,839 - INFO - Deleted original file: C:\Users\SelengeTulga\Documents\GitHub\infinity_bh_appfolio\data\rent_roll-20250418.csv
2025-04-18 16:17:27,839 - INFO - Navigating to https://infinitybh.appfolio.com/buffered_reports/rent_roll?customize=true and downloading CSV...
2025-04-18 16:17:31,681 - INFO - Set date to 12/31/2024
2025-04-18 16:17:31,845 - INFO - Update button clicked successfully.
2025-04-18 16:17:52,070 - INFO - Export CSV button clicked successfully.
2025-04-18 16:17:52,070 - INFO - CSV export process initiated.
2025-04-18 16:18:22,071 - INFO -  Waiting for CSV file to be downloaded...
2025-04-18 16:18:22,072 - INFO -  Latest downloaded file: C:\Users\SelengeTulga\Documents\GitHub\infinity_bh_appfolio\data\rent_roll-20250418.csv
2025-04-18 16:18:22,072 - INFO - [SUCCESS] CSV file ready: C:\Users\SelengeTulga\Documents\GitHub\infinity_bh_appfolio\data\rent_roll-20250418.csv
2025-04-18 16:18:22,072 - INFO - [SUCCESS] CSV URL: file://C:\Users\SelengeTulga\Documents\GitHub\infinity_bh_appfolio\data\rent_roll-20250418.csv
2025-04-18 16:18:22,115 - INFO - Deleted original file: C:\Users\SelengeTulga\Documents\GitHub\infinity_bh_appfolio\data\rent_roll-20250418.csv
2025-04-18 16:18:22,115 - INFO - Navigating to https://infinitybh.appfolio.com/buffered_reports/rent_roll?customize=true and downloading CSV...
2025-04-18 16:18:25,768 - INFO - Set date to 11/30/2024
2025-04-18 16:18:25,845 - INFO - Update button clicked successfully.
2025-04-18 16:18:46,023 - INFO - Export CSV button clicked successfully.
2025-04-18 16:18:46,023 - INFO - CSV export process initiated.
2025-04-18 16:19:16,024 - INFO -  Waiting for CSV file to be downloaded...
2025-04-18 16:19:16,026 - INFO -  Latest downloaded file: C:\Users\SelengeTulga\Documents\GitHub\infinity_bh_appfolio\data\rent_roll-20250418.csv
2025-04-18 16:19:16,026 - INFO - [SUCCESS] CSV file ready: C:\Users\SelengeTulga\Documents\GitHub\infinity_bh_appfolio\data\rent_roll-20250418.csv
2025-04-18 16:19:16,026 - INFO - [SUCCESS] CSV URL: file://C:\Users\SelengeTulga\Documents\GitHub\infinity_bh_appfolio\data\rent_roll-20250418.csv
2025-04-18 16:19:16,060 - INFO - Deleted original file: C:\Users\SelengeTulga\Documents\GitHub\infinity_bh_appfolio\data\rent_roll-20250418.csv
2025-04-18 16:19:16,060 - INFO - Navigating to https://infinitybh.appfolio.com/buffered_reports/rent_roll?customize=true and downloading CSV...
2025-04-18 16:19:19,685 - INFO - Set date to 10/31/2024
2025-04-18 16:19:19,758 - INFO - Update button clicked successfully.
2025-04-18 16:19:39,924 - INFO - Export CSV button clicked successfully.
2025-04-18 16:19:39,925 - INFO - CSV export process initiated.
2025-04-18 16:20:09,925 - INFO -  Waiting for CSV file to be downloaded...
2025-04-18 16:20:09,926 - INFO -  Latest downloaded file: C:\Users\SelengeTulga\Documents\GitHub\infinity_bh_appfolio\data\rent_roll-20250418.csv
2025-04-18 16:20:09,926 - INFO - [SUCCESS] CSV file ready: C:\Users\SelengeTulga\Documents\GitHub\infinity_bh_appfolio\data\rent_roll-20250418.csv
2025-04-18 16:20:09,926 - INFO - [SUCCESS] CSV URL: file://C:\Users\SelengeTulga\Documents\GitHub\infinity_bh_appfolio\data\rent_roll-20250418.csv
2025-04-18 16:20:09,965 - INFO - Deleted original file: C:\Users\SelengeTulga\Documents\GitHub\infinity_bh_appfolio\data\rent_roll-20250418.csv
2025-04-18 16:20:09,965 - INFO - Navigating to https://infinitybh.appfolio.com/buffered_reports/rent_roll?customize=true and downloading CSV...
2025-04-18 16:20:13,663 - INFO - Set date to 09/30/2024
2025-04-18 16:20:13,817 - INFO - Update button clicked successfully.
2025-04-18 16:20:34,005 - INFO - Export CSV button clicked successfully.
2025-04-18 16:20:34,005 - INFO - CSV export process initiated.
2025-04-18 16:21:04,006 - INFO -  Waiting for CSV file to be downloaded...
2025-04-18 16:21:04,007 - INFO -  Latest downloaded file: C:\Users\SelengeTulga\Documents\GitHub\infinity_bh_appfolio\data\rent_roll-20250418.csv
2025-04-18 16:21:04,007 - INFO - [SUCCESS] CSV file ready: C:\Users\SelengeTulga\Documents\GitHub\infinity_bh_appfolio\data\rent_roll-20250418.csv
2025-04-18 16:21:04,007 - INFO - [SUCCESS] CSV URL: file://C:\Users\SelengeTulga\Documents\GitHub\infinity_bh_appfolio\data\rent_roll-20250418.csv
2025-04-18 16:21:04,047 - INFO - Deleted original file: C:\Users\SelengeTulga\Documents\GitHub\infinity_bh_appfolio\data\rent_roll-20250418.csv
2025-04-18 16:21:04,047 - INFO - Navigating to https://infinitybh.appfolio.com/buffered_reports/rent_roll?customize=true and downloading CSV...
2025-04-18 16:21:07,840 - INFO - Set date to 08/31/2024
2025-04-18 16:21:07,935 - INFO - Update button clicked successfully.
2025-04-18 16:21:28,126 - INFO - Export CSV button clicked successfully.
2025-04-18 16:21:28,126 - INFO - CSV export process initiated.
2025-04-18 16:21:58,126 - INFO -  Waiting for CSV file to be downloaded...
2025-04-18 16:21:58,127 - INFO -  Latest downloaded file: C:\Users\SelengeTulga\Documents\GitHub\infinity_bh_appfolio\data\rent_roll-20250418.csv
2025-04-18 16:21:58,127 - INFO - [SUCCESS] CSV file ready: C:\Users\SelengeTulga\Documents\GitHub\infinity_bh_appfolio\data\rent_roll-20250418.csv
2025-04-18 16:21:58,127 - INFO - [SUCCESS] CSV URL: file://C:\Users\SelengeTulga\Documents\GitHub\infinity_bh_appfolio\data\rent_roll-20250418.csv
2025-04-18 16:21:58,169 - INFO - Deleted original file: C:\Users\SelengeTulga\Documents\GitHub\infinity_bh_appfolio\data\rent_roll-20250418.csv
2025-04-18 16:21:58,170 - INFO - Navigating to https://infinitybh.appfolio.com/buffered_reports/rent_roll?customize=true and downloading CSV...
2025-04-18 16:22:01,922 - INFO - Set date to 07/31/2024
2025-04-18 16:22:02,027 - INFO - Update button clicked successfully.
2025-04-18 16:22:22,260 - INFO - Export CSV button clicked successfully.
2025-04-18 16:22:22,260 - INFO - CSV export process initiated.
2025-04-18 16:22:52,261 - INFO -  Waiting for CSV file to be downloaded...
2025-04-18 16:22:52,263 - INFO -  Latest downloaded file: C:\Users\SelengeTulga\Documents\GitHub\infinity_bh_appfolio\data\rent_roll-20250418.csv
2025-04-18 16:22:52,263 - INFO - [SUCCESS] CSV file ready: C:\Users\SelengeTulga\Documents\GitHub\infinity_bh_appfolio\data\rent_roll-20250418.csv
2025-04-18 16:22:52,263 - INFO - [SUCCESS] CSV URL: file://C:\Users\SelengeTulga\Documents\GitHub\infinity_bh_appfolio\data\rent_roll-20250418.csv
2025-04-18 16:22:52,303 - INFO - Deleted original file: C:\Users\SelengeTulga\Documents\GitHub\infinity_bh_appfolio\data\rent_roll-20250418.csv
2025-04-18 16:22:52,304 - INFO - Navigating to https://infinitybh.appfolio.com/buffered_reports/rent_roll?customize=true and downloading CSV...
2025-04-18 16:22:56,140 - INFO - Set date to 06/30/2024
2025-04-18 16:22:56,268 - INFO - Update button clicked successfully.
2025-04-18 16:23:16,500 - INFO - Export CSV button clicked successfully.
2025-04-18 16:23:16,500 - INFO - CSV export process initiated.
2025-04-18 16:23:46,501 - INFO -  Waiting for CSV file to be downloaded...
2025-04-18 16:23:46,503 - INFO -  Latest downloaded file: C:\Users\SelengeTulga\Documents\GitHub\infinity_bh_appfolio\data\rent_roll-20250418.csv
2025-04-18 16:23:46,504 - INFO - [SUCCESS] CSV file ready: C:\Users\SelengeTulga\Documents\GitHub\infinity_bh_appfolio\data\rent_roll-20250418.csv
2025-04-18 16:23:46,504 - INFO - [SUCCESS] CSV URL: file://C:\Users\SelengeTulga\Documents\GitHub\infinity_bh_appfolio\data\rent_roll-20250418.csv
2025-04-18 16:23:46,549 - INFO - Deleted original file: C:\Users\SelengeTulga\Documents\GitHub\infinity_bh_appfolio\data\rent_roll-20250418.csv
2025-04-18 16:23:46,549 - INFO - Navigating to https://infinitybh.appfolio.com/buffered_reports/rent_roll?customize=true and downloading CSV...
2025-04-18 16:23:50,269 - INFO - Set date to 05/31/2024
2025-04-18 16:23:50,369 - INFO - Update button clicked successfully.
2025-04-18 16:24:10,591 - INFO - Export CSV button clicked successfully.
2025-04-18 16:24:10,592 - INFO - CSV export process initiated.
2025-04-18 16:24:40,592 - INFO -  Waiting for CSV file to be downloaded...
2025-04-18 16:24:40,593 - INFO -  Latest downloaded file: C:\Users\SelengeTulga\Documents\GitHub\infinity_bh_appfolio\data\rent_roll-20250418.csv
2025-04-18 16:24:40,593 - INFO - [SUCCESS] CSV file ready: C:\Users\SelengeTulga\Documents\GitHub\infinity_bh_appfolio\data\rent_roll-20250418.csv
2025-04-18 16:24:40,593 - INFO - [SUCCESS] CSV URL: file://C:\Users\SelengeTulga\Documents\GitHub\infinity_bh_appfolio\data\rent_roll-20250418.csv
2025-04-18 16:24:40,630 - INFO - Deleted original file: C:\Users\SelengeTulga\Documents\GitHub\infinity_bh_appfolio\data\rent_roll-20250418.csv
2025-04-18 16:24:40,631 - INFO - Navigating to https://infinitybh.appfolio.com/buffered_reports/rent_roll?customize=true and downloading CSV...
2025-04-18 16:24:44,472 - INFO - Set date to 04/30/2024
2025-04-18 16:24:44,568 - INFO - Update button clicked successfully.
2025-04-18 16:25:04,733 - INFO - Export CSV button clicked successfully.
2025-04-18 16:25:04,733 - INFO - CSV export process initiated.
2025-04-18 16:25:34,734 - INFO -  Waiting for CSV file to be downloaded...
2025-04-18 16:25:34,735 - INFO -  Latest downloaded file: C:\Users\SelengeTulga\Documents\GitHub\infinity_bh_appfolio\data\rent_roll-20250418.csv
2025-04-18 16:25:34,736 - INFO - [SUCCESS] CSV file ready: C:\Users\SelengeTulga\Documents\GitHub\infinity_bh_appfolio\data\rent_roll-20250418.csv
2025-04-18 16:25:34,736 - INFO - [SUCCESS] CSV URL: file://C:\Users\SelengeTulga\Documents\GitHub\infinity_bh_appfolio\data\rent_roll-20250418.csv
2025-04-18 16:25:34,775 - INFO - Deleted original file: C:\Users\SelengeTulga\Documents\GitHub\infinity_bh_appfolio\data\rent_roll-20250418.csv
2025-04-18 16:25:37,007 - INFO - [SUCCESS] The entire process completed successfully.
2025-04-18 16:30:20,502 - INFO - Started Appfolio data process
2025-04-18 16:30:21,560 - INFO - [INFO] Opening login page...
2025-04-18 16:30:23,861 - INFO - [INFO] Entered username
2025-04-18 16:30:23,934 - INFO - [INFO] Entered password
2025-04-18 16:30:24,728 - INFO - [INFO] Clicked login button
2025-04-18 16:30:27,733 - INFO - [INFO] 2-Step Verification detected. Retrieving verification code...
2025-04-18 16:30:28,085 - INFO - [INFO] Requested verification code.
2025-04-18 16:30:31,657 - INFO - Entered verification code: 132677
2025-04-18 16:30:33,539 - INFO - Successfully submitted the verification code!
2025-04-18 16:30:36,540 - INFO - Navigating to https://infinitybh.appfolio.com/buffered_reports/rent_roll?customize=true and downloading CSV...
2025-04-18 16:30:40,101 - INFO - Update button clicked successfully.
2025-04-18 16:31:00,295 - INFO - Export CSV button clicked successfully.
2025-04-18 16:31:00,295 - INFO - CSV export process initiated.
2025-04-18 16:31:30,296 - INFO -  Waiting for CSV file to be downloaded...
2025-04-18 16:31:30,297 - INFO -  Latest downloaded file: C:\Users\SelengeTulga\Documents\GitHub\infinity_bh_appfolio\data\rent_roll-20250418.csv
2025-04-18 16:31:30,297 - INFO - [SUCCESS] CSV file ready: C:\Users\SelengeTulga\Documents\GitHub\infinity_bh_appfolio\data\rent_roll-20250418.csv
2025-04-18 16:31:30,297 - INFO - [SUCCESS] CSV URL: file://C:\Users\SelengeTulga\Documents\GitHub\infinity_bh_appfolio\data\rent_roll-20250418.csv
2025-04-18 16:31:30,370 - INFO - Deleted original file: C:\Users\SelengeTulga\Documents\GitHub\infinity_bh_appfolio\data\rent_roll-20250418.csv
2025-04-18 16:31:30,370 - INFO - Navigating to https://infinitybh.appfolio.com/buffered_reports/tenant_directory?customize=true and downloading CSV...
2025-04-18 16:31:34,164 - INFO - Update button clicked successfully.
2025-04-18 16:31:54,409 - INFO - Export CSV button clicked successfully.
2025-04-18 16:31:54,409 - INFO - CSV export process initiated.
2025-04-18 16:32:24,409 - INFO -  Waiting for CSV file to be downloaded...
2025-04-18 16:32:24,410 - INFO -  Latest downloaded file: C:\Users\SelengeTulga\Documents\GitHub\infinity_bh_appfolio\data\tenant_directory-20250418.csv
2025-04-18 16:32:24,410 - INFO - [SUCCESS] CSV file ready: C:\Users\SelengeTulga\Documents\GitHub\infinity_bh_appfolio\data\tenant_directory-20250418.csv
2025-04-18 16:32:24,410 - INFO - [SUCCESS] CSV URL: file://C:\Users\SelengeTulga\Documents\GitHub\infinity_bh_appfolio\data\tenant_directory-20250418.csv
2025-04-18 16:32:24,627 - INFO - Deleted original file: C:\Users\SelengeTulga\Documents\GitHub\infinity_bh_appfolio\data\tenant_directory-20250418.csv
2025-04-18 16:32:24,627 - INFO - Navigating to https://infinitybh.appfolio.com/buffered_reports/work_order?customize=true and downloading CSV...
2025-04-18 16:32:28,957 - INFO - Update button clicked successfully.
2025-04-18 16:32:49,128 - INFO - Export CSV button clicked successfully.
2025-04-18 16:32:49,128 - INFO - CSV export process initiated.
2025-04-18 16:33:19,128 - INFO -  Waiting for CSV file to be downloaded...
2025-04-18 16:33:19,129 - INFO -  Latest downloaded file: C:\Users\SelengeTulga\Documents\GitHub\infinity_bh_appfolio\data\work_order-20250418.csv
2025-04-18 16:33:19,129 - INFO - [SUCCESS] CSV file ready: C:\Users\SelengeTulga\Documents\GitHub\infinity_bh_appfolio\data\work_order-20250418.csv
2025-04-18 16:33:19,129 - INFO - [SUCCESS] CSV URL: file://C:\Users\SelengeTulga\Documents\GitHub\infinity_bh_appfolio\data\work_order-20250418.csv
2025-04-18 16:33:19,205 - INFO - Deleted original file: C:\Users\SelengeTulga\Documents\GitHub\infinity_bh_appfolio\data\work_order-20250418.csv
2025-04-18 16:33:19,206 - INFO - Navigating to https://infinitybh.appfolio.com/buffered_reports/leasing_funnel_performance?customize=true and downloading CSV...
2025-04-18 16:33:23,191 - INFO - Update button clicked successfully.
2025-04-18 16:33:43,375 - INFO - Export CSV button clicked successfully.
2025-04-18 16:33:43,375 - INFO - CSV export process initiated.
2025-04-18 16:34:13,375 - INFO -  Waiting for CSV file to be downloaded...
2025-04-18 16:34:13,376 - INFO -  Latest downloaded file: C:\Users\SelengeTulga\Documents\GitHub\infinity_bh_appfolio\data\leasing_funnel_performance-20250418.csv
2025-04-18 16:34:13,376 - INFO - [SUCCESS] CSV file ready: C:\Users\SelengeTulga\Documents\GitHub\infinity_bh_appfolio\data\leasing_funnel_performance-20250418.csv
2025-04-18 16:34:13,376 - INFO - [SUCCESS] CSV URL: file://C:\Users\SelengeTulga\Documents\GitHub\infinity_bh_appfolio\data\leasing_funnel_performance-20250418.csv
2025-04-18 16:34:13,394 - INFO - Deleted original file: C:\Users\SelengeTulga\Documents\GitHub\infinity_bh_appfolio\data\leasing_funnel_performance-20250418.csv
2025-04-18 16:34:13,394 - INFO - Navigating to https://infinitybh.appfolio.com/buffered_reports/prospect_source_tracking?customize=true and downloading CSV...
2025-04-18 16:34:17,088 - INFO - Update button clicked successfully.
2025-04-18 16:34:37,324 - INFO - Export CSV button clicked successfully.
2025-04-18 16:34:37,325 - INFO - CSV export process initiated.
2025-04-18 16:35:07,326 - INFO -  Waiting for CSV file to be downloaded...
2025-04-18 16:35:07,328 - INFO -  Latest downloaded file: C:\Users\SelengeTulga\Documents\GitHub\infinity_bh_appfolio\data\prospect_source_tracking-20250418.csv
2025-04-18 16:35:07,328 - INFO - [SUCCESS] CSV file ready: C:\Users\SelengeTulga\Documents\GitHub\infinity_bh_appfolio\data\prospect_source_tracking-20250418.csv
2025-04-18 16:35:07,328 - INFO - [SUCCESS] CSV URL: file://C:\Users\SelengeTulga\Documents\GitHub\infinity_bh_appfolio\data\prospect_source_tracking-20250418.csv
2025-04-18 16:35:07,345 - INFO - Deleted original file: C:\Users\SelengeTulga\Documents\GitHub\infinity_bh_appfolio\data\prospect_source_tracking-20250418.csv
2025-04-18 16:35:07,345 - INFO - Navigating to https://infinitybh.appfolio.com/buffered_reports/purchase_order?customize=true and downloading CSV...
2025-04-18 16:35:11,262 - INFO - Update button clicked successfully.
2025-04-18 16:35:31,446 - INFO - Export CSV button clicked successfully.
2025-04-18 16:35:31,446 - INFO - CSV export process initiated.
2025-04-18 16:36:01,447 - INFO -  Waiting for CSV file to be downloaded...
2025-04-18 16:36:01,448 - INFO -  Latest downloaded file: C:\Users\SelengeTulga\Documents\GitHub\infinity_bh_appfolio\data\purchase_order-20250418.csv
2025-04-18 16:36:01,448 - INFO - [SUCCESS] CSV file ready: C:\Users\SelengeTulga\Documents\GitHub\infinity_bh_appfolio\data\purchase_order-20250418.csv
2025-04-18 16:36:01,448 - INFO - [SUCCESS] CSV URL: file://C:\Users\SelengeTulga\Documents\GitHub\infinity_bh_appfolio\data\purchase_order-20250418.csv
2025-04-18 16:36:01,547 - INFO - Deleted original file: C:\Users\SelengeTulga\Documents\GitHub\infinity_bh_appfolio\data\purchase_order-20250418.csv
2025-04-18 16:36:01,548 - INFO - Navigating to https://infinitybh.appfolio.com/buffered_reports/rent_roll?customize=true and downloading CSV...
2025-04-18 16:36:05,221 - INFO - Set date to 03/31/2025
2025-04-18 16:36:05,327 - INFO - Update button clicked successfully.
2025-04-18 16:36:25,643 - INFO - Export CSV button clicked successfully.
2025-04-18 16:36:25,644 - INFO - CSV export process initiated.
2025-04-18 16:36:55,645 - INFO -  Waiting for CSV file to be downloaded...
2025-04-18 16:36:55,646 - INFO -  Latest downloaded file: C:\Users\SelengeTulga\Documents\GitHub\infinity_bh_appfolio\data\rent_roll-20250418.csv
2025-04-18 16:36:55,646 - INFO - [SUCCESS] CSV file ready: C:\Users\SelengeTulga\Documents\GitHub\infinity_bh_appfolio\data\rent_roll-20250418.csv
2025-04-18 16:36:55,646 - INFO - [SUCCESS] CSV URL: file://C:\Users\SelengeTulga\Documents\GitHub\infinity_bh_appfolio\data\rent_roll-20250418.csv
2025-04-18 16:36:55,687 - INFO - Deleted original file: C:\Users\SelengeTulga\Documents\GitHub\infinity_bh_appfolio\data\rent_roll-20250418.csv
2025-04-18 16:36:55,687 - INFO - Navigating to https://infinitybh.appfolio.com/buffered_reports/rent_roll?customize=true and downloading CSV...
2025-04-18 16:36:59,460 - INFO - Set date to 02/28/2025
2025-04-18 16:36:59,602 - INFO - Update button clicked successfully.
2025-04-18 16:37:19,787 - INFO - Export CSV button clicked successfully.
2025-04-18 16:37:19,787 - INFO - CSV export process initiated.
2025-04-18 16:37:49,788 - INFO -  Waiting for CSV file to be downloaded...
2025-04-18 16:37:49,789 - INFO -  Latest downloaded file: C:\Users\SelengeTulga\Documents\GitHub\infinity_bh_appfolio\data\rent_roll-20250418.csv
2025-04-18 16:37:49,789 - INFO - [SUCCESS] CSV file ready: C:\Users\SelengeTulga\Documents\GitHub\infinity_bh_appfolio\data\rent_roll-20250418.csv
2025-04-18 16:37:49,789 - INFO - [SUCCESS] CSV URL: file://C:\Users\SelengeTulga\Documents\GitHub\infinity_bh_appfolio\data\rent_roll-20250418.csv
2025-04-18 16:37:49,839 - INFO - Deleted original file: C:\Users\SelengeTulga\Documents\GitHub\infinity_bh_appfolio\data\rent_roll-20250418.csv
2025-04-18 16:37:49,840 - INFO - Navigating to https://infinitybh.appfolio.com/buffered_reports/rent_roll?customize=true and downloading CSV...
2025-04-18 16:37:53,662 - INFO - Set date to 01/31/2025
2025-04-18 16:37:53,756 - INFO - Update button clicked successfully.
2025-04-18 16:38:14,033 - INFO - Export CSV button clicked successfully.
2025-04-18 16:38:14,033 - INFO - CSV export process initiated.
2025-04-18 16:38:44,034 - INFO -  Waiting for CSV file to be downloaded...
2025-04-18 16:38:44,035 - INFO -  Latest downloaded file: C:\Users\SelengeTulga\Documents\GitHub\infinity_bh_appfolio\data\rent_roll-20250418.csv
2025-04-18 16:38:44,035 - INFO - [SUCCESS] CSV file ready: C:\Users\SelengeTulga\Documents\GitHub\infinity_bh_appfolio\data\rent_roll-20250418.csv
2025-04-18 16:38:44,035 - INFO - [SUCCESS] CSV URL: file://C:\Users\SelengeTulga\Documents\GitHub\infinity_bh_appfolio\data\rent_roll-20250418.csv
2025-04-18 16:38:44,078 - INFO - Deleted original file: C:\Users\SelengeTulga\Documents\GitHub\infinity_bh_appfolio\data\rent_roll-20250418.csv
2025-04-18 16:38:44,078 - INFO - Navigating to https://infinitybh.appfolio.com/buffered_reports/rent_roll?customize=true and downloading CSV...
2025-04-18 16:38:47,901 - INFO - Set date to 12/31/2024
2025-04-18 16:38:48,006 - INFO - Update button clicked successfully.
2025-04-18 16:39:08,174 - INFO - Export CSV button clicked successfully.
2025-04-18 16:39:08,174 - INFO - CSV export process initiated.
2025-04-18 16:39:38,175 - INFO -  Waiting for CSV file to be downloaded...
2025-04-18 16:39:38,177 - INFO -  Latest downloaded file: C:\Users\SelengeTulga\Documents\GitHub\infinity_bh_appfolio\data\rent_roll-20250418.csv
2025-04-18 16:39:38,177 - INFO - [SUCCESS] CSV file ready: C:\Users\SelengeTulga\Documents\GitHub\infinity_bh_appfolio\data\rent_roll-20250418.csv
2025-04-18 16:39:38,177 - INFO - [SUCCESS] CSV URL: file://C:\Users\SelengeTulga\Documents\GitHub\infinity_bh_appfolio\data\rent_roll-20250418.csv
2025-04-18 16:39:38,218 - INFO - Deleted original file: C:\Users\SelengeTulga\Documents\GitHub\infinity_bh_appfolio\data\rent_roll-20250418.csv
2025-04-18 16:39:38,218 - INFO - Navigating to https://infinitybh.appfolio.com/buffered_reports/rent_roll?customize=true and downloading CSV...
2025-04-18 16:39:42,619 - INFO - Set date to 11/30/2024
2025-04-18 16:39:42,696 - INFO - Update button clicked successfully.
2025-04-18 16:40:02,881 - INFO - Export CSV button clicked successfully.
2025-04-18 16:40:02,881 - INFO - CSV export process initiated.
2025-04-18 16:40:32,882 - INFO -  Waiting for CSV file to be downloaded...
2025-04-18 16:40:32,884 - INFO -  Latest downloaded file: C:\Users\SelengeTulga\Documents\GitHub\infinity_bh_appfolio\data\rent_roll-20250418.csv
2025-04-18 16:40:32,884 - INFO - [SUCCESS] CSV file ready: C:\Users\SelengeTulga\Documents\GitHub\infinity_bh_appfolio\data\rent_roll-20250418.csv
2025-04-18 16:40:32,884 - INFO - [SUCCESS] CSV URL: file://C:\Users\SelengeTulga\Documents\GitHub\infinity_bh_appfolio\data\rent_roll-20250418.csv
2025-04-18 16:40:32,921 - INFO - Deleted original file: C:\Users\SelengeTulga\Documents\GitHub\infinity_bh_appfolio\data\rent_roll-20250418.csv
2025-04-18 16:40:32,922 - INFO - Navigating to https://infinitybh.appfolio.com/buffered_reports/rent_roll?customize=true and downloading CSV...
2025-04-18 16:40:36,606 - INFO - Set date to 10/31/2024
2025-04-18 16:40:36,770 - INFO - Update button clicked successfully.
2025-04-18 16:40:57,039 - INFO - Export CSV button clicked successfully.
2025-04-18 16:40:57,040 - INFO - CSV export process initiated.
2025-04-18 16:41:27,040 - INFO -  Waiting for CSV file to be downloaded...
2025-04-18 16:41:27,041 - INFO -  Latest downloaded file: C:\Users\SelengeTulga\Documents\GitHub\infinity_bh_appfolio\data\rent_roll-20250418.csv
2025-04-18 16:41:27,041 - INFO - [SUCCESS] CSV file ready: C:\Users\SelengeTulga\Documents\GitHub\infinity_bh_appfolio\data\rent_roll-20250418.csv
2025-04-18 16:41:27,041 - INFO - [SUCCESS] CSV URL: file://C:\Users\SelengeTulga\Documents\GitHub\infinity_bh_appfolio\data\rent_roll-20250418.csv
2025-04-18 16:41:27,089 - INFO - Deleted original file: C:\Users\SelengeTulga\Documents\GitHub\infinity_bh_appfolio\data\rent_roll-20250418.csv
2025-04-18 16:41:27,089 - INFO - Navigating to https://infinitybh.appfolio.com/buffered_reports/rent_roll?customize=true and downloading CSV...
2025-04-18 16:41:30,935 - INFO - Set date to 09/30/2024
2025-04-18 16:41:31,034 - INFO - Update button clicked successfully.
2025-04-18 16:41:51,379 - INFO - Export CSV button clicked successfully.
2025-04-18 16:41:51,380 - INFO - CSV export process initiated.
2025-04-18 16:42:21,381 - INFO -  Waiting for CSV file to be downloaded...
2025-04-18 16:42:21,382 - INFO -  Latest downloaded file: C:\Users\SelengeTulga\Documents\GitHub\infinity_bh_appfolio\data\rent_roll-20250418.csv
2025-04-18 16:42:21,382 - INFO - [SUCCESS] CSV file ready: C:\Users\SelengeTulga\Documents\GitHub\infinity_bh_appfolio\data\rent_roll-20250418.csv
2025-04-18 16:42:21,382 - INFO - [SUCCESS] CSV URL: file://C:\Users\SelengeTulga\Documents\GitHub\infinity_bh_appfolio\data\rent_roll-20250418.csv
2025-04-18 16:42:21,417 - INFO - Deleted original file: C:\Users\SelengeTulga\Documents\GitHub\infinity_bh_appfolio\data\rent_roll-20250418.csv
2025-04-18 16:42:21,417 - INFO - Navigating to https://infinitybh.appfolio.com/buffered_reports/rent_roll?customize=true and downloading CSV...
2025-04-18 16:42:25,022 - INFO - Set date to 08/31/2024
2025-04-18 16:42:25,123 - INFO - Update button clicked successfully.
2025-04-18 16:42:45,332 - INFO - Export CSV button clicked successfully.
2025-04-18 16:42:45,333 - INFO - CSV export process initiated.
2025-04-18 16:43:15,333 - INFO -  Waiting for CSV file to be downloaded...
2025-04-18 16:43:15,335 - INFO -  Latest downloaded file: C:\Users\SelengeTulga\Documents\GitHub\infinity_bh_appfolio\data\rent_roll-20250418.csv
2025-04-18 16:43:15,336 - INFO - [SUCCESS] CSV file ready: C:\Users\SelengeTulga\Documents\GitHub\infinity_bh_appfolio\data\rent_roll-20250418.csv
2025-04-18 16:43:15,336 - INFO - [SUCCESS] CSV URL: file://C:\Users\SelengeTulga\Documents\GitHub\infinity_bh_appfolio\data\rent_roll-20250418.csv
2025-04-18 16:43:15,391 - INFO - Deleted original file: C:\Users\SelengeTulga\Documents\GitHub\infinity_bh_appfolio\data\rent_roll-20250418.csv
2025-04-18 16:43:15,392 - INFO - Navigating to https://infinitybh.appfolio.com/buffered_reports/rent_roll?customize=true and downloading CSV...
2025-04-18 16:43:19,493 - INFO - Set date to 07/31/2024
2025-04-18 16:43:19,610 - INFO - Update button clicked successfully.
2025-04-18 16:43:39,847 - INFO - Export CSV button clicked successfully.
2025-04-18 16:43:39,847 - INFO - CSV export process initiated.
2025-04-18 16:44:09,848 - INFO -  Waiting for CSV file to be downloaded...
2025-04-18 16:44:09,849 - INFO -  Latest downloaded file: C:\Users\SelengeTulga\Documents\GitHub\infinity_bh_appfolio\data\rent_roll-20250418.csv
2025-04-18 16:44:09,849 - INFO - [SUCCESS] CSV file ready: C:\Users\SelengeTulga\Documents\GitHub\infinity_bh_appfolio\data\rent_roll-20250418.csv
2025-04-18 16:44:09,849 - INFO - [SUCCESS] CSV URL: file://C:\Users\SelengeTulga\Documents\GitHub\infinity_bh_appfolio\data\rent_roll-20250418.csv
2025-04-18 16:44:09,897 - INFO - Deleted original file: C:\Users\SelengeTulga\Documents\GitHub\infinity_bh_appfolio\data\rent_roll-20250418.csv
2025-04-18 16:44:09,897 - INFO - Navigating to https://infinitybh.appfolio.com/buffered_reports/rent_roll?customize=true and downloading CSV...
2025-04-18 16:44:13,886 - INFO - Set date to 06/30/2024
2025-04-18 16:44:13,992 - INFO - Update button clicked successfully.
2025-04-18 16:44:34,302 - INFO - Export CSV button clicked successfully.
2025-04-18 16:44:34,302 - INFO - CSV export process initiated.
2025-04-18 16:45:04,303 - INFO -  Waiting for CSV file to be downloaded...
2025-04-18 16:45:04,305 - INFO -  Latest downloaded file: C:\Users\SelengeTulga\Documents\GitHub\infinity_bh_appfolio\data\rent_roll-20250418.csv
2025-04-18 16:45:04,305 - INFO - [SUCCESS] CSV file ready: C:\Users\SelengeTulga\Documents\GitHub\infinity_bh_appfolio\data\rent_roll-20250418.csv
2025-04-18 16:45:04,305 - INFO - [SUCCESS] CSV URL: file://C:\Users\SelengeTulga\Documents\GitHub\infinity_bh_appfolio\data\rent_roll-20250418.csv
2025-04-18 16:45:04,352 - INFO - Deleted original file: C:\Users\SelengeTulga\Documents\GitHub\infinity_bh_appfolio\data\rent_roll-20250418.csv
2025-04-18 16:45:04,353 - INFO - Navigating to https://infinitybh.appfolio.com/buffered_reports/rent_roll?customize=true and downloading CSV...
2025-04-18 16:45:08,026 - INFO - Set date to 05/31/2024
2025-04-18 16:45:08,151 - INFO - Update button clicked successfully.
2025-04-18 16:45:28,310 - INFO - Export CSV button clicked successfully.
2025-04-18 16:45:28,310 - INFO - CSV export process initiated.
2025-04-18 16:45:58,311 - INFO -  Waiting for CSV file to be downloaded...
2025-04-18 16:45:58,313 - INFO -  Latest downloaded file: C:\Users\SelengeTulga\Documents\GitHub\infinity_bh_appfolio\data\rent_roll-20250418.csv
2025-04-18 16:45:58,314 - INFO - [SUCCESS] CSV file ready: C:\Users\SelengeTulga\Documents\GitHub\infinity_bh_appfolio\data\rent_roll-20250418.csv
2025-04-18 16:45:58,314 - INFO - [SUCCESS] CSV URL: file://C:\Users\SelengeTulga\Documents\GitHub\infinity_bh_appfolio\data\rent_roll-20250418.csv
2025-04-18 16:45:58,377 - INFO - Deleted original file: C:\Users\SelengeTulga\Documents\GitHub\infinity_bh_appfolio\data\rent_roll-20250418.csv
2025-04-18 16:45:58,378 - INFO - Navigating to https://infinitybh.appfolio.com/buffered_reports/rent_roll?customize=true and downloading CSV...
2025-04-18 16:46:02,212 - INFO - Set date to 04/30/2024
2025-04-18 16:46:02,307 - INFO - Update button clicked successfully.
2025-04-18 16:46:22,501 - INFO - Export CSV button clicked successfully.
2025-04-18 16:46:22,501 - INFO - CSV export process initiated.
2025-04-18 16:46:52,502 - INFO -  Waiting for CSV file to be downloaded...
2025-04-18 16:46:52,504 - INFO -  Latest downloaded file: C:\Users\SelengeTulga\Documents\GitHub\infinity_bh_appfolio\data\rent_roll-20250418.csv
2025-04-18 16:46:52,504 - INFO - [SUCCESS] CSV file ready: C:\Users\SelengeTulga\Documents\GitHub\infinity_bh_appfolio\data\rent_roll-20250418.csv
2025-04-18 16:46:52,504 - INFO - [SUCCESS] CSV URL: file://C:\Users\SelengeTulga\Documents\GitHub\infinity_bh_appfolio\data\rent_roll-20250418.csv
2025-04-18 16:46:52,548 - INFO - Deleted original file: C:\Users\SelengeTulga\Documents\GitHub\infinity_bh_appfolio\data\rent_roll-20250418.csv
2025-04-18 16:46:54,786 - INFO - [SUCCESS] The entire process completed successfully.
2025-04-18 16:48:43,588 - INFO - Started Appfolio data process
2025-04-18 16:48:44,679 - INFO - [INFO] Opening login page...
2025-04-18 16:48:46,583 - INFO - [INFO] Entered username
2025-04-18 16:48:46,658 - INFO - [INFO] Entered password
2025-04-18 16:48:46,804 - INFO - [INFO] Clicked login button
2025-04-18 16:48:49,813 - INFO - [INFO] 2-Step Verification detected. Retrieving verification code...
2025-04-18 16:48:50,153 - INFO - [INFO] Requested verification code.
2025-04-18 16:48:53,702 - INFO - Entered verification code: 394652
2025-04-18 16:48:53,776 - INFO - Successfully submitted the verification code!
2025-04-18 16:48:56,777 - INFO - Navigating to https://infinitybh.appfolio.com/buffered_reports/rent_roll?customize=true and downloading CSV...
2025-04-18 16:49:00,451 - INFO - Update button clicked successfully.
2025-04-18 16:49:20,660 - INFO - Export CSV button clicked successfully.
2025-04-18 16:49:20,661 - INFO - CSV export process initiated.
2025-04-18 16:49:50,662 - INFO -  Waiting for CSV file to be downloaded...
2025-04-18 16:49:50,663 - INFO -  Latest downloaded file: C:\Users\SelengeTulga\Documents\GitHub\infinity_bh_appfolio\data\rent_roll-20250418.csv
2025-04-18 16:49:50,664 - INFO - [SUCCESS] CSV file ready: C:\Users\SelengeTulga\Documents\GitHub\infinity_bh_appfolio\data\rent_roll-20250418.csv
2025-04-18 16:49:50,664 - INFO - [SUCCESS] CSV URL: file://C:\Users\SelengeTulga\Documents\GitHub\infinity_bh_appfolio\data\rent_roll-20250418.csv
2025-04-18 16:49:50,715 - INFO - Deleted original file: C:\Users\SelengeTulga\Documents\GitHub\infinity_bh_appfolio\data\rent_roll-20250418.csv
2025-04-18 16:49:52,900 - INFO - [SUCCESS] The entire process completed successfully.
2025-04-18 16:50:19,416 - INFO - Started Appfolio data process
2025-04-18 16:50:20,470 - INFO - [INFO] Opening login page...
2025-04-18 16:50:22,553 - INFO - [INFO] Entered username
2025-04-18 16:50:22,716 - INFO - [INFO] Entered password
2025-04-18 16:50:23,503 - INFO - [INFO] Clicked login button
2025-04-18 16:50:26,510 - INFO - [INFO] 2-Step Verification detected. Retrieving verification code...
2025-04-18 16:50:26,886 - INFO - [INFO] Requested verification code.
2025-04-18 16:50:32,745 - INFO - Entered verification code: 818521
2025-04-18 16:50:32,831 - INFO - Successfully submitted the verification code!
2025-04-18 16:50:35,832 - INFO - Navigating to https://infinitybh.appfolio.com/buffered_reports/tenant_directory?customize=true and downloading CSV...
2025-04-18 16:50:39,677 - INFO - Update button clicked successfully.
2025-04-18 16:50:59,942 - INFO - Export CSV button clicked successfully.
2025-04-18 16:50:59,942 - INFO - CSV export process initiated.
2025-04-18 16:51:29,943 - INFO -  Waiting for CSV file to be downloaded...
2025-04-18 16:51:29,945 - INFO -  Latest downloaded file: C:\Users\SelengeTulga\Documents\GitHub\infinity_bh_appfolio\data\tenant_directory-20250418.csv
2025-04-18 16:51:29,945 - INFO - [SUCCESS] CSV file ready: C:\Users\SelengeTulga\Documents\GitHub\infinity_bh_appfolio\data\tenant_directory-20250418.csv
2025-04-18 16:51:29,945 - INFO - [SUCCESS] CSV URL: file://C:\Users\SelengeTulga\Documents\GitHub\infinity_bh_appfolio\data\tenant_directory-20250418.csv
2025-04-18 16:51:30,094 - INFO - Deleted original file: C:\Users\SelengeTulga\Documents\GitHub\infinity_bh_appfolio\data\tenant_directory-20250418.csv
2025-04-18 16:51:30,094 - INFO - Navigating to https://infinitybh.appfolio.com/buffered_reports/prospect_source_tracking?customize=true and downloading CSV...
2025-04-18 16:51:33,593 - INFO - Update button clicked successfully.
2025-04-18 16:51:53,758 - INFO - Export CSV button clicked successfully.
2025-04-18 16:51:53,758 - INFO - CSV export process initiated.
2025-04-18 16:52:23,759 - INFO -  Waiting for CSV file to be downloaded...
2025-04-18 16:52:23,760 - INFO -  Latest downloaded file: C:\Users\SelengeTulga\Documents\GitHub\infinity_bh_appfolio\data\prospect_source_tracking-20250418.csv
2025-04-18 16:52:23,761 - INFO - [SUCCESS] CSV file ready: C:\Users\SelengeTulga\Documents\GitHub\infinity_bh_appfolio\data\prospect_source_tracking-20250418.csv
2025-04-18 16:52:23,761 - INFO - [SUCCESS] CSV URL: file://C:\Users\SelengeTulga\Documents\GitHub\infinity_bh_appfolio\data\prospect_source_tracking-20250418.csv
2025-04-18 16:52:23,765 - INFO - Deleted original file: C:\Users\SelengeTulga\Documents\GitHub\infinity_bh_appfolio\data\prospect_source_tracking-20250418.csv
2025-04-18 16:52:25,962 - INFO - [SUCCESS] The entire process completed successfully.
2025-04-18 16:59:59,513 - INFO - Started Appfolio data process
2025-04-18 17:00:00,578 - INFO - [INFO] Opening login page...
2025-04-18 17:00:04,650 - INFO - [INFO] Entered username
2025-04-18 17:00:04,723 - INFO - [INFO] Entered password
2025-04-18 17:00:04,786 - INFO - [INFO] Clicked login button
2025-04-18 17:00:07,793 - INFO - [INFO] 2-Step Verification detected. Retrieving verification code...
2025-04-18 17:00:08,124 - INFO - [INFO] Requested verification code.
2025-04-18 17:00:13,944 - INFO - Entered verification code: 019504
2025-04-18 17:00:16,350 - INFO - Successfully submitted the verification code!
2025-04-18 17:00:19,351 - INFO - Navigating to https://infinitybh.appfolio.com/buffered_reports/rent_roll?customize=true and downloading CSV...
2025-04-18 17:00:22,906 - INFO - Update button clicked successfully.
2025-04-18 17:00:43,069 - INFO - Export CSV button clicked successfully.
2025-04-18 17:00:43,070 - INFO - CSV export process initiated.
2025-04-18 17:01:13,071 - INFO -  Waiting for CSV file to be downloaded...
2025-04-18 17:01:13,073 - INFO -  Latest downloaded file: C:\Users\SelengeTulga\Documents\GitHub\infinity_bh_appfolio\data\rent_roll-20250418.csv
2025-04-18 17:01:13,073 - INFO - [SUCCESS] CSV file ready: C:\Users\SelengeTulga\Documents\GitHub\infinity_bh_appfolio\data\rent_roll-20250418.csv
2025-04-18 17:01:13,073 - INFO - [SUCCESS] CSV URL: file://C:\Users\SelengeTulga\Documents\GitHub\infinity_bh_appfolio\data\rent_roll-20250418.csv
2025-04-18 17:01:13,125 - INFO - Deleted original file: C:\Users\SelengeTulga\Documents\GitHub\infinity_bh_appfolio\data\rent_roll-20250418.csv
2025-04-18 17:01:13,125 - INFO - Navigating to https://infinitybh.appfolio.com/buffered_reports/tenant_directory?customize=true and downloading CSV...
2025-04-18 17:01:16,816 - INFO - Update button clicked successfully.
2025-04-18 17:01:36,984 - INFO - Export CSV button clicked successfully.
2025-04-18 17:01:36,984 - INFO - CSV export process initiated.
2025-04-18 17:02:06,985 - INFO -  Waiting for CSV file to be downloaded...
2025-04-18 17:02:06,986 - INFO -  Latest downloaded file: C:\Users\SelengeTulga\Documents\GitHub\infinity_bh_appfolio\data\tenant_directory-20250418.csv
2025-04-18 17:02:06,986 - INFO - [SUCCESS] CSV file ready: C:\Users\SelengeTulga\Documents\GitHub\infinity_bh_appfolio\data\tenant_directory-20250418.csv
2025-04-18 17:02:06,986 - INFO - [SUCCESS] CSV URL: file://C:\Users\SelengeTulga\Documents\GitHub\infinity_bh_appfolio\data\tenant_directory-20250418.csv
2025-04-18 17:02:07,199 - INFO - Deleted original file: C:\Users\SelengeTulga\Documents\GitHub\infinity_bh_appfolio\data\tenant_directory-20250418.csv
2025-04-18 17:02:07,200 - INFO - Navigating to https://infinitybh.appfolio.com/buffered_reports/work_order?customize=true and downloading CSV...
2025-04-18 17:02:11,345 - INFO - Update button clicked successfully.
2025-04-18 17:02:31,515 - INFO - Export CSV button clicked successfully.
2025-04-18 17:02:31,516 - INFO - CSV export process initiated.
2025-04-18 17:03:01,517 - INFO -  Waiting for CSV file to be downloaded...
2025-04-18 17:03:01,518 - INFO -  Latest downloaded file: C:\Users\SelengeTulga\Documents\GitHub\infinity_bh_appfolio\data\work_order-20250418.csv
2025-04-18 17:03:01,518 - INFO - [SUCCESS] CSV file ready: C:\Users\SelengeTulga\Documents\GitHub\infinity_bh_appfolio\data\work_order-20250418.csv
2025-04-18 17:03:01,518 - INFO - [SUCCESS] CSV URL: file://C:\Users\SelengeTulga\Documents\GitHub\infinity_bh_appfolio\data\work_order-20250418.csv
2025-04-18 17:03:01,597 - INFO - Deleted original file: C:\Users\SelengeTulga\Documents\GitHub\infinity_bh_appfolio\data\work_order-20250418.csv
2025-04-18 17:03:01,597 - INFO - Navigating to https://infinitybh.appfolio.com/buffered_reports/leasing_funnel_performance?customize=true and downloading CSV...
2025-04-18 17:03:05,339 - INFO - Update button clicked successfully.
2025-04-18 17:03:25,487 - INFO - Export CSV button clicked successfully.
2025-04-18 17:03:25,488 - INFO - CSV export process initiated.
2025-04-18 17:03:55,488 - INFO -  Waiting for CSV file to be downloaded...
2025-04-18 17:03:55,490 - INFO -  Latest downloaded file: C:\Users\SelengeTulga\Documents\GitHub\infinity_bh_appfolio\data\leasing_funnel_performance-20250418.csv
2025-04-18 17:03:55,490 - INFO - [SUCCESS] CSV file ready: C:\Users\SelengeTulga\Documents\GitHub\infinity_bh_appfolio\data\leasing_funnel_performance-20250418.csv
2025-04-18 17:03:55,490 - INFO - [SUCCESS] CSV URL: file://C:\Users\SelengeTulga\Documents\GitHub\infinity_bh_appfolio\data\leasing_funnel_performance-20250418.csv
2025-04-18 17:03:55,496 - INFO - Deleted original file: C:\Users\SelengeTulga\Documents\GitHub\infinity_bh_appfolio\data\leasing_funnel_performance-20250418.csv
2025-04-18 17:03:55,497 - INFO - Navigating to https://infinitybh.appfolio.com/buffered_reports/prospect_source_tracking?customize=true and downloading CSV...
2025-04-18 17:03:59,093 - INFO - Update button clicked successfully.
2025-04-18 17:04:19,277 - INFO - Export CSV button clicked successfully.
2025-04-18 17:04:19,277 - INFO - CSV export process initiated.
2025-04-18 17:04:49,277 - INFO -  Waiting for CSV file to be downloaded...
2025-04-18 17:04:49,279 - INFO -  Latest downloaded file: C:\Users\SelengeTulga\Documents\GitHub\infinity_bh_appfolio\data\prospect_source_tracking-20250418.csv
2025-04-18 17:04:49,280 - INFO - [SUCCESS] CSV file ready: C:\Users\SelengeTulga\Documents\GitHub\infinity_bh_appfolio\data\prospect_source_tracking-20250418.csv
2025-04-18 17:04:49,280 - INFO - [SUCCESS] CSV URL: file://C:\Users\SelengeTulga\Documents\GitHub\infinity_bh_appfolio\data\prospect_source_tracking-20250418.csv
2025-04-18 17:04:49,285 - INFO - Deleted original file: C:\Users\SelengeTulga\Documents\GitHub\infinity_bh_appfolio\data\prospect_source_tracking-20250418.csv
2025-04-18 17:04:49,285 - INFO - Navigating to https://infinitybh.appfolio.com/buffered_reports/purchase_order?customize=true and downloading CSV...
2025-04-18 17:04:53,195 - INFO - Update button clicked successfully.
2025-04-18 17:05:13,347 - INFO - Export CSV button clicked successfully.
2025-04-18 17:05:13,347 - INFO - CSV export process initiated.
2025-04-18 17:05:43,348 - INFO -  Waiting for CSV file to be downloaded...
2025-04-18 17:05:43,350 - INFO -  Latest downloaded file: C:\Users\SelengeTulga\Documents\GitHub\infinity_bh_appfolio\data\purchase_order-20250418.csv
2025-04-18 17:05:43,351 - INFO - [SUCCESS] CSV file ready: C:\Users\SelengeTulga\Documents\GitHub\infinity_bh_appfolio\data\purchase_order-20250418.csv
2025-04-18 17:05:43,351 - INFO - [SUCCESS] CSV URL: file://C:\Users\SelengeTulga\Documents\GitHub\infinity_bh_appfolio\data\purchase_order-20250418.csv
2025-04-18 17:05:43,425 - INFO - Deleted original file: C:\Users\SelengeTulga\Documents\GitHub\infinity_bh_appfolio\data\purchase_order-20250418.csv
2025-04-18 17:05:43,426 - INFO - Navigating to https://infinitybh.appfolio.com/buffered_reports/rent_roll?customize=true and downloading CSV...
2025-04-18 17:05:46,987 - INFO - Set date to 03/31/2025
2025-04-18 17:05:47,079 - INFO - Update button clicked successfully.
2025-04-18 17:06:07,252 - INFO - Export CSV button clicked successfully.
2025-04-18 17:06:07,252 - INFO - CSV export process initiated.
2025-04-18 17:06:37,253 - INFO -  Waiting for CSV file to be downloaded...
2025-04-18 17:06:37,255 - INFO -  Latest downloaded file: C:\Users\SelengeTulga\Documents\GitHub\infinity_bh_appfolio\data\rent_roll-20250418.csv
2025-04-18 17:06:37,255 - INFO - [SUCCESS] CSV file ready: C:\Users\SelengeTulga\Documents\GitHub\infinity_bh_appfolio\data\rent_roll-20250418.csv
2025-04-18 17:06:37,255 - INFO - [SUCCESS] CSV URL: file://C:\Users\SelengeTulga\Documents\GitHub\infinity_bh_appfolio\data\rent_roll-20250418.csv
2025-04-18 17:06:37,297 - INFO - Deleted original file: C:\Users\SelengeTulga\Documents\GitHub\infinity_bh_appfolio\data\rent_roll-20250418.csv
2025-04-18 17:06:37,297 - INFO - Navigating to https://infinitybh.appfolio.com/buffered_reports/rent_roll?customize=true and downloading CSV...
2025-04-18 17:06:40,866 - INFO - Set date to 02/28/2025
2025-04-18 17:06:40,939 - INFO - Update button clicked successfully.
2025-04-18 17:07:01,097 - INFO - Export CSV button clicked successfully.
2025-04-18 17:07:01,097 - INFO - CSV export process initiated.
2025-04-18 17:07:31,097 - INFO -  Waiting for CSV file to be downloaded...
2025-04-18 17:07:31,098 - INFO -  Latest downloaded file: C:\Users\SelengeTulga\Documents\GitHub\infinity_bh_appfolio\data\rent_roll-20250418.csv
2025-04-18 17:07:31,099 - INFO - [SUCCESS] CSV file ready: C:\Users\SelengeTulga\Documents\GitHub\infinity_bh_appfolio\data\rent_roll-20250418.csv
2025-04-18 17:07:31,099 - INFO - [SUCCESS] CSV URL: file://C:\Users\SelengeTulga\Documents\GitHub\infinity_bh_appfolio\data\rent_roll-20250418.csv
2025-04-18 17:07:31,145 - INFO - Deleted original file: C:\Users\SelengeTulga\Documents\GitHub\infinity_bh_appfolio\data\rent_roll-20250418.csv
2025-04-18 17:07:31,145 - INFO - Navigating to https://infinitybh.appfolio.com/buffered_reports/rent_roll?customize=true and downloading CSV...
2025-04-18 17:07:34,670 - INFO - Set date to 01/31/2025
2025-04-18 17:07:34,740 - INFO - Update button clicked successfully.
2025-04-18 17:07:54,923 - INFO - Export CSV button clicked successfully.
2025-04-18 17:07:54,923 - INFO - CSV export process initiated.
2025-04-18 17:08:24,924 - INFO -  Waiting for CSV file to be downloaded...
2025-04-18 17:08:24,926 - INFO -  Latest downloaded file: C:\Users\SelengeTulga\Documents\GitHub\infinity_bh_appfolio\data\rent_roll-20250418.csv
2025-04-18 17:08:24,927 - INFO - [SUCCESS] CSV file ready: C:\Users\SelengeTulga\Documents\GitHub\infinity_bh_appfolio\data\rent_roll-20250418.csv
2025-04-18 17:08:24,927 - INFO - [SUCCESS] CSV URL: file://C:\Users\SelengeTulga\Documents\GitHub\infinity_bh_appfolio\data\rent_roll-20250418.csv
2025-04-18 17:08:24,961 - INFO - Deleted original file: C:\Users\SelengeTulga\Documents\GitHub\infinity_bh_appfolio\data\rent_roll-20250418.csv
2025-04-18 17:08:24,962 - INFO - Navigating to https://infinitybh.appfolio.com/buffered_reports/rent_roll?customize=true and downloading CSV...
2025-04-18 17:08:28,603 - INFO - Set date to 12/31/2024
2025-04-18 17:08:28,673 - INFO - Update button clicked successfully.
2025-04-18 17:08:48,851 - INFO - Export CSV button clicked successfully.
2025-04-18 17:08:48,852 - INFO - CSV export process initiated.
2025-04-18 17:09:18,853 - INFO -  Waiting for CSV file to be downloaded...
2025-04-18 17:09:18,855 - INFO -  Latest downloaded file: C:\Users\SelengeTulga\Documents\GitHub\infinity_bh_appfolio\data\rent_roll-20250418.csv
2025-04-18 17:09:18,856 - INFO - [SUCCESS] CSV file ready: C:\Users\SelengeTulga\Documents\GitHub\infinity_bh_appfolio\data\rent_roll-20250418.csv
2025-04-18 17:09:18,856 - INFO - [SUCCESS] CSV URL: file://C:\Users\SelengeTulga\Documents\GitHub\infinity_bh_appfolio\data\rent_roll-20250418.csv
2025-04-18 17:09:18,889 - INFO - Deleted original file: C:\Users\SelengeTulga\Documents\GitHub\infinity_bh_appfolio\data\rent_roll-20250418.csv
2025-04-18 17:09:18,889 - INFO - Navigating to https://infinitybh.appfolio.com/buffered_reports/rent_roll?customize=true and downloading CSV...
2025-04-18 17:09:22,590 - INFO - Set date to 11/30/2024
2025-04-18 17:09:22,661 - INFO - Update button clicked successfully.
2025-04-18 17:09:42,832 - INFO - Export CSV button clicked successfully.
2025-04-18 17:09:42,832 - INFO - CSV export process initiated.
2025-04-18 17:10:12,832 - INFO -  Waiting for CSV file to be downloaded...
2025-04-18 17:10:12,834 - INFO -  Latest downloaded file: C:\Users\SelengeTulga\Documents\GitHub\infinity_bh_appfolio\data\rent_roll-20250418.csv
2025-04-18 17:10:12,836 - INFO - [SUCCESS] CSV file ready: C:\Users\SelengeTulga\Documents\GitHub\infinity_bh_appfolio\data\rent_roll-20250418.csv
2025-04-18 17:10:12,836 - INFO - [SUCCESS] CSV URL: file://C:\Users\SelengeTulga\Documents\GitHub\infinity_bh_appfolio\data\rent_roll-20250418.csv
2025-04-18 17:10:12,878 - INFO - Deleted original file: C:\Users\SelengeTulga\Documents\GitHub\infinity_bh_appfolio\data\rent_roll-20250418.csv
2025-04-18 17:10:12,878 - INFO - Navigating to https://infinitybh.appfolio.com/buffered_reports/rent_roll?customize=true and downloading CSV...
2025-04-18 17:10:16,492 - INFO - Set date to 10/31/2024
2025-04-18 17:10:16,579 - INFO - Update button clicked successfully.
2025-04-18 17:10:36,783 - INFO - Export CSV button clicked successfully.
2025-04-18 17:10:36,784 - INFO - CSV export process initiated.
2025-04-18 17:11:06,785 - INFO -  Waiting for CSV file to be downloaded...
2025-04-18 17:11:06,787 - INFO -  Latest downloaded file: C:\Users\SelengeTulga\Documents\GitHub\infinity_bh_appfolio\data\rent_roll-20250418.csv
2025-04-18 17:11:06,787 - INFO - [SUCCESS] CSV file ready: C:\Users\SelengeTulga\Documents\GitHub\infinity_bh_appfolio\data\rent_roll-20250418.csv
2025-04-18 17:11:06,788 - INFO - [SUCCESS] CSV URL: file://C:\Users\SelengeTulga\Documents\GitHub\infinity_bh_appfolio\data\rent_roll-20250418.csv
2025-04-18 17:11:06,824 - INFO - Deleted original file: C:\Users\SelengeTulga\Documents\GitHub\infinity_bh_appfolio\data\rent_roll-20250418.csv
2025-04-18 17:11:06,824 - INFO - Navigating to https://infinitybh.appfolio.com/buffered_reports/rent_roll?customize=true and downloading CSV...
2025-04-18 17:11:10,434 - INFO - Set date to 09/30/2024
2025-04-18 17:11:10,508 - INFO - Update button clicked successfully.
2025-04-18 17:11:30,689 - INFO - Export CSV button clicked successfully.
2025-04-18 17:11:30,689 - INFO - CSV export process initiated.
2025-04-18 17:12:00,690 - INFO -  Waiting for CSV file to be downloaded...
2025-04-18 17:12:00,692 - INFO -  Latest downloaded file: C:\Users\SelengeTulga\Documents\GitHub\infinity_bh_appfolio\data\rent_roll-20250418.csv
2025-04-18 17:12:00,692 - INFO - [SUCCESS] CSV file ready: C:\Users\SelengeTulga\Documents\GitHub\infinity_bh_appfolio\data\rent_roll-20250418.csv
2025-04-18 17:12:00,693 - INFO - [SUCCESS] CSV URL: file://C:\Users\SelengeTulga\Documents\GitHub\infinity_bh_appfolio\data\rent_roll-20250418.csv
2025-04-18 17:12:00,737 - INFO - Deleted original file: C:\Users\SelengeTulga\Documents\GitHub\infinity_bh_appfolio\data\rent_roll-20250418.csv
2025-04-18 17:12:00,737 - INFO - Navigating to https://infinitybh.appfolio.com/buffered_reports/rent_roll?customize=true and downloading CSV...
2025-04-18 17:12:04,403 - INFO - Set date to 08/31/2024
2025-04-18 17:12:04,531 - INFO - Update button clicked successfully.
2025-04-18 17:12:24,672 - INFO - Export CSV button clicked successfully.
2025-04-18 17:12:24,672 - INFO - CSV export process initiated.
2025-04-18 17:12:54,673 - INFO -  Waiting for CSV file to be downloaded...
2025-04-18 17:12:54,676 - INFO -  Latest downloaded file: C:\Users\SelengeTulga\Documents\GitHub\infinity_bh_appfolio\data\rent_roll-20250418.csv
2025-04-18 17:12:54,676 - INFO - [SUCCESS] CSV file ready: C:\Users\SelengeTulga\Documents\GitHub\infinity_bh_appfolio\data\rent_roll-20250418.csv
2025-04-18 17:12:54,676 - INFO - [SUCCESS] CSV URL: file://C:\Users\SelengeTulga\Documents\GitHub\infinity_bh_appfolio\data\rent_roll-20250418.csv
2025-04-18 17:12:54,716 - INFO - Deleted original file: C:\Users\SelengeTulga\Documents\GitHub\infinity_bh_appfolio\data\rent_roll-20250418.csv
2025-04-18 17:12:54,716 - INFO - Navigating to https://infinitybh.appfolio.com/buffered_reports/rent_roll?customize=true and downloading CSV...
2025-04-18 17:12:58,361 - INFO - Set date to 07/31/2024
2025-04-18 17:12:58,436 - INFO - Update button clicked successfully.
2025-04-18 17:13:18,582 - INFO - Export CSV button clicked successfully.
2025-04-18 17:13:18,582 - INFO - CSV export process initiated.
2025-04-18 17:13:48,583 - INFO -  Waiting for CSV file to be downloaded...
2025-04-18 17:13:48,586 - INFO -  Latest downloaded file: C:\Users\SelengeTulga\Documents\GitHub\infinity_bh_appfolio\data\rent_roll-20250418.csv
2025-04-18 17:13:48,586 - INFO - [SUCCESS] CSV file ready: C:\Users\SelengeTulga\Documents\GitHub\infinity_bh_appfolio\data\rent_roll-20250418.csv
2025-04-18 17:13:48,586 - INFO - [SUCCESS] CSV URL: file://C:\Users\SelengeTulga\Documents\GitHub\infinity_bh_appfolio\data\rent_roll-20250418.csv
2025-04-18 17:13:48,630 - INFO - Deleted original file: C:\Users\SelengeTulga\Documents\GitHub\infinity_bh_appfolio\data\rent_roll-20250418.csv
2025-04-18 17:13:48,631 - INFO - Navigating to https://infinitybh.appfolio.com/buffered_reports/rent_roll?customize=true and downloading CSV...
2025-04-18 17:13:52,227 - INFO - Set date to 06/30/2024
2025-04-18 17:13:52,307 - INFO - Update button clicked successfully.
2025-04-18 17:14:12,469 - INFO - Export CSV button clicked successfully.
2025-04-18 17:14:12,469 - INFO - CSV export process initiated.
2025-04-18 17:14:42,471 - INFO -  Waiting for CSV file to be downloaded...
2025-04-18 17:14:42,474 - INFO -  Latest downloaded file: C:\Users\SelengeTulga\Documents\GitHub\infinity_bh_appfolio\data\rent_roll-20250418.csv
2025-04-18 17:14:42,474 - INFO - [SUCCESS] CSV file ready: C:\Users\SelengeTulga\Documents\GitHub\infinity_bh_appfolio\data\rent_roll-20250418.csv
2025-04-18 17:14:42,474 - INFO - [SUCCESS] CSV URL: file://C:\Users\SelengeTulga\Documents\GitHub\infinity_bh_appfolio\data\rent_roll-20250418.csv
2025-04-18 17:14:42,517 - INFO - Deleted original file: C:\Users\SelengeTulga\Documents\GitHub\infinity_bh_appfolio\data\rent_roll-20250418.csv
2025-04-18 17:14:42,517 - INFO - Navigating to https://infinitybh.appfolio.com/buffered_reports/rent_roll?customize=true and downloading CSV...
2025-04-18 17:14:46,189 - INFO - Set date to 05/31/2024
2025-04-18 17:14:46,312 - INFO - Update button clicked successfully.
2025-04-18 17:15:06,523 - INFO - Export CSV button clicked successfully.
2025-04-18 17:15:06,523 - INFO - CSV export process initiated.
2025-04-18 17:15:36,523 - INFO -  Waiting for CSV file to be downloaded...
2025-04-18 17:15:36,525 - INFO -  Latest downloaded file: C:\Users\SelengeTulga\Documents\GitHub\infinity_bh_appfolio\data\rent_roll-20250418.csv
2025-04-18 17:15:36,526 - INFO - [SUCCESS] CSV file ready: C:\Users\SelengeTulga\Documents\GitHub\infinity_bh_appfolio\data\rent_roll-20250418.csv
2025-04-18 17:15:36,526 - INFO - [SUCCESS] CSV URL: file://C:\Users\SelengeTulga\Documents\GitHub\infinity_bh_appfolio\data\rent_roll-20250418.csv
2025-04-18 17:15:36,574 - INFO - Deleted original file: C:\Users\SelengeTulga\Documents\GitHub\infinity_bh_appfolio\data\rent_roll-20250418.csv
2025-04-18 17:15:36,575 - INFO - Navigating to https://infinitybh.appfolio.com/buffered_reports/rent_roll?customize=true and downloading CSV...
2025-04-18 17:15:40,171 - INFO - Set date to 04/30/2024
2025-04-18 17:15:40,244 - INFO - Update button clicked successfully.
2025-04-18 17:16:00,403 - INFO - Export CSV button clicked successfully.
2025-04-18 17:16:00,403 - INFO - CSV export process initiated.
2025-04-18 17:16:30,405 - INFO -  Waiting for CSV file to be downloaded...
2025-04-18 17:16:30,407 - INFO -  Latest downloaded file: C:\Users\SelengeTulga\Documents\GitHub\infinity_bh_appfolio\data\rent_roll-20250418.csv
2025-04-18 17:16:30,407 - INFO - [SUCCESS] CSV file ready: C:\Users\SelengeTulga\Documents\GitHub\infinity_bh_appfolio\data\rent_roll-20250418.csv
2025-04-18 17:16:30,407 - INFO - [SUCCESS] CSV URL: file://C:\Users\SelengeTulga\Documents\GitHub\infinity_bh_appfolio\data\rent_roll-20250418.csv
2025-04-18 17:16:30,445 - INFO - Deleted original file: C:\Users\SelengeTulga\Documents\GitHub\infinity_bh_appfolio\data\rent_roll-20250418.csv
2025-04-18 17:16:32,746 - INFO - [SUCCESS] The entire process completed successfully.
2025-04-18 18:22:10,499 - INFO - Started Appfolio data process
2025-04-18 18:22:11,572 - INFO - [INFO] Opening login page...
2025-04-18 18:22:13,498 - INFO - [INFO] Entered username
2025-04-18 18:22:13,563 - INFO - [INFO] Entered password
2025-04-18 18:22:14,506 - INFO - [INFO] Clicked login button
2025-04-18 18:22:17,512 - INFO - [INFO] 2-Step Verification detected. Retrieving verification code...
2025-04-18 18:22:17,863 - INFO - [INFO] Requested verification code.
2025-04-18 18:22:21,471 - INFO - Entered verification code: 816932
2025-04-18 18:22:21,582 - INFO - Successfully submitted the verification code!
2025-04-18 18:22:24,583 - INFO - Navigating to https://infinitybh.appfolio.com/buffered_reports/rent_roll?customize=true and downloading CSV...
2025-04-18 18:22:28,850 - INFO - Update button clicked successfully.
2025-04-18 18:22:49,177 - INFO - Export CSV button clicked successfully.
2025-04-18 18:22:49,177 - INFO - CSV export process initiated.
2025-04-18 18:23:19,177 - INFO -  Waiting for CSV file to be downloaded...
2025-04-18 18:23:19,179 - INFO -  Latest downloaded file: C:\Users\SelengeTulga\Documents\GitHub\infinity_bh_appfolio\data\rent_roll-20250418.csv
2025-04-18 18:23:19,180 - INFO - [SUCCESS] CSV file ready: C:\Users\SelengeTulga\Documents\GitHub\infinity_bh_appfolio\data\rent_roll-20250418.csv
2025-04-18 18:23:19,180 - INFO - [SUCCESS] CSV URL: file://C:\Users\SelengeTulga\Documents\GitHub\infinity_bh_appfolio\data\rent_roll-20250418.csv
2025-04-18 18:23:19,215 - INFO - Deleted original file: C:\Users\SelengeTulga\Documents\GitHub\infinity_bh_appfolio\data\rent_roll-20250418.csv
2025-04-18 18:23:19,215 - INFO - Navigating to https://infinitybh.appfolio.com/buffered_reports/tenant_directory?customize=true and downloading CSV...
2025-04-18 18:23:22,955 - INFO - Update button clicked successfully.
2025-04-18 18:23:43,167 - INFO - Export CSV button clicked successfully.
2025-04-18 18:23:43,167 - INFO - CSV export process initiated.
2025-04-18 18:24:13,168 - INFO -  Waiting for CSV file to be downloaded...
2025-04-18 18:24:13,170 - INFO -  Latest downloaded file: C:\Users\SelengeTulga\Documents\GitHub\infinity_bh_appfolio\data\tenant_directory-20250418.csv
2025-04-18 18:24:13,170 - INFO - [SUCCESS] CSV file ready: C:\Users\SelengeTulga\Documents\GitHub\infinity_bh_appfolio\data\tenant_directory-20250418.csv
2025-04-18 18:24:13,170 - INFO - [SUCCESS] CSV URL: file://C:\Users\SelengeTulga\Documents\GitHub\infinity_bh_appfolio\data\tenant_directory-20250418.csv
2025-04-18 18:24:13,321 - INFO - Deleted original file: C:\Users\SelengeTulga\Documents\GitHub\infinity_bh_appfolio\data\tenant_directory-20250418.csv
2025-04-18 18:24:13,321 - INFO - Navigating to https://infinitybh.appfolio.com/buffered_reports/work_order?customize=true and downloading CSV...
2025-04-18 18:24:17,335 - INFO - Update button clicked successfully.
2025-04-18 18:24:37,491 - INFO - Export CSV button clicked successfully.
2025-04-18 18:24:37,491 - INFO - CSV export process initiated.
2025-04-18 18:25:07,492 - INFO -  Waiting for CSV file to be downloaded...
2025-04-18 18:25:07,494 - INFO -  Latest downloaded file: C:\Users\SelengeTulga\Documents\GitHub\infinity_bh_appfolio\data\work_order-20250418.csv
2025-04-18 18:25:07,494 - INFO - [SUCCESS] CSV file ready: C:\Users\SelengeTulga\Documents\GitHub\infinity_bh_appfolio\data\work_order-20250418.csv
2025-04-18 18:25:07,495 - INFO - [SUCCESS] CSV URL: file://C:\Users\SelengeTulga\Documents\GitHub\infinity_bh_appfolio\data\work_order-20250418.csv
2025-04-18 18:25:07,549 - INFO - Deleted original file: C:\Users\SelengeTulga\Documents\GitHub\infinity_bh_appfolio\data\work_order-20250418.csv
2025-04-18 18:25:07,550 - INFO - Navigating to https://infinitybh.appfolio.com/buffered_reports/leasing_funnel_performance?customize=true and downloading CSV...
2025-04-18 18:25:11,493 - INFO - Update button clicked successfully.
2025-04-18 18:25:31,645 - INFO - Export CSV button clicked successfully.
2025-04-18 18:25:31,645 - INFO - CSV export process initiated.
2025-04-18 18:26:01,646 - INFO -  Waiting for CSV file to be downloaded...
2025-04-18 18:26:01,650 - INFO -  Latest downloaded file: C:\Users\SelengeTulga\Documents\GitHub\infinity_bh_appfolio\data\leasing_funnel_performance-20250418.csv
2025-04-18 18:26:01,650 - INFO - [SUCCESS] CSV file ready: C:\Users\SelengeTulga\Documents\GitHub\infinity_bh_appfolio\data\leasing_funnel_performance-20250418.csv
2025-04-18 18:26:01,650 - INFO - [SUCCESS] CSV URL: file://C:\Users\SelengeTulga\Documents\GitHub\infinity_bh_appfolio\data\leasing_funnel_performance-20250418.csv
2025-04-18 18:26:01,658 - INFO - Deleted original file: C:\Users\SelengeTulga\Documents\GitHub\infinity_bh_appfolio\data\leasing_funnel_performance-20250418.csv
2025-04-18 18:26:01,659 - INFO - Navigating to https://infinitybh.appfolio.com/buffered_reports/prospect_source_tracking?customize=true and downloading CSV...
2025-04-18 18:26:05,175 - INFO - Update button clicked successfully.
2025-04-18 18:26:25,360 - INFO - Export CSV button clicked successfully.
2025-04-18 18:26:25,361 - INFO - CSV export process initiated.
2025-04-18 18:26:55,362 - INFO -  Waiting for CSV file to be downloaded...
2025-04-18 18:26:55,363 - INFO -  Latest downloaded file: C:\Users\SelengeTulga\Documents\GitHub\infinity_bh_appfolio\data\prospect_source_tracking-20250418.csv
2025-04-18 18:26:55,363 - INFO - [SUCCESS] CSV file ready: C:\Users\SelengeTulga\Documents\GitHub\infinity_bh_appfolio\data\prospect_source_tracking-20250418.csv
2025-04-18 18:26:55,363 - INFO - [SUCCESS] CSV URL: file://C:\Users\SelengeTulga\Documents\GitHub\infinity_bh_appfolio\data\prospect_source_tracking-20250418.csv
2025-04-18 18:26:55,381 - INFO - Deleted original file: C:\Users\SelengeTulga\Documents\GitHub\infinity_bh_appfolio\data\prospect_source_tracking-20250418.csv
2025-04-18 18:26:55,381 - INFO - Navigating to https://infinitybh.appfolio.com/buffered_reports/purchase_order?customize=true and downloading CSV...
2025-04-18 18:26:59,363 - INFO - Update button clicked successfully.
2025-04-18 18:27:19,679 - INFO - Export CSV button clicked successfully.
2025-04-18 18:27:19,679 - INFO - CSV export process initiated.
2025-04-18 18:27:49,679 - INFO -  Waiting for CSV file to be downloaded...
2025-04-18 18:27:49,681 - INFO -  Latest downloaded file: C:\Users\SelengeTulga\Documents\GitHub\infinity_bh_appfolio\data\purchase_order-20250418.csv
2025-04-18 18:27:49,681 - INFO - [SUCCESS] CSV file ready: C:\Users\SelengeTulga\Documents\GitHub\infinity_bh_appfolio\data\purchase_order-20250418.csv
2025-04-18 18:27:49,681 - INFO - [SUCCESS] CSV URL: file://C:\Users\SelengeTulga\Documents\GitHub\infinity_bh_appfolio\data\purchase_order-20250418.csv
2025-04-18 18:27:49,756 - INFO - Deleted original file: C:\Users\SelengeTulga\Documents\GitHub\infinity_bh_appfolio\data\purchase_order-20250418.csv
2025-04-18 18:27:49,756 - INFO - Navigating to https://infinitybh.appfolio.com/buffered_reports/rent_roll?customize=true and downloading CSV...
2025-04-18 18:27:59,500 - INFO - Set date to 03/31/2025
2025-04-18 18:27:59,598 - INFO - Update button clicked successfully.
2025-04-18 18:28:19,804 - INFO - Export CSV button clicked successfully.
2025-04-18 18:28:19,805 - INFO - CSV export process initiated.
2025-04-18 18:28:49,806 - INFO -  Waiting for CSV file to be downloaded...
2025-04-18 18:28:49,808 - INFO -  Latest downloaded file: C:\Users\SelengeTulga\Documents\GitHub\infinity_bh_appfolio\data\rent_roll-20250418.csv
2025-04-18 18:28:49,808 - INFO - [SUCCESS] CSV file ready: C:\Users\SelengeTulga\Documents\GitHub\infinity_bh_appfolio\data\rent_roll-20250418.csv
2025-04-18 18:28:49,808 - INFO - [SUCCESS] CSV URL: file://C:\Users\SelengeTulga\Documents\GitHub\infinity_bh_appfolio\data\rent_roll-20250418.csv
2025-04-18 18:28:49,851 - INFO - Deleted original file: C:\Users\SelengeTulga\Documents\GitHub\infinity_bh_appfolio\data\rent_roll-20250418.csv
2025-04-18 18:28:49,852 - INFO - Navigating to https://infinitybh.appfolio.com/buffered_reports/rent_roll?customize=true and downloading CSV...
2025-04-18 18:28:53,547 - INFO - Set date to 02/28/2025
2025-04-18 18:28:53,654 - INFO - Update button clicked successfully.
2025-04-18 18:29:14,020 - INFO - Export CSV button clicked successfully.
2025-04-18 18:29:14,020 - INFO - CSV export process initiated.
2025-04-18 18:29:44,021 - INFO -  Waiting for CSV file to be downloaded...
2025-04-18 18:29:44,022 - INFO -  Latest downloaded file: C:\Users\SelengeTulga\Documents\GitHub\infinity_bh_appfolio\data\rent_roll-20250418.csv
2025-04-18 18:29:44,023 - INFO - [SUCCESS] CSV file ready: C:\Users\SelengeTulga\Documents\GitHub\infinity_bh_appfolio\data\rent_roll-20250418.csv
2025-04-18 18:29:44,023 - INFO - [SUCCESS] CSV URL: file://C:\Users\SelengeTulga\Documents\GitHub\infinity_bh_appfolio\data\rent_roll-20250418.csv
2025-04-18 18:29:44,061 - INFO - Deleted original file: C:\Users\SelengeTulga\Documents\GitHub\infinity_bh_appfolio\data\rent_roll-20250418.csv
2025-04-18 18:29:44,063 - INFO - Navigating to https://infinitybh.appfolio.com/buffered_reports/rent_roll?customize=true and downloading CSV...
2025-04-18 18:29:47,652 - INFO - Set date to 01/31/2025
2025-04-18 18:29:47,733 - INFO - Update button clicked successfully.
2025-04-18 18:30:07,915 - INFO - Export CSV button clicked successfully.
2025-04-18 18:30:07,915 - INFO - CSV export process initiated.
2025-04-18 18:30:37,915 - INFO -  Waiting for CSV file to be downloaded...
2025-04-18 18:30:37,918 - INFO -  Latest downloaded file: C:\Users\SelengeTulga\Documents\GitHub\infinity_bh_appfolio\data\rent_roll-20250418.csv
2025-04-18 18:30:37,918 - INFO - [SUCCESS] CSV file ready: C:\Users\SelengeTulga\Documents\GitHub\infinity_bh_appfolio\data\rent_roll-20250418.csv
2025-04-18 18:30:37,918 - INFO - [SUCCESS] CSV URL: file://C:\Users\SelengeTulga\Documents\GitHub\infinity_bh_appfolio\data\rent_roll-20250418.csv
2025-04-18 18:30:37,978 - INFO - Deleted original file: C:\Users\SelengeTulga\Documents\GitHub\infinity_bh_appfolio\data\rent_roll-20250418.csv
2025-04-18 18:30:37,979 - INFO - Navigating to https://infinitybh.appfolio.com/buffered_reports/rent_roll?customize=true and downloading CSV...
2025-04-18 18:30:41,965 - INFO - Set date to 12/31/2024
2025-04-18 18:30:42,103 - INFO - Update button clicked successfully.
2025-04-18 18:31:02,321 - INFO - Export CSV button clicked successfully.
2025-04-18 18:31:02,322 - INFO - CSV export process initiated.
2025-04-18 18:31:32,323 - INFO -  Waiting for CSV file to be downloaded...
2025-04-18 18:31:32,324 - INFO -  Latest downloaded file: C:\Users\SelengeTulga\Documents\GitHub\infinity_bh_appfolio\data\rent_roll-20250418.csv
2025-04-18 18:31:32,324 - INFO - [SUCCESS] CSV file ready: C:\Users\SelengeTulga\Documents\GitHub\infinity_bh_appfolio\data\rent_roll-20250418.csv
2025-04-18 18:31:32,324 - INFO - [SUCCESS] CSV URL: file://C:\Users\SelengeTulga\Documents\GitHub\infinity_bh_appfolio\data\rent_roll-20250418.csv
2025-04-18 18:31:32,369 - INFO - Deleted original file: C:\Users\SelengeTulga\Documents\GitHub\infinity_bh_appfolio\data\rent_roll-20250418.csv
2025-04-18 18:31:32,370 - INFO - Navigating to https://infinitybh.appfolio.com/buffered_reports/rent_roll?customize=true and downloading CSV...
2025-04-18 18:31:36,065 - INFO - Set date to 11/30/2024
2025-04-18 18:31:36,153 - INFO - Update button clicked successfully.
2025-04-18 18:31:56,353 - INFO - Export CSV button clicked successfully.
2025-04-18 18:31:56,353 - INFO - CSV export process initiated.
2025-04-18 18:32:26,354 - INFO -  Waiting for CSV file to be downloaded...
2025-04-18 18:32:26,355 - INFO -  Latest downloaded file: C:\Users\SelengeTulga\Documents\GitHub\infinity_bh_appfolio\data\rent_roll-20250418.csv
2025-04-18 18:32:26,356 - INFO - [SUCCESS] CSV file ready: C:\Users\SelengeTulga\Documents\GitHub\infinity_bh_appfolio\data\rent_roll-20250418.csv
2025-04-18 18:32:26,356 - INFO - [SUCCESS] CSV URL: file://C:\Users\SelengeTulga\Documents\GitHub\infinity_bh_appfolio\data\rent_roll-20250418.csv
2025-04-18 18:32:26,398 - INFO - Deleted original file: C:\Users\SelengeTulga\Documents\GitHub\infinity_bh_appfolio\data\rent_roll-20250418.csv
2025-04-18 18:32:26,399 - INFO - Navigating to https://infinitybh.appfolio.com/buffered_reports/rent_roll?customize=true and downloading CSV...
2025-04-18 18:32:30,076 - INFO - Set date to 10/31/2024
2025-04-18 18:32:30,192 - INFO - Update button clicked successfully.
2025-04-18 18:32:50,427 - INFO - Export CSV button clicked successfully.
2025-04-18 18:32:50,427 - INFO - CSV export process initiated.
2025-04-18 18:33:20,428 - INFO -  Waiting for CSV file to be downloaded...
2025-04-18 18:33:20,429 - INFO -  Latest downloaded file: C:\Users\SelengeTulga\Documents\GitHub\infinity_bh_appfolio\data\rent_roll-20250418.csv
2025-04-18 18:33:20,430 - INFO - [SUCCESS] CSV file ready: C:\Users\SelengeTulga\Documents\GitHub\infinity_bh_appfolio\data\rent_roll-20250418.csv
2025-04-18 18:33:20,430 - INFO - [SUCCESS] CSV URL: file://C:\Users\SelengeTulga\Documents\GitHub\infinity_bh_appfolio\data\rent_roll-20250418.csv
2025-04-18 18:33:20,467 - INFO - Deleted original file: C:\Users\SelengeTulga\Documents\GitHub\infinity_bh_appfolio\data\rent_roll-20250418.csv
2025-04-18 18:33:20,467 - INFO - Navigating to https://infinitybh.appfolio.com/buffered_reports/rent_roll?customize=true and downloading CSV...
2025-04-18 18:33:24,113 - INFO - Set date to 09/30/2024
2025-04-18 18:33:24,198 - INFO - Update button clicked successfully.
2025-04-18 18:33:44,503 - INFO - Export CSV button clicked successfully.
2025-04-18 18:33:44,503 - INFO - CSV export process initiated.
2025-04-18 18:34:14,504 - INFO -  Waiting for CSV file to be downloaded...
2025-04-18 18:34:14,507 - INFO -  Latest downloaded file: C:\Users\SelengeTulga\Documents\GitHub\infinity_bh_appfolio\data\rent_roll-20250418.csv
2025-04-18 18:34:14,507 - INFO - [SUCCESS] CSV file ready: C:\Users\SelengeTulga\Documents\GitHub\infinity_bh_appfolio\data\rent_roll-20250418.csv
2025-04-18 18:34:14,507 - INFO - [SUCCESS] CSV URL: file://C:\Users\SelengeTulga\Documents\GitHub\infinity_bh_appfolio\data\rent_roll-20250418.csv
2025-04-18 18:34:14,554 - INFO - Deleted original file: C:\Users\SelengeTulga\Documents\GitHub\infinity_bh_appfolio\data\rent_roll-20250418.csv
2025-04-18 18:34:14,554 - INFO - Navigating to https://infinitybh.appfolio.com/buffered_reports/rent_roll?customize=true and downloading CSV...
2025-04-18 18:34:18,369 - INFO - Set date to 08/31/2024
2025-04-18 18:34:18,492 - INFO - Update button clicked successfully.
2025-04-18 18:34:38,700 - INFO - Export CSV button clicked successfully.
2025-04-18 18:34:38,700 - INFO - CSV export process initiated.
2025-04-18 18:35:08,701 - INFO -  Waiting for CSV file to be downloaded...
2025-04-18 18:35:08,703 - INFO -  Latest downloaded file: C:\Users\SelengeTulga\Documents\GitHub\infinity_bh_appfolio\data\rent_roll-20250418.csv
2025-04-18 18:35:08,704 - INFO - [SUCCESS] CSV file ready: C:\Users\SelengeTulga\Documents\GitHub\infinity_bh_appfolio\data\rent_roll-20250418.csv
2025-04-18 18:35:08,704 - INFO - [SUCCESS] CSV URL: file://C:\Users\SelengeTulga\Documents\GitHub\infinity_bh_appfolio\data\rent_roll-20250418.csv
2025-04-18 18:35:08,748 - INFO - Deleted original file: C:\Users\SelengeTulga\Documents\GitHub\infinity_bh_appfolio\data\rent_roll-20250418.csv
2025-04-18 18:35:08,749 - INFO - Navigating to https://infinitybh.appfolio.com/buffered_reports/rent_roll?customize=true and downloading CSV...
2025-04-18 18:35:12,477 - INFO - Set date to 07/31/2024
2025-04-18 18:35:12,589 - INFO - Update button clicked successfully.
2025-04-18 18:35:32,818 - INFO - Export CSV button clicked successfully.
2025-04-18 18:35:32,818 - INFO - CSV export process initiated.
2025-04-18 18:36:02,819 - INFO -  Waiting for CSV file to be downloaded...
2025-04-18 18:36:02,820 - INFO -  Latest downloaded file: C:\Users\SelengeTulga\Documents\GitHub\infinity_bh_appfolio\data\rent_roll-20250418.csv
2025-04-18 18:36:02,820 - INFO - [SUCCESS] CSV file ready: C:\Users\SelengeTulga\Documents\GitHub\infinity_bh_appfolio\data\rent_roll-20250418.csv
2025-04-18 18:36:02,820 - INFO - [SUCCESS] CSV URL: file://C:\Users\SelengeTulga\Documents\GitHub\infinity_bh_appfolio\data\rent_roll-20250418.csv
2025-04-18 18:36:02,857 - INFO - Deleted original file: C:\Users\SelengeTulga\Documents\GitHub\infinity_bh_appfolio\data\rent_roll-20250418.csv
2025-04-18 18:36:02,858 - INFO - Navigating to https://infinitybh.appfolio.com/buffered_reports/rent_roll?customize=true and downloading CSV...
2025-04-18 18:36:06,964 - INFO - Set date to 06/30/2024
2025-04-18 18:36:07,085 - INFO - Update button clicked successfully.
2025-04-18 18:36:27,306 - INFO - Export CSV button clicked successfully.
2025-04-18 18:36:27,306 - INFO - CSV export process initiated.
2025-04-18 18:36:57,307 - INFO -  Waiting for CSV file to be downloaded...
2025-04-18 18:36:57,308 - INFO -  Latest downloaded file: C:\Users\SelengeTulga\Documents\GitHub\infinity_bh_appfolio\data\rent_roll-20250319.csv
2025-04-18 18:36:57,308 - INFO - [SUCCESS] CSV file ready: C:\Users\SelengeTulga\Documents\GitHub\infinity_bh_appfolio\data\rent_roll-20250319.csv
2025-04-18 18:36:57,308 - INFO - [SUCCESS] CSV URL: file://C:\Users\SelengeTulga\Documents\GitHub\infinity_bh_appfolio\data\rent_roll-20250319.csv
2025-04-18 18:36:57,325 - INFO - Deleted original file: C:\Users\SelengeTulga\Documents\GitHub\infinity_bh_appfolio\data\rent_roll-20250319.csv
2025-04-18 18:36:57,325 - INFO - Navigating to https://infinitybh.appfolio.com/buffered_reports/rent_roll?customize=true and downloading CSV...
2025-04-18 18:36:57,327 - INFO -  An error occurred: Message: invalid session id: session deleted as the browser has closed the connection
from disconnected: not connected to DevTools
  (Session info: chrome=135.0.7049.96)
Stacktrace:
	GetHandleVerifier [0x00007FF614EE5355+78597]
	GetHandleVerifier [0x00007FF614EE53B0+78688]
	(No symbol) [0x00007FF614C991AA]
	(No symbol) [0x00007FF614C84EF5]
	(No symbol) [0x00007FF614CA9F04]
	(No symbol) [0x00007FF614D1ED0F]
	(No symbol) [0x00007FF614D3EBB2]
	(No symbol) [0x00007FF614D16EC3]
	(No symbol) [0x00007FF614CE03F8]
	(No symbol) [0x00007FF614CE1163]
	GetHandleVerifier [0x00007FF61518EF0D+2870973]
	GetHandleVerifier [0x00007FF6151896B8+2848360]
	GetHandleVerifier [0x00007FF6151A6993+2967875]
	GetHandleVerifier [0x00007FF614F0019A+188746]
	GetHandleVerifier [0x00007FF614F0847F+222255]
	GetHandleVerifier [0x00007FF614EED2D4+111236]
	GetHandleVerifier [0x00007FF614EED482+111666]
	GetHandleVerifier [0x00007FF614ED35A9+5465]
	BaseThreadInitThunk [0x00007FF96DB6E8D7+23]
	RtlUserThreadStart [0x00007FF96FB5BF6C+44]

2025-04-18 18:36:59,466 - INFO - [SUCCESS] The entire process completed successfully.
2025-04-21 07:29:02,241 - INFO - Started Appfolio data process
2025-04-21 07:29:04,126 - INFO - [INFO] Opening login page...
2025-04-21 07:29:06,845 - INFO - [INFO] Entered username
2025-04-21 07:29:06,993 - INFO - [INFO] Entered password
2025-04-21 07:29:07,965 - INFO - [INFO] Clicked login button
2025-04-21 07:29:10,979 - INFO - [INFO] 2-Step Verification detected. Retrieving verification code...
2025-04-21 07:29:11,610 - INFO - [INFO] Requested verification code.
2025-04-21 07:29:17,645 - INFO - Entered verification code: 765357
2025-04-21 07:29:19,932 - INFO - Successfully submitted the verification code!
2025-04-21 07:29:22,933 - INFO - Navigating to https://infinitybh.appfolio.com/buffered_reports/rent_roll?customize=true and downloading CSV...
2025-04-21 07:29:28,651 - INFO - Update button clicked successfully.
2025-04-21 07:29:48,918 - INFO - Export CSV button clicked successfully.
2025-04-21 07:29:48,918 - INFO - CSV export process initiated.
2025-04-21 07:30:18,919 - INFO -  Waiting for CSV file to be downloaded...
2025-04-21 07:30:18,920 - INFO -  Latest downloaded file: C:\Users\SelengeTulga\Documents\GitHub\infinity_bh_appfolio\data\rent_roll-20250421.csv
2025-04-21 07:30:18,921 - INFO - [SUCCESS] CSV file ready: C:\Users\SelengeTulga\Documents\GitHub\infinity_bh_appfolio\data\rent_roll-20250421.csv
2025-04-21 07:30:18,921 - INFO - [SUCCESS] CSV URL: file://C:\Users\SelengeTulga\Documents\GitHub\infinity_bh_appfolio\data\rent_roll-20250421.csv
2025-04-21 07:30:19,011 - INFO - Deleted original file: C:\Users\SelengeTulga\Documents\GitHub\infinity_bh_appfolio\data\rent_roll-20250421.csv
2025-04-21 07:30:19,011 - INFO - Navigating to https://infinitybh.appfolio.com/buffered_reports/tenant_directory?customize=true and downloading CSV...
2025-04-21 07:30:22,990 - INFO - Update button clicked successfully.
2025-04-21 07:30:43,155 - INFO - Export CSV button clicked successfully.
2025-04-21 07:30:43,155 - INFO - CSV export process initiated.
2025-04-21 07:31:13,157 - INFO -  Waiting for CSV file to be downloaded...
2025-04-21 07:31:13,159 - INFO -  Latest downloaded file: C:\Users\SelengeTulga\Documents\GitHub\infinity_bh_appfolio\data\tenant_directory-20250421.csv
2025-04-21 07:31:13,159 - INFO - [SUCCESS] CSV file ready: C:\Users\SelengeTulga\Documents\GitHub\infinity_bh_appfolio\data\tenant_directory-20250421.csv
2025-04-21 07:31:13,159 - INFO - [SUCCESS] CSV URL: file://C:\Users\SelengeTulga\Documents\GitHub\infinity_bh_appfolio\data\tenant_directory-20250421.csv
2025-04-21 07:31:13,336 - INFO - Deleted original file: C:\Users\SelengeTulga\Documents\GitHub\infinity_bh_appfolio\data\tenant_directory-20250421.csv
2025-04-21 07:31:13,336 - INFO - Navigating to https://infinitybh.appfolio.com/buffered_reports/work_order?customize=true and downloading CSV...
2025-04-21 07:31:17,625 - INFO - Update button clicked successfully.
2025-04-21 07:31:37,772 - INFO - Export CSV button clicked successfully.
2025-04-21 07:31:37,772 - INFO - CSV export process initiated.
2025-04-21 07:32:07,773 - INFO -  Waiting for CSV file to be downloaded...
2025-04-21 07:32:07,774 - INFO -  Latest downloaded file: C:\Users\SelengeTulga\Documents\GitHub\infinity_bh_appfolio\data\work_order-20250421.csv
2025-04-21 07:32:07,774 - INFO - [SUCCESS] CSV file ready: C:\Users\SelengeTulga\Documents\GitHub\infinity_bh_appfolio\data\work_order-20250421.csv
2025-04-21 07:32:07,774 - INFO - [SUCCESS] CSV URL: file://C:\Users\SelengeTulga\Documents\GitHub\infinity_bh_appfolio\data\work_order-20250421.csv
2025-04-21 07:32:07,860 - INFO - Deleted original file: C:\Users\SelengeTulga\Documents\GitHub\infinity_bh_appfolio\data\work_order-20250421.csv
2025-04-21 07:32:07,860 - INFO - Navigating to https://infinitybh.appfolio.com/buffered_reports/leasing_funnel_performance?customize=true and downloading CSV...
2025-04-21 07:32:11,951 - INFO - Update button clicked successfully.
2025-04-21 07:32:33,050 - INFO - An error occurred: Message: element click intercepted: Element <button type="button" aria-haspopup="true" aria-expanded="false" class="dropdown-div__button js-dropdown btn btn-secondary dropdown-toggle btn btn-secondary">...</button> is not clickable at point (830, 27). Other element would receive the click: <div class="modal show" aria-modal="true" role="dialog" tabindex="-1" style="display: block;">...</div>
  (Session info: chrome=135.0.7049.96)
Stacktrace:
	GetHandleVerifier [0x00007FF62DAC5355+78597]
	GetHandleVerifier [0x00007FF62DAC53B0+78688]
	(No symbol) [0x00007FF62D8791AA]
	(No symbol) [0x00007FF62D8D7089]
	(No symbol) [0x00007FF62D8D4A42]
	(No symbol) [0x00007FF62D8D1AE1]
	(No symbol) [0x00007FF62D8D0A42]
	(No symbol) [0x00007FF62D8C2204]
	(No symbol) [0x00007FF62D8F70EA]
	(No symbol) [0x00007FF62D8C1AB6]
	(No symbol) [0x00007FF62D8F7300]
	(No symbol) [0x00007FF62D91F2BB]
	(No symbol) [0x00007FF62D8F6EC3]
	(No symbol) [0x00007FF62D8C03F8]
	(No symbol) [0x00007FF62D8C1163]
	GetHandleVerifier [0x00007FF62DD6EF0D+2870973]
	GetHandleVerifier [0x00007FF62DD696B8+2848360]
	GetHandleVerifier [0x00007FF62DD86993+2967875]
	GetHandleVerifier [0x00007FF62DAE019A+188746]
	GetHandleVerifier [0x00007FF62DAE847F+222255]
	GetHandleVerifier [0x00007FF62DACD2D4+111236]
	GetHandleVerifier [0x00007FF62DACD482+111666]
	GetHandleVerifier [0x00007FF62DAB35A9+5465]
	BaseThreadInitThunk [0x00007FF96DB6E8D7+23]
	RtlUserThreadStart [0x00007FF96FB5BF6C+44]

2025-04-21 07:33:03,051 - INFO -  Waiting for CSV file to be downloaded...
2025-04-21 07:33:03,052 - INFO -  Latest downloaded file: C:\Users\SelengeTulga\Documents\GitHub\infinity_bh_appfolio\data\work_order_cleaned_20250421_073207.csv
2025-04-21 07:33:03,054 - INFO - [SUCCESS] CSV file ready: C:\Users\SelengeTulga\Documents\GitHub\infinity_bh_appfolio\data\work_order_cleaned_20250421_073207.csv
2025-04-21 07:33:03,054 - INFO - [SUCCESS] CSV URL: file://C:\Users\SelengeTulga\Documents\GitHub\infinity_bh_appfolio\data\work_order_cleaned_20250421_073207.csv
2025-04-21 07:33:03,116 - INFO - Deleted original file: C:\Users\SelengeTulga\Documents\GitHub\infinity_bh_appfolio\data\work_order_cleaned_20250421_073207.csv
2025-04-21 07:33:03,116 - INFO - Navigating to https://infinitybh.appfolio.com/buffered_reports/prospect_source_tracking?customize=true and downloading CSV...
2025-04-21 07:33:06,720 - INFO - Update button clicked successfully.
2025-04-21 07:33:26,892 - INFO - Export CSV button clicked successfully.
2025-04-21 07:33:26,892 - INFO - CSV export process initiated.
2025-04-21 07:33:56,893 - INFO -  Waiting for CSV file to be downloaded...
2025-04-21 07:33:56,894 - INFO -  Latest downloaded file: C:\Users\SelengeTulga\Documents\GitHub\infinity_bh_appfolio\data\prospect_source_tracking-20250421.csv
2025-04-21 07:33:56,894 - INFO - [SUCCESS] CSV file ready: C:\Users\SelengeTulga\Documents\GitHub\infinity_bh_appfolio\data\prospect_source_tracking-20250421.csv
2025-04-21 07:33:56,894 - INFO - [SUCCESS] CSV URL: file://C:\Users\SelengeTulga\Documents\GitHub\infinity_bh_appfolio\data\prospect_source_tracking-20250421.csv
2025-04-21 07:33:56,911 - INFO - Deleted original file: C:\Users\SelengeTulga\Documents\GitHub\infinity_bh_appfolio\data\prospect_source_tracking-20250421.csv
2025-04-21 07:33:56,911 - INFO - Navigating to https://infinitybh.appfolio.com/buffered_reports/purchase_order?customize=true and downloading CSV...
2025-04-21 07:34:00,993 - INFO - Update button clicked successfully.
2025-04-21 07:34:21,202 - INFO - Export CSV button clicked successfully.
2025-04-21 07:34:21,202 - INFO - CSV export process initiated.
2025-04-21 07:34:51,203 - INFO -  Waiting for CSV file to be downloaded...
2025-04-21 07:34:51,204 - INFO -  Latest downloaded file: C:\Users\SelengeTulga\Documents\GitHub\infinity_bh_appfolio\data\purchase_order-20250421.csv
2025-04-21 07:34:51,204 - INFO - [SUCCESS] CSV file ready: C:\Users\SelengeTulga\Documents\GitHub\infinity_bh_appfolio\data\purchase_order-20250421.csv
2025-04-21 07:34:51,204 - INFO - [SUCCESS] CSV URL: file://C:\Users\SelengeTulga\Documents\GitHub\infinity_bh_appfolio\data\purchase_order-20250421.csv
2025-04-21 07:34:51,298 - INFO - Deleted original file: C:\Users\SelengeTulga\Documents\GitHub\infinity_bh_appfolio\data\purchase_order-20250421.csv
2025-04-21 07:34:51,299 - INFO - Navigating to https://infinitybh.appfolio.com/buffered_reports/rent_roll?customize=true and downloading CSV...
2025-04-21 07:34:55,004 - INFO - Set date to 03/31/2025
2025-04-21 07:34:55,094 - INFO - Update button clicked successfully.
2025-04-21 07:35:15,279 - INFO - Export CSV button clicked successfully.
2025-04-21 07:35:15,280 - INFO - CSV export process initiated.
2025-04-21 07:35:45,280 - INFO -  Waiting for CSV file to be downloaded...
2025-04-21 07:35:45,282 - INFO -  Latest downloaded file: C:\Users\SelengeTulga\Documents\GitHub\infinity_bh_appfolio\data\rent_roll-20250421.csv
2025-04-21 07:35:45,282 - INFO - [SUCCESS] CSV file ready: C:\Users\SelengeTulga\Documents\GitHub\infinity_bh_appfolio\data\rent_roll-20250421.csv
2025-04-21 07:35:45,283 - INFO - [SUCCESS] CSV URL: file://C:\Users\SelengeTulga\Documents\GitHub\infinity_bh_appfolio\data\rent_roll-20250421.csv
2025-04-21 07:35:45,327 - INFO - Deleted original file: C:\Users\SelengeTulga\Documents\GitHub\infinity_bh_appfolio\data\rent_roll-20250421.csv
2025-04-21 07:35:45,328 - INFO - Navigating to https://infinitybh.appfolio.com/buffered_reports/rent_roll?customize=true and downloading CSV...
2025-04-21 07:35:48,869 - INFO - Set date to 02/28/2025
2025-04-21 07:35:48,944 - INFO - Update button clicked successfully.
2025-04-21 07:36:09,107 - INFO - Export CSV button clicked successfully.
2025-04-21 07:36:09,107 - INFO - CSV export process initiated.
2025-04-21 07:36:39,109 - INFO -  Waiting for CSV file to be downloaded...
2025-04-21 07:36:39,110 - INFO -  Latest downloaded file: C:\Users\SelengeTulga\Documents\GitHub\infinity_bh_appfolio\data\rent_roll-20250421.csv
2025-04-21 07:36:39,110 - INFO - [SUCCESS] CSV file ready: C:\Users\SelengeTulga\Documents\GitHub\infinity_bh_appfolio\data\rent_roll-20250421.csv
2025-04-21 07:36:39,110 - INFO - [SUCCESS] CSV URL: file://C:\Users\SelengeTulga\Documents\GitHub\infinity_bh_appfolio\data\rent_roll-20250421.csv
2025-04-21 07:36:39,157 - INFO - Deleted original file: C:\Users\SelengeTulga\Documents\GitHub\infinity_bh_appfolio\data\rent_roll-20250421.csv
2025-04-21 07:36:39,157 - INFO - Navigating to https://infinitybh.appfolio.com/buffered_reports/rent_roll?customize=true and downloading CSV...
2025-04-21 07:36:42,899 - INFO - Set date to 01/31/2025
2025-04-21 07:36:43,012 - INFO - Update button clicked successfully.
2025-04-21 07:37:03,209 - INFO - Export CSV button clicked successfully.
2025-04-21 07:37:03,209 - INFO - CSV export process initiated.
2025-04-21 07:37:33,210 - INFO -  Waiting for CSV file to be downloaded...
2025-04-21 07:37:33,212 - INFO -  Latest downloaded file: C:\Users\SelengeTulga\Documents\GitHub\infinity_bh_appfolio\data\rent_roll-20250421.csv
2025-04-21 07:37:33,213 - INFO - [SUCCESS] CSV file ready: C:\Users\SelengeTulga\Documents\GitHub\infinity_bh_appfolio\data\rent_roll-20250421.csv
2025-04-21 07:37:33,213 - INFO - [SUCCESS] CSV URL: file://C:\Users\SelengeTulga\Documents\GitHub\infinity_bh_appfolio\data\rent_roll-20250421.csv
2025-04-21 07:37:33,260 - INFO - Deleted original file: C:\Users\SelengeTulga\Documents\GitHub\infinity_bh_appfolio\data\rent_roll-20250421.csv
2025-04-21 07:37:33,260 - INFO - Navigating to https://infinitybh.appfolio.com/buffered_reports/rent_roll?customize=true and downloading CSV...
2025-04-21 07:37:36,912 - INFO - Set date to 12/31/2024
2025-04-21 07:37:37,022 - INFO - Update button clicked successfully.
2025-04-21 07:37:57,245 - INFO - Export CSV button clicked successfully.
2025-04-21 07:37:57,245 - INFO - CSV export process initiated.
2025-04-21 07:38:27,246 - INFO -  Waiting for CSV file to be downloaded...
2025-04-21 07:38:27,247 - INFO -  Latest downloaded file: C:\Users\SelengeTulga\Documents\GitHub\infinity_bh_appfolio\data\rent_roll-20250421.csv
2025-04-21 07:38:27,247 - INFO - [SUCCESS] CSV file ready: C:\Users\SelengeTulga\Documents\GitHub\infinity_bh_appfolio\data\rent_roll-20250421.csv
2025-04-21 07:38:27,247 - INFO - [SUCCESS] CSV URL: file://C:\Users\SelengeTulga\Documents\GitHub\infinity_bh_appfolio\data\rent_roll-20250421.csv
2025-04-21 07:38:27,293 - INFO - Deleted original file: C:\Users\SelengeTulga\Documents\GitHub\infinity_bh_appfolio\data\rent_roll-20250421.csv
2025-04-21 07:38:27,294 - INFO - Navigating to https://infinitybh.appfolio.com/buffered_reports/rent_roll?customize=true and downloading CSV...
2025-04-21 07:38:31,140 - INFO - Set date to 11/30/2024
2025-04-21 07:38:31,278 - INFO - Update button clicked successfully.
2025-04-21 07:38:51,501 - INFO - Export CSV button clicked successfully.
2025-04-21 07:38:51,501 - INFO - CSV export process initiated.
2025-04-21 07:39:21,501 - INFO -  Waiting for CSV file to be downloaded...
2025-04-21 07:39:21,503 - INFO -  Latest downloaded file: C:\Users\SelengeTulga\Documents\GitHub\infinity_bh_appfolio\data\rent_roll-20250421.csv
2025-04-21 07:39:21,504 - INFO - [SUCCESS] CSV file ready: C:\Users\SelengeTulga\Documents\GitHub\infinity_bh_appfolio\data\rent_roll-20250421.csv
2025-04-21 07:39:21,504 - INFO - [SUCCESS] CSV URL: file://C:\Users\SelengeTulga\Documents\GitHub\infinity_bh_appfolio\data\rent_roll-20250421.csv
2025-04-21 07:39:21,560 - INFO - Deleted original file: C:\Users\SelengeTulga\Documents\GitHub\infinity_bh_appfolio\data\rent_roll-20250421.csv
2025-04-21 07:39:21,560 - INFO - Navigating to https://infinitybh.appfolio.com/buffered_reports/rent_roll?customize=true and downloading CSV...
2025-04-21 07:39:25,315 - INFO - Set date to 10/31/2024
2025-04-21 07:39:25,436 - INFO - Update button clicked successfully.
2025-04-21 07:39:45,606 - INFO - Export CSV button clicked successfully.
2025-04-21 07:39:45,607 - INFO - CSV export process initiated.
2025-04-21 07:40:15,607 - INFO -  Waiting for CSV file to be downloaded...
2025-04-21 07:40:15,609 - INFO -  Latest downloaded file: C:\Users\SelengeTulga\Documents\GitHub\infinity_bh_appfolio\data\rent_roll-20250421.csv
2025-04-21 07:40:15,609 - INFO - [SUCCESS] CSV file ready: C:\Users\SelengeTulga\Documents\GitHub\infinity_bh_appfolio\data\rent_roll-20250421.csv
2025-04-21 07:40:15,609 - INFO - [SUCCESS] CSV URL: file://C:\Users\SelengeTulga\Documents\GitHub\infinity_bh_appfolio\data\rent_roll-20250421.csv
2025-04-21 07:40:15,656 - INFO - Deleted original file: C:\Users\SelengeTulga\Documents\GitHub\infinity_bh_appfolio\data\rent_roll-20250421.csv
2025-04-21 07:40:15,657 - INFO - Navigating to https://infinitybh.appfolio.com/buffered_reports/rent_roll?customize=true and downloading CSV...
2025-04-21 07:40:19,256 - INFO - Set date to 09/30/2024
2025-04-21 07:40:19,360 - INFO - Update button clicked successfully.
2025-04-21 07:40:39,531 - INFO - Export CSV button clicked successfully.
2025-04-21 07:40:39,531 - INFO - CSV export process initiated.
2025-04-21 07:41:09,532 - INFO -  Waiting for CSV file to be downloaded...
2025-04-21 07:41:09,534 - INFO -  Latest downloaded file: C:\Users\SelengeTulga\Documents\GitHub\infinity_bh_appfolio\data\rent_roll-20250421.csv
2025-04-21 07:41:09,535 - INFO - [SUCCESS] CSV file ready: C:\Users\SelengeTulga\Documents\GitHub\infinity_bh_appfolio\data\rent_roll-20250421.csv
2025-04-21 07:41:09,535 - INFO - [SUCCESS] CSV URL: file://C:\Users\SelengeTulga\Documents\GitHub\infinity_bh_appfolio\data\rent_roll-20250421.csv
2025-04-21 07:41:09,574 - INFO - Deleted original file: C:\Users\SelengeTulga\Documents\GitHub\infinity_bh_appfolio\data\rent_roll-20250421.csv
2025-04-21 07:41:09,575 - INFO - Navigating to https://infinitybh.appfolio.com/buffered_reports/rent_roll?customize=true and downloading CSV...
2025-04-21 07:41:13,124 - INFO - Set date to 08/31/2024
2025-04-21 07:41:13,205 - INFO - Update button clicked successfully.
2025-04-21 07:41:33,351 - INFO - Export CSV button clicked successfully.
2025-04-21 07:41:33,351 - INFO - CSV export process initiated.
2025-04-21 07:42:03,352 - INFO -  Waiting for CSV file to be downloaded...
2025-04-21 07:42:03,353 - INFO -  Latest downloaded file: C:\Users\SelengeTulga\Documents\GitHub\infinity_bh_appfolio\data\rent_roll-20250421.csv
2025-04-21 07:42:03,353 - INFO - [SUCCESS] CSV file ready: C:\Users\SelengeTulga\Documents\GitHub\infinity_bh_appfolio\data\rent_roll-20250421.csv
2025-04-21 07:42:03,353 - INFO - [SUCCESS] CSV URL: file://C:\Users\SelengeTulga\Documents\GitHub\infinity_bh_appfolio\data\rent_roll-20250421.csv
2025-04-21 07:42:03,398 - INFO - Deleted original file: C:\Users\SelengeTulga\Documents\GitHub\infinity_bh_appfolio\data\rent_roll-20250421.csv
2025-04-21 07:42:03,399 - INFO - Navigating to https://infinitybh.appfolio.com/buffered_reports/rent_roll?customize=true and downloading CSV...
2025-04-21 07:42:07,108 - INFO - Set date to 07/31/2024
2025-04-21 07:42:07,236 - INFO - Update button clicked successfully.
2025-04-21 07:42:27,384 - INFO - Export CSV button clicked successfully.
2025-04-21 07:42:27,384 - INFO - CSV export process initiated.
2025-04-21 07:42:57,386 - INFO -  Waiting for CSV file to be downloaded...
2025-04-21 07:42:57,388 - INFO -  Latest downloaded file: C:\Users\SelengeTulga\Documents\GitHub\infinity_bh_appfolio\data\rent_roll-20250421.csv
2025-04-21 07:42:57,388 - INFO - [SUCCESS] CSV file ready: C:\Users\SelengeTulga\Documents\GitHub\infinity_bh_appfolio\data\rent_roll-20250421.csv
2025-04-21 07:42:57,388 - INFO - [SUCCESS] CSV URL: file://C:\Users\SelengeTulga\Documents\GitHub\infinity_bh_appfolio\data\rent_roll-20250421.csv
2025-04-21 07:42:57,455 - INFO - Deleted original file: C:\Users\SelengeTulga\Documents\GitHub\infinity_bh_appfolio\data\rent_roll-20250421.csv
2025-04-21 07:42:57,456 - INFO - Navigating to https://infinitybh.appfolio.com/buffered_reports/rent_roll?customize=true and downloading CSV...
2025-04-21 07:43:01,103 - INFO - Set date to 05/31/2024
2025-04-21 07:43:01,216 - INFO - Update button clicked successfully.
2025-04-21 07:43:21,415 - INFO - Export CSV button clicked successfully.
2025-04-21 07:43:21,415 - INFO - CSV export process initiated.
2025-04-21 07:43:51,416 - INFO -  Waiting for CSV file to be downloaded...
2025-04-21 07:43:51,418 - INFO -  Latest downloaded file: C:\Users\SelengeTulga\Documents\GitHub\infinity_bh_appfolio\data\rent_roll-20250421.csv
2025-04-21 07:43:51,418 - INFO - [SUCCESS] CSV file ready: C:\Users\SelengeTulga\Documents\GitHub\infinity_bh_appfolio\data\rent_roll-20250421.csv
2025-04-21 07:43:51,418 - INFO - [SUCCESS] CSV URL: file://C:\Users\SelengeTulga\Documents\GitHub\infinity_bh_appfolio\data\rent_roll-20250421.csv
2025-04-21 07:43:51,471 - INFO - Deleted original file: C:\Users\SelengeTulga\Documents\GitHub\infinity_bh_appfolio\data\rent_roll-20250421.csv
2025-04-21 07:43:51,471 - INFO - Navigating to https://infinitybh.appfolio.com/buffered_reports/rent_roll?customize=true and downloading CSV...
2025-04-21 07:43:55,051 - INFO - Set date to 04/30/2024
2025-04-21 07:43:55,136 - INFO - Update button clicked successfully.
2025-04-21 07:44:15,383 - INFO - Export CSV button clicked successfully.
2025-04-21 07:44:15,384 - INFO - CSV export process initiated.
2025-04-21 07:44:45,385 - INFO -  Waiting for CSV file to be downloaded...
2025-04-21 07:44:45,387 - INFO -  Latest downloaded file: C:\Users\SelengeTulga\Documents\GitHub\infinity_bh_appfolio\data\rent_roll-20250421.csv
2025-04-21 07:44:45,387 - INFO - [SUCCESS] CSV file ready: C:\Users\SelengeTulga\Documents\GitHub\infinity_bh_appfolio\data\rent_roll-20250421.csv
2025-04-21 07:44:45,388 - INFO - [SUCCESS] CSV URL: file://C:\Users\SelengeTulga\Documents\GitHub\infinity_bh_appfolio\data\rent_roll-20250421.csv
2025-04-21 07:44:45,459 - INFO - Deleted original file: C:\Users\SelengeTulga\Documents\GitHub\infinity_bh_appfolio\data\rent_roll-20250421.csv
2025-04-21 07:44:47,769 - INFO - [SUCCESS] The entire process completed successfully.
2025-04-21 08:22:39,231 - INFO - Started Appfolio data process
2025-04-21 08:22:40,363 - INFO - [INFO] Opening login page...
2025-04-21 08:22:42,210 - INFO - [INFO] Entered username
2025-04-21 08:22:42,349 - INFO - [INFO] Entered password
2025-04-21 08:22:42,416 - INFO - [INFO] Clicked login button
2025-04-21 08:22:45,423 - INFO - [INFO] 2-Step Verification detected. Retrieving verification code...
2025-04-21 08:22:46,854 - INFO - [INFO] Requested verification code.
2025-04-21 08:22:52,734 - INFO - Entered verification code: 652001
2025-04-21 08:22:54,341 - INFO - Successfully submitted the verification code!
2025-04-21 08:22:57,342 - INFO - Navigating to https://infinitybh.appfolio.com/buffered_reports/work_order?customize=true and downloading CSV...
2025-04-21 08:23:01,413 - INFO - Update button clicked successfully.
2025-04-21 08:23:21,573 - INFO - Export CSV button clicked successfully.
2025-04-21 08:23:21,573 - INFO - CSV export process initiated.
2025-04-21 08:23:51,574 - INFO -  Waiting for CSV file to be downloaded...
2025-04-21 08:23:51,577 - INFO -  Latest downloaded file: C:\Users\SelengeTulga\Documents\GitHub\infinity_bh_appfolio\data\work_order-20250421.csv
2025-04-21 08:23:51,578 - INFO - [SUCCESS] CSV file ready: C:\Users\SelengeTulga\Documents\GitHub\infinity_bh_appfolio\data\work_order-20250421.csv
2025-04-21 08:23:51,578 - INFO - [SUCCESS] CSV URL: file://C:\Users\SelengeTulga\Documents\GitHub\infinity_bh_appfolio\data\work_order-20250421.csv
2025-04-21 08:23:51,645 - INFO - Deleted original file: C:\Users\SelengeTulga\Documents\GitHub\infinity_bh_appfolio\data\work_order-20250421.csv
2025-04-21 08:23:53,838 - INFO - [SUCCESS] The entire process completed successfully.
2025-04-21 08:28:05,561 - INFO - Started Appfolio data process
2025-04-21 08:28:06,642 - INFO - [INFO] Opening login page...
2025-04-21 08:28:08,510 - INFO - [INFO] Entered username
2025-04-21 08:28:08,583 - INFO - [INFO] Entered password
2025-04-21 08:28:09,478 - INFO - [INFO] Clicked login button
2025-04-21 08:28:12,483 - INFO - [INFO] 2-Step Verification detected. Retrieving verification code...
2025-04-21 08:28:12,860 - INFO - [INFO] Requested verification code.
2025-04-21 08:28:13,083 - INFO - Too many requests. Waiting 10 seconds before retrying...
2025-04-21 08:28:24,448 - INFO - Entered verification code: 288861
2025-04-21 08:28:24,527 - INFO - Successfully submitted the verification code!
2025-04-21 08:28:27,527 - INFO - Navigating to https://infinitybh.appfolio.com/buffered_reports/leasing_funnel_performance?customize=true and downloading CSV...
2025-04-21 08:28:31,396 - INFO - Update button clicked successfully.
2025-04-21 08:28:51,543 - INFO - Export CSV button clicked successfully.
2025-04-21 08:28:51,543 - INFO - CSV export process initiated.
2025-04-21 08:29:21,544 - INFO -  Waiting for CSV file to be downloaded...
2025-04-21 08:29:21,546 - INFO -  Latest downloaded file: C:\Users\SelengeTulga\Documents\GitHub\infinity_bh_appfolio\data\leasing_funnel_performance-20250421.csv
2025-04-21 08:29:21,547 - INFO - [SUCCESS] CSV file ready: C:\Users\SelengeTulga\Documents\GitHub\infinity_bh_appfolio\data\leasing_funnel_performance-20250421.csv
2025-04-21 08:29:21,547 - INFO - [SUCCESS] CSV URL: file://C:\Users\SelengeTulga\Documents\GitHub\infinity_bh_appfolio\data\leasing_funnel_performance-20250421.csv
2025-04-21 08:29:21,565 - INFO - Deleted original file: C:\Users\SelengeTulga\Documents\GitHub\infinity_bh_appfolio\data\leasing_funnel_performance-20250421.csv
2025-04-21 08:29:23,791 - INFO - [SUCCESS] The entire process completed successfully.
2025-04-21 08:34:18,061 - INFO - Started Appfolio data process
2025-04-21 08:34:19,131 - INFO - [INFO] Opening login page...
2025-04-21 08:34:21,003 - INFO - [INFO] Entered username
2025-04-21 08:34:21,072 - INFO - [INFO] Entered password
2025-04-21 08:34:21,233 - INFO - [INFO] Clicked login button
2025-04-21 08:34:24,239 - INFO - [INFO] 2-Step Verification detected. Retrieving verification code...
2025-04-21 08:34:24,568 - INFO - [INFO] Requested verification code.
2025-04-21 08:34:28,175 - INFO - Entered verification code: 377075
2025-04-21 08:34:28,266 - INFO - Successfully submitted the verification code!
2025-04-21 08:34:31,267 - INFO - Navigating to https://infinitybh.appfolio.com/buffered_reports/leasing_funnel_performance?customize=true and downloading CSV...
2025-04-21 08:34:35,115 - INFO - Update button clicked successfully.
2025-04-21 08:34:55,288 - INFO - Export CSV button clicked successfully.
2025-04-21 08:34:55,289 - INFO - CSV export process initiated.
2025-04-21 08:35:25,289 - INFO -  Waiting for CSV file to be downloaded...
2025-04-21 08:35:25,291 - INFO -  Latest downloaded file: C:\Users\SelengeTulga\Documents\GitHub\infinity_bh_appfolio\data\leasing_funnel_performance-20250421.csv
2025-04-21 08:35:25,292 - INFO - [SUCCESS] CSV file ready: C:\Users\SelengeTulga\Documents\GitHub\infinity_bh_appfolio\data\leasing_funnel_performance-20250421.csv
2025-04-21 08:35:25,292 - INFO - [SUCCESS] CSV URL: file://C:\Users\SelengeTulga\Documents\GitHub\infinity_bh_appfolio\data\leasing_funnel_performance-20250421.csv
2025-04-21 08:35:27,520 - INFO - [SUCCESS] The entire process completed successfully.
2025-04-21 08:39:27,255 - INFO - Started Appfolio data process
2025-04-21 08:39:28,326 - INFO - [INFO] Opening login page...
2025-04-21 08:39:29,950 - INFO - [INFO] Entered username
2025-04-21 08:39:30,017 - INFO - [INFO] Entered password
2025-04-21 08:39:30,934 - INFO - [INFO] Clicked login button
2025-04-21 08:39:33,944 - INFO - [INFO] 2-Step Verification detected. Retrieving verification code...
2025-04-21 08:39:34,253 - INFO - [INFO] Requested verification code.
2025-04-21 08:39:34,470 - INFO - Too many requests. Waiting 10 seconds before retrying...
2025-04-21 08:39:45,806 - INFO - Entered verification code: 431142
2025-04-21 08:39:47,355 - INFO - Successfully submitted the verification code!
2025-04-21 08:39:50,356 - INFO - Navigating to https://infinitybh.appfolio.com/buffered_reports/leasing_funnel_performance?customize=true and downloading CSV...
2025-04-21 08:39:54,169 - INFO - Update button clicked successfully.
2025-04-21 08:40:14,335 - INFO - Export CSV button clicked successfully.
2025-04-21 08:40:14,335 - INFO - CSV export process initiated.
2025-04-21 08:40:44,337 - INFO -  Waiting for CSV file to be downloaded...
2025-04-21 08:40:44,340 - INFO -  Latest downloaded file: C:\Users\SelengeTulga\Documents\GitHub\infinity_bh_appfolio\data\leasing_funnel_performance-20250421 (1).csv
2025-04-21 08:40:44,340 - INFO - [SUCCESS] CSV file ready: C:\Users\SelengeTulga\Documents\GitHub\infinity_bh_appfolio\data\leasing_funnel_performance-20250421 (1).csv
2025-04-21 08:40:44,340 - INFO - [SUCCESS] CSV URL: file://C:\Users\SelengeTulga\Documents\GitHub\infinity_bh_appfolio\data\leasing_funnel_performance-20250421 (1).csv
2025-04-21 08:40:46,560 - INFO - [SUCCESS] The entire process completed successfully.
2025-04-21 08:41:15,431 - INFO - Started Appfolio data process
2025-04-21 08:41:16,526 - INFO - [INFO] Opening login page...
2025-04-21 08:41:18,551 - INFO - [INFO] Entered username
2025-04-21 08:41:18,624 - INFO - [INFO] Entered password
2025-04-21 08:41:18,691 - INFO - [INFO] Clicked login button
2025-04-21 08:41:21,700 - INFO - [INFO] 2-Step Verification detected. Retrieving verification code...
2025-04-21 08:41:22,046 - INFO - [INFO] Requested verification code.
2025-04-21 08:41:27,816 - INFO - Entered verification code: 397851
2025-04-21 08:41:29,670 - INFO - Successfully submitted the verification code!
2025-04-21 08:41:32,671 - INFO - Navigating to https://infinitybh.appfolio.com/buffered_reports/leasing_funnel_performance?customize=true and downloading CSV...
2025-04-21 08:41:36,538 - INFO - Update button clicked successfully.
2025-04-21 08:41:56,711 - INFO - Export CSV button clicked successfully.
2025-04-21 08:41:56,712 - INFO - CSV export process initiated.
2025-04-21 08:42:26,712 - INFO -  Waiting for CSV file to be downloaded...
2025-04-21 08:42:26,713 - INFO -  Latest downloaded file: C:\Users\SelengeTulga\Documents\GitHub\infinity_bh_appfolio\data\leasing_funnel_performance-20250421 (2).csv
2025-04-21 08:42:26,713 - INFO - [SUCCESS] CSV file ready: C:\Users\SelengeTulga\Documents\GitHub\infinity_bh_appfolio\data\leasing_funnel_performance-20250421 (2).csv
2025-04-21 08:42:26,713 - INFO - [SUCCESS] CSV URL: file://C:\Users\SelengeTulga\Documents\GitHub\infinity_bh_appfolio\data\leasing_funnel_performance-20250421 (2).csv
2025-04-21 08:42:28,933 - INFO - [SUCCESS] The entire process completed successfully.
2025-04-21 08:43:21,316 - INFO - Started Appfolio data process
2025-04-21 08:43:22,381 - INFO - [INFO] Opening login page...
2025-04-21 08:43:24,140 - INFO - [INFO] Entered username
2025-04-21 08:43:24,208 - INFO - [INFO] Entered password
2025-04-21 08:43:24,330 - INFO - [INFO] Clicked login button
2025-04-21 08:43:27,340 - INFO - [INFO] 2-Step Verification detected. Retrieving verification code...
2025-04-21 08:43:27,681 - INFO - [INFO] Requested verification code.
2025-04-21 08:43:33,484 - INFO - Entered verification code: 760586
2025-04-21 08:43:34,959 - INFO - Successfully submitted the verification code!
2025-04-21 08:43:37,960 - INFO - Navigating to https://infinitybh.appfolio.com/buffered_reports/prospect_source_tracking?customize=true and downloading CSV...
2025-04-21 08:43:41,482 - INFO - Update button clicked successfully.
2025-04-21 08:44:01,641 - INFO - Export CSV button clicked successfully.
2025-04-21 08:44:01,642 - INFO - CSV export process initiated.
2025-04-21 08:44:31,643 - INFO -  Waiting for CSV file to be downloaded...
2025-04-21 08:44:31,644 - INFO -  Latest downloaded file: C:\Users\SelengeTulga\Documents\GitHub\infinity_bh_appfolio\data\prospect_source_tracking-20250421.csv
2025-04-21 08:44:31,644 - INFO - [SUCCESS] CSV file ready: C:\Users\SelengeTulga\Documents\GitHub\infinity_bh_appfolio\data\prospect_source_tracking-20250421.csv
2025-04-21 08:44:31,644 - INFO - [SUCCESS] CSV URL: file://C:\Users\SelengeTulga\Documents\GitHub\infinity_bh_appfolio\data\prospect_source_tracking-20250421.csv
2025-04-21 08:44:31,669 - INFO - Navigating to https://infinitybh.appfolio.com/buffered_reports/purchase_order?customize=true and downloading CSV...
2025-04-21 08:44:35,705 - INFO - Update button clicked successfully.
2025-04-21 08:44:55,879 - INFO - Export CSV button clicked successfully.
2025-04-21 08:44:55,880 - INFO - CSV export process initiated.
2025-04-21 08:45:25,881 - INFO -  Waiting for CSV file to be downloaded...
2025-04-21 08:45:25,883 - INFO -  Latest downloaded file: C:\Users\SelengeTulga\Documents\GitHub\infinity_bh_appfolio\data\purchase_order-20250421.csv
2025-04-21 08:45:25,883 - INFO - [SUCCESS] CSV file ready: C:\Users\SelengeTulga\Documents\GitHub\infinity_bh_appfolio\data\purchase_order-20250421.csv
2025-04-21 08:45:25,883 - INFO - [SUCCESS] CSV URL: file://C:\Users\SelengeTulga\Documents\GitHub\infinity_bh_appfolio\data\purchase_order-20250421.csv
2025-04-21 08:45:28,154 - INFO - [SUCCESS] The entire process completed successfully.
2025-04-21 13:28:01,783 - INFO - Started Appfolio data process
2025-04-21 13:28:02,837 - INFO - [INFO] Opening login page...
2025-04-21 13:28:04,823 - INFO - [INFO] Entered username
2025-04-21 13:28:04,974 - INFO - [INFO] Entered password
2025-04-21 13:28:05,785 - INFO - [INFO] Clicked login button
2025-04-21 13:28:08,792 - INFO - [INFO] 2-Step Verification detected. Retrieving verification code...
2025-04-21 13:28:09,122 - INFO - [INFO] Requested verification code.
2025-04-21 13:28:09,338 - INFO - Too many requests. Waiting 10 seconds before retrying...
2025-04-21 13:28:26,114 - INFO - Entered verification code: 929389
2025-04-21 13:28:27,683 - INFO - Successfully submitted the verification code!
2025-04-21 13:28:30,687 - INFO - Navigating to https://infinitybh.appfolio.com/buffered_reports/rent_roll?customize=true and downloading CSV...
2025-04-21 13:28:34,314 - INFO - Set date to 06-30-2024
2025-04-21 13:28:34,455 - INFO - Update button clicked successfully.
2025-04-21 13:28:54,624 - INFO - Export CSV button clicked successfully.
2025-04-21 13:28:54,624 - INFO - CSV export process initiated.
2025-04-21 13:29:24,625 - INFO -  Waiting for CSV file to be downloaded...
2025-04-21 13:29:24,632 - INFO -  Latest downloaded file: C:\Users\SelengeTulga\Documents\GitHub\infinity_bh_appfolio\data\rent_roll-20250421.csv
2025-04-21 13:29:24,632 - INFO - [SUCCESS] CSV file ready: C:\Users\SelengeTulga\Documents\GitHub\infinity_bh_appfolio\data\rent_roll-20250421.csv
2025-04-21 13:29:24,633 - INFO - [SUCCESS] CSV URL: file://C:\Users\SelengeTulga\Documents\GitHub\infinity_bh_appfolio\data\rent_roll-20250421.csv
2025-04-21 13:29:24,702 - INFO - Deleted original file: C:\Users\SelengeTulga\Documents\GitHub\infinity_bh_appfolio\data\rent_roll-20250421.csv
2025-04-21 13:29:24,929 - INFO -  An error occurred: [Errno 13] Permission denied: 'C:\\Users\\SelengeTulga\\Documents\\GitHub\\infinity_bh_appfolio\\data\\rentroll_12_months_combined_20250421.csv'
2025-04-21 13:29:27,101 - INFO - [SUCCESS] The entire process completed successfully.
2025-04-21 13:29:52,033 - INFO - Started Appfolio data process
2025-04-21 13:29:53,084 - INFO - [INFO] Opening login page...
2025-04-21 13:29:55,677 - INFO - [INFO] Entered username
2025-04-21 13:29:55,747 - INFO - [INFO] Entered password
2025-04-21 13:29:56,652 - INFO - [INFO] Clicked login button
2025-04-21 13:29:59,659 - INFO - [INFO] 2-Step Verification detected. Retrieving verification code...
2025-04-21 13:30:00,018 - INFO - [INFO] Requested verification code.
2025-04-21 13:30:05,807 - INFO - Entered verification code: 374187
2025-04-21 13:30:07,382 - INFO - Successfully submitted the verification code!
2025-04-21 13:30:13,010 - INFO - [SUCCESS] The entire process completed successfully.
2025-04-23 09:42:26,946 - INFO - Started Appfolio data process
2025-04-23 09:42:28,165 - INFO - [INFO] Opening login page...
2025-04-23 09:42:30,607 - INFO - [INFO] Entered username
2025-04-23 09:42:30,678 - INFO - [INFO] Entered password
2025-04-23 09:42:31,534 - INFO - [INFO] Clicked login button
2025-04-23 09:42:34,541 - INFO - [INFO] 2-Step Verification detected. Retrieving verification code...
2025-04-23 09:42:34,952 - INFO - [INFO] Requested verification code.
2025-04-23 09:42:38,564 - INFO - Entered verification code: 843956
2025-04-23 09:42:40,768 - INFO - Successfully submitted the verification code!
2025-04-23 09:42:43,769 - INFO - Navigating to https://infinitybh.appfolio.com/buffered_reports/purchase_order?customize=true and downloading CSV...
2025-04-23 09:42:57,870 - INFO -  An error occurred: Message: 
Stacktrace:
	GetHandleVerifier [0x00007FF765815355+78597]
	GetHandleVerifier [0x00007FF7658153B0+78688]
	(No symbol) [0x00007FF7655C91AA]
	(No symbol) [0x00007FF76561F149]
	(No symbol) [0x00007FF76561F3FC]
	(No symbol) [0x00007FF765672467]
	(No symbol) [0x00007FF76564712F]
	(No symbol) [0x00007FF76566F2BB]
	(No symbol) [0x00007FF765646EC3]
	(No symbol) [0x00007FF7656103F8]
	(No symbol) [0x00007FF765611163]
	GetHandleVerifier [0x00007FF765ABEF0D+2870973]
	GetHandleVerifier [0x00007FF765AB96B8+2848360]
	GetHandleVerifier [0x00007FF765AD6993+2967875]
	GetHandleVerifier [0x00007FF76583019A+188746]
	GetHandleVerifier [0x00007FF76583847F+222255]
	GetHandleVerifier [0x00007FF76581D2D4+111236]
	GetHandleVerifier [0x00007FF76581D482+111666]
	GetHandleVerifier [0x00007FF7658035A9+5465]
	BaseThreadInitThunk [0x00007FF96DB6E8D7+23]
	RtlUserThreadStart [0x00007FF96FB5BF6C+44]

2025-04-23 09:43:00,072 - INFO - [ERROR] The process encountered an error.
2025-04-23 09:44:38,619 - INFO - Started Appfolio data process
2025-04-23 09:44:39,675 - INFO - [INFO] Opening login page...
2025-04-23 09:44:41,596 - INFO - [INFO] Entered username
2025-04-23 09:44:41,657 - INFO - [INFO] Entered password
2025-04-23 09:44:42,367 - INFO - [INFO] Clicked login button
2025-04-23 09:44:45,374 - INFO - [INFO] 2-Step Verification detected. Retrieving verification code...
2025-04-23 09:44:45,734 - INFO - [INFO] Requested verification code.
2025-04-23 09:44:49,318 - INFO - Entered verification code: 680222
2025-04-23 09:44:49,412 - INFO - Successfully submitted the verification code!
2025-04-23 09:44:52,412 - INFO - Navigating to https://infinitybh.appfolio.com/buffered_reports/purchase_order?customize=true and downloading CSV...
2025-04-23 09:45:06,509 - INFO -  An error occurred: Message: 
Stacktrace:
	GetHandleVerifier [0x00007FF765815355+78597]
	GetHandleVerifier [0x00007FF7658153B0+78688]
	(No symbol) [0x00007FF7655C91AA]
	(No symbol) [0x00007FF76561F149]
	(No symbol) [0x00007FF76561F3FC]
	(No symbol) [0x00007FF765672467]
	(No symbol) [0x00007FF76564712F]
	(No symbol) [0x00007FF76566F2BB]
	(No symbol) [0x00007FF765646EC3]
	(No symbol) [0x00007FF7656103F8]
	(No symbol) [0x00007FF765611163]
	GetHandleVerifier [0x00007FF765ABEF0D+2870973]
	GetHandleVerifier [0x00007FF765AB96B8+2848360]
	GetHandleVerifier [0x00007FF765AD6993+2967875]
	GetHandleVerifier [0x00007FF76583019A+188746]
	GetHandleVerifier [0x00007FF76583847F+222255]
	GetHandleVerifier [0x00007FF76581D2D4+111236]
	GetHandleVerifier [0x00007FF76581D482+111666]
	GetHandleVerifier [0x00007FF7658035A9+5465]
	BaseThreadInitThunk [0x00007FF96DB6E8D7+23]
	RtlUserThreadStart [0x00007FF96FB5BF6C+44]

2025-04-23 09:45:08,721 - INFO - [ERROR] The process encountered an error.
2025-04-23 09:52:13,829 - INFO - Started Appfolio data process
2025-04-23 09:52:14,909 - INFO - [INFO] Opening login page...
2025-04-23 09:52:18,792 - INFO - [INFO] Entered username
2025-04-23 09:52:18,864 - INFO - [INFO] Entered password
2025-04-23 09:52:19,025 - INFO - [INFO] Clicked login button
2025-04-23 09:52:22,032 - INFO - [INFO] 2-Step Verification detected. Retrieving verification code...
2025-04-23 09:52:22,408 - INFO - [INFO] Requested verification code.
2025-04-23 09:52:22,652 - INFO - Too many requests. Waiting 10 seconds before retrying...
2025-04-23 09:52:34,028 - INFO - Entered verification code: 408756
2025-04-23 09:52:34,109 - INFO - Successfully submitted the verification code!
2025-04-23 09:52:37,111 - INFO - Navigating to https://infinitybh.appfolio.com/buffered_reports/purchase_order?customize=true and downloading CSV...
2025-04-23 09:52:51,915 - INFO -  An error occurred: Message: 
Stacktrace:
	GetHandleVerifier [0x00007FF765815355+78597]
	GetHandleVerifier [0x00007FF7658153B0+78688]
	(No symbol) [0x00007FF7655C91AA]
	(No symbol) [0x00007FF76561F149]
	(No symbol) [0x00007FF76561F3FC]
	(No symbol) [0x00007FF765672467]
	(No symbol) [0x00007FF76564712F]
	(No symbol) [0x00007FF76566F2BB]
	(No symbol) [0x00007FF765646EC3]
	(No symbol) [0x00007FF7656103F8]
	(No symbol) [0x00007FF765611163]
	GetHandleVerifier [0x00007FF765ABEF0D+2870973]
	GetHandleVerifier [0x00007FF765AB96B8+2848360]
	GetHandleVerifier [0x00007FF765AD6993+2967875]
	GetHandleVerifier [0x00007FF76583019A+188746]
	GetHandleVerifier [0x00007FF76583847F+222255]
	GetHandleVerifier [0x00007FF76581D2D4+111236]
	GetHandleVerifier [0x00007FF76581D482+111666]
	GetHandleVerifier [0x00007FF7658035A9+5465]
	BaseThreadInitThunk [0x00007FF96DB6E8D7+23]
	RtlUserThreadStart [0x00007FF96FB5BF6C+44]

2025-04-23 09:52:54,131 - INFO - [ERROR] The process encountered an error.
2025-04-23 09:55:09,551 - INFO - Started Appfolio data process
2025-04-23 09:55:10,596 - INFO - [INFO] Opening login page...
2025-04-23 09:55:12,738 - INFO - [INFO] Entered username
2025-04-23 09:55:12,829 - INFO - [INFO] Entered password
2025-04-23 09:55:12,983 - INFO - [INFO] Clicked login button
2025-04-23 09:55:15,990 - INFO - [INFO] 2-Step Verification detected. Retrieving verification code...
2025-04-23 09:55:16,346 - INFO - [INFO] Requested verification code.
2025-04-23 09:55:19,943 - INFO - Entered verification code: 023365
2025-04-23 09:55:20,016 - INFO - Successfully submitted the verification code!
2025-04-23 09:55:23,017 - INFO - Navigating to https://infinitybh.appfolio.com/buffered_reports/purchase_order?customize=true and downloading CSV...
2025-04-23 09:55:37,209 - INFO -  An error occurred: Message: 
Stacktrace:
	GetHandleVerifier [0x00007FF765815355+78597]
	GetHandleVerifier [0x00007FF7658153B0+78688]
	(No symbol) [0x00007FF7655C91AA]
	(No symbol) [0x00007FF76561F149]
	(No symbol) [0x00007FF76561F3FC]
	(No symbol) [0x00007FF765672467]
	(No symbol) [0x00007FF76564712F]
	(No symbol) [0x00007FF76566F2BB]
	(No symbol) [0x00007FF765646EC3]
	(No symbol) [0x00007FF7656103F8]
	(No symbol) [0x00007FF765611163]
	GetHandleVerifier [0x00007FF765ABEF0D+2870973]
	GetHandleVerifier [0x00007FF765AB96B8+2848360]
	GetHandleVerifier [0x00007FF765AD6993+2967875]
	GetHandleVerifier [0x00007FF76583019A+188746]
	GetHandleVerifier [0x00007FF76583847F+222255]
	GetHandleVerifier [0x00007FF76581D2D4+111236]
	GetHandleVerifier [0x00007FF76581D482+111666]
	GetHandleVerifier [0x00007FF7658035A9+5465]
	BaseThreadInitThunk [0x00007FF96DB6E8D7+23]
	RtlUserThreadStart [0x00007FF96FB5BF6C+44]

2025-04-23 09:55:39,426 - INFO - [ERROR] The process encountered an error.
2025-04-23 09:57:53,515 - INFO - Started Appfolio data process
2025-04-23 09:57:54,561 - INFO - [INFO] Opening login page...
2025-04-23 09:57:56,716 - INFO - [INFO] Entered username
2025-04-23 09:57:56,796 - INFO - [INFO] Entered password
2025-04-23 09:57:56,950 - INFO - [INFO] Clicked login button
2025-04-23 09:57:59,958 - INFO - [INFO] 2-Step Verification detected. Retrieving verification code...
2025-04-23 09:58:00,313 - INFO - [INFO] Requested verification code.
2025-04-23 09:58:00,579 - INFO - Too many requests. Waiting 10 seconds before retrying...
2025-04-23 09:58:11,980 - INFO - Entered verification code: 019248
2025-04-23 09:58:12,052 - INFO - Successfully submitted the verification code!
2025-04-23 09:58:15,053 - INFO - Navigating to https://infinitybh.appfolio.com/buffered_reports/purchase_order?customize=true and downloading CSV...
2025-04-23 09:58:25,309 - INFO - Update button clicked successfully.
2025-04-23 09:58:45,541 - INFO - Export CSV button clicked successfully.
2025-04-23 09:58:45,541 - INFO - CSV export process initiated.
2025-04-23 09:59:15,542 - INFO -  Waiting for CSV file to be downloaded...
2025-04-23 09:59:15,545 - INFO -  Latest downloaded file: C:\Users\SelengeTulga\Documents\GitHub\infinity_bh_appfolio\data\purchase_order-20250423.csv
2025-04-23 09:59:15,545 - INFO - [SUCCESS] CSV file ready: C:\Users\SelengeTulga\Documents\GitHub\infinity_bh_appfolio\data\purchase_order-20250423.csv
2025-04-23 09:59:15,545 - INFO - [SUCCESS] CSV URL: file://C:\Users\SelengeTulga\Documents\GitHub\infinity_bh_appfolio\data\purchase_order-20250423.csv
2025-04-23 09:59:15,690 - INFO - Deleted original file: C:\Users\SelengeTulga\Documents\GitHub\infinity_bh_appfolio\data\purchase_order-20250423.csv
2025-04-23 09:59:18,381 - INFO - [SUCCESS] The entire process completed successfully.
2025-04-23 10:16:31,514 - INFO - Started Appfolio data process
2025-04-23 10:16:32,567 - INFO - [INFO] Opening login page...
2025-04-23 10:16:34,692 - INFO - [INFO] Entered username
2025-04-23 10:16:34,767 - INFO - [INFO] Entered password
2025-04-23 10:16:35,654 - INFO - [INFO] Clicked login button
2025-04-23 10:16:38,659 - INFO - [INFO] 2-Step Verification detected. Retrieving verification code...
2025-04-23 10:16:39,032 - INFO - [INFO] Requested verification code.
2025-04-23 10:16:48,766 - INFO - Entered verification code: 563153
2025-04-23 10:16:48,850 - INFO - Successfully submitted the verification code!
2025-04-23 10:16:51,851 - INFO - Navigating to https://infinitybh.appfolio.com/buffered_reports/purchase_order?customize=true and downloading CSV...
2025-04-23 10:17:01,546 - INFO - Update button clicked successfully.
2025-04-23 10:17:21,838 - INFO - Export CSV button clicked successfully.
2025-04-23 10:17:21,838 - INFO - CSV export process initiated.
2025-04-23 10:17:51,839 - INFO -  Waiting for CSV file to be downloaded...
2025-04-23 10:17:51,841 - INFO -  Latest downloaded file: C:\Users\SelengeTulga\Documents\GitHub\infinity_bh_appfolio\data\purchase_order-20250423.csv
2025-04-23 10:17:51,841 - INFO - [SUCCESS] CSV file ready: C:\Users\SelengeTulga\Documents\GitHub\infinity_bh_appfolio\data\purchase_order-20250423.csv
2025-04-23 10:17:51,841 - INFO - [SUCCESS] CSV URL: file://C:\Users\SelengeTulga\Documents\GitHub\infinity_bh_appfolio\data\purchase_order-20250423.csv
2025-04-23 10:17:51,970 - INFO - Deleted original file: C:\Users\SelengeTulga\Documents\GitHub\infinity_bh_appfolio\data\purchase_order-20250423.csv
2025-04-23 10:17:54,510 - INFO - [SUCCESS] The entire process completed successfully.
2025-04-23 10:33:13,020 - INFO - Started Appfolio data process
2025-04-23 10:33:14,084 - INFO - [INFO] Opening login page...
2025-04-23 10:33:16,527 - INFO - [INFO] Entered username
2025-04-23 10:33:16,698 - INFO - [INFO] Entered password
2025-04-23 10:33:17,674 - INFO - [INFO] Clicked login button
2025-04-23 10:33:20,678 - INFO - [INFO] 2-Step Verification detected. Retrieving verification code...
2025-04-23 10:33:21,032 - INFO - [INFO] Requested verification code.
2025-04-23 10:33:21,261 - INFO - Too many requests. Waiting 10 seconds before retrying...
2025-04-23 10:33:35,372 - INFO - Entered verification code: 183294
2025-04-23 10:33:38,528 - INFO - Successfully submitted the verification code!
2025-04-23 10:33:41,529 - INFO - Navigating to https://infinitybh.appfolio.com/buffered_reports/purchase_order?customize=true and downloading CSV...
2025-04-23 10:33:51,127 - INFO - Update button clicked successfully.
2025-04-23 10:34:11,337 - INFO - Export CSV button clicked successfully.
2025-04-23 10:34:11,338 - INFO - CSV export process initiated.
2025-04-23 10:34:41,338 - INFO -  Waiting for CSV file to be downloaded...
2025-04-23 10:34:41,339 - INFO -  Latest downloaded file: C:\Users\SelengeTulga\Documents\GitHub\infinity_bh_appfolio\data\purchase_order-20250423.csv
2025-04-23 10:34:41,339 - INFO - [SUCCESS] CSV file ready: C:\Users\SelengeTulga\Documents\GitHub\infinity_bh_appfolio\data\purchase_order-20250423.csv
2025-04-23 10:34:41,339 - INFO - [SUCCESS] CSV URL: file://C:\Users\SelengeTulga\Documents\GitHub\infinity_bh_appfolio\data\purchase_order-20250423.csv
2025-04-23 10:34:41,477 - INFO - Deleted original file: C:\Users\SelengeTulga\Documents\GitHub\infinity_bh_appfolio\data\purchase_order-20250423.csv
2025-04-23 10:34:44,145 - INFO - [SUCCESS] The entire process completed successfully.
2025-04-23 11:26:50,290 - INFO - Started Appfolio data process
2025-04-23 11:26:51,348 - INFO - [INFO] Opening login page...
2025-04-23 11:26:53,718 - INFO - [INFO] Entered username
2025-04-23 11:26:53,810 - INFO - [INFO] Entered password
2025-04-23 11:26:55,259 - INFO - [INFO] Clicked login button
2025-04-23 11:26:58,263 - INFO - [INFO] 2-Step Verification detected. Retrieving verification code...
2025-04-23 11:26:58,601 - INFO - [INFO] Requested verification code.
2025-04-23 11:27:02,313 - INFO - Entered verification code: 446667
2025-04-23 11:27:02,396 - INFO - Successfully submitted the verification code!
2025-04-23 11:27:05,398 - INFO - Navigating to https://infinitybh.appfolio.com/buffered_reports/bill_detail?customize=true and downloading CSV...
2025-04-23 11:27:14,908 - INFO - Update button clicked successfully.
2025-04-23 11:27:36,020 - INFO - An error occurred: Message: element click intercepted: Element <button type="button" aria-haspopup="true" aria-expanded="false" class="dropdown-div__button js-dropdown btn btn-secondary dropdown-toggle btn btn-secondary">...</button> is not clickable at point (1397, 27). Other element would receive the click: <div class="modal show" aria-modal="true" role="dialog" tabindex="-1" style="display: block;">...</div>
  (Session info: chrome=135.0.7049.96)
Stacktrace:
	GetHandleVerifier [0x00007FF765815355+78597]
	GetHandleVerifier [0x00007FF7658153B0+78688]
	(No symbol) [0x00007FF7655C91AA]
	(No symbol) [0x00007FF765627089]
	(No symbol) [0x00007FF765624A42]
	(No symbol) [0x00007FF765621AE1]
	(No symbol) [0x00007FF765620A42]
	(No symbol) [0x00007FF765612204]
	(No symbol) [0x00007FF7656470EA]
	(No symbol) [0x00007FF765611AB6]
	(No symbol) [0x00007FF765647300]
	(No symbol) [0x00007FF76566F2BB]
	(No symbol) [0x00007FF765646EC3]
	(No symbol) [0x00007FF7656103F8]
	(No symbol) [0x00007FF765611163]
	GetHandleVerifier [0x00007FF765ABEF0D+2870973]
	GetHandleVerifier [0x00007FF765AB96B8+2848360]
	GetHandleVerifier [0x00007FF765AD6993+2967875]
	GetHandleVerifier [0x00007FF76583019A+188746]
	GetHandleVerifier [0x00007FF76583847F+222255]
	GetHandleVerifier [0x00007FF76581D2D4+111236]
	GetHandleVerifier [0x00007FF76581D482+111666]
	GetHandleVerifier [0x00007FF7658035A9+5465]
	BaseThreadInitThunk [0x00007FF96DB6E8D7+23]
	RtlUserThreadStart [0x00007FF96FB5BF6C+44]

2025-04-23 11:28:06,020 - INFO -  Waiting for CSV file to be downloaded...
2025-04-23 11:28:06,021 - INFO -  Latest downloaded file: C:\Users\SelengeTulga\Documents\GitHub\infinity_bh_appfolio\data\rentroll_12_months_combined_20250423.csv
2025-04-23 11:28:06,022 - INFO - [SUCCESS] CSV file ready: C:\Users\SelengeTulga\Documents\GitHub\infinity_bh_appfolio\data\rentroll_12_months_combined_20250423.csv
2025-04-23 11:28:06,022 - INFO - [SUCCESS] CSV URL: file://C:\Users\SelengeTulga\Documents\GitHub\infinity_bh_appfolio\data\rentroll_12_months_combined_20250423.csv
2025-04-23 11:28:06,378 - INFO - Deleted original file: C:\Users\SelengeTulga\Documents\GitHub\infinity_bh_appfolio\data\rentroll_12_months_combined_20250423.csv
2025-04-23 11:28:08,601 - INFO - [SUCCESS] The entire process completed successfully.
2025-04-23 11:32:12,701 - INFO - Started Appfolio data process
2025-04-23 11:32:13,788 - INFO - [INFO] Opening login page...
2025-04-23 11:32:15,783 - INFO - [INFO] Entered username
2025-04-23 11:32:15,842 - INFO - [INFO] Entered password
2025-04-23 11:32:16,773 - INFO - [INFO] Clicked login button
2025-04-23 11:32:19,780 - INFO - [INFO] 2-Step Verification detected. Retrieving verification code...
2025-04-23 11:32:20,147 - INFO - [INFO] Requested verification code.
2025-04-23 11:32:26,193 - INFO - Entered verification code: 991643
2025-04-23 11:32:28,136 - INFO - Successfully submitted the verification code!
2025-04-23 11:32:31,137 - INFO - Navigating to https://infinitybh.appfolio.com/buffered_reports/bill_detail?customize=true and downloading CSV...
2025-04-23 11:32:45,722 - INFO - Update button clicked successfully.
2025-04-23 11:33:06,794 - INFO - An error occurred: Message: element click intercepted: Element <button type="button" aria-haspopup="true" aria-expanded="false" class="dropdown-div__button js-dropdown btn btn-secondary dropdown-toggle btn btn-secondary">...</button> is not clickable at point (1397, 27). Other element would receive the click: <div class="modal show" aria-modal="true" role="dialog" tabindex="-1" style="display: block;">...</div>
  (Session info: chrome=135.0.7049.96)
Stacktrace:
	GetHandleVerifier [0x00007FF765815355+78597]
	GetHandleVerifier [0x00007FF7658153B0+78688]
	(No symbol) [0x00007FF7655C91AA]
	(No symbol) [0x00007FF765627089]
	(No symbol) [0x00007FF765624A42]
	(No symbol) [0x00007FF765621AE1]
	(No symbol) [0x00007FF765620A42]
	(No symbol) [0x00007FF765612204]
	(No symbol) [0x00007FF7656470EA]
	(No symbol) [0x00007FF765611AB6]
	(No symbol) [0x00007FF765647300]
	(No symbol) [0x00007FF76566F2BB]
	(No symbol) [0x00007FF765646EC3]
	(No symbol) [0x00007FF7656103F8]
	(No symbol) [0x00007FF765611163]
	GetHandleVerifier [0x00007FF765ABEF0D+2870973]
	GetHandleVerifier [0x00007FF765AB96B8+2848360]
	GetHandleVerifier [0x00007FF765AD6993+2967875]
	GetHandleVerifier [0x00007FF76583019A+188746]
	GetHandleVerifier [0x00007FF76583847F+222255]
	GetHandleVerifier [0x00007FF76581D2D4+111236]
	GetHandleVerifier [0x00007FF76581D482+111666]
	GetHandleVerifier [0x00007FF7658035A9+5465]
	BaseThreadInitThunk [0x00007FF96DB6E8D7+23]
	RtlUserThreadStart [0x00007FF96FB5BF6C+44]

2025-04-23 11:33:26,054 - WARNING - Retrying (Retry(total=2, connect=None, read=None, redirect=None, status=None)) after connection broken by 'ConnectionResetError(10054, 'An existing connection was forcibly closed by the remote host', None, 10054, None)': /session/3c17723b07154fdb4c42dd9d5fc60c6f
2025-04-23 11:33:39,367 - INFO - Started Appfolio data process
2025-04-23 11:33:40,436 - INFO - [INFO] Opening login page...
2025-04-23 11:33:42,784 - INFO - [INFO] Entered username
2025-04-23 11:33:42,881 - INFO - [INFO] Entered password
2025-04-23 11:33:43,824 - INFO - [INFO] Clicked login button
2025-04-23 11:33:46,829 - INFO - [INFO] 2-Step Verification detected. Retrieving verification code...
2025-04-23 11:33:47,178 - INFO - [INFO] Requested verification code.
2025-04-23 11:33:51,028 - INFO - Entered verification code: 386340
2025-04-23 11:33:52,978 - INFO - Successfully submitted the verification code!
2025-04-23 11:33:55,980 - INFO - Navigating to https://infinitybh.appfolio.com/buffered_reports/bill_detail?customize=true and downloading CSV...
2025-04-23 11:34:10,428 - INFO - Update button clicked successfully.
2025-04-23 11:34:40,639 - INFO - Export CSV button clicked successfully.
2025-04-23 11:34:40,639 - INFO - CSV export process initiated.
2025-04-23 11:35:10,640 - INFO -  Waiting for CSV file to be downloaded...
2025-04-23 11:35:10,641 - INFO -  Latest downloaded file: C:\Users\SelengeTulga\Documents\GitHub\infinity_bh_appfolio\data\bill_detail-20250331.csv
2025-04-23 11:35:10,641 - INFO - [SUCCESS] CSV file ready: C:\Users\SelengeTulga\Documents\GitHub\infinity_bh_appfolio\data\bill_detail-20250331.csv
2025-04-23 11:35:10,641 - INFO - [SUCCESS] CSV URL: file://C:\Users\SelengeTulga\Documents\GitHub\infinity_bh_appfolio\data\bill_detail-20250331.csv
2025-04-23 11:35:11,001 - INFO - Deleted original file: C:\Users\SelengeTulga\Documents\GitHub\infinity_bh_appfolio\data\bill_detail-20250331.csv
2025-04-23 11:35:13,297 - INFO - [SUCCESS] The entire process completed successfully.
2025-04-24 12:03:34,636 - INFO - Started Appfolio data process
2025-04-24 12:03:35,750 - INFO - [INFO] Opening login page...
2025-04-24 12:03:37,671 - INFO - [INFO] Entered username
2025-04-24 12:03:37,741 - INFO - [INFO] Entered password
2025-04-24 12:03:38,716 - INFO - [INFO] Clicked login button
2025-04-24 12:03:41,721 - INFO - [INFO] 2-Step Verification detected. Retrieving verification code...
2025-04-24 12:03:42,257 - INFO - [INFO] Requested verification code.
2025-04-24 12:03:45,885 - INFO - Entered verification code: 286981
2025-04-24 12:03:48,197 - INFO - Successfully submitted the verification code!
2025-04-24 12:03:51,198 - INFO - Navigating to https://infinitybh.appfolio.com/buffered_reports/bill_detail?customize=true and downloading CSV...
2025-04-24 12:04:05,671 - INFO - Update button clicked successfully.
2025-04-24 12:04:35,886 - INFO - Export CSV button clicked successfully.
2025-04-24 12:04:35,886 - INFO - CSV export process initiated.
2025-04-24 12:05:05,887 - INFO -  Waiting for CSV file to be downloaded...
2025-04-24 12:05:05,890 - INFO -  Latest downloaded file: C:\Users\SelengeTulga\Documents\GitHub\infinity_bh_appfolio\data\bill_detail-20250424.csv
2025-04-24 12:05:05,891 - INFO - [SUCCESS] CSV file ready: C:\Users\SelengeTulga\Documents\GitHub\infinity_bh_appfolio\data\bill_detail-20250424.csv
2025-04-24 12:05:05,891 - INFO - [SUCCESS] CSV URL: file://C:\Users\SelengeTulga\Documents\GitHub\infinity_bh_appfolio\data\bill_detail-20250424.csv
2025-04-24 12:05:06,282 - INFO - Deleted original file: C:\Users\SelengeTulga\Documents\GitHub\infinity_bh_appfolio\data\bill_detail-20250424.csv
2025-04-24 12:05:08,519 - INFO - [SUCCESS] The entire process completed successfully.
2025-04-24 14:25:28,450 - INFO - Started Appfolio data process
2025-04-24 14:25:29,544 - INFO - [INFO] Opening login page...
2025-04-24 14:25:31,895 - INFO - [INFO] Entered username
2025-04-24 14:25:32,002 - INFO - [INFO] Entered password
2025-04-24 14:25:32,085 - INFO - [INFO] Clicked login button
2025-04-24 14:25:35,091 - INFO - [INFO] 2-Step Verification detected. Retrieving verification code...
2025-04-24 14:25:35,424 - INFO - [INFO] Requested verification code.
2025-04-24 14:25:41,233 - INFO - Entered verification code: 957448
2025-04-24 14:25:43,423 - INFO - Successfully submitted the verification code!
2025-04-24 14:25:46,424 - INFO - Navigating to https://infinitybh.appfolio.com/buffered_reports/bill_detail?customize=true and downloading CSV...
2025-04-24 14:26:01,836 - INFO - Update button clicked successfully.
2025-04-24 14:26:32,024 - INFO - Export CSV button clicked successfully.
2025-04-24 14:26:32,024 - INFO - CSV export process initiated.
2025-04-24 14:27:02,025 - INFO -  Waiting for CSV file to be downloaded...
2025-04-24 14:27:02,027 - INFO -  Latest downloaded file: C:\Users\SelengeTulga\Documents\GitHub\infinity_bh_appfolio\data\bill_detail-20250424.csv
2025-04-24 14:27:02,027 - INFO - [SUCCESS] CSV file ready: C:\Users\SelengeTulga\Documents\GitHub\infinity_bh_appfolio\data\bill_detail-20250424.csv
2025-04-24 14:27:02,027 - INFO - [SUCCESS] CSV URL: file://C:\Users\SelengeTulga\Documents\GitHub\infinity_bh_appfolio\data\bill_detail-20250424.csv
2025-04-24 14:27:02,589 - INFO - Deleted original file: C:\Users\SelengeTulga\Documents\GitHub\infinity_bh_appfolio\data\bill_detail-20250424.csv
2025-04-24 14:27:04,822 - INFO - [SUCCESS] The entire process completed successfully.
2025-04-24 14:30:08,011 - INFO - Started Appfolio data process
2025-04-24 14:30:09,101 - INFO - [INFO] Opening login page...
2025-04-24 14:30:11,220 - INFO - [INFO] Entered username
2025-04-24 14:30:11,296 - INFO - [INFO] Entered password
2025-04-24 14:30:11,379 - INFO - [INFO] Clicked login button
2025-04-24 14:30:14,384 - INFO - [INFO] 2-Step Verification detected. Retrieving verification code...
2025-04-24 14:30:14,696 - INFO - [INFO] Requested verification code.
2025-04-24 14:30:14,910 - INFO - Too many requests. Waiting 10 seconds before retrying...
2025-04-24 14:30:26,259 - INFO - Entered verification code: 986356
2025-04-24 14:31:06,612 - INFO - Successfully submitted the verification code!
2025-04-24 14:31:09,612 - INFO - Navigating to https://infinitybh.appfolio.com/buffered_reports/bill_detail?customize=true and downloading CSV...
2025-04-24 14:31:24,240 - INFO - Update button clicked successfully.
2025-04-24 14:31:54,415 - INFO - Export CSV button clicked successfully.
2025-04-24 14:31:54,416 - INFO - CSV export process initiated.
2025-04-24 14:32:24,417 - INFO -  Waiting for CSV file to be downloaded...
2025-04-24 14:32:24,419 - INFO -  Latest downloaded file: C:\Users\SelengeTulga\Documents\GitHub\infinity_bh_appfolio\data\bill_detail-20250424.csv
2025-04-24 14:32:24,419 - INFO - [SUCCESS] CSV file ready: C:\Users\SelengeTulga\Documents\GitHub\infinity_bh_appfolio\data\bill_detail-20250424.csv
2025-04-24 14:32:24,419 - INFO - [SUCCESS] CSV URL: file://C:\Users\SelengeTulga\Documents\GitHub\infinity_bh_appfolio\data\bill_detail-20250424.csv
2025-04-24 14:32:24,677 - INFO -  An error occurred: argument of type 'float' is not iterable
2025-04-24 14:32:26,971 - INFO - [ERROR] The process encountered an error.
2025-04-24 14:35:11,233 - INFO - Started Appfolio data process
2025-04-24 14:35:12,310 - INFO - [INFO] Opening login page...
2025-04-24 14:35:14,278 - INFO - [INFO] Entered username
2025-04-24 14:35:14,349 - INFO - [INFO] Entered password
2025-04-24 14:35:15,164 - INFO - [INFO] Clicked login button
2025-04-24 14:35:18,169 - INFO - [INFO] 2-Step Verification detected. Retrieving verification code...
2025-04-24 14:35:18,485 - INFO - [INFO] Requested verification code.
2025-04-24 14:35:22,046 - INFO - Entered verification code: 206077
2025-04-24 14:35:22,156 - INFO - Successfully submitted the verification code!
2025-04-24 14:35:25,157 - INFO - Navigating to https://infinitybh.appfolio.com/buffered_reports/bill_detail?customize=true and downloading CSV...
2025-04-24 14:35:39,595 - INFO - Update button clicked successfully.
2025-04-24 14:36:09,791 - INFO - Export CSV button clicked successfully.
2025-04-24 14:36:09,792 - INFO - CSV export process initiated.
2025-04-24 14:36:39,792 - INFO -  Waiting for CSV file to be downloaded...
2025-04-24 14:36:39,795 - INFO -  Latest downloaded file: C:\Users\SelengeTulga\Documents\GitHub\infinity_bh_appfolio\data\bill_detail-20250424 (1).csv
2025-04-24 14:36:39,795 - INFO - [SUCCESS] CSV file ready: C:\Users\SelengeTulga\Documents\GitHub\infinity_bh_appfolio\data\bill_detail-20250424 (1).csv
2025-04-24 14:36:39,795 - INFO - [SUCCESS] CSV URL: file://C:\Users\SelengeTulga\Documents\GitHub\infinity_bh_appfolio\data\bill_detail-20250424 (1).csv
2025-04-24 14:36:40,229 - INFO - Deleted original file: C:\Users\SelengeTulga\Documents\GitHub\infinity_bh_appfolio\data\bill_detail-20250424 (1).csv
2025-04-24 14:36:42,449 - INFO - [SUCCESS] The entire process completed successfully.
2025-04-24 14:38:21,423 - INFO - Started Appfolio data process
2025-04-24 14:38:22,472 - INFO - [INFO] Opening login page...
2025-04-24 14:38:24,161 - INFO - [INFO] Entered username
2025-04-24 14:38:24,299 - INFO - [INFO] Entered password
2025-04-24 14:38:25,191 - INFO - [INFO] Clicked login button
2025-04-24 14:38:28,196 - INFO - [INFO] 2-Step Verification detected. Retrieving verification code...
2025-04-24 14:38:28,525 - INFO - [INFO] Requested verification code.
2025-04-24 14:38:28,759 - INFO - Too many requests. Waiting 10 seconds before retrying...
2025-04-24 14:38:40,075 - INFO - Entered verification code: 349303
2025-04-24 14:38:42,100 - INFO - Successfully submitted the verification code!
2025-04-24 14:38:45,101 - INFO - Navigating to https://infinitybh.appfolio.com/buffered_reports/bill_detail?customize=true and downloading CSV...
2025-04-24 14:39:00,473 - INFO - Update button clicked successfully.
2025-04-24 14:39:30,660 - INFO - Export CSV button clicked successfully.
2025-04-24 14:39:30,660 - INFO - CSV export process initiated.
2025-04-24 14:40:00,662 - INFO -  Waiting for CSV file to be downloaded...
2025-04-24 14:40:00,663 - INFO -  Latest downloaded file: C:\Users\SelengeTulga\Documents\GitHub\infinity_bh_appfolio\data\bill_detail-20250424 (1).csv
2025-04-24 14:40:00,664 - INFO - [SUCCESS] CSV file ready: C:\Users\SelengeTulga\Documents\GitHub\infinity_bh_appfolio\data\bill_detail-20250424 (1).csv
2025-04-24 14:40:00,664 - INFO - [SUCCESS] CSV URL: file://C:\Users\SelengeTulga\Documents\GitHub\infinity_bh_appfolio\data\bill_detail-20250424 (1).csv
2025-04-24 14:40:00,826 - INFO -  An error occurred: 'Property'
2025-04-24 14:40:03,097 - INFO - [ERROR] The process encountered an error.
2025-04-24 14:40:51,356 - INFO - Started Appfolio data process
2025-04-24 14:40:52,411 - INFO - [INFO] Opening login page...
2025-04-24 14:40:54,247 - INFO - [INFO] Entered username
2025-04-24 14:40:54,403 - INFO - [INFO] Entered password
2025-04-24 14:40:55,260 - INFO - [INFO] Clicked login button
2025-04-24 14:40:58,264 - INFO - [INFO] 2-Step Verification detected. Retrieving verification code...
2025-04-24 14:40:58,590 - INFO - [INFO] Requested verification code.
2025-04-24 14:40:58,817 - INFO - Too many requests. Waiting 10 seconds before retrying...
2025-04-24 14:41:10,199 - INFO - Entered verification code: 668130
2025-04-24 14:41:11,783 - INFO - Successfully submitted the verification code!
2025-04-24 14:41:14,784 - INFO - Navigating to https://infinitybh.appfolio.com/buffered_reports/bill_detail?customize=true and downloading CSV...
2025-04-24 14:41:29,310 - INFO - Update button clicked successfully.
2025-04-24 14:41:59,486 - INFO - Export CSV button clicked successfully.
2025-04-24 14:41:59,486 - INFO - CSV export process initiated.
2025-04-24 14:42:29,487 - INFO -  Waiting for CSV file to be downloaded...
2025-04-24 14:42:29,489 - INFO -  Latest downloaded file: C:\Users\SelengeTulga\Documents\GitHub\infinity_bh_appfolio\data\bill_detail-20250424 (1).csv
2025-04-24 14:42:29,489 - INFO - [SUCCESS] CSV file ready: C:\Users\SelengeTulga\Documents\GitHub\infinity_bh_appfolio\data\bill_detail-20250424 (1).csv
2025-04-24 14:42:29,489 - INFO - [SUCCESS] CSV URL: file://C:\Users\SelengeTulga\Documents\GitHub\infinity_bh_appfolio\data\bill_detail-20250424 (1).csv
2025-04-24 14:42:29,723 - INFO -  An error occurred: 'Property'
2025-04-24 14:42:31,954 - INFO - [ERROR] The process encountered an error.
2025-04-24 15:20:55,164 - INFO - Started Appfolio data process
2025-04-24 15:20:56,232 - INFO - [INFO] Opening login page...
2025-04-24 15:20:58,145 - INFO - [INFO] Entered username
2025-04-24 15:20:58,291 - INFO - [INFO] Entered password
2025-04-24 15:20:58,392 - INFO - [INFO] Clicked login button
2025-04-24 15:21:01,397 - INFO - [INFO] 2-Step Verification detected. Retrieving verification code...
2025-04-24 15:21:01,763 - INFO - [INFO] Requested verification code.
2025-04-24 15:21:05,446 - INFO - Entered verification code: 770480
2025-04-24 15:21:07,970 - INFO - Successfully submitted the verification code!
2025-04-24 15:21:10,971 - INFO - Navigating to https://infinitybh.appfolio.com/buffered_reports/bill_detail?customize=true and downloading CSV...
2025-04-24 15:21:25,562 - INFO - Update button clicked successfully.
2025-04-24 15:21:55,743 - INFO - Export CSV button clicked successfully.
2025-04-24 15:21:55,743 - INFO - CSV export process initiated.
2025-04-24 15:22:25,744 - INFO -  Waiting for CSV file to be downloaded...
2025-04-24 15:22:25,745 - INFO -  Latest downloaded file: C:\Users\SelengeTulga\Documents\GitHub\infinity_bh_appfolio\data\bill_detail-20250424 (2).csv
2025-04-24 15:22:25,746 - INFO - [SUCCESS] CSV file ready: C:\Users\SelengeTulga\Documents\GitHub\infinity_bh_appfolio\data\bill_detail-20250424 (2).csv
2025-04-24 15:22:25,746 - INFO - [SUCCESS] CSV URL: file://C:\Users\SelengeTulga\Documents\GitHub\infinity_bh_appfolio\data\bill_detail-20250424 (2).csv
2025-04-24 15:22:26,269 - INFO - Deleted original file: C:\Users\SelengeTulga\Documents\GitHub\infinity_bh_appfolio\data\bill_detail-20250424 (2).csv
2025-04-24 15:22:28,505 - INFO - [SUCCESS] The entire process completed successfully.
2025-04-25 11:33:28,161 - INFO - Started Appfolio data process
2025-04-25 11:33:29,406 - INFO - [INFO] Opening login page...
2025-04-25 11:33:31,427 - INFO - [INFO] Entered username
2025-04-25 11:33:31,509 - INFO - [INFO] Entered password
2025-04-25 11:33:32,357 - INFO - [INFO] Clicked login button
2025-04-25 11:33:35,362 - INFO - [INFO] 2-Step Verification detected. Retrieving verification code...
2025-04-25 11:33:35,762 - INFO - [INFO] Requested verification code.
2025-04-25 11:33:39,492 - INFO - Entered verification code: 872477
2025-04-25 11:33:41,610 - INFO - Successfully submitted the verification code!
2025-04-25 11:33:44,610 - INFO - Navigating to https://infinitybh.appfolio.com/buffered_reports/rent_roll?customize=true and downloading CSV...
2025-04-25 11:33:48,328 - INFO - Update button clicked successfully.
2025-04-25 11:34:18,503 - INFO - Export CSV button clicked successfully.
2025-04-25 11:34:18,503 - INFO - CSV export process initiated.
2025-04-25 11:34:48,504 - INFO -  Waiting for CSV file to be downloaded...
2025-04-25 11:34:48,505 - INFO -  Latest downloaded file: C:\Users\SelengeTulga\Documents\GitHub\infinity_bh_appfolio\data\rent_roll-20250425.csv
2025-04-25 11:34:48,505 - INFO - [SUCCESS] CSV file ready: C:\Users\SelengeTulga\Documents\GitHub\infinity_bh_appfolio\data\rent_roll-20250425.csv
2025-04-25 11:34:48,505 - INFO - [SUCCESS] CSV URL: file://C:\Users\SelengeTulga\Documents\GitHub\infinity_bh_appfolio\data\rent_roll-20250425.csv
2025-04-25 11:34:48,556 - INFO - Deleted original file: C:\Users\SelengeTulga\Documents\GitHub\infinity_bh_appfolio\data\rent_roll-20250425.csv
2025-04-25 11:34:48,556 - INFO - Navigating to https://infinitybh.appfolio.com/buffered_reports/tenant_directory?customize=true and downloading CSV...
2025-04-25 11:34:52,214 - INFO - Update button clicked successfully.
2025-04-25 11:35:22,411 - INFO - Export CSV button clicked successfully.
2025-04-25 11:35:22,411 - INFO - CSV export process initiated.
2025-04-25 11:35:52,412 - INFO -  Waiting for CSV file to be downloaded...
2025-04-25 11:35:52,415 - INFO -  Latest downloaded file: C:\Users\SelengeTulga\Documents\GitHub\infinity_bh_appfolio\data\tenant_directory-20250425.csv
2025-04-25 11:35:52,415 - INFO - [SUCCESS] CSV file ready: C:\Users\SelengeTulga\Documents\GitHub\infinity_bh_appfolio\data\tenant_directory-20250425.csv
2025-04-25 11:35:52,416 - INFO - [SUCCESS] CSV URL: file://C:\Users\SelengeTulga\Documents\GitHub\infinity_bh_appfolio\data\tenant_directory-20250425.csv
2025-04-25 11:35:52,549 - INFO - Deleted original file: C:\Users\SelengeTulga\Documents\GitHub\infinity_bh_appfolio\data\tenant_directory-20250425.csv
2025-04-25 11:35:52,549 - INFO - Navigating to https://infinitybh.appfolio.com/buffered_reports/work_order?customize=true and downloading CSV...
2025-04-25 11:35:56,995 - INFO - Update button clicked successfully.
2025-04-25 11:36:27,176 - INFO - Export CSV button clicked successfully.
2025-04-25 11:36:27,176 - INFO - CSV export process initiated.
2025-04-25 11:36:57,176 - INFO -  Waiting for CSV file to be downloaded...
2025-04-25 11:36:57,178 - INFO -  Latest downloaded file: C:\Users\SelengeTulga\Documents\GitHub\infinity_bh_appfolio\data\work_order-20250425.csv
2025-04-25 11:36:57,178 - INFO - [SUCCESS] CSV file ready: C:\Users\SelengeTulga\Documents\GitHub\infinity_bh_appfolio\data\work_order-20250425.csv
2025-04-25 11:36:57,178 - INFO - [SUCCESS] CSV URL: file://C:\Users\SelengeTulga\Documents\GitHub\infinity_bh_appfolio\data\work_order-20250425.csv
2025-04-25 11:36:57,245 - INFO - Deleted original file: C:\Users\SelengeTulga\Documents\GitHub\infinity_bh_appfolio\data\work_order-20250425.csv
2025-04-25 11:36:57,245 - INFO - Navigating to https://infinitybh.appfolio.com/buffered_reports/leasing_funnel_performance?customize=true and downloading CSV...
2025-04-25 11:37:01,234 - INFO - Update button clicked successfully.
2025-04-25 11:37:31,452 - INFO - Export CSV button clicked successfully.
2025-04-25 11:37:31,453 - INFO - CSV export process initiated.
2025-04-25 11:38:01,453 - INFO -  Waiting for CSV file to be downloaded...
2025-04-25 11:38:01,454 - INFO -  Latest downloaded file: C:\Users\SelengeTulga\Documents\GitHub\infinity_bh_appfolio\data\leasing_funnel_performance-20250425.csv
2025-04-25 11:38:01,454 - INFO - [SUCCESS] CSV file ready: C:\Users\SelengeTulga\Documents\GitHub\infinity_bh_appfolio\data\leasing_funnel_performance-20250425.csv
2025-04-25 11:38:01,454 - INFO - [SUCCESS] CSV URL: file://C:\Users\SelengeTulga\Documents\GitHub\infinity_bh_appfolio\data\leasing_funnel_performance-20250425.csv
2025-04-25 11:38:01,476 - INFO - Deleted original file: C:\Users\SelengeTulga\Documents\GitHub\infinity_bh_appfolio\data\leasing_funnel_performance-20250425.csv
2025-04-25 11:38:01,476 - INFO - Navigating to https://infinitybh.appfolio.com/buffered_reports/prospect_source_tracking?customize=true and downloading CSV...
2025-04-25 11:38:05,107 - INFO - Update button clicked successfully.
2025-04-25 11:38:35,292 - INFO - Export CSV button clicked successfully.
2025-04-25 11:38:35,292 - INFO - CSV export process initiated.
2025-04-25 11:39:05,293 - INFO -  Waiting for CSV file to be downloaded...
2025-04-25 11:39:05,294 - INFO -  Latest downloaded file: C:\Users\SelengeTulga\Documents\GitHub\infinity_bh_appfolio\data\prospect_source_tracking-20250425.csv
2025-04-25 11:39:05,294 - INFO - [SUCCESS] CSV file ready: C:\Users\SelengeTulga\Documents\GitHub\infinity_bh_appfolio\data\prospect_source_tracking-20250425.csv
2025-04-25 11:39:05,294 - INFO - [SUCCESS] CSV URL: file://C:\Users\SelengeTulga\Documents\GitHub\infinity_bh_appfolio\data\prospect_source_tracking-20250425.csv
2025-04-25 11:39:05,316 - INFO - Deleted original file: C:\Users\SelengeTulga\Documents\GitHub\infinity_bh_appfolio\data\prospect_source_tracking-20250425.csv
2025-04-25 11:39:05,317 - INFO - Navigating to None and downloading CSV...
2025-04-25 11:39:05,321 - INFO -  An error occurred: Message: invalid argument: 'url' must be a string
  (Session info: chrome=135.0.7049.96)
Stacktrace:
	GetHandleVerifier [0x00007FF6632F5355+78597]
	GetHandleVerifier [0x00007FF6632F53B0+78688]
	(No symbol) [0x00007FF6630A91AA]
	(No symbol) [0x00007FF6631500F4]
	(No symbol) [0x00007FF6631270EA]
	(No symbol) [0x00007FF66314F2BB]
	(No symbol) [0x00007FF663126EC3]
	(No symbol) [0x00007FF6630F03F8]
	(No symbol) [0x00007FF6630F1163]
	GetHandleVerifier [0x00007FF66359EF0D+2870973]
	GetHandleVerifier [0x00007FF6635996B8+2848360]
	GetHandleVerifier [0x00007FF6635B6993+2967875]
	GetHandleVerifier [0x00007FF66331019A+188746]
	GetHandleVerifier [0x00007FF66331847F+222255]
	GetHandleVerifier [0x00007FF6632FD2D4+111236]
	GetHandleVerifier [0x00007FF6632FD482+111666]
	GetHandleVerifier [0x00007FF6632E35A9+5465]
	BaseThreadInitThunk [0x00007FF96DB6E8D7+23]
	RtlUserThreadStart [0x00007FF96FB5BF6C+44]

2025-04-25 11:39:07,531 - INFO - [ERROR] The process encountered an error.
2025-04-25 11:40:46,150 - INFO - Started Appfolio data process
2025-04-25 11:40:47,225 - INFO - [INFO] Opening login page...
2025-04-25 11:40:49,139 - INFO - [INFO] Entered username
2025-04-25 11:40:49,297 - INFO - [INFO] Entered password
2025-04-25 11:40:49,392 - INFO - [INFO] Clicked login button
2025-04-25 11:40:52,399 - INFO - [INFO] 2-Step Verification detected. Retrieving verification code...
2025-04-25 11:40:52,703 - INFO - [INFO] Requested verification code.
2025-04-25 11:40:59,218 - INFO - Entered verification code: 743033
2025-04-25 11:40:59,292 - INFO - Successfully submitted the verification code!
2025-04-25 11:41:02,294 - INFO - Navigating to https://infinitybh.appfolio.com/buffered_reports/bill_detail?customize=true and downloading CSV...
2025-04-25 11:41:16,612 - INFO - Update button clicked successfully.
2025-04-25 11:41:46,790 - INFO - Export CSV button clicked successfully.
2025-04-25 11:41:46,791 - INFO - CSV export process initiated.
2025-04-25 11:42:16,791 - INFO -  Waiting for CSV file to be downloaded...
2025-04-25 11:42:16,793 - INFO -  Latest downloaded file: C:\Users\SelengeTulga\Documents\GitHub\infinity_bh_appfolio\data\bill_detail-20250425.csv
2025-04-25 11:42:16,793 - INFO - [SUCCESS] CSV file ready: C:\Users\SelengeTulga\Documents\GitHub\infinity_bh_appfolio\data\bill_detail-20250425.csv
2025-04-25 11:42:16,793 - INFO - [SUCCESS] CSV URL: file://C:\Users\SelengeTulga\Documents\GitHub\infinity_bh_appfolio\data\bill_detail-20250425.csv
2025-04-25 11:42:17,297 - INFO - Deleted original file: C:\Users\SelengeTulga\Documents\GitHub\infinity_bh_appfolio\data\bill_detail-20250425.csv
2025-04-25 11:42:17,301 - INFO - Navigating to https://infinitybh.appfolio.com/buffered_reports/rent_roll?customize=true and downloading CSV...
2025-04-25 11:42:20,967 - INFO - Set date to 06-30-2024
2025-04-25 11:42:21,050 - INFO - Update button clicked successfully.
2025-04-25 11:42:51,264 - INFO - Export CSV button clicked successfully.
2025-04-25 11:42:51,264 - INFO - CSV export process initiated.
2025-04-25 11:43:21,265 - INFO -  Waiting for CSV file to be downloaded...
2025-04-25 11:43:21,267 - INFO -  Latest downloaded file: C:\Users\SelengeTulga\Documents\GitHub\infinity_bh_appfolio\data\rent_roll-20250425.csv
2025-04-25 11:43:21,267 - INFO - [SUCCESS] CSV file ready: C:\Users\SelengeTulga\Documents\GitHub\infinity_bh_appfolio\data\rent_roll-20250425.csv
2025-04-25 11:43:21,267 - INFO - [SUCCESS] CSV URL: file://C:\Users\SelengeTulga\Documents\GitHub\infinity_bh_appfolio\data\rent_roll-20250425.csv
2025-04-25 11:43:21,311 - INFO - Deleted original file: C:\Users\SelengeTulga\Documents\GitHub\infinity_bh_appfolio\data\rent_roll-20250425.csv
2025-04-25 11:43:24,206 - INFO - [SUCCESS] The entire process completed successfully.
2025-04-25 12:44:06,779 - INFO - Started Appfolio data process
2025-04-25 12:44:07,835 - INFO - [INFO] Opening login page...
2025-04-25 12:44:09,693 - INFO - [INFO] Entered username
2025-04-25 12:44:09,838 - INFO - [INFO] Entered password
2025-04-25 12:44:09,907 - INFO - [INFO] Clicked login button
2025-04-25 12:44:12,913 - INFO - [INFO] 2-Step Verification detected. Retrieving verification code...
2025-04-25 12:44:13,298 - INFO - [INFO] Requested verification code.
2025-04-25 12:44:13,784 - INFO - Too many requests. Waiting 10 seconds before retrying...
2025-04-25 12:44:25,140 - INFO - Entered verification code: 799455
2025-04-25 12:44:25,210 - INFO - Successfully submitted the verification code!
2025-04-25 12:44:28,212 - INFO - Navigating to https://infinitybh.appfolio.com/buffered_reports/rent_roll?customize=true and downloading CSV...
2025-04-25 12:44:31,852 - INFO - Set date to 03-31-2025
2025-04-25 12:44:31,946 - INFO - Update button clicked successfully.
2025-04-25 12:45:02,133 - INFO - Export CSV button clicked successfully.
2025-04-25 12:45:02,133 - INFO - CSV export process initiated.
2025-04-25 12:45:32,135 - INFO -  Waiting for CSV file to be downloaded...
2025-04-25 12:45:32,137 - INFO -  Latest downloaded file: C:\Users\SelengeTulga\Documents\GitHub\infinity_bh_appfolio\data\rent_roll-20250425.csv
2025-04-25 12:45:32,137 - INFO - [SUCCESS] CSV file ready: C:\Users\SelengeTulga\Documents\GitHub\infinity_bh_appfolio\data\rent_roll-20250425.csv
2025-04-25 12:45:32,138 - INFO - [SUCCESS] CSV URL: file://C:\Users\SelengeTulga\Documents\GitHub\infinity_bh_appfolio\data\rent_roll-20250425.csv
2025-04-25 12:45:32,199 - INFO - Deleted original file: C:\Users\SelengeTulga\Documents\GitHub\infinity_bh_appfolio\data\rent_roll-20250425.csv
2025-04-25 12:45:32,199 - INFO - Navigating to https://infinitybh.appfolio.com/buffered_reports/rent_roll?customize=true and downloading CSV...
2025-04-25 12:45:35,841 - INFO - Set date to 02-28-2025
2025-04-25 12:45:35,923 - INFO - Update button clicked successfully.
2025-04-25 12:46:06,140 - INFO - Export CSV button clicked successfully.
2025-04-25 12:46:06,140 - INFO - CSV export process initiated.
2025-04-25 12:46:36,140 - INFO -  Waiting for CSV file to be downloaded...
2025-04-25 12:46:36,143 - INFO -  Latest downloaded file: C:\Users\SelengeTulga\Documents\GitHub\infinity_bh_appfolio\data\rent_roll-20250425.csv
2025-04-25 12:46:36,143 - INFO - [SUCCESS] CSV file ready: C:\Users\SelengeTulga\Documents\GitHub\infinity_bh_appfolio\data\rent_roll-20250425.csv
2025-04-25 12:46:36,143 - INFO - [SUCCESS] CSV URL: file://C:\Users\SelengeTulga\Documents\GitHub\infinity_bh_appfolio\data\rent_roll-20250425.csv
2025-04-25 12:46:36,193 - INFO - Deleted original file: C:\Users\SelengeTulga\Documents\GitHub\infinity_bh_appfolio\data\rent_roll-20250425.csv
2025-04-25 12:46:36,193 - INFO - Navigating to https://infinitybh.appfolio.com/buffered_reports/rent_roll?customize=true and downloading CSV...
2025-04-25 12:46:39,862 - INFO - Set date to 01-31-2025
2025-04-25 12:46:39,937 - INFO - Update button clicked successfully.
2025-04-25 12:47:10,108 - INFO - Export CSV button clicked successfully.
2025-04-25 12:47:10,108 - INFO - CSV export process initiated.
2025-04-25 12:47:40,109 - INFO -  Waiting for CSV file to be downloaded...
2025-04-25 12:47:40,112 - INFO -  Latest downloaded file: C:\Users\SelengeTulga\Documents\GitHub\infinity_bh_appfolio\data\rent_roll-20250425.csv
2025-04-25 12:47:40,113 - INFO - [SUCCESS] CSV file ready: C:\Users\SelengeTulga\Documents\GitHub\infinity_bh_appfolio\data\rent_roll-20250425.csv
2025-04-25 12:47:40,113 - INFO - [SUCCESS] CSV URL: file://C:\Users\SelengeTulga\Documents\GitHub\infinity_bh_appfolio\data\rent_roll-20250425.csv
2025-04-25 12:47:40,159 - INFO - Deleted original file: C:\Users\SelengeTulga\Documents\GitHub\infinity_bh_appfolio\data\rent_roll-20250425.csv
2025-04-25 12:47:40,160 - INFO - Navigating to https://infinitybh.appfolio.com/buffered_reports/rent_roll?customize=true and downloading CSV...
2025-04-25 12:47:43,824 - INFO - Set date to 12-31-2024
2025-04-25 12:47:43,925 - INFO - Update button clicked successfully.
2025-04-25 12:48:14,167 - INFO - Export CSV button clicked successfully.
2025-04-25 12:48:14,167 - INFO - CSV export process initiated.
2025-04-25 12:48:44,168 - INFO -  Waiting for CSV file to be downloaded...
2025-04-25 12:48:44,169 - INFO -  Latest downloaded file: C:\Users\SelengeTulga\Documents\GitHub\infinity_bh_appfolio\data\rent_roll-20250425.csv
2025-04-25 12:48:44,169 - INFO - [SUCCESS] CSV file ready: C:\Users\SelengeTulga\Documents\GitHub\infinity_bh_appfolio\data\rent_roll-20250425.csv
2025-04-25 12:48:44,170 - INFO - [SUCCESS] CSV URL: file://C:\Users\SelengeTulga\Documents\GitHub\infinity_bh_appfolio\data\rent_roll-20250425.csv
2025-04-25 12:48:44,217 - INFO - Deleted original file: C:\Users\SelengeTulga\Documents\GitHub\infinity_bh_appfolio\data\rent_roll-20250425.csv
2025-04-25 12:48:44,217 - INFO - Navigating to https://infinitybh.appfolio.com/buffered_reports/rent_roll?customize=true and downloading CSV...
2025-04-25 12:48:47,858 - INFO - Set date to 11-30-2024
2025-04-25 12:48:47,947 - INFO - Update button clicked successfully.
2025-04-25 12:49:18,130 - INFO - Export CSV button clicked successfully.
2025-04-25 12:49:18,130 - INFO - CSV export process initiated.
2025-04-25 12:49:48,132 - INFO -  Waiting for CSV file to be downloaded...
2025-04-25 12:49:48,134 - INFO -  Latest downloaded file: C:\Users\SelengeTulga\Documents\GitHub\infinity_bh_appfolio\data\rent_roll-20250425.csv
2025-04-25 12:49:48,134 - INFO - [SUCCESS] CSV file ready: C:\Users\SelengeTulga\Documents\GitHub\infinity_bh_appfolio\data\rent_roll-20250425.csv
2025-04-25 12:49:48,134 - INFO - [SUCCESS] CSV URL: file://C:\Users\SelengeTulga\Documents\GitHub\infinity_bh_appfolio\data\rent_roll-20250425.csv
2025-04-25 12:49:48,193 - INFO - Deleted original file: C:\Users\SelengeTulga\Documents\GitHub\infinity_bh_appfolio\data\rent_roll-20250425.csv
2025-04-25 12:49:48,193 - INFO - Navigating to https://infinitybh.appfolio.com/buffered_reports/rent_roll?customize=true and downloading CSV...
2025-04-25 12:49:51,829 - INFO - Set date to 10-31-2024
2025-04-25 12:49:51,919 - INFO - Update button clicked successfully.
2025-04-25 12:50:22,080 - INFO - Export CSV button clicked successfully.
2025-04-25 12:50:22,080 - INFO - CSV export process initiated.
2025-04-25 12:50:52,081 - INFO -  Waiting for CSV file to be downloaded...
2025-04-25 12:50:52,083 - INFO -  Latest downloaded file: C:\Users\SelengeTulga\Documents\GitHub\infinity_bh_appfolio\data\rent_roll-20250425.csv
2025-04-25 12:50:52,083 - INFO - [SUCCESS] CSV file ready: C:\Users\SelengeTulga\Documents\GitHub\infinity_bh_appfolio\data\rent_roll-20250425.csv
2025-04-25 12:50:52,083 - INFO - [SUCCESS] CSV URL: file://C:\Users\SelengeTulga\Documents\GitHub\infinity_bh_appfolio\data\rent_roll-20250425.csv
2025-04-25 12:50:52,133 - INFO - Deleted original file: C:\Users\SelengeTulga\Documents\GitHub\infinity_bh_appfolio\data\rent_roll-20250425.csv
2025-04-25 12:50:52,133 - INFO - Navigating to https://infinitybh.appfolio.com/buffered_reports/rent_roll?customize=true and downloading CSV...
2025-04-25 12:50:55,783 - INFO - Set date to 09-30-2024
2025-04-25 12:50:55,871 - INFO - Update button clicked successfully.
2025-04-25 12:51:26,060 - INFO - Export CSV button clicked successfully.
2025-04-25 12:51:26,060 - INFO - CSV export process initiated.
2025-04-25 12:51:56,061 - INFO -  Waiting for CSV file to be downloaded...
2025-04-25 12:51:56,063 - INFO -  Latest downloaded file: C:\Users\SelengeTulga\Documents\GitHub\infinity_bh_appfolio\data\rent_roll-20250425.csv
2025-04-25 12:51:56,063 - INFO - [SUCCESS] CSV file ready: C:\Users\SelengeTulga\Documents\GitHub\infinity_bh_appfolio\data\rent_roll-20250425.csv
2025-04-25 12:51:56,064 - INFO - [SUCCESS] CSV URL: file://C:\Users\SelengeTulga\Documents\GitHub\infinity_bh_appfolio\data\rent_roll-20250425.csv
2025-04-25 12:51:56,106 - INFO - Deleted original file: C:\Users\SelengeTulga\Documents\GitHub\infinity_bh_appfolio\data\rent_roll-20250425.csv
2025-04-25 12:51:56,106 - INFO - Navigating to https://infinitybh.appfolio.com/buffered_reports/rent_roll?customize=true and downloading CSV...
2025-04-25 12:51:59,727 - INFO - Set date to 08-31-2024
2025-04-25 12:51:59,828 - INFO - Update button clicked successfully.
2025-04-25 12:52:29,988 - INFO - Export CSV button clicked successfully.
2025-04-25 12:52:29,988 - INFO - CSV export process initiated.
2025-04-25 12:52:59,989 - INFO -  Waiting for CSV file to be downloaded...
2025-04-25 12:52:59,991 - INFO -  Latest downloaded file: C:\Users\SelengeTulga\Documents\GitHub\infinity_bh_appfolio\data\rent_roll-20250425.csv
2025-04-25 12:52:59,991 - INFO - [SUCCESS] CSV file ready: C:\Users\SelengeTulga\Documents\GitHub\infinity_bh_appfolio\data\rent_roll-20250425.csv
2025-04-25 12:52:59,991 - INFO - [SUCCESS] CSV URL: file://C:\Users\SelengeTulga\Documents\GitHub\infinity_bh_appfolio\data\rent_roll-20250425.csv
2025-04-25 12:53:00,039 - INFO - Deleted original file: C:\Users\SelengeTulga\Documents\GitHub\infinity_bh_appfolio\data\rent_roll-20250425.csv
2025-04-25 12:53:00,040 - INFO - Navigating to https://infinitybh.appfolio.com/buffered_reports/rent_roll?customize=true and downloading CSV...
2025-04-25 12:53:03,658 - INFO - Set date to 07-31-2024
2025-04-25 12:53:03,751 - INFO - Update button clicked successfully.
2025-04-25 12:53:33,925 - INFO - Export CSV button clicked successfully.
2025-04-25 12:53:33,926 - INFO - CSV export process initiated.
2025-04-25 12:54:03,927 - INFO -  Waiting for CSV file to be downloaded...
2025-04-25 12:54:03,928 - INFO -  Latest downloaded file: C:\Users\SelengeTulga\Documents\GitHub\infinity_bh_appfolio\data\rent_roll-20250425.csv
2025-04-25 12:54:03,929 - INFO - [SUCCESS] CSV file ready: C:\Users\SelengeTulga\Documents\GitHub\infinity_bh_appfolio\data\rent_roll-20250425.csv
2025-04-25 12:54:03,929 - INFO - [SUCCESS] CSV URL: file://C:\Users\SelengeTulga\Documents\GitHub\infinity_bh_appfolio\data\rent_roll-20250425.csv
2025-04-25 12:54:03,974 - INFO - Deleted original file: C:\Users\SelengeTulga\Documents\GitHub\infinity_bh_appfolio\data\rent_roll-20250425.csv
2025-04-25 12:54:03,975 - INFO - Navigating to https://infinitybh.appfolio.com/buffered_reports/rent_roll?customize=true and downloading CSV...
2025-04-25 12:54:07,738 - INFO - Set date to 06-30-2024
2025-04-25 12:54:07,807 - INFO - Update button clicked successfully.
2025-04-25 12:54:37,995 - INFO - Export CSV button clicked successfully.
2025-04-25 12:54:37,995 - INFO - CSV export process initiated.
2025-04-25 12:55:07,997 - INFO -  Waiting for CSV file to be downloaded...
2025-04-25 12:55:07,999 - INFO -  Latest downloaded file: C:\Users\SelengeTulga\Documents\GitHub\infinity_bh_appfolio\data\rent_roll-20250425.csv
2025-04-25 12:55:07,999 - INFO - [SUCCESS] CSV file ready: C:\Users\SelengeTulga\Documents\GitHub\infinity_bh_appfolio\data\rent_roll-20250425.csv
2025-04-25 12:55:07,999 - INFO - [SUCCESS] CSV URL: file://C:\Users\SelengeTulga\Documents\GitHub\infinity_bh_appfolio\data\rent_roll-20250425.csv
2025-04-25 12:55:08,041 - INFO - Deleted original file: C:\Users\SelengeTulga\Documents\GitHub\infinity_bh_appfolio\data\rent_roll-20250425.csv
2025-04-25 12:55:08,042 - INFO - Navigating to https://infinitybh.appfolio.com/buffered_reports/rent_roll?customize=true and downloading CSV...
2025-04-25 12:55:11,810 - INFO - Set date to 05-31-2024
2025-04-25 12:55:11,905 - INFO - Update button clicked successfully.
2025-04-25 12:55:42,089 - INFO - Export CSV button clicked successfully.
2025-04-25 12:55:42,089 - INFO - CSV export process initiated.
2025-04-25 12:56:12,091 - INFO -  Waiting for CSV file to be downloaded...
2025-04-25 12:56:12,093 - INFO -  Latest downloaded file: C:\Users\SelengeTulga\Documents\GitHub\infinity_bh_appfolio\data\rent_roll-20250425.csv
2025-04-25 12:56:12,093 - INFO - [SUCCESS] CSV file ready: C:\Users\SelengeTulga\Documents\GitHub\infinity_bh_appfolio\data\rent_roll-20250425.csv
2025-04-25 12:56:12,093 - INFO - [SUCCESS] CSV URL: file://C:\Users\SelengeTulga\Documents\GitHub\infinity_bh_appfolio\data\rent_roll-20250425.csv
2025-04-25 12:56:12,138 - INFO - Deleted original file: C:\Users\SelengeTulga\Documents\GitHub\infinity_bh_appfolio\data\rent_roll-20250425.csv
2025-04-25 12:56:12,138 - INFO - Navigating to https://infinitybh.appfolio.com/buffered_reports/rent_roll?customize=true and downloading CSV...
2025-04-25 12:56:15,880 - INFO - Set date to 04-30-2024
2025-04-25 12:56:15,999 - INFO - Update button clicked successfully.
2025-04-25 12:56:46,199 - INFO - Export CSV button clicked successfully.
2025-04-25 12:56:46,199 - INFO - CSV export process initiated.
2025-04-25 12:57:16,200 - INFO -  Waiting for CSV file to be downloaded...
2025-04-25 12:57:16,203 - INFO -  Latest downloaded file: C:\Users\SelengeTulga\Documents\GitHub\infinity_bh_appfolio\data\rent_roll-20250425.csv
2025-04-25 12:57:16,204 - INFO - [SUCCESS] CSV file ready: C:\Users\SelengeTulga\Documents\GitHub\infinity_bh_appfolio\data\rent_roll-20250425.csv
2025-04-25 12:57:16,204 - INFO - [SUCCESS] CSV URL: file://C:\Users\SelengeTulga\Documents\GitHub\infinity_bh_appfolio\data\rent_roll-20250425.csv
2025-04-25 12:57:16,250 - INFO - Deleted original file: C:\Users\SelengeTulga\Documents\GitHub\infinity_bh_appfolio\data\rent_roll-20250425.csv
2025-04-25 12:57:18,977 - INFO - [SUCCESS] The entire process completed successfully.
2025-04-28 10:27:40,482 - INFO - Started Appfolio data process
2025-04-28 10:27:41,601 - INFO - [INFO] Opening login page...
2025-04-28 10:27:43,392 - INFO - [INFO] Entered username
2025-04-28 10:27:43,470 - INFO - [INFO] Entered password
2025-04-28 10:27:44,479 - INFO - [INFO] Clicked login button
2025-04-28 10:27:47,485 - INFO - [INFO] 2-Step Verification detected. Retrieving verification code...
2025-04-28 10:27:52,162 - INFO - [INFO] Requested verification code.
2025-04-28 10:29:02,632 - INFO - API Error: Response ended prematurely
2025-04-28 10:29:56,141 - INFO -  Failed to retrieve a new verification code within the time limit.
2025-04-28 10:29:56,142 - INFO - No new verification code received.
2025-04-28 10:30:02,442 - WARNING - Retrying (Retry(total=2, connect=None, read=None, redirect=None, status=None)) after connection broken by 'NewConnectionError('<urllib3.connection.HTTPConnection object at 0x0000020482BDFDD0>: Failed to establish a new connection: [WinError 10061] No connection could be made because the target machine actively refused it')': /session/4ccf1a049f5f76f4e59e2277b49123d4
2025-04-28 10:30:06,546 - WARNING - Retrying (Retry(total=1, connect=None, read=None, redirect=None, status=None)) after connection broken by 'NewConnectionError('<urllib3.connection.HTTPConnection object at 0x0000020482BF42D0>: Failed to establish a new connection: [WinError 10061] No connection could be made because the target machine actively refused it')': /session/4ccf1a049f5f76f4e59e2277b49123d4
2025-04-28 10:30:10,633 - WARNING - Retrying (Retry(total=0, connect=None, read=None, redirect=None, status=None)) after connection broken by 'NewConnectionError('<urllib3.connection.HTTPConnection object at 0x0000020482BF6710>: Failed to establish a new connection: [WinError 10061] No connection could be made because the target machine actively refused it')': /session/4ccf1a049f5f76f4e59e2277b49123d4
2025-04-28 10:30:18,749 - INFO - [ERROR] The process encountered an error.
2025-04-28 10:31:55,635 - INFO - Started Appfolio data process
2025-04-28 10:31:56,702 - INFO - [INFO] Opening login page...
2025-04-28 10:31:58,524 - INFO - [INFO] Entered username
2025-04-28 10:31:58,680 - INFO - [INFO] Entered password
2025-04-28 10:31:59,535 - INFO - [INFO] Clicked login button
2025-04-28 10:32:02,543 - INFO - [INFO] 2-Step Verification detected. Retrieving verification code...
2025-04-28 10:32:47,407 - INFO -  An error occurred: Message: 
Stacktrace:
	GetHandleVerifier [0x00007FF7A32C5355+78597]
	GetHandleVerifier [0x00007FF7A32C53B0+78688]
	(No symbol) [0x00007FF7A30791AA]
	(No symbol) [0x00007FF7A30CF149]
	(No symbol) [0x00007FF7A30CF3FC]
	(No symbol) [0x00007FF7A3122467]
	(No symbol) [0x00007FF7A30F712F]
	(No symbol) [0x00007FF7A311F2BB]
	(No symbol) [0x00007FF7A30F6EC3]
	(No symbol) [0x00007FF7A30C03F8]
	(No symbol) [0x00007FF7A30C1163]
	GetHandleVerifier [0x00007FF7A356EF0D+2870973]
	GetHandleVerifier [0x00007FF7A35696B8+2848360]
	GetHandleVerifier [0x00007FF7A3586993+2967875]
	GetHandleVerifier [0x00007FF7A32E019A+188746]
	GetHandleVerifier [0x00007FF7A32E847F+222255]
	GetHandleVerifier [0x00007FF7A32CD2D4+111236]
	GetHandleVerifier [0x00007FF7A32CD482+111666]
	GetHandleVerifier [0x00007FF7A32B35A9+5465]
	BaseThreadInitThunk [0x00007FF96DB6E8D7+23]
	RtlUserThreadStart [0x00007FF96FB5BF6C+44]

2025-04-28 10:32:49,625 - INFO - [ERROR] The process encountered an error.
2025-04-28 10:34:09,495 - INFO - Started Appfolio data process
2025-04-28 10:34:10,573 - INFO - [INFO] Opening login page...
2025-04-28 10:34:12,510 - INFO - [INFO] Entered username
2025-04-28 10:34:12,665 - INFO - [INFO] Entered password
2025-04-28 10:34:13,726 - INFO - [INFO] Clicked login button
2025-04-28 10:34:16,735 - INFO - [INFO] 2-Step Verification detected. Retrieving verification code...
2025-04-28 10:34:19,094 - INFO - [INFO] Requested verification code.
2025-04-28 10:37:10,399 - INFO - API Error: 502 Server Error: Bad Gateway for url: https://api-app2.simpletexting.com/v2/api/messages?page=0&size=1
2025-04-28 10:37:10,597 - INFO - API Error: 502 Server Error: Bad Gateway for url: https://api-app2.simpletexting.com/v2/api/messages?page=0&size=1
2025-04-28 10:38:10,892 - INFO - API Error: 504 Server Error: Gateway Time-out for url: https://api-app2.simpletexting.com/v2/api/messages?page=0&size=1
2025-04-28 10:38:10,892 - INFO - Failed to retrieve messages after multiple attempts.
2025-04-28 10:38:15,200 - INFO - Entered verification code: 297384
2025-04-28 10:38:15,279 - INFO - Successfully submitted the verification code!
2025-04-28 10:38:18,281 - INFO - Navigating to https://infinitybh.appfolio.com/buffered_reports/rent_roll?customize=true and downloading CSV...
2025-04-28 10:38:31,879 - INFO - An error occurred: Message: 
Stacktrace:
	GetHandleVerifier [0x00007FF7A32C5355+78597]
	GetHandleVerifier [0x00007FF7A32C53B0+78688]
	(No symbol) [0x00007FF7A30791AA]
	(No symbol) [0x00007FF7A30CF149]
	(No symbol) [0x00007FF7A30CF3FC]
	(No symbol) [0x00007FF7A3122467]
	(No symbol) [0x00007FF7A30F712F]
	(No symbol) [0x00007FF7A311F2BB]
	(No symbol) [0x00007FF7A30F6EC3]
	(No symbol) [0x00007FF7A30C03F8]
	(No symbol) [0x00007FF7A30C1163]
	GetHandleVerifier [0x00007FF7A356EF0D+2870973]
	GetHandleVerifier [0x00007FF7A35696B8+2848360]
	GetHandleVerifier [0x00007FF7A3586993+2967875]
	GetHandleVerifier [0x00007FF7A32E019A+188746]
	GetHandleVerifier [0x00007FF7A32E847F+222255]
	GetHandleVerifier [0x00007FF7A32CD2D4+111236]
	GetHandleVerifier [0x00007FF7A32CD482+111666]
	GetHandleVerifier [0x00007FF7A32B35A9+5465]
	BaseThreadInitThunk [0x00007FF96DB6E8D7+23]
	RtlUserThreadStart [0x00007FF96FB5BF6C+44]

2025-04-28 10:39:01,881 - INFO - An error occurred: Message: invalid session id: session deleted as the browser has closed the connection
from disconnected: not connected to DevTools
  (Session info: chrome=135.0.7049.115)
Stacktrace:
	GetHandleVerifier [0x00007FF7A32C5355+78597]
	GetHandleVerifier [0x00007FF7A32C53B0+78688]
	(No symbol) [0x00007FF7A30791AA]
	(No symbol) [0x00007FF7A3064EF5]
	(No symbol) [0x00007FF7A3089F04]
	(No symbol) [0x00007FF7A30FED0F]
	(No symbol) [0x00007FF7A311EBB2]
	(No symbol) [0x00007FF7A30F6EC3]
	(No symbol) [0x00007FF7A30C03F8]
	(No symbol) [0x00007FF7A30C1163]
	GetHandleVerifier [0x00007FF7A356EF0D+2870973]
	GetHandleVerifier [0x00007FF7A35696B8+2848360]
	GetHandleVerifier [0x00007FF7A3586993+2967875]
	GetHandleVerifier [0x00007FF7A32E019A+188746]
	GetHandleVerifier [0x00007FF7A32E847F+222255]
	GetHandleVerifier [0x00007FF7A32CD2D4+111236]
	GetHandleVerifier [0x00007FF7A32CD482+111666]
	GetHandleVerifier [0x00007FF7A32B35A9+5465]
	BaseThreadInitThunk [0x00007FF96DB6E8D7+23]
	RtlUserThreadStart [0x00007FF96FB5BF6C+44]

2025-04-28 10:39:31,882 - INFO -  Waiting for CSV file to be downloaded...
2025-04-28 10:40:01,891 - INFO -  An error occurred:  No CSV files found in the downloads folder after waiting.
2025-04-28 10:40:03,916 - INFO - [ERROR] The process encountered an error.
2025-04-28 10:50:05,958 - INFO - Started Appfolio data process
2025-04-28 10:50:07,055 - INFO - [INFO] Opening login page...
2025-04-28 10:50:09,033 - INFO - [INFO] Entered username
2025-04-28 10:50:09,102 - INFO - [INFO] Entered password
2025-04-28 10:50:09,991 - INFO - [INFO] Clicked login button
2025-04-28 10:50:12,996 - INFO - [INFO] 2-Step Verification detected. Retrieving verification code...
2025-04-28 10:51:05,589 - INFO - API Error: Response ended prematurely
2025-04-28 10:52:05,978 - INFO - API Error: 504 Server Error: Gateway Time-out for url: https://api-app2.simpletexting.com/v2/api/messages?page=0&size=1
2025-04-28 10:53:06,288 - INFO - API Error: 504 Server Error: Gateway Time-out for url: https://api-app2.simpletexting.com/v2/api/messages?page=0&size=1
2025-04-28 10:53:06,288 - INFO - Failed to retrieve messages after multiple attempts.
2025-04-28 10:53:06,399 - INFO - [INFO] Requested verification code.
2025-04-28 10:53:25,165 - INFO - Entered verification code: 630066
2025-04-28 10:53:26,094 - INFO - Successfully submitted the verification code!
2025-04-28 10:53:29,094 - INFO - Navigating to https://infinitybh.appfolio.com/buffered_reports/rent_roll?customize=true and downloading CSV...
2025-04-28 10:53:42,759 - INFO - An error occurred: Message: 
Stacktrace:
	GetHandleVerifier [0x00007FF7A32C5355+78597]
	GetHandleVerifier [0x00007FF7A32C53B0+78688]
	(No symbol) [0x00007FF7A30791AA]
	(No symbol) [0x00007FF7A30CF149]
	(No symbol) [0x00007FF7A30CF3FC]
	(No symbol) [0x00007FF7A3122467]
	(No symbol) [0x00007FF7A30F712F]
	(No symbol) [0x00007FF7A311F2BB]
	(No symbol) [0x00007FF7A30F6EC3]
	(No symbol) [0x00007FF7A30C03F8]
	(No symbol) [0x00007FF7A30C1163]
	GetHandleVerifier [0x00007FF7A356EF0D+2870973]
	GetHandleVerifier [0x00007FF7A35696B8+2848360]
	GetHandleVerifier [0x00007FF7A3586993+2967875]
	GetHandleVerifier [0x00007FF7A32E019A+188746]
	GetHandleVerifier [0x00007FF7A32E847F+222255]
	GetHandleVerifier [0x00007FF7A32CD2D4+111236]
	GetHandleVerifier [0x00007FF7A32CD482+111666]
	GetHandleVerifier [0x00007FF7A32B35A9+5465]
	BaseThreadInitThunk [0x00007FF96DB6E8D7+23]
	RtlUserThreadStart [0x00007FF96FB5BF6C+44]

2025-04-28 10:54:23,000 - INFO - An error occurred: Message: 
Stacktrace:
	GetHandleVerifier [0x00007FF7A32C5355+78597]
	GetHandleVerifier [0x00007FF7A32C53B0+78688]
	(No symbol) [0x00007FF7A30791AA]
	(No symbol) [0x00007FF7A30CF149]
	(No symbol) [0x00007FF7A30CF3FC]
	(No symbol) [0x00007FF7A3122467]
	(No symbol) [0x00007FF7A30F712F]
	(No symbol) [0x00007FF7A311F2BB]
	(No symbol) [0x00007FF7A30F6EC3]
	(No symbol) [0x00007FF7A30C03F8]
	(No symbol) [0x00007FF7A30C1163]
	GetHandleVerifier [0x00007FF7A356EF0D+2870973]
	GetHandleVerifier [0x00007FF7A35696B8+2848360]
	GetHandleVerifier [0x00007FF7A3586993+2967875]
	GetHandleVerifier [0x00007FF7A32E019A+188746]
	GetHandleVerifier [0x00007FF7A32E847F+222255]
	GetHandleVerifier [0x00007FF7A32CD2D4+111236]
	GetHandleVerifier [0x00007FF7A32CD482+111666]
	GetHandleVerifier [0x00007FF7A32B35A9+5465]
	BaseThreadInitThunk [0x00007FF96DB6E8D7+23]
	RtlUserThreadStart [0x00007FF96FB5BF6C+44]

2025-04-28 10:54:53,001 - INFO -  Waiting for CSV file to be downloaded...
2025-04-28 10:55:23,009 - INFO -  An error occurred:  No CSV files found in the downloads folder after waiting.
2025-04-28 10:55:25,228 - INFO - [ERROR] The process encountered an error.
2025-04-28 12:08:35,910 - INFO - Started Appfolio data process
2025-04-28 12:08:36,961 - INFO - [INFO] Opening login page...
2025-04-28 12:08:39,186 - INFO - [INFO] Entered username
2025-04-28 12:08:39,258 - INFO - [INFO] Entered password
2025-04-28 12:08:40,308 - INFO - [INFO] Clicked login button
2025-04-28 12:08:43,318 - INFO - [INFO] 2-Step Verification detected. Retrieving verification code...
2025-04-28 12:08:44,208 - INFO - [INFO] Requested verification code.
2025-04-28 12:08:49,008 - INFO - Entered verification code: 231457
2025-04-28 12:08:49,078 - INFO - Successfully submitted the verification code!
2025-04-28 12:08:52,078 - INFO - Navigating to https://infinitybh.appfolio.com/buffered_reports/rent_roll?customize=true and downloading CSV...
2025-04-28 12:08:55,701 - INFO - Update button clicked successfully.
2025-04-28 12:09:25,936 - INFO - Export CSV button clicked successfully.
2025-04-28 12:09:25,936 - INFO - CSV export process initiated.
2025-04-28 12:09:55,936 - INFO -  Waiting for CSV file to be downloaded...
2025-04-28 12:09:55,937 - INFO -  Latest downloaded file: C:\Users\SelengeTulga\Documents\GitHub\infinity_bh_appfolio\data\rent_roll-20250428.csv
2025-04-28 12:09:55,937 - INFO - [SUCCESS] CSV file ready: C:\Users\SelengeTulga\Documents\GitHub\infinity_bh_appfolio\data\rent_roll-20250428.csv
2025-04-28 12:09:55,937 - INFO - [SUCCESS] CSV URL: file://C:\Users\SelengeTulga\Documents\GitHub\infinity_bh_appfolio\data\rent_roll-20250428.csv
2025-04-28 12:09:55,990 - INFO - Deleted original file: C:\Users\SelengeTulga\Documents\GitHub\infinity_bh_appfolio\data\rent_roll-20250428.csv
2025-04-28 12:09:55,991 - INFO - Navigating to https://infinitybh.appfolio.com/buffered_reports/tenant_directory?customize=true and downloading CSV...
2025-04-28 12:09:59,792 - INFO - Update button clicked successfully.
2025-04-28 12:10:30,080 - INFO - Export CSV button clicked successfully.
2025-04-28 12:10:30,081 - INFO - CSV export process initiated.
2025-04-28 12:11:00,082 - INFO -  Waiting for CSV file to be downloaded...
2025-04-28 12:11:00,083 - INFO -  Latest downloaded file: C:\Users\SelengeTulga\Documents\GitHub\infinity_bh_appfolio\data\tenant_directory-20250428.csv
2025-04-28 12:11:00,083 - INFO - [SUCCESS] CSV file ready: C:\Users\SelengeTulga\Documents\GitHub\infinity_bh_appfolio\data\tenant_directory-20250428.csv
2025-04-28 12:11:00,083 - INFO - [SUCCESS] CSV URL: file://C:\Users\SelengeTulga\Documents\GitHub\infinity_bh_appfolio\data\tenant_directory-20250428.csv
2025-04-28 12:11:00,263 - INFO - Deleted original file: C:\Users\SelengeTulga\Documents\GitHub\infinity_bh_appfolio\data\tenant_directory-20250428.csv
2025-04-28 12:11:00,263 - INFO - Navigating to https://infinitybh.appfolio.com/buffered_reports/work_order?customize=true and downloading CSV...
2025-04-28 12:11:04,245 - INFO - Update button clicked successfully.
2025-04-28 12:11:34,423 - INFO - Export CSV button clicked successfully.
2025-04-28 12:11:34,424 - INFO - CSV export process initiated.
2025-04-28 12:12:04,425 - INFO -  Waiting for CSV file to be downloaded...
2025-04-28 12:12:04,426 - INFO -  Latest downloaded file: C:\Users\SelengeTulga\Documents\GitHub\infinity_bh_appfolio\data\work_order-20250428.csv
2025-04-28 12:12:04,426 - INFO - [SUCCESS] CSV file ready: C:\Users\SelengeTulga\Documents\GitHub\infinity_bh_appfolio\data\work_order-20250428.csv
2025-04-28 12:12:04,426 - INFO - [SUCCESS] CSV URL: file://C:\Users\SelengeTulga\Documents\GitHub\infinity_bh_appfolio\data\work_order-20250428.csv
2025-04-28 12:12:04,490 - INFO - Deleted original file: C:\Users\SelengeTulga\Documents\GitHub\infinity_bh_appfolio\data\work_order-20250428.csv
2025-04-28 12:12:04,490 - INFO - Navigating to https://infinitybh.appfolio.com/buffered_reports/leasing_funnel_performance?customize=true and downloading CSV...
2025-04-28 12:12:08,754 - INFO - Update button clicked successfully.
2025-04-28 12:12:38,968 - INFO - Export CSV button clicked successfully.
2025-04-28 12:12:38,968 - INFO - CSV export process initiated.
2025-04-28 12:13:08,968 - INFO -  Waiting for CSV file to be downloaded...
2025-04-28 12:13:08,969 - INFO -  Latest downloaded file: C:\Users\SelengeTulga\Documents\GitHub\infinity_bh_appfolio\data\leasing_funnel_performance-20250428.csv
2025-04-28 12:13:08,969 - INFO - [SUCCESS] CSV file ready: C:\Users\SelengeTulga\Documents\GitHub\infinity_bh_appfolio\data\leasing_funnel_performance-20250428.csv
2025-04-28 12:13:08,969 - INFO - [SUCCESS] CSV URL: file://C:\Users\SelengeTulga\Documents\GitHub\infinity_bh_appfolio\data\leasing_funnel_performance-20250428.csv
2025-04-28 12:13:08,986 - INFO - Deleted original file: C:\Users\SelengeTulga\Documents\GitHub\infinity_bh_appfolio\data\leasing_funnel_performance-20250428.csv
2025-04-28 12:13:08,986 - INFO - Navigating to https://infinitybh.appfolio.com/buffered_reports/prospect_source_tracking?customize=true and downloading CSV...
2025-04-28 12:13:12,587 - INFO - Update button clicked successfully.
2025-04-28 12:13:42,759 - INFO - Export CSV button clicked successfully.
2025-04-28 12:13:42,759 - INFO - CSV export process initiated.
2025-04-28 12:14:12,759 - INFO -  Waiting for CSV file to be downloaded...
2025-04-28 12:14:12,760 - INFO -  Latest downloaded file: C:\Users\SelengeTulga\Documents\GitHub\infinity_bh_appfolio\data\prospect_source_tracking-20250428.csv
2025-04-28 12:14:12,760 - INFO - [SUCCESS] CSV file ready: C:\Users\SelengeTulga\Documents\GitHub\infinity_bh_appfolio\data\prospect_source_tracking-20250428.csv
2025-04-28 12:14:12,760 - INFO - [SUCCESS] CSV URL: file://C:\Users\SelengeTulga\Documents\GitHub\infinity_bh_appfolio\data\prospect_source_tracking-20250428.csv
2025-04-28 12:14:12,777 - INFO - Deleted original file: C:\Users\SelengeTulga\Documents\GitHub\infinity_bh_appfolio\data\prospect_source_tracking-20250428.csv
2025-04-28 12:14:12,777 - INFO - Navigating to https://infinitybh.appfolio.com/buffered_reports/bill_detail?customize=true and downloading CSV...
2025-04-28 12:14:27,264 - INFO - Update button clicked successfully.
2025-04-28 12:14:57,525 - INFO - Export CSV button clicked successfully.
2025-04-28 12:14:57,525 - INFO - CSV export process initiated.
2025-04-28 12:15:27,526 - INFO -  Waiting for CSV file to be downloaded...
2025-04-28 12:15:27,526 - INFO -  Latest downloaded file: C:\Users\SelengeTulga\Documents\GitHub\infinity_bh_appfolio\data\prospect_cleaned_20250428_121412.csv
2025-04-28 12:15:27,527 - INFO - [SUCCESS] CSV file ready: C:\Users\SelengeTulga\Documents\GitHub\infinity_bh_appfolio\data\prospect_cleaned_20250428_121412.csv
2025-04-28 12:15:27,527 - INFO - [SUCCESS] CSV URL: file://C:\Users\SelengeTulga\Documents\GitHub\infinity_bh_appfolio\data\prospect_cleaned_20250428_121412.csv
2025-04-28 12:15:27,547 - INFO -  An error occurred: 'Reference'
2025-04-28 12:15:29,766 - INFO - [ERROR] The process encountered an error.
2025-04-28 12:17:36,812 - INFO - Started Appfolio data process
2025-04-28 12:17:37,877 - INFO - [INFO] Opening login page...
2025-04-28 12:17:39,701 - INFO - [INFO] Entered username
2025-04-28 12:17:39,768 - INFO - [INFO] Entered password
2025-04-28 12:17:39,929 - INFO - [INFO] Clicked login button
2025-04-28 12:17:42,937 - INFO - [INFO] 2-Step Verification detected. Retrieving verification code...
2025-04-28 12:17:43,367 - INFO - [INFO] Requested verification code.
2025-04-28 12:17:49,239 - INFO - Entered verification code: 877128
2025-04-28 12:17:49,313 - INFO - Successfully submitted the verification code!
2025-04-28 12:17:52,315 - INFO - Navigating to https://infinitybh.appfolio.com/buffered_reports/bill_detail?customize=true and downloading CSV...
2025-04-28 12:18:06,605 - INFO - Update button clicked successfully.
2025-04-28 12:18:36,787 - INFO - Export CSV button clicked successfully.
2025-04-28 12:18:36,788 - INFO - CSV export process initiated.
2025-04-28 12:19:06,789 - INFO -  Waiting for CSV file to be downloaded...
2025-04-28 12:19:06,790 - INFO -  Latest downloaded file: C:\Users\SelengeTulga\Documents\GitHub\infinity_bh_appfolio\data\bill_detail-20250428.csv
2025-04-28 12:19:06,790 - INFO - [SUCCESS] CSV file ready: C:\Users\SelengeTulga\Documents\GitHub\infinity_bh_appfolio\data\bill_detail-20250428.csv
2025-04-28 12:19:06,790 - INFO - [SUCCESS] CSV URL: file://C:\Users\SelengeTulga\Documents\GitHub\infinity_bh_appfolio\data\bill_detail-20250428.csv
2025-04-28 12:19:07,192 - INFO - Deleted original file: C:\Users\SelengeTulga\Documents\GitHub\infinity_bh_appfolio\data\bill_detail-20250428.csv
2025-04-28 12:19:07,192 - INFO - Navigating to https://infinitybh.appfolio.com/buffered_reports/rent_roll?customize=true and downloading CSV...
2025-04-28 12:19:10,804 - INFO - Set date to 03-31-2025
2025-04-28 12:19:10,874 - INFO - Update button clicked successfully.
2025-04-28 12:19:41,068 - INFO - Export CSV button clicked successfully.
2025-04-28 12:19:41,068 - INFO - CSV export process initiated.
2025-04-28 12:20:08,612 - WARNING - Retrying (Retry(total=2, connect=None, read=None, redirect=None, status=None)) after connection broken by 'ConnectionResetError(10054, 'An existing connection was forcibly closed by the remote host', None, 10054, None)': /session/fff260344d08342c96d77c4085f1a9b3
2025-04-28 12:49:53,657 - INFO - Started Appfolio data process
2025-04-28 12:49:54,728 - INFO - [INFO] Opening login page...
2025-04-28 12:49:56,528 - INFO - [INFO] Entered username
2025-04-28 12:49:56,672 - INFO - [INFO] Entered password
2025-04-28 12:49:56,735 - INFO - [INFO] Clicked login button
2025-04-28 12:49:59,741 - INFO - [INFO] 2-Step Verification detected. Retrieving verification code...
2025-04-28 12:50:00,097 - INFO - [INFO] Requested verification code.
2025-04-28 12:50:03,650 - INFO - Entered verification code: 780602
2025-04-28 12:50:03,718 - INFO - Successfully submitted the verification code!
2025-04-28 12:50:06,719 - INFO - Navigating to https://infinitybh.appfolio.com/buffered_reports/bill_detail?customize=true and downloading CSV...
2025-04-28 12:50:21,164 - INFO - Update button clicked successfully.
2025-04-28 12:50:51,331 - INFO - Export CSV button clicked successfully.
2025-04-28 12:50:51,331 - INFO - CSV export process initiated.
2025-04-28 12:51:21,332 - INFO -  Waiting for CSV file to be downloaded...
2025-04-28 12:51:21,333 - INFO -  Latest downloaded file: C:\Users\SelengeTulga\Documents\GitHub\infinity_bh_appfolio\data\bill_detail-20250428.csv
2025-04-28 12:51:21,334 - INFO - [SUCCESS] CSV file ready: C:\Users\SelengeTulga\Documents\GitHub\infinity_bh_appfolio\data\bill_detail-20250428.csv
2025-04-28 12:51:21,334 - INFO - [SUCCESS] CSV URL: file://C:\Users\SelengeTulga\Documents\GitHub\infinity_bh_appfolio\data\bill_detail-20250428.csv
2025-04-28 12:51:21,741 - INFO - Deleted original file: C:\Users\SelengeTulga\Documents\GitHub\infinity_bh_appfolio\data\bill_detail-20250428.csv
2025-04-28 12:51:24,547 - INFO - [SUCCESS] The entire process completed successfully.
2025-04-28 13:30:19,814 - INFO - Started Appfolio data process
2025-04-28 13:30:20,863 - INFO - [INFO] Opening login page...
2025-04-28 13:30:22,724 - INFO - [INFO] Entered username
2025-04-28 13:30:22,931 - INFO - [INFO] Entered password
2025-04-28 13:30:23,904 - INFO - [INFO] Clicked login button
2025-04-28 13:30:26,913 - INFO - [INFO] 2-Step Verification detected. Retrieving verification code...
2025-04-28 13:30:27,227 - INFO - [INFO] Requested verification code.
2025-04-28 13:30:30,832 - INFO - Entered verification code: 722206
2025-04-28 13:30:32,821 - INFO - Successfully submitted the verification code!
2025-04-28 13:30:35,822 - INFO - Navigating to https://infinitybh.appfolio.com/buffered_reports/bill_detail?customize=true and downloading CSV...
2025-04-28 13:30:50,268 - INFO - Update button clicked successfully.
2025-04-28 13:31:30,530 - INFO -  An error occurred: Message: 
Stacktrace:
	GetHandleVerifier [0x00007FF7A32C5355+78597]
	GetHandleVerifier [0x00007FF7A32C53B0+78688]
	(No symbol) [0x00007FF7A30791AA]
	(No symbol) [0x00007FF7A30CF149]
	(No symbol) [0x00007FF7A30CF3FC]
	(No symbol) [0x00007FF7A3122467]
	(No symbol) [0x00007FF7A30F712F]
	(No symbol) [0x00007FF7A311F2BB]
	(No symbol) [0x00007FF7A30F6EC3]
	(No symbol) [0x00007FF7A30C03F8]
	(No symbol) [0x00007FF7A30C1163]
	GetHandleVerifier [0x00007FF7A356EF0D+2870973]
	GetHandleVerifier [0x00007FF7A35696B8+2848360]
	GetHandleVerifier [0x00007FF7A3586993+2967875]
	GetHandleVerifier [0x00007FF7A32E019A+188746]
	GetHandleVerifier [0x00007FF7A32E847F+222255]
	GetHandleVerifier [0x00007FF7A32CD2D4+111236]
	GetHandleVerifier [0x00007FF7A32CD482+111666]
	GetHandleVerifier [0x00007FF7A32B35A9+5465]
	BaseThreadInitThunk [0x00007FF96DB6E8D7+23]
	RtlUserThreadStart [0x00007FF96FB5BF6C+44]

2025-04-28 13:31:32,757 - INFO - [ERROR] The process encountered an error.
2025-04-28 13:32:31,787 - INFO - Started Appfolio data process
2025-04-28 13:32:32,849 - INFO - [INFO] Opening login page...
2025-04-28 13:32:34,747 - INFO - [INFO] Entered username
2025-04-28 13:32:34,883 - INFO - [INFO] Entered password
2025-04-28 13:32:34,947 - INFO - [INFO] Clicked login button
2025-04-28 13:32:37,953 - INFO - [INFO] 2-Step Verification detected. Retrieving verification code...
2025-04-28 13:32:38,280 - INFO - [INFO] Requested verification code.
2025-04-28 13:32:41,829 - INFO - Entered verification code: 369743
2025-04-28 13:32:43,544 - INFO - Successfully submitted the verification code!
2025-04-28 13:32:46,545 - INFO - Navigating to https://infinitybh.appfolio.com/buffered_reports/bill_detail?customize=true and downloading CSV...
2025-04-28 13:33:01,383 - INFO - Update button clicked successfully.
2025-04-28 13:33:41,619 - INFO -  An error occurred: Message: 
Stacktrace:
	GetHandleVerifier [0x00007FF7A32C5355+78597]
	GetHandleVerifier [0x00007FF7A32C53B0+78688]
	(No symbol) [0x00007FF7A30791AA]
	(No symbol) [0x00007FF7A30CF149]
	(No symbol) [0x00007FF7A30CF3FC]
	(No symbol) [0x00007FF7A3122467]
	(No symbol) [0x00007FF7A30F712F]
	(No symbol) [0x00007FF7A311F2BB]
	(No symbol) [0x00007FF7A30F6EC3]
	(No symbol) [0x00007FF7A30C03F8]
	(No symbol) [0x00007FF7A30C1163]
	GetHandleVerifier [0x00007FF7A356EF0D+2870973]
	GetHandleVerifier [0x00007FF7A35696B8+2848360]
	GetHandleVerifier [0x00007FF7A3586993+2967875]
	GetHandleVerifier [0x00007FF7A32E019A+188746]
	GetHandleVerifier [0x00007FF7A32E847F+222255]
	GetHandleVerifier [0x00007FF7A32CD2D4+111236]
	GetHandleVerifier [0x00007FF7A32CD482+111666]
	GetHandleVerifier [0x00007FF7A32B35A9+5465]
	BaseThreadInitThunk [0x00007FF96DB6E8D7+23]
	RtlUserThreadStart [0x00007FF96FB5BF6C+44]

2025-04-28 13:33:43,806 - INFO - [ERROR] The process encountered an error.
2025-04-28 13:36:37,956 - INFO - Started Appfolio data process
2025-04-28 13:36:39,049 - INFO - [INFO] Opening login page...
2025-04-28 13:36:41,111 - INFO - [INFO] Entered username
2025-04-28 13:36:41,215 - INFO - [INFO] Entered password
2025-04-28 13:36:41,281 - INFO - [INFO] Clicked login button
2025-04-28 13:36:44,289 - INFO - [INFO] 2-Step Verification detected. Retrieving verification code...
2025-04-28 13:36:44,709 - INFO - [INFO] Requested verification code.
2025-04-28 13:36:48,301 - INFO - Entered verification code: 333758
2025-04-28 13:36:50,156 - INFO - Successfully submitted the verification code!
2025-04-28 13:36:53,156 - INFO - Navigating to https://infinitybh.appfolio.com/buffered_reports/bill_detail?customize=true and downloading CSV...
2025-04-28 13:37:07,518 - INFO - Update button clicked successfully.
2025-04-28 13:37:47,792 - INFO -  An error occurred: Message: 
Stacktrace:
	GetHandleVerifier [0x00007FF7A32C5355+78597]
	GetHandleVerifier [0x00007FF7A32C53B0+78688]
	(No symbol) [0x00007FF7A30791AA]
	(No symbol) [0x00007FF7A30CF149]
	(No symbol) [0x00007FF7A30CF3FC]
	(No symbol) [0x00007FF7A3122467]
	(No symbol) [0x00007FF7A30F712F]
	(No symbol) [0x00007FF7A311F2BB]
	(No symbol) [0x00007FF7A30F6EC3]
	(No symbol) [0x00007FF7A30C03F8]
	(No symbol) [0x00007FF7A30C1163]
	GetHandleVerifier [0x00007FF7A356EF0D+2870973]
	GetHandleVerifier [0x00007FF7A35696B8+2848360]
	GetHandleVerifier [0x00007FF7A3586993+2967875]
	GetHandleVerifier [0x00007FF7A32E019A+188746]
	GetHandleVerifier [0x00007FF7A32E847F+222255]
	GetHandleVerifier [0x00007FF7A32CD2D4+111236]
	GetHandleVerifier [0x00007FF7A32CD482+111666]
	GetHandleVerifier [0x00007FF7A32B35A9+5465]
	BaseThreadInitThunk [0x00007FF96DB6E8D7+23]
	RtlUserThreadStart [0x00007FF96FB5BF6C+44]

2025-04-28 13:37:50,016 - INFO - [ERROR] The process encountered an error.
2025-04-28 13:39:16,441 - INFO - Started Appfolio data process
2025-04-28 13:39:17,513 - INFO - [INFO] Opening login page...
2025-04-28 13:39:19,341 - INFO - [INFO] Entered username
2025-04-28 13:39:19,511 - INFO - [INFO] Entered password
2025-04-28 13:39:20,385 - INFO - [INFO] Clicked login button
2025-04-28 13:39:23,391 - INFO - [INFO] 2-Step Verification detected. Retrieving verification code...
2025-04-28 13:39:24,133 - INFO - [INFO] Requested verification code.
2025-04-28 13:39:29,962 - INFO - Entered verification code: 408047
2025-04-28 13:39:31,678 - INFO - Successfully submitted the verification code!
2025-04-28 13:39:36,426 - INFO - Navigating to https://infinitybh.appfolio.com/buffered_reports/bill_detail?customize=true and downloading CSV...
2025-04-28 13:39:52,191 - INFO - Update button clicked successfully.
2025-04-28 13:40:32,450 - INFO -  An error occurred: Message: 
Stacktrace:
	GetHandleVerifier [0x00007FF7A32C5355+78597]
	GetHandleVerifier [0x00007FF7A32C53B0+78688]
	(No symbol) [0x00007FF7A30791AA]
	(No symbol) [0x00007FF7A30CF149]
	(No symbol) [0x00007FF7A30CF3FC]
	(No symbol) [0x00007FF7A3122467]
	(No symbol) [0x00007FF7A30F712F]
	(No symbol) [0x00007FF7A311F2BB]
	(No symbol) [0x00007FF7A30F6EC3]
	(No symbol) [0x00007FF7A30C03F8]
	(No symbol) [0x00007FF7A30C1163]
	GetHandleVerifier [0x00007FF7A356EF0D+2870973]
	GetHandleVerifier [0x00007FF7A35696B8+2848360]
	GetHandleVerifier [0x00007FF7A3586993+2967875]
	GetHandleVerifier [0x00007FF7A32E019A+188746]
	GetHandleVerifier [0x00007FF7A32E847F+222255]
	GetHandleVerifier [0x00007FF7A32CD2D4+111236]
	GetHandleVerifier [0x00007FF7A32CD482+111666]
	GetHandleVerifier [0x00007FF7A32B35A9+5465]
	BaseThreadInitThunk [0x00007FF96DB6E8D7+23]
	RtlUserThreadStart [0x00007FF96FB5BF6C+44]

2025-04-28 13:40:34,690 - INFO - [ERROR] The process encountered an error.
2025-04-28 13:42:52,266 - INFO - Started Appfolio data process
2025-04-28 13:42:53,337 - INFO - [INFO] Opening login page...
2025-04-28 13:42:55,482 - INFO - [INFO] Entered username
2025-04-28 13:42:55,554 - INFO - [INFO] Entered password
2025-04-28 13:42:56,525 - INFO - [INFO] Clicked login button
2025-04-28 13:42:59,531 - INFO - [INFO] 2-Step Verification detected. Retrieving verification code...
2025-04-28 13:42:59,858 - INFO - [INFO] Requested verification code.
2025-04-28 13:43:03,415 - INFO - Entered verification code: 532994
2025-04-28 13:43:05,178 - INFO - Successfully submitted the verification code!
2025-04-28 13:43:08,179 - INFO - Navigating to https://infinitybh.appfolio.com/buffered_reports/bill_detail?customize=true and downloading CSV...
2025-04-28 13:43:22,539 - INFO - Update button clicked successfully.
2025-04-28 13:44:08,130 - INFO - Export CSV button clicked successfully.
2025-04-28 13:44:08,131 - INFO - CSV export process initiated.
2025-04-28 13:44:38,132 - INFO -  Waiting for CSV file to be downloaded...
2025-04-28 13:44:38,133 - INFO -  Latest downloaded file: C:\Users\SelengeTulga\Documents\GitHub\infinity_bh_appfolio\data\bill_detail-20250428.csv
2025-04-28 13:44:38,133 - INFO - [SUCCESS] CSV file ready: C:\Users\SelengeTulga\Documents\GitHub\infinity_bh_appfolio\data\bill_detail-20250428.csv
2025-04-28 13:44:38,133 - INFO - [SUCCESS] CSV URL: file://C:\Users\SelengeTulga\Documents\GitHub\infinity_bh_appfolio\data\bill_detail-20250428.csv
2025-04-28 13:44:38,578 - INFO - Deleted original file: C:\Users\SelengeTulga\Documents\GitHub\infinity_bh_appfolio\data\bill_detail-20250428.csv
2025-04-28 13:44:41,138 - INFO - [SUCCESS] The entire process completed successfully.
2025-04-28 13:49:43,177 - INFO - Started Appfolio data process
2025-04-28 13:49:44,229 - INFO - [INFO] Opening login page...
2025-04-28 13:49:46,018 - INFO - [INFO] Entered username
2025-04-28 13:49:46,173 - INFO - [INFO] Entered password
2025-04-28 13:49:46,983 - INFO - [INFO] Clicked login button
2025-04-28 13:49:49,989 - INFO - [INFO] 2-Step Verification detected. Retrieving verification code...
2025-04-28 13:49:50,332 - INFO - [INFO] Requested verification code.
2025-04-28 13:49:53,907 - INFO - Entered verification code: 390915
2025-04-28 13:49:55,776 - INFO - Successfully submitted the verification code!
2025-04-28 13:49:58,777 - INFO - Navigating to https://infinitybh.appfolio.com/buffered_reports/bill_detail?customize=true and downloading CSV...
2025-04-28 13:50:13,172 - INFO - Update button clicked successfully.
2025-04-28 13:50:48,610 - INFO - Export CSV button clicked successfully.
2025-04-28 13:50:48,610 - INFO - CSV export process initiated.
2025-04-28 13:51:18,611 - INFO -  Waiting for CSV file to be downloaded...
2025-04-28 13:51:18,613 - INFO -  Latest downloaded file: C:\Users\SelengeTulga\Documents\GitHub\infinity_bh_appfolio\data\bill_cleaned_20250428_134438.csv
2025-04-28 13:51:18,613 - INFO - [SUCCESS] CSV file ready: C:\Users\SelengeTulga\Documents\GitHub\infinity_bh_appfolio\data\bill_cleaned_20250428_134438.csv
2025-04-28 13:51:18,613 - INFO - [SUCCESS] CSV URL: file://C:\Users\SelengeTulga\Documents\GitHub\infinity_bh_appfolio\data\bill_cleaned_20250428_134438.csv
2025-04-28 13:51:19,150 - INFO - Deleted original file: C:\Users\SelengeTulga\Documents\GitHub\infinity_bh_appfolio\data\bill_cleaned_20250428_134438.csv
2025-04-28 13:51:21,572 - INFO - [SUCCESS] The entire process completed successfully.
2025-04-28 13:52:27,283 - INFO - Started Appfolio data process
2025-04-28 13:52:28,339 - INFO - [INFO] Opening login page...
2025-04-28 13:52:30,192 - INFO - [INFO] Entered username
2025-04-28 13:52:30,288 - INFO - [INFO] Entered password
2025-04-28 13:52:30,450 - INFO - [INFO] Clicked login button
2025-04-28 13:52:33,460 - INFO - [INFO] 2-Step Verification detected. Retrieving verification code...
2025-04-28 13:52:33,779 - INFO - [INFO] Requested verification code.
2025-04-28 13:52:37,317 - INFO - Entered verification code: 187927
2025-04-28 13:52:39,214 - INFO - Successfully submitted the verification code!
2025-04-28 13:52:42,215 - INFO - Navigating to https://infinitybh.appfolio.com/buffered_reports/bill_detail?customize=true and downloading CSV...
2025-04-28 13:52:56,643 - INFO - Update button clicked successfully.
2025-04-28 13:53:26,647 - INFO - An error occurred: Message: invalid session id: session deleted as the browser has closed the connection
from disconnected: not connected to DevTools
  (Session info: chrome=135.0.7049.115)
Stacktrace:
	GetHandleVerifier [0x00007FF7A32C5355+78597]
	GetHandleVerifier [0x00007FF7A32C53B0+78688]
	(No symbol) [0x00007FF7A30791AA]
	(No symbol) [0x00007FF7A3064EF5]
	(No symbol) [0x00007FF7A3089F04]
	(No symbol) [0x00007FF7A30FED0F]
	(No symbol) [0x00007FF7A311EBB2]
	(No symbol) [0x00007FF7A30F6EC3]
	(No symbol) [0x00007FF7A30C03F8]
	(No symbol) [0x00007FF7A30C1163]
	GetHandleVerifier [0x00007FF7A356EF0D+2870973]
	GetHandleVerifier [0x00007FF7A35696B8+2848360]
	GetHandleVerifier [0x00007FF7A3586993+2967875]
	GetHandleVerifier [0x00007FF7A32E019A+188746]
	GetHandleVerifier [0x00007FF7A32E847F+222255]
	GetHandleVerifier [0x00007FF7A32CD2D4+111236]
	GetHandleVerifier [0x00007FF7A32CD482+111666]
	GetHandleVerifier [0x00007FF7A32B35A9+5465]
	BaseThreadInitThunk [0x00007FF96DB6E8D7+23]
	RtlUserThreadStart [0x00007FF96FB5BF6C+44]

2025-04-28 13:53:56,648 - INFO -  Waiting for CSV file to be downloaded...
2025-04-28 13:53:56,650 - INFO -  Latest downloaded file: C:\Users\SelengeTulga\Documents\GitHub\infinity_bh_appfolio\data\bill_cleaned_20250428_135118.csv
2025-04-28 13:53:56,650 - INFO - [SUCCESS] CSV file ready: C:\Users\SelengeTulga\Documents\GitHub\infinity_bh_appfolio\data\bill_cleaned_20250428_135118.csv
2025-04-28 13:53:56,651 - INFO - [SUCCESS] CSV URL: file://C:\Users\SelengeTulga\Documents\GitHub\infinity_bh_appfolio\data\bill_cleaned_20250428_135118.csv
2025-04-28 13:53:57,063 - INFO - Deleted original file: C:\Users\SelengeTulga\Documents\GitHub\infinity_bh_appfolio\data\bill_cleaned_20250428_135118.csv
2025-04-28 13:53:59,406 - INFO - [SUCCESS] The entire process completed successfully.
2025-04-28 13:54:13,407 - INFO - Started Appfolio data process
2025-04-28 13:54:14,474 - INFO - [INFO] Opening login page...
2025-04-28 13:54:16,570 - INFO - [INFO] Entered username
2025-04-28 13:54:16,663 - INFO - [INFO] Entered password
2025-04-28 13:54:17,514 - INFO - [INFO] Clicked login button
2025-04-28 13:54:20,519 - INFO - [INFO] 2-Step Verification detected. Retrieving verification code...
2025-04-28 13:54:20,849 - INFO - [INFO] Requested verification code.
2025-04-28 13:54:26,686 - INFO - Entered verification code: 422238
2025-04-28 13:54:26,776 - INFO - Successfully submitted the verification code!
2025-04-28 13:54:29,776 - INFO - Navigating to https://infinitybh.appfolio.com/buffered_reports/rent_roll?customize=true and downloading CSV...
2025-04-28 13:54:33,450 - INFO - Update button clicked successfully.
2025-04-28 13:55:14,184 - INFO - Export CSV button clicked successfully.
2025-04-28 13:55:14,184 - INFO - CSV export process initiated.
2025-04-28 13:55:44,185 - INFO -  Waiting for CSV file to be downloaded...
2025-04-28 13:55:44,185 - INFO -  Latest downloaded file: C:\Users\SelengeTulga\Documents\GitHub\infinity_bh_appfolio\data\rent_roll-20250428.csv
2025-04-28 13:55:44,186 - INFO - [SUCCESS] CSV file ready: C:\Users\SelengeTulga\Documents\GitHub\infinity_bh_appfolio\data\rent_roll-20250428.csv
2025-04-28 13:55:44,186 - INFO - [SUCCESS] CSV URL: file://C:\Users\SelengeTulga\Documents\GitHub\infinity_bh_appfolio\data\rent_roll-20250428.csv
2025-04-28 13:55:44,221 - INFO - Deleted original file: C:\Users\SelengeTulga\Documents\GitHub\infinity_bh_appfolio\data\rent_roll-20250428.csv
2025-04-28 13:55:46,769 - INFO - [SUCCESS] The entire process completed successfully.
2025-04-28 13:57:31,999 - INFO - Started Appfolio data process
2025-04-28 13:57:33,043 - INFO - [INFO] Opening login page...
2025-04-28 13:57:34,984 - INFO - [INFO] Entered username
2025-04-28 13:57:35,054 - INFO - [INFO] Entered password
2025-04-28 13:57:36,020 - INFO - [INFO] Clicked login button
2025-04-28 13:57:39,027 - INFO - [INFO] 2-Step Verification detected. Retrieving verification code...
2025-04-28 13:57:39,334 - INFO - [INFO] Requested verification code.
2025-04-28 13:57:39,557 - INFO - Too many requests. Waiting 10 seconds before retrying...
2025-04-28 13:57:50,899 - INFO - Entered verification code: 422952
2025-04-28 13:57:52,538 - INFO - Successfully submitted the verification code!
2025-04-28 13:57:55,539 - INFO - Navigating to https://infinitybh.appfolio.com/buffered_reports/rent_roll?customize=true and downloading CSV...
2025-04-28 13:57:59,143 - INFO - Update button clicked successfully.
2025-04-28 13:58:43,869 - INFO - Export CSV button clicked successfully.
2025-04-28 13:58:43,869 - INFO - CSV export process initiated.
2025-04-28 13:59:13,870 - INFO -  Waiting for CSV file to be downloaded...
2025-04-28 13:59:13,870 - INFO -  Latest downloaded file: C:\Users\SelengeTulga\Documents\GitHub\infinity_bh_appfolio\data\rent_roll-20250428.csv
2025-04-28 13:59:13,870 - INFO - [SUCCESS] CSV file ready: C:\Users\SelengeTulga\Documents\GitHub\infinity_bh_appfolio\data\rent_roll-20250428.csv
2025-04-28 13:59:13,870 - INFO - [SUCCESS] CSV URL: file://C:\Users\SelengeTulga\Documents\GitHub\infinity_bh_appfolio\data\rent_roll-20250428.csv
2025-04-28 13:59:13,923 - INFO - Deleted original file: C:\Users\SelengeTulga\Documents\GitHub\infinity_bh_appfolio\data\rent_roll-20250428.csv
2025-04-28 13:59:16,513 - INFO - [SUCCESS] The entire process completed successfully.
2025-04-28 14:00:53,012 - INFO - Started Appfolio data process
2025-04-28 14:00:54,083 - INFO - [INFO] Opening login page...
2025-04-28 14:00:56,049 - INFO - [INFO] Entered username
2025-04-28 14:00:56,132 - INFO - [INFO] Entered password
2025-04-28 14:00:56,955 - INFO - [INFO] Clicked login button
2025-04-28 14:00:59,960 - INFO - [INFO] 2-Step Verification detected. Retrieving verification code...
2025-04-28 14:01:00,300 - INFO - [INFO] Requested verification code.
2025-04-28 14:01:00,566 - INFO - Too many requests. Waiting 10 seconds before retrying...
2025-04-28 14:01:11,922 - INFO - Entered verification code: 179585
2025-04-28 14:01:13,997 - INFO - Successfully submitted the verification code!
2025-04-28 14:01:16,997 - INFO - Navigating to https://infinitybh.appfolio.com/buffered_reports/rent_roll?customize=true and downloading CSV...
2025-04-28 14:01:20,607 - INFO - Update button clicked successfully.
2025-04-28 14:01:51,772 - INFO -  An error occurred: Message: no such element: Unable to locate element: {"method":"xpath","selector":"../../div[@data-ref='cbSelect']/div[@data-ref='eWrapper']/input"}
  (Session info: chrome=135.0.7049.115); For documentation on this error, please visit: https://www.selenium.dev/documentation/webdriver/troubleshooting/errors#no-such-element-exception
Stacktrace:
	GetHandleVerifier [0x00007FF7A32C5355+78597]
	GetHandleVerifier [0x00007FF7A32C53B0+78688]
	(No symbol) [0x00007FF7A30791AA]
	(No symbol) [0x00007FF7A30CF149]
	(No symbol) [0x00007FF7A30CF3FC]
	(No symbol) [0x00007FF7A30C1BEC]
	(No symbol) [0x00007FF7A30F712F]
	(No symbol) [0x00007FF7A30C1AB6]
	(No symbol) [0x00007FF7A30F7300]
	(No symbol) [0x00007FF7A311F2BB]
	(No symbol) [0x00007FF7A30F6EC3]
	(No symbol) [0x00007FF7A30C03F8]
	(No symbol) [0x00007FF7A30C1163]
	GetHandleVerifier [0x00007FF7A356EF0D+2870973]
	GetHandleVerifier [0x00007FF7A35696B8+2848360]
	GetHandleVerifier [0x00007FF7A3586993+2967875]
	GetHandleVerifier [0x00007FF7A32E019A+188746]
	GetHandleVerifier [0x00007FF7A32E847F+222255]
	GetHandleVerifier [0x00007FF7A32CD2D4+111236]
	GetHandleVerifier [0x00007FF7A32CD482+111666]
	GetHandleVerifier [0x00007FF7A32B35A9+5465]
	BaseThreadInitThunk [0x00007FF96DB6E8D7+23]
	RtlUserThreadStart [0x00007FF96FB5BF6C+44]

2025-04-28 14:01:53,973 - INFO - [ERROR] The process encountered an error.
2025-04-28 14:03:52,185 - INFO - Started Appfolio data process
2025-04-28 14:03:53,232 - INFO - [INFO] Opening login page...
2025-04-28 14:03:55,394 - INFO - [INFO] Entered username
2025-04-28 14:03:55,485 - INFO - [INFO] Entered password
2025-04-28 14:03:56,991 - INFO - [INFO] Clicked login button
2025-04-28 14:03:59,997 - INFO - [INFO] 2-Step Verification detected. Retrieving verification code...
2025-04-28 14:04:00,335 - INFO - [INFO] Requested verification code.
2025-04-28 14:04:06,122 - INFO - Entered verification code: 475156
2025-04-28 14:04:06,214 - INFO - Successfully submitted the verification code!
2025-04-28 14:04:09,215 - INFO - Navigating to https://infinitybh.appfolio.com/buffered_reports/rent_roll?customize=true and downloading CSV...
2025-04-28 14:04:13,056 - INFO - Update button clicked successfully.
2025-04-28 14:04:47,211 - INFO -  An error occurred: Message: no such element: Unable to locate element: {"method":"xpath","selector":"./ancestor::div[@class='ag-column-select-column']//input[@type='checkbox']"}
  (Session info: chrome=135.0.7049.115); For documentation on this error, please visit: https://www.selenium.dev/documentation/webdriver/troubleshooting/errors#no-such-element-exception
Stacktrace:
	GetHandleVerifier [0x00007FF7A32C5355+78597]
	GetHandleVerifier [0x00007FF7A32C53B0+78688]
	(No symbol) [0x00007FF7A30791AA]
	(No symbol) [0x00007FF7A30CF149]
	(No symbol) [0x00007FF7A30CF3FC]
	(No symbol) [0x00007FF7A30C1BEC]
	(No symbol) [0x00007FF7A30F712F]
	(No symbol) [0x00007FF7A30C1AB6]
	(No symbol) [0x00007FF7A30F7300]
	(No symbol) [0x00007FF7A311F2BB]
	(No symbol) [0x00007FF7A30F6EC3]
	(No symbol) [0x00007FF7A30C03F8]
	(No symbol) [0x00007FF7A30C1163]
	GetHandleVerifier [0x00007FF7A356EF0D+2870973]
	GetHandleVerifier [0x00007FF7A35696B8+2848360]
	GetHandleVerifier [0x00007FF7A3586993+2967875]
	GetHandleVerifier [0x00007FF7A32E019A+188746]
	GetHandleVerifier [0x00007FF7A32E847F+222255]
	GetHandleVerifier [0x00007FF7A32CD2D4+111236]
	GetHandleVerifier [0x00007FF7A32CD482+111666]
	GetHandleVerifier [0x00007FF7A32B35A9+5465]
	BaseThreadInitThunk [0x00007FF96DB6E8D7+23]
	RtlUserThreadStart [0x00007FF96FB5BF6C+44]

2025-04-28 14:04:49,414 - INFO - [ERROR] The process encountered an error.
2025-04-28 14:06:42,036 - INFO - Started Appfolio data process
2025-04-28 14:06:43,089 - INFO - [INFO] Opening login page...
2025-04-28 14:06:45,280 - INFO - [INFO] Entered username
2025-04-28 14:06:45,453 - INFO - [INFO] Entered password
2025-04-28 14:06:46,342 - INFO - [INFO] Clicked login button
2025-04-28 14:06:49,349 - INFO - [INFO] 2-Step Verification detected. Retrieving verification code...
2025-04-28 14:06:49,694 - INFO - [INFO] Requested verification code.
2025-04-28 14:06:49,917 - INFO - Too many requests. Waiting 10 seconds before retrying...
2025-04-28 14:07:01,292 - INFO - Entered verification code: 686146
2025-04-28 14:07:03,059 - INFO - Successfully submitted the verification code!
2025-04-28 14:07:06,061 - INFO - Navigating to https://infinitybh.appfolio.com/buffered_reports/rent_roll?customize=true and downloading CSV...
2025-04-28 14:07:09,727 - INFO - Update button clicked successfully.
2025-04-28 14:07:41,863 - INFO -  An error occurred: Message: no such element: Unable to locate element: {"method":"xpath","selector":"../../../div[@data-ref='cbSelect']//input[@type='checkbox']"}
  (Session info: chrome=135.0.7049.115); For documentation on this error, please visit: https://www.selenium.dev/documentation/webdriver/troubleshooting/errors#no-such-element-exception
Stacktrace:
	GetHandleVerifier [0x00007FF7A32C5355+78597]
	GetHandleVerifier [0x00007FF7A32C53B0+78688]
	(No symbol) [0x00007FF7A30791AA]
	(No symbol) [0x00007FF7A30CF149]
	(No symbol) [0x00007FF7A30CF3FC]
	(No symbol) [0x00007FF7A30C1BEC]
	(No symbol) [0x00007FF7A30F712F]
	(No symbol) [0x00007FF7A30C1AB6]
	(No symbol) [0x00007FF7A30F7300]
	(No symbol) [0x00007FF7A311F2BB]
	(No symbol) [0x00007FF7A30F6EC3]
	(No symbol) [0x00007FF7A30C03F8]
	(No symbol) [0x00007FF7A30C1163]
	GetHandleVerifier [0x00007FF7A356EF0D+2870973]
	GetHandleVerifier [0x00007FF7A35696B8+2848360]
	GetHandleVerifier [0x00007FF7A3586993+2967875]
	GetHandleVerifier [0x00007FF7A32E019A+188746]
	GetHandleVerifier [0x00007FF7A32E847F+222255]
	GetHandleVerifier [0x00007FF7A32CD2D4+111236]
	GetHandleVerifier [0x00007FF7A32CD482+111666]
	GetHandleVerifier [0x00007FF7A32B35A9+5465]
	BaseThreadInitThunk [0x00007FF96DB6E8D7+23]
	RtlUserThreadStart [0x00007FF96FB5BF6C+44]

2025-04-28 14:07:44,065 - INFO - [ERROR] The process encountered an error.
2025-04-28 14:08:17,256 - INFO - Started Appfolio data process
2025-04-28 14:08:18,325 - INFO - [INFO] Opening login page...
2025-04-28 14:08:20,347 - INFO - [INFO] Entered username
2025-04-28 14:08:20,495 - INFO - [INFO] Entered password
2025-04-28 14:08:21,540 - INFO - [INFO] Clicked login button
2025-04-28 14:08:24,547 - INFO - [INFO] 2-Step Verification detected. Retrieving verification code...
2025-04-28 14:08:24,898 - INFO - [INFO] Requested verification code.
2025-04-28 14:08:25,111 - INFO - Too many requests. Waiting 10 seconds before retrying...
2025-04-28 14:08:36,453 - INFO - Entered verification code: 817201
2025-04-28 14:08:38,005 - INFO - Successfully submitted the verification code!
2025-04-28 14:08:41,007 - INFO - Navigating to https://infinitybh.appfolio.com/buffered_reports/tenant_directory?customize=true and downloading CSV...
2025-04-28 14:08:44,740 - INFO - Update button clicked successfully.
2025-04-28 14:09:14,934 - INFO - Export CSV button clicked successfully.
2025-04-28 14:09:14,934 - INFO - CSV export process initiated.
2025-04-28 14:09:44,935 - INFO -  Waiting for CSV file to be downloaded...
2025-04-28 14:09:44,937 - INFO -  Latest downloaded file: C:\Users\SelengeTulga\Documents\GitHub\infinity_bh_appfolio\data\tenant_directory-20250428.csv
2025-04-28 14:09:44,937 - INFO - [SUCCESS] CSV file ready: C:\Users\SelengeTulga\Documents\GitHub\infinity_bh_appfolio\data\tenant_directory-20250428.csv
2025-04-28 14:09:44,937 - INFO - [SUCCESS] CSV URL: file://C:\Users\SelengeTulga\Documents\GitHub\infinity_bh_appfolio\data\tenant_directory-20250428.csv
2025-04-28 14:09:45,074 - INFO - Deleted original file: C:\Users\SelengeTulga\Documents\GitHub\infinity_bh_appfolio\data\tenant_directory-20250428.csv
2025-04-28 14:09:47,629 - INFO - [SUCCESS] The entire process completed successfully.
2025-04-28 14:10:00,425 - INFO - Started Appfolio data process
2025-04-28 14:10:01,504 - INFO - [INFO] Opening login page...
2025-04-28 14:10:03,522 - INFO - [INFO] Entered username
2025-04-28 14:10:03,598 - INFO - [INFO] Entered password
2025-04-28 14:10:04,587 - INFO - [INFO] Clicked login button
2025-04-28 14:10:07,593 - INFO - [INFO] 2-Step Verification detected. Retrieving verification code...
2025-04-28 14:10:07,909 - INFO - [INFO] Requested verification code.
2025-04-28 14:10:11,491 - INFO - Entered verification code: 794948
2025-04-28 14:10:11,607 - INFO - Successfully submitted the verification code!
2025-04-28 14:10:14,608 - INFO - Navigating to https://infinitybh.appfolio.com/buffered_reports/tenant_directory?customize=true and downloading CSV...
2025-04-28 14:10:18,290 - INFO - Update button clicked successfully.
2025-04-28 14:11:18,291 - INFO -  Waiting for CSV file to be downloaded...
2025-04-28 14:11:18,292 - INFO -  Latest downloaded file: C:\Users\SelengeTulga\Documents\GitHub\infinity_bh_appfolio\data\tenant_data_cleaned_20250428_140944.csv
2025-04-28 14:11:18,292 - INFO - [SUCCESS] CSV file ready: C:\Users\SelengeTulga\Documents\GitHub\infinity_bh_appfolio\data\tenant_data_cleaned_20250428_140944.csv
2025-04-28 14:11:18,292 - INFO - [SUCCESS] CSV URL: file://C:\Users\SelengeTulga\Documents\GitHub\infinity_bh_appfolio\data\tenant_data_cleaned_20250428_140944.csv
2025-04-28 14:11:18,450 - INFO - Deleted original file: C:\Users\SelengeTulga\Documents\GitHub\infinity_bh_appfolio\data\tenant_data_cleaned_20250428_140944.csv
2025-04-28 14:11:20,884 - INFO - [SUCCESS] The entire process completed successfully.
2025-04-28 14:11:58,339 - INFO - Started Appfolio data process
2025-04-28 14:11:59,395 - INFO - [INFO] Opening login page...
2025-04-28 14:12:01,188 - INFO - [INFO] Entered username
2025-04-28 14:12:01,324 - INFO - [INFO] Entered password
2025-04-28 14:12:01,397 - INFO - [INFO] Clicked login button
2025-04-28 14:12:04,406 - INFO - [INFO] 2-Step Verification detected. Retrieving verification code...
2025-04-28 14:12:05,949 - INFO - [INFO] Requested verification code.
2025-04-28 14:12:11,721 - INFO - Entered verification code: 332734
2025-04-28 14:12:13,345 - INFO - Successfully submitted the verification code!
2025-04-28 14:12:16,346 - INFO - Navigating to https://infinitybh.appfolio.com/buffered_reports/tenant_directory?customize=true and downloading CSV...
2025-04-28 14:12:20,039 - INFO - Update button clicked successfully.
2025-04-28 14:12:52,185 - INFO -  An error occurred: Message: no such element: Unable to locate element: {"method":"xpath","selector":"../../../div[@data-ref='cbSelect']//input[@type='checkbox']"}
  (Session info: chrome=135.0.7049.115); For documentation on this error, please visit: https://www.selenium.dev/documentation/webdriver/troubleshooting/errors#no-such-element-exception
Stacktrace:
	GetHandleVerifier [0x00007FF7A32C5355+78597]
	GetHandleVerifier [0x00007FF7A32C53B0+78688]
	(No symbol) [0x00007FF7A30791AA]
	(No symbol) [0x00007FF7A30CF149]
	(No symbol) [0x00007FF7A30CF3FC]
	(No symbol) [0x00007FF7A30C1BEC]
	(No symbol) [0x00007FF7A30F712F]
	(No symbol) [0x00007FF7A30C1AB6]
	(No symbol) [0x00007FF7A30F7300]
	(No symbol) [0x00007FF7A311F2BB]
	(No symbol) [0x00007FF7A30F6EC3]
	(No symbol) [0x00007FF7A30C03F8]
	(No symbol) [0x00007FF7A30C1163]
	GetHandleVerifier [0x00007FF7A356EF0D+2870973]
	GetHandleVerifier [0x00007FF7A35696B8+2848360]
	GetHandleVerifier [0x00007FF7A3586993+2967875]
	GetHandleVerifier [0x00007FF7A32E019A+188746]
	GetHandleVerifier [0x00007FF7A32E847F+222255]
	GetHandleVerifier [0x00007FF7A32CD2D4+111236]
	GetHandleVerifier [0x00007FF7A32CD482+111666]
	GetHandleVerifier [0x00007FF7A32B35A9+5465]
	BaseThreadInitThunk [0x00007FF96DB6E8D7+23]
	RtlUserThreadStart [0x00007FF96FB5BF6C+44]

2025-04-28 14:12:54,387 - INFO - [ERROR] The process encountered an error.
2025-04-28 14:14:25,359 - INFO - Started Appfolio data process
2025-04-28 14:14:26,440 - INFO - [INFO] Opening login page...
2025-04-28 14:14:28,322 - INFO - [INFO] Entered username
2025-04-28 14:14:28,399 - INFO - [INFO] Entered password
2025-04-28 14:14:29,380 - INFO - [INFO] Clicked login button
2025-04-28 14:14:32,384 - INFO - [INFO] 2-Step Verification detected. Retrieving verification code...
2025-04-28 14:14:32,714 - INFO - [INFO] Requested verification code.
2025-04-28 14:14:38,513 - INFO - Entered verification code: 117907
2025-04-28 14:14:38,593 - INFO - Successfully submitted the verification code!
2025-04-28 14:14:41,594 - INFO - Navigating to https://infinitybh.appfolio.com/buffered_reports/tenant_directory?customize=true and downloading CSV...
2025-04-28 14:14:45,435 - INFO - Update button clicked successfully.
2025-04-28 14:15:48,712 - INFO -  Waiting for CSV file to be downloaded...
2025-04-28 14:15:48,714 - INFO -  Latest downloaded file: C:\Users\SelengeTulga\Documents\GitHub\infinity_bh_appfolio\data\tenant_data_cleaned_20250428_141118.csv
2025-04-28 14:15:48,714 - INFO - [SUCCESS] CSV file ready: C:\Users\SelengeTulga\Documents\GitHub\infinity_bh_appfolio\data\tenant_data_cleaned_20250428_141118.csv
2025-04-28 14:15:48,714 - INFO - [SUCCESS] CSV URL: file://C:\Users\SelengeTulga\Documents\GitHub\infinity_bh_appfolio\data\tenant_data_cleaned_20250428_141118.csv
2025-04-28 14:15:48,858 - INFO - Deleted original file: C:\Users\SelengeTulga\Documents\GitHub\infinity_bh_appfolio\data\tenant_data_cleaned_20250428_141118.csv
2025-04-28 14:15:51,293 - INFO - [SUCCESS] The entire process completed successfully.
2025-04-28 14:27:57,727 - INFO - Started Appfolio data process
2025-04-28 14:27:58,786 - INFO - [INFO] Opening login page...
2025-04-28 14:28:00,538 - INFO - [INFO] Entered username
2025-04-28 14:28:00,705 - INFO - [INFO] Entered password
2025-04-28 14:28:01,529 - INFO - [INFO] Clicked login button
2025-04-28 14:28:04,536 - INFO - [INFO] 2-Step Verification detected. Retrieving verification code...
2025-04-28 14:28:04,951 - INFO - [INFO] Requested verification code.
2025-04-28 14:28:08,493 - INFO - Entered verification code: 469734
2025-04-28 14:28:10,468 - INFO - Successfully submitted the verification code!
2025-04-28 14:28:13,468 - INFO - Navigating to https://infinitybh.appfolio.com/buffered_reports/tenant_directory?customize=true and downloading CSV...
2025-04-28 14:28:17,508 - INFO - Update button clicked successfully.
2025-04-28 14:28:51,104 - INFO - Export CSV button clicked successfully.
2025-04-28 14:28:51,105 - INFO - CSV export process initiated.
2025-04-28 14:29:21,105 - INFO -  Waiting for CSV file to be downloaded...
2025-04-28 14:29:21,106 - INFO -  Latest downloaded file: C:\Users\SelengeTulga\Documents\GitHub\infinity_bh_appfolio\data\tenant_directory-20250428.csv
2025-04-28 14:29:21,106 - INFO - [SUCCESS] CSV file ready: C:\Users\SelengeTulga\Documents\GitHub\infinity_bh_appfolio\data\tenant_directory-20250428.csv
2025-04-28 14:29:21,106 - INFO - [SUCCESS] CSV URL: file://C:\Users\SelengeTulga\Documents\GitHub\infinity_bh_appfolio\data\tenant_directory-20250428.csv
2025-04-28 14:29:21,260 - INFO - Deleted original file: C:\Users\SelengeTulga\Documents\GitHub\infinity_bh_appfolio\data\tenant_directory-20250428.csv
2025-04-28 14:29:23,812 - INFO - [SUCCESS] The entire process completed successfully.
2025-05-06 12:51:41,156 - INFO - Started Appfolio data process
2025-05-06 12:51:42,317 - INFO - [INFO] Opening login page...
2025-05-06 12:51:46,311 - INFO - [INFO] Entered username
2025-05-06 12:51:46,383 - INFO - [INFO] Entered password
2025-05-06 12:51:47,227 - INFO - [INFO] Clicked login button
2025-05-06 12:51:50,233 - INFO - [INFO] 2-Step Verification detected. Retrieving verification code...
2025-05-06 12:51:50,628 - INFO - [INFO] Requested verification code.
2025-05-06 12:51:54,199 - INFO - Entered verification code: 604475
2025-05-06 12:51:56,178 - INFO - Successfully submitted the verification code!
2025-05-06 12:51:59,178 - INFO - Navigating to https://infinitybh.appfolio.com/buffered_reports/bill_detail?customize=true and downloading CSV...
2025-05-06 12:52:13,524 - INFO - Update button clicked successfully.
2025-05-06 12:52:43,756 - INFO - An error occurred: Message: stale element reference: stale element not found in the current frame
  (Session info: chrome=136.0.7103.48); For documentation on this error, please visit: https://www.selenium.dev/documentation/webdriver/troubleshooting/errors#stale-element-reference-exception
Stacktrace:
	GetHandleVerifier [0x00007FF6DADB5355+78597]
	GetHandleVerifier [0x00007FF6DADB53B0+78688]
	(No symbol) [0x00007FF6DAB691AA]
	(No symbol) [0x00007FF6DAB70ABC]
	(No symbol) [0x00007FF6DAB73B1C]
	(No symbol) [0x00007FF6DAB73BEF]
	(No symbol) [0x00007FF6DABC4139]
	(No symbol) [0x00007FF6DABC1AE1]
	(No symbol) [0x00007FF6DABC0A42]
	(No symbol) [0x00007FF6DABB259C]
	(No symbol) [0x00007FF6DABE70EA]
	(No symbol) [0x00007FF6DABB1AB6]
	(No symbol) [0x00007FF6DABE7300]
	(No symbol) [0x00007FF6DAC0F2BB]
	(No symbol) [0x00007FF6DABE6EC3]
	(No symbol) [0x00007FF6DABB03F8]
	(No symbol) [0x00007FF6DABB1163]
	GetHandleVerifier [0x00007FF6DB05EF0D+2870973]
	GetHandleVerifier [0x00007FF6DB0596B8+2848360]
	GetHandleVerifier [0x00007FF6DB076993+2967875]
	GetHandleVerifier [0x00007FF6DADD019A+188746]
	GetHandleVerifier [0x00007FF6DADD847F+222255]
	GetHandleVerifier [0x00007FF6DADBD2D4+111236]
	GetHandleVerifier [0x00007FF6DADBD482+111666]
	GetHandleVerifier [0x00007FF6DADA35A9+5465]
	BaseThreadInitThunk [0x00007FF96DB6E8D7+23]
	RtlUserThreadStart [0x00007FF96FB5BF6C+44]

2025-05-06 12:53:13,757 - INFO -  Waiting for CSV file to be downloaded...
2025-05-06 12:53:13,758 - INFO -  Latest downloaded file: C:\Users\SelengeTulga\Documents\GitHub\infinity_bh_appfolio\data\tenant_data_cleaned_20250428_142921.csv
2025-05-06 12:53:13,758 - INFO - [SUCCESS] CSV file ready: C:\Users\SelengeTulga\Documents\GitHub\infinity_bh_appfolio\data\tenant_data_cleaned_20250428_142921.csv
2025-05-06 12:53:13,758 - INFO - [SUCCESS] CSV URL: file://C:\Users\SelengeTulga\Documents\GitHub\infinity_bh_appfolio\data\tenant_data_cleaned_20250428_142921.csv
2025-05-06 12:53:13,840 - INFO -  An error occurred: 'Reference'
2025-05-06 12:53:16,081 - INFO - [ERROR] The process encountered an error.
2025-05-06 12:54:18,071 - INFO - Started Appfolio data process
2025-05-06 12:54:19,198 - INFO - [INFO] Opening login page...
2025-05-06 12:54:21,116 - INFO - [INFO] Entered username
2025-05-06 12:54:21,262 - INFO - [INFO] Entered password
2025-05-06 12:54:21,345 - INFO - [INFO] Clicked login button
2025-05-06 12:54:24,351 - INFO - [INFO] 2-Step Verification detected. Retrieving verification code...
2025-05-06 12:54:24,661 - INFO - [INFO] Requested verification code.
2025-05-06 12:54:28,208 - INFO - Entered verification code: 241215
2025-05-06 12:54:28,282 - INFO - Successfully submitted the verification code!
2025-05-06 12:54:31,283 - INFO - Navigating to https://infinitybh.appfolio.com/buffered_reports/bill_detail?customize=true and downloading CSV...
2025-05-06 12:54:45,926 - INFO - Update button clicked successfully.
2025-05-06 12:55:16,123 - INFO - Export CSV button clicked successfully.
2025-05-06 12:55:16,124 - INFO - CSV export process initiated.
2025-05-06 12:55:46,124 - INFO -  Waiting for CSV file to be downloaded...
2025-05-06 12:55:46,126 - INFO -  Latest downloaded file: C:\Users\SelengeTulga\Documents\GitHub\infinity_bh_appfolio\data\bill_detail-20250506.csv
2025-05-06 12:55:46,126 - INFO - [SUCCESS] CSV file ready: C:\Users\SelengeTulga\Documents\GitHub\infinity_bh_appfolio\data\bill_detail-20250506.csv
2025-05-06 12:55:46,126 - INFO - [SUCCESS] CSV URL: file://C:\Users\SelengeTulga\Documents\GitHub\infinity_bh_appfolio\data\bill_detail-20250506.csv
2025-05-06 12:55:46,601 - INFO - Deleted original file: C:\Users\SelengeTulga\Documents\GitHub\infinity_bh_appfolio\data\bill_detail-20250506.csv
2025-05-06 12:55:49,401 - INFO - [SUCCESS] The entire process completed successfully.
2025-05-06 16:30:04,190 - INFO - Started Appfolio data process
2025-05-06 16:30:05,269 - INFO - [INFO] Opening login page...
2025-05-06 16:30:07,444 - INFO - [INFO] Entered username
2025-05-06 16:30:07,585 - INFO - [INFO] Entered password
2025-05-06 16:30:07,673 - INFO - [INFO] Clicked login button
2025-05-06 16:30:10,681 - INFO - [INFO] 2-Step Verification detected. Retrieving verification code...
2025-05-06 16:30:10,984 - INFO - [INFO] Requested verification code.
2025-05-06 16:30:16,754 - INFO - Entered verification code: 536403
2025-05-06 16:30:16,826 - INFO - Successfully submitted the verification code!
2025-05-06 16:30:19,827 - INFO - Navigating to https://infinitybh.appfolio.com/buffered_reports/rent_roll?customize=true and downloading CSV...
2025-05-06 16:30:23,479 - INFO - Update button clicked successfully.
2025-05-06 16:30:53,698 - INFO - Export CSV button clicked successfully.
2025-05-06 16:30:53,698 - INFO - CSV export process initiated.
2025-05-06 16:31:23,699 - INFO -  Waiting for CSV file to be downloaded...
2025-05-06 16:31:23,701 - INFO -  Latest downloaded file: C:\Users\SelengeTulga\Documents\GitHub\infinity_bh_appfolio\data\rent_roll-20250506.csv
2025-05-06 16:31:23,702 - INFO - [SUCCESS] CSV file ready: C:\Users\SelengeTulga\Documents\GitHub\infinity_bh_appfolio\data\rent_roll-20250506.csv
2025-05-06 16:31:23,702 - INFO - [SUCCESS] CSV URL: file://C:\Users\SelengeTulga\Documents\GitHub\infinity_bh_appfolio\data\rent_roll-20250506.csv
2025-05-06 16:31:23,767 - INFO - Deleted original file: C:\Users\SelengeTulga\Documents\GitHub\infinity_bh_appfolio\data\rent_roll-20250506.csv
2025-05-06 16:31:23,767 - INFO - Navigating to https://infinitybh.appfolio.com/buffered_reports/tenant_directory?customize=true and downloading CSV...
2025-05-06 16:31:27,459 - INFO - Update button clicked successfully.
2025-05-06 16:32:00,929 - INFO - Export CSV button clicked successfully.
2025-05-06 16:32:00,929 - INFO - CSV export process initiated.
2025-05-06 16:32:30,929 - INFO -  Waiting for CSV file to be downloaded...
2025-05-06 16:32:30,930 - INFO -  Latest downloaded file: C:\Users\SelengeTulga\Documents\GitHub\infinity_bh_appfolio\data\tenant_directory-20250506.csv
2025-05-06 16:32:30,930 - INFO - [SUCCESS] CSV file ready: C:\Users\SelengeTulga\Documents\GitHub\infinity_bh_appfolio\data\tenant_directory-20250506.csv
2025-05-06 16:32:30,930 - INFO - [SUCCESS] CSV URL: file://C:\Users\SelengeTulga\Documents\GitHub\infinity_bh_appfolio\data\tenant_directory-20250506.csv
2025-05-06 16:32:31,084 - INFO - Deleted original file: C:\Users\SelengeTulga\Documents\GitHub\infinity_bh_appfolio\data\tenant_directory-20250506.csv
2025-05-06 16:32:31,084 - INFO - Navigating to https://infinitybh.appfolio.com/buffered_reports/work_order?customize=true and downloading CSV...
2025-05-06 16:32:35,228 - INFO - Update button clicked successfully.
2025-05-06 16:33:05,452 - INFO - Export CSV button clicked successfully.
2025-05-06 16:33:05,452 - INFO - CSV export process initiated.
2025-05-06 16:33:35,453 - INFO -  Waiting for CSV file to be downloaded...
2025-05-06 16:33:35,454 - INFO -  Latest downloaded file: C:\Users\SelengeTulga\Documents\GitHub\infinity_bh_appfolio\data\work_order-20250506.csv
2025-05-06 16:33:35,455 - INFO - [SUCCESS] CSV file ready: C:\Users\SelengeTulga\Documents\GitHub\infinity_bh_appfolio\data\work_order-20250506.csv
2025-05-06 16:33:35,455 - INFO - [SUCCESS] CSV URL: file://C:\Users\SelengeTulga\Documents\GitHub\infinity_bh_appfolio\data\work_order-20250506.csv
2025-05-06 16:33:35,552 - INFO - Deleted original file: C:\Users\SelengeTulga\Documents\GitHub\infinity_bh_appfolio\data\work_order-20250506.csv
2025-05-06 16:33:35,552 - INFO - Navigating to https://infinitybh.appfolio.com/buffered_reports/leasing_funnel_performance?customize=true and downloading CSV...
2025-05-06 16:33:39,349 - INFO - Update button clicked successfully.
2025-05-06 16:34:09,528 - INFO - Export CSV button clicked successfully.
2025-05-06 16:34:09,528 - INFO - CSV export process initiated.
2025-05-06 16:34:39,529 - INFO -  Waiting for CSV file to be downloaded...
2025-05-06 16:34:39,531 - INFO -  Latest downloaded file: C:\Users\SelengeTulga\Documents\GitHub\infinity_bh_appfolio\data\leasing_funnel_performance-20250506.csv
2025-05-06 16:34:39,532 - INFO - [SUCCESS] CSV file ready: C:\Users\SelengeTulga\Documents\GitHub\infinity_bh_appfolio\data\leasing_funnel_performance-20250506.csv
2025-05-06 16:34:39,532 - INFO - [SUCCESS] CSV URL: file://C:\Users\SelengeTulga\Documents\GitHub\infinity_bh_appfolio\data\leasing_funnel_performance-20250506.csv
2025-05-06 16:34:39,550 - INFO - Deleted original file: C:\Users\SelengeTulga\Documents\GitHub\infinity_bh_appfolio\data\leasing_funnel_performance-20250506.csv
2025-05-06 16:34:39,550 - INFO - Navigating to https://infinitybh.appfolio.com/buffered_reports/prospect_source_tracking?customize=true and downloading CSV...
2025-05-06 16:34:43,070 - INFO - Update button clicked successfully.
2025-05-06 16:35:13,204 - INFO - Export CSV button clicked successfully.
2025-05-06 16:35:13,204 - INFO - CSV export process initiated.
2025-05-06 16:35:43,206 - INFO -  Waiting for CSV file to be downloaded...
2025-05-06 16:35:43,207 - INFO -  Latest downloaded file: C:\Users\SelengeTulga\Documents\GitHub\infinity_bh_appfolio\data\prospect_source_tracking-20250506.csv
2025-05-06 16:35:43,207 - INFO - [SUCCESS] CSV file ready: C:\Users\SelengeTulga\Documents\GitHub\infinity_bh_appfolio\data\prospect_source_tracking-20250506.csv
2025-05-06 16:35:43,207 - INFO - [SUCCESS] CSV URL: file://C:\Users\SelengeTulga\Documents\GitHub\infinity_bh_appfolio\data\prospect_source_tracking-20250506.csv
2025-05-06 16:35:43,230 - INFO - Deleted original file: C:\Users\SelengeTulga\Documents\GitHub\infinity_bh_appfolio\data\prospect_source_tracking-20250506.csv
2025-05-06 16:35:43,230 - INFO - Navigating to https://infinitybh.appfolio.com/buffered_reports/bill_detail?customize=true and downloading CSV...
2025-05-06 16:35:57,491 - INFO - Update button clicked successfully.
2025-05-06 16:36:27,687 - INFO - Export CSV button clicked successfully.
2025-05-06 16:36:27,687 - INFO - CSV export process initiated.
2025-05-06 16:36:57,688 - INFO -  Waiting for CSV file to be downloaded...
2025-05-06 16:36:57,689 - INFO -  Latest downloaded file: C:\Users\SelengeTulga\Documents\GitHub\infinity_bh_appfolio\data\bill_detail-20250506.csv
2025-05-06 16:36:57,690 - INFO - [SUCCESS] CSV file ready: C:\Users\SelengeTulga\Documents\GitHub\infinity_bh_appfolio\data\bill_detail-20250506.csv
2025-05-06 16:36:57,690 - INFO - [SUCCESS] CSV URL: file://C:\Users\SelengeTulga\Documents\GitHub\infinity_bh_appfolio\data\bill_detail-20250506.csv
2025-05-06 16:36:58,133 - INFO - Deleted original file: C:\Users\SelengeTulga\Documents\GitHub\infinity_bh_appfolio\data\bill_detail-20250506.csv
2025-05-06 16:36:58,133 - INFO - Navigating to https://infinitybh.appfolio.com/buffered_reports/rent_roll?customize=true and downloading CSV...
2025-05-06 16:37:01,738 - INFO - Set date to 04-30-2025
2025-05-06 16:37:01,818 - INFO - Update button clicked successfully.
2025-05-06 16:37:32,020 - INFO - Export CSV button clicked successfully.
2025-05-06 16:37:32,020 - INFO - CSV export process initiated.
2025-05-06 16:38:02,020 - INFO -  Waiting for CSV file to be downloaded...
2025-05-06 16:38:02,023 - INFO -  Latest downloaded file: C:\Users\SelengeTulga\Documents\GitHub\infinity_bh_appfolio\data\rent_roll-20250506.csv
2025-05-06 16:38:02,023 - INFO - [SUCCESS] CSV file ready: C:\Users\SelengeTulga\Documents\GitHub\infinity_bh_appfolio\data\rent_roll-20250506.csv
2025-05-06 16:38:02,023 - INFO - [SUCCESS] CSV URL: file://C:\Users\SelengeTulga\Documents\GitHub\infinity_bh_appfolio\data\rent_roll-20250506.csv
2025-05-06 16:38:02,078 - INFO - Deleted original file: C:\Users\SelengeTulga\Documents\GitHub\infinity_bh_appfolio\data\rent_roll-20250506.csv
2025-05-06 16:38:04,730 - INFO - [SUCCESS] The entire process completed successfully.
2025-05-09 11:54:25,707 - INFO - Started Appfolio data process
2025-05-09 11:54:26,963 - INFO - [INFO] Opening login page...
2025-05-09 11:54:28,781 - INFO - [INFO] Entered username
2025-05-09 11:54:28,860 - INFO - [INFO] Entered password
2025-05-09 11:54:29,809 - INFO - [INFO] Clicked login button
2025-05-09 11:54:32,815 - INFO - [INFO] 2-Step Verification detected. Retrieving verification code...
2025-05-09 11:54:33,267 - INFO - [INFO] Requested verification code.
2025-05-09 11:54:37,145 - INFO - Entered verification code: 326988
2025-05-09 11:54:37,289 - INFO - Successfully submitted the verification code!
2025-05-09 11:54:40,290 - INFO - Navigating to https://infinitybh.appfolio.com/buffered_reports/general_ledger?customize=true and downloading CSV...
2025-05-09 11:54:44,682 - INFO - Update button clicked successfully.
2025-05-09 11:55:18,049 - INFO - Export CSV button clicked successfully.
2025-05-09 11:55:18,049 - INFO - CSV export process initiated.
2025-05-09 11:55:48,050 - INFO -  Waiting for CSV file to be downloaded...
2025-05-09 11:55:48,053 - INFO -  Latest downloaded file: C:\Users\SelengeTulga\Documents\GitHub\infinity_bh_appfolio\data\general_ledger-20250509.csv
2025-05-09 11:55:48,053 - INFO - [SUCCESS] CSV file ready: C:\Users\SelengeTulga\Documents\GitHub\infinity_bh_appfolio\data\general_ledger-20250509.csv
2025-05-09 11:55:48,053 - INFO - [SUCCESS] CSV URL: file://C:\Users\SelengeTulga\Documents\GitHub\infinity_bh_appfolio\data\general_ledger-20250509.csv
2025-05-09 11:55:48,107 - INFO - Deleted original file: C:\Users\SelengeTulga\Documents\GitHub\infinity_bh_appfolio\data\general_ledger-20250509.csv
2025-05-09 11:55:50,310 - INFO - [SUCCESS] The entire process completed successfully.
2025-05-09 13:47:26,308 - INFO - Started Appfolio data process
2025-05-09 13:47:27,385 - INFO - [INFO] Opening login page...
2025-05-09 13:47:29,252 - INFO - [INFO] Entered username
2025-05-09 13:47:29,320 - INFO - [INFO] Entered password
2025-05-09 13:47:30,294 - INFO - [INFO] Clicked login button
2025-05-09 13:47:33,301 - INFO - [INFO] 2-Step Verification detected. Retrieving verification code...
2025-05-09 13:47:33,651 - INFO - [INFO] Requested verification code.
2025-05-09 13:47:37,231 - INFO - Entered verification code: 966631
2025-05-09 13:47:39,186 - INFO - Successfully submitted the verification code!
2025-05-09 13:47:42,188 - INFO - Navigating to https://infinitybh.appfolio.com/buffered_reports/general_ledger?customize=true and downloading CSV...
2025-05-09 13:47:46,447 - INFO - Update button clicked successfully.
2025-05-09 13:48:19,898 - INFO - Export CSV button clicked successfully.
2025-05-09 13:48:19,899 - INFO - CSV export process initiated.
2025-05-09 13:48:49,900 - INFO -  Waiting for CSV file to be downloaded...
2025-05-09 13:48:49,902 - INFO -  Latest downloaded file: C:\Users\SelengeTulga\Documents\GitHub\infinity_bh_appfolio\data\general_ledger-20250509.csv
2025-05-09 13:48:49,902 - INFO - [SUCCESS] CSV file ready: C:\Users\SelengeTulga\Documents\GitHub\infinity_bh_appfolio\data\general_ledger-20250509.csv
2025-05-09 13:48:49,902 - INFO - [SUCCESS] CSV URL: file://C:\Users\SelengeTulga\Documents\GitHub\infinity_bh_appfolio\data\general_ledger-20250509.csv
2025-05-09 13:48:49,935 - INFO -  An error occurred: [Errno 2] No such file or directory: '/data/general_ledger3_cleaned.csv'
2025-05-09 13:48:52,154 - INFO - [ERROR] The process encountered an error.
2025-05-09 13:50:53,663 - INFO - Started Appfolio data process
2025-05-09 13:50:54,755 - INFO - [INFO] Opening login page...
2025-05-09 13:50:56,611 - INFO - [INFO] Entered username
2025-05-09 13:50:56,741 - INFO - [INFO] Entered password
2025-05-09 13:50:56,806 - INFO - [INFO] Clicked login button
2025-05-09 13:50:59,814 - INFO - [INFO] 2-Step Verification detected. Retrieving verification code...
2025-05-09 13:51:00,132 - INFO - [INFO] Requested verification code.
2025-05-09 13:51:03,708 - INFO - Entered verification code: 773188
2025-05-09 13:51:05,803 - INFO - Successfully submitted the verification code!
2025-05-09 13:51:08,804 - INFO - Navigating to https://infinitybh.appfolio.com/buffered_reports/general_ledger?customize=true and downloading CSV...
2025-05-09 13:51:13,072 - INFO - Update button clicked successfully.
2025-05-09 13:51:46,445 - INFO - Export CSV button clicked successfully.
2025-05-09 13:51:46,445 - INFO - CSV export process initiated.
2025-05-09 13:52:16,446 - INFO -  Waiting for CSV file to be downloaded...
2025-05-09 13:52:16,449 - INFO -  Latest downloaded file: C:\Users\SelengeTulga\Documents\GitHub\infinity_bh_appfolio\data\general_ledger-20250509.csv
2025-05-09 13:52:16,450 - INFO - [SUCCESS] CSV file ready: C:\Users\SelengeTulga\Documents\GitHub\infinity_bh_appfolio\data\general_ledger-20250509.csv
2025-05-09 13:52:16,450 - INFO - [SUCCESS] CSV URL: file://C:\Users\SelengeTulga\Documents\GitHub\infinity_bh_appfolio\data\general_ledger-20250509.csv
2025-05-09 13:52:16,505 - INFO - Deleted original file: C:\Users\SelengeTulga\Documents\GitHub\infinity_bh_appfolio\data\general_ledger-20250509.csv
2025-05-09 13:52:18,763 - INFO - [SUCCESS] The entire process completed successfully.
2025-05-09 13:56:33,544 - INFO - Started Appfolio data process
2025-05-09 13:56:34,618 - INFO - [INFO] Opening login page...
2025-05-09 13:56:36,499 - INFO - [INFO] Entered username
2025-05-09 13:56:36,636 - INFO - [INFO] Entered password
2025-05-09 13:56:37,572 - INFO - [INFO] Clicked login button
2025-05-09 13:56:40,576 - INFO - [INFO] 2-Step Verification detected. Retrieving verification code...
2025-05-09 13:56:41,097 - INFO - [INFO] Requested verification code.
2025-05-09 13:56:41,346 - INFO - Too many requests. Waiting 10 seconds before retrying...
2025-05-09 13:56:52,677 - INFO - Entered verification code: 708092
2025-05-09 13:56:52,781 - INFO - Successfully submitted the verification code!
2025-05-09 13:56:55,782 - INFO - Navigating to https://infinitybh.appfolio.com/buffered_reports/general_ledger?customize=true and downloading CSV...
2025-05-09 13:56:59,988 - INFO - Update button clicked successfully.
2025-05-09 13:57:33,371 - INFO - Export CSV button clicked successfully.
2025-05-09 13:57:33,371 - INFO - CSV export process initiated.
2025-05-09 13:58:03,373 - INFO -  Waiting for CSV file to be downloaded...
2025-05-09 13:58:03,375 - INFO -  Latest downloaded file: C:\Users\SelengeTulga\Documents\GitHub\infinity_bh_appfolio\data\general_ledger-20250509.csv
2025-05-09 13:58:03,376 - INFO - [SUCCESS] CSV file ready: C:\Users\SelengeTulga\Documents\GitHub\infinity_bh_appfolio\data\general_ledger-20250509.csv
2025-05-09 13:58:03,376 - INFO - [SUCCESS] CSV URL: file://C:\Users\SelengeTulga\Documents\GitHub\infinity_bh_appfolio\data\general_ledger-20250509.csv
2025-05-09 13:58:03,419 - INFO -  An error occurred: [Errno 13] Permission denied: 'data/general_ledger3_cleaned.csv'
2025-05-09 13:58:05,648 - INFO - [ERROR] The process encountered an error.
2025-05-09 13:58:28,681 - INFO - Started Appfolio data process
2025-05-09 13:58:29,757 - INFO - [INFO] Opening login page...
2025-05-09 13:58:31,859 - INFO - [INFO] Entered username
2025-05-09 13:58:31,934 - INFO - [INFO] Entered password
2025-05-09 13:58:32,924 - INFO - [INFO] Clicked login button
2025-05-09 13:58:35,931 - INFO - [INFO] 2-Step Verification detected. Retrieving verification code...
2025-05-09 13:58:36,268 - INFO - [INFO] Requested verification code.
2025-05-09 13:58:36,502 - INFO - Too many requests. Waiting 10 seconds before retrying...
2025-05-09 13:58:47,840 - INFO - Entered verification code: 225718
2025-05-09 13:58:47,923 - INFO - Successfully submitted the verification code!
2025-05-09 13:58:50,924 - INFO - Navigating to https://infinitybh.appfolio.com/buffered_reports/general_ledger?customize=true and downloading CSV...
2025-05-09 13:58:55,218 - INFO - Update button clicked successfully.
2025-05-09 13:59:28,577 - INFO - Export CSV button clicked successfully.
2025-05-09 13:59:28,577 - INFO - CSV export process initiated.
2025-05-09 13:59:58,579 - INFO -  Waiting for CSV file to be downloaded...
2025-05-09 13:59:58,580 - INFO -  Latest downloaded file: C:\Users\SelengeTulga\Documents\GitHub\infinity_bh_appfolio\data\general_ledger-20250509 (1).csv
2025-05-09 13:59:58,580 - INFO - [SUCCESS] CSV file ready: C:\Users\SelengeTulga\Documents\GitHub\infinity_bh_appfolio\data\general_ledger-20250509 (1).csv
2025-05-09 13:59:58,581 - INFO - [SUCCESS] CSV URL: file://C:\Users\SelengeTulga\Documents\GitHub\infinity_bh_appfolio\data\general_ledger-20250509 (1).csv
2025-05-09 13:59:58,657 - INFO - Deleted original file: C:\Users\SelengeTulga\Documents\GitHub\infinity_bh_appfolio\data\general_ledger-20250509 (1).csv
2025-05-09 14:00:00,935 - INFO - [SUCCESS] The entire process completed successfully.
2025-05-09 14:11:11,253 - INFO - Started Appfolio data process
2025-05-09 14:11:12,320 - INFO - [INFO] Opening login page...
2025-05-09 14:11:14,288 - INFO - [INFO] Entered username
2025-05-09 14:11:14,463 - INFO - [INFO] Entered password
2025-05-09 14:11:15,336 - INFO - [INFO] Clicked login button
2025-05-09 14:11:18,341 - INFO - [INFO] 2-Step Verification detected. Retrieving verification code...
2025-05-09 14:11:18,667 - INFO - [INFO] Requested verification code.
2025-05-09 14:11:24,488 - INFO - Entered verification code: 030043
2025-05-09 14:11:24,584 - INFO - Successfully submitted the verification code!
2025-05-09 14:11:27,585 - INFO - Navigating to https://infinitybh.appfolio.com/buffered_reports/guest_card_inquiries?customize=true and downloading CSV...
2025-05-09 14:11:31,728 - INFO - Update button clicked successfully.
2025-05-09 14:12:01,953 - INFO - Export CSV button clicked successfully.
2025-05-09 14:12:01,953 - INFO - CSV export process initiated.
2025-05-09 14:12:31,954 - INFO -  Waiting for CSV file to be downloaded...
2025-05-09 14:12:31,956 - INFO -  Latest downloaded file: C:\Users\SelengeTulga\Documents\GitHub\infinity_bh_appfolio\data\guest_card_inquiries-20250509.csv
2025-05-09 14:12:31,957 - INFO - [SUCCESS] CSV file ready: C:\Users\SelengeTulga\Documents\GitHub\infinity_bh_appfolio\data\guest_card_inquiries-20250509.csv
2025-05-09 14:12:31,957 - INFO - [SUCCESS] CSV URL: file://C:\Users\SelengeTulga\Documents\GitHub\infinity_bh_appfolio\data\guest_card_inquiries-20250509.csv
2025-05-09 14:12:32,008 - INFO -  An error occurred: 'Property'
2025-05-09 14:12:34,236 - INFO - [ERROR] The process encountered an error.
2025-05-09 14:13:18,771 - INFO - Started Appfolio data process
2025-05-09 14:13:19,853 - INFO - [INFO] Opening login page...
2025-05-09 14:13:21,698 - INFO - [INFO] Entered username
2025-05-09 14:13:21,764 - INFO - [INFO] Entered password
2025-05-09 14:13:21,843 - INFO - [INFO] Clicked login button
2025-05-09 14:13:24,850 - INFO - [INFO] 2-Step Verification detected. Retrieving verification code...
2025-05-09 14:13:25,188 - INFO - [INFO] Requested verification code.
2025-05-09 14:13:28,710 - INFO - Entered verification code: 872194
2025-05-09 14:13:28,773 - INFO - Successfully submitted the verification code!
2025-05-09 14:13:31,775 - INFO - Navigating to https://infinitybh.appfolio.com/buffered_reports/guest_card_inquiries?customize=true and downloading CSV...
2025-05-09 14:13:35,945 - INFO - Update button clicked successfully.
2025-05-09 14:14:06,116 - INFO - Export CSV button clicked successfully.
2025-05-09 14:14:06,116 - INFO - CSV export process initiated.
2025-05-09 14:14:36,116 - INFO -  Waiting for CSV file to be downloaded...
2025-05-09 14:14:36,119 - INFO -  Latest downloaded file: C:\Users\SelengeTulga\Documents\GitHub\infinity_bh_appfolio\data\guest_card_inquiries-20250509.csv
2025-05-09 14:14:36,119 - INFO - [SUCCESS] CSV file ready: C:\Users\SelengeTulga\Documents\GitHub\infinity_bh_appfolio\data\guest_card_inquiries-20250509.csv
2025-05-09 14:14:36,119 - INFO - [SUCCESS] CSV URL: file://C:\Users\SelengeTulga\Documents\GitHub\infinity_bh_appfolio\data\guest_card_inquiries-20250509.csv
2025-05-09 14:14:36,153 - INFO -  An error occurred: 'Property'
2025-05-09 14:14:38,216 - INFO - [ERROR] The process encountered an error.
2025-05-09 14:32:38,196 - INFO - Started Appfolio data process
2025-05-09 14:32:39,263 - INFO - [INFO] Opening login page...
2025-05-09 14:32:41,169 - INFO - [INFO] Entered username
2025-05-09 14:32:41,258 - INFO - [INFO] Entered password
2025-05-09 14:32:42,143 - INFO - [INFO] Clicked login button
2025-05-09 14:32:45,150 - INFO - [INFO] 2-Step Verification detected. Retrieving verification code...
2025-05-09 14:32:45,469 - INFO - [INFO] Requested verification code.
2025-05-09 14:32:51,262 - INFO - Entered verification code: 084119
2025-05-09 14:32:51,338 - INFO - Successfully submitted the verification code!
2025-05-09 14:32:54,339 - INFO - Navigating to https://infinitybh.appfolio.com/buffered_reports/guest_card_inquiries?customize=true and downloading CSV...
2025-05-09 14:32:58,463 - INFO - Update button clicked successfully.
2025-05-09 14:33:41,493 - INFO - Export CSV button clicked successfully.
2025-05-09 14:33:41,493 - INFO - CSV export process initiated.
2025-05-09 14:34:11,494 - INFO -  Waiting for CSV file to be downloaded...
2025-05-09 14:34:11,496 - INFO -  Latest downloaded file: C:\Users\SelengeTulga\Documents\GitHub\infinity_bh_appfolio\data\guest_card_inquiries-20250509 (1).csv
2025-05-09 14:34:11,496 - INFO - [SUCCESS] CSV file ready: C:\Users\SelengeTulga\Documents\GitHub\infinity_bh_appfolio\data\guest_card_inquiries-20250509 (1).csv
2025-05-09 14:34:11,496 - INFO - [SUCCESS] CSV URL: file://C:\Users\SelengeTulga\Documents\GitHub\infinity_bh_appfolio\data\guest_card_inquiries-20250509 (1).csv
2025-05-09 14:34:11,621 - INFO - Deleted original file: C:\Users\SelengeTulga\Documents\GitHub\infinity_bh_appfolio\data\guest_card_inquiries-20250509 (1).csv
2025-05-09 14:34:13,847 - INFO - [SUCCESS] The entire process completed successfully.
2025-05-09 14:39:02,548 - INFO - Started Appfolio data process
2025-05-09 14:39:03,606 - INFO - [INFO] Opening login page...
2025-05-09 14:39:05,937 - INFO - [INFO] Entered username
2025-05-09 14:39:06,081 - INFO - [INFO] Entered password
2025-05-09 14:39:06,996 - INFO - [INFO] Clicked login button
2025-05-09 14:39:10,002 - INFO - [INFO] 2-Step Verification detected. Retrieving verification code...
2025-05-09 14:39:10,350 - INFO - [INFO] Requested verification code.
2025-05-09 14:39:13,913 - INFO - Entered verification code: 123908
2025-05-09 14:39:16,627 - INFO - Successfully submitted the verification code!
2025-05-09 14:39:21,826 - INFO - [SUCCESS] The entire process completed successfully.
2025-05-09 14:44:46,231 - INFO - Started Appfolio data process
2025-05-09 14:44:47,291 - INFO - [INFO] Opening login page...
2025-05-09 14:44:49,095 - INFO - [INFO] Entered username
2025-05-09 14:44:49,251 - INFO - [INFO] Entered password
2025-05-09 14:44:50,056 - INFO - [INFO] Clicked login button
2025-05-09 14:44:53,063 - INFO - [INFO] 2-Step Verification detected. Retrieving verification code...
2025-05-09 14:44:53,377 - INFO - [INFO] Requested verification code.
2025-05-09 14:44:59,203 - INFO - Entered verification code: 649724
2025-05-09 14:45:01,034 - INFO - Successfully submitted the verification code!
2025-05-09 14:45:04,035 - INFO - Navigating to https://infinitybh.appfolio.com/buffered_reports/rent_roll?customize=true and downloading CSV...
2025-05-09 14:45:08,513 - INFO - Update button clicked successfully.
2025-05-09 14:45:38,711 - INFO - Export CSV button clicked successfully.
2025-05-09 14:45:38,711 - INFO - CSV export process initiated.
2025-05-09 14:46:08,712 - INFO -  Waiting for CSV file to be downloaded...
2025-05-09 14:46:08,714 - INFO -  Latest downloaded file: C:\Users\SelengeTulga\Documents\GitHub\infinity_bh_appfolio\data\rent_roll-20250509.csv
2025-05-09 14:46:08,714 - INFO - [SUCCESS] CSV file ready: C:\Users\SelengeTulga\Documents\GitHub\infinity_bh_appfolio\data\rent_roll-20250509.csv
2025-05-09 14:46:08,714 - INFO - [SUCCESS] CSV URL: file://C:\Users\SelengeTulga\Documents\GitHub\infinity_bh_appfolio\data\rent_roll-20250509.csv
2025-05-09 14:46:08,769 - INFO - Deleted original file: C:\Users\SelengeTulga\Documents\GitHub\infinity_bh_appfolio\data\rent_roll-20250509.csv
2025-05-09 14:46:08,770 - INFO - Navigating to https://infinitybh.appfolio.com/buffered_reports/tenant_directory?customize=true and downloading CSV...
2025-05-09 14:46:12,677 - INFO - Update button clicked successfully.
2025-05-09 14:46:46,117 - INFO - Export CSV button clicked successfully.
2025-05-09 14:46:46,117 - INFO - CSV export process initiated.
2025-05-09 14:47:16,118 - INFO -  Waiting for CSV file to be downloaded...
2025-05-09 14:47:16,121 - INFO -  Latest downloaded file: C:\Users\SelengeTulga\Documents\GitHub\infinity_bh_appfolio\data\tenant_directory-20250509.csv
2025-05-09 14:47:16,121 - INFO - [SUCCESS] CSV file ready: C:\Users\SelengeTulga\Documents\GitHub\infinity_bh_appfolio\data\tenant_directory-20250509.csv
2025-05-09 14:47:16,122 - INFO - [SUCCESS] CSV URL: file://C:\Users\SelengeTulga\Documents\GitHub\infinity_bh_appfolio\data\tenant_directory-20250509.csv
2025-05-09 14:47:16,253 - INFO - Deleted original file: C:\Users\SelengeTulga\Documents\GitHub\infinity_bh_appfolio\data\tenant_directory-20250509.csv
2025-05-09 14:47:16,253 - INFO - Navigating to https://infinitybh.appfolio.com/buffered_reports/work_order?customize=true and downloading CSV...
2025-05-09 14:47:20,455 - INFO - Update button clicked successfully.
2025-05-09 14:47:50,648 - INFO - Export CSV button clicked successfully.
2025-05-09 14:47:50,648 - INFO - CSV export process initiated.
2025-05-09 14:48:20,649 - INFO -  Waiting for CSV file to be downloaded...
2025-05-09 14:48:20,652 - INFO -  Latest downloaded file: C:\Users\SelengeTulga\Documents\GitHub\infinity_bh_appfolio\data\work_order-20250509.csv
2025-05-09 14:48:20,652 - INFO - [SUCCESS] CSV file ready: C:\Users\SelengeTulga\Documents\GitHub\infinity_bh_appfolio\data\work_order-20250509.csv
2025-05-09 14:48:20,652 - INFO - [SUCCESS] CSV URL: file://C:\Users\SelengeTulga\Documents\GitHub\infinity_bh_appfolio\data\work_order-20250509.csv
2025-05-09 14:48:20,713 - INFO - Deleted original file: C:\Users\SelengeTulga\Documents\GitHub\infinity_bh_appfolio\data\work_order-20250509.csv
2025-05-09 14:48:20,714 - INFO - Navigating to https://infinitybh.appfolio.com/buffered_reports/leasing_funnel_performance?customize=true and downloading CSV...
2025-05-09 14:48:24,701 - INFO - Update button clicked successfully.
2025-05-09 14:48:54,907 - INFO - Export CSV button clicked successfully.
2025-05-09 14:48:54,907 - INFO - CSV export process initiated.
2025-05-09 14:49:24,908 - INFO -  Waiting for CSV file to be downloaded...
2025-05-09 14:49:24,911 - INFO -  Latest downloaded file: C:\Users\SelengeTulga\Documents\GitHub\infinity_bh_appfolio\data\leasing_funnel_performance-20250509.csv
2025-05-09 14:49:24,911 - INFO - [SUCCESS] CSV file ready: C:\Users\SelengeTulga\Documents\GitHub\infinity_bh_appfolio\data\leasing_funnel_performance-20250509.csv
2025-05-09 14:49:24,911 - INFO - [SUCCESS] CSV URL: file://C:\Users\SelengeTulga\Documents\GitHub\infinity_bh_appfolio\data\leasing_funnel_performance-20250509.csv
2025-05-09 14:49:24,933 - INFO - Deleted original file: C:\Users\SelengeTulga\Documents\GitHub\infinity_bh_appfolio\data\leasing_funnel_performance-20250509.csv
2025-05-09 14:49:24,933 - INFO - Navigating to https://infinitybh.appfolio.com/buffered_reports/prospect_source_tracking?customize=true and downloading CSV...
2025-05-09 14:49:28,487 - INFO - Update button clicked successfully.
2025-05-09 14:49:58,640 - INFO - Export CSV button clicked successfully.
2025-05-09 14:49:58,641 - INFO - CSV export process initiated.
2025-05-09 14:50:28,642 - INFO -  Waiting for CSV file to be downloaded...
2025-05-09 14:50:28,645 - INFO -  Latest downloaded file: C:\Users\SelengeTulga\Documents\GitHub\infinity_bh_appfolio\data\prospect_source_tracking-20250509.csv
2025-05-09 14:50:28,645 - INFO - [SUCCESS] CSV file ready: C:\Users\SelengeTulga\Documents\GitHub\infinity_bh_appfolio\data\prospect_source_tracking-20250509.csv
2025-05-09 14:50:28,645 - INFO - [SUCCESS] CSV URL: file://C:\Users\SelengeTulga\Documents\GitHub\infinity_bh_appfolio\data\prospect_source_tracking-20250509.csv
2025-05-09 14:50:28,665 - INFO - Deleted original file: C:\Users\SelengeTulga\Documents\GitHub\infinity_bh_appfolio\data\prospect_source_tracking-20250509.csv
2025-05-09 14:50:28,665 - INFO - Navigating to https://infinitybh.appfolio.com/buffered_reports/bill_detail?customize=true and downloading CSV...
2025-05-09 14:50:43,392 - INFO - Update button clicked successfully.
2025-05-09 14:51:13,580 - INFO - Export CSV button clicked successfully.
2025-05-09 14:51:13,580 - INFO - CSV export process initiated.
2025-05-09 14:51:43,581 - INFO -  Waiting for CSV file to be downloaded...
2025-05-09 14:51:43,583 - INFO -  Latest downloaded file: C:\Users\SelengeTulga\Documents\GitHub\infinity_bh_appfolio\data\bill_detail-20250509.csv
2025-05-09 14:51:43,583 - INFO - [SUCCESS] CSV file ready: C:\Users\SelengeTulga\Documents\GitHub\infinity_bh_appfolio\data\bill_detail-20250509.csv
2025-05-09 14:51:43,583 - INFO - [SUCCESS] CSV URL: file://C:\Users\SelengeTulga\Documents\GitHub\infinity_bh_appfolio\data\bill_detail-20250509.csv
2025-05-09 14:51:44,031 - INFO - Deleted original file: C:\Users\SelengeTulga\Documents\GitHub\infinity_bh_appfolio\data\bill_detail-20250509.csv
2025-05-09 14:51:44,031 - INFO - Navigating to https://infinitybh.appfolio.com/buffered_reports/guest_card_inquiries?customize=true and downloading CSV...
2025-05-09 14:51:48,135 - INFO - Update button clicked successfully.
2025-05-09 14:52:31,574 - INFO - Export CSV button clicked successfully.
2025-05-09 14:52:31,574 - INFO - CSV export process initiated.
2025-05-09 14:53:01,577 - INFO -  Waiting for CSV file to be downloaded...
2025-05-09 14:53:01,579 - INFO -  Latest downloaded file: C:\Users\SelengeTulga\Documents\GitHub\infinity_bh_appfolio\data\guest_card_inquiries-20250509 (1).csv
2025-05-09 14:53:01,580 - INFO - [SUCCESS] CSV file ready: C:\Users\SelengeTulga\Documents\GitHub\infinity_bh_appfolio\data\guest_card_inquiries-20250509 (1).csv
2025-05-09 14:53:01,580 - INFO - [SUCCESS] CSV URL: file://C:\Users\SelengeTulga\Documents\GitHub\infinity_bh_appfolio\data\guest_card_inquiries-20250509 (1).csv
2025-05-09 14:53:01,689 - INFO - Deleted original file: C:\Users\SelengeTulga\Documents\GitHub\infinity_bh_appfolio\data\guest_card_inquiries-20250509 (1).csv
2025-05-09 14:53:01,689 - INFO - Navigating to https://infinitybh.appfolio.com/buffered_reports/general_ledger?customize=true and downloading CSV...
2025-05-09 14:53:06,213 - INFO - Update button clicked successfully.
2025-05-09 14:53:39,641 - INFO - Export CSV button clicked successfully.
2025-05-09 14:53:39,641 - INFO - CSV export process initiated.
2025-05-09 14:54:09,642 - INFO -  Waiting for CSV file to be downloaded...
2025-05-09 14:54:09,645 - INFO -  Latest downloaded file: C:\Users\SelengeTulga\Documents\GitHub\infinity_bh_appfolio\data\general_ledger-20250509 (1).csv
2025-05-09 14:54:09,645 - INFO - [SUCCESS] CSV file ready: C:\Users\SelengeTulga\Documents\GitHub\infinity_bh_appfolio\data\general_ledger-20250509 (1).csv
2025-05-09 14:54:09,645 - INFO - [SUCCESS] CSV URL: file://C:\Users\SelengeTulga\Documents\GitHub\infinity_bh_appfolio\data\general_ledger-20250509 (1).csv
2025-05-09 14:54:09,724 - INFO - Deleted original file: C:\Users\SelengeTulga\Documents\GitHub\infinity_bh_appfolio\data\general_ledger-20250509 (1).csv
2025-05-09 14:54:12,467 - INFO - [SUCCESS] The entire process completed successfully.
2025-05-09 14:59:17,014 - INFO - Started Appfolio data process
2025-05-09 14:59:18,086 - INFO - [INFO] Opening login page...
2025-05-09 14:59:20,318 - INFO - [INFO] Entered username
2025-05-09 14:59:20,401 - INFO - [INFO] Entered password
2025-05-09 14:59:21,290 - INFO - [INFO] Clicked login button
2025-05-09 14:59:24,296 - INFO - [INFO] 2-Step Verification detected. Retrieving verification code...
2025-05-09 14:59:24,616 - INFO - [INFO] Requested verification code.
2025-05-09 14:59:30,443 - INFO - Entered verification code: 042233
2025-05-09 14:59:33,368 - INFO - Successfully submitted the verification code!
2025-05-09 14:59:39,093 - INFO - [SUCCESS] The entire process completed successfully.
2025-05-09 15:03:52,301 - INFO - Started Appfolio data process
2025-05-09 15:03:53,376 - INFO - [INFO] Opening login page...
2025-05-09 15:03:55,362 - INFO - [INFO] Entered username
2025-05-09 15:03:55,432 - INFO - [INFO] Entered password
2025-05-09 15:03:56,327 - INFO - [INFO] Clicked login button
2025-05-09 15:03:59,331 - INFO - [INFO] 2-Step Verification detected. Retrieving verification code...
2025-05-09 15:03:59,656 - INFO - [INFO] Requested verification code.
2025-05-09 15:04:03,253 - INFO - Entered verification code: 563573
2025-05-09 15:04:25,016 - INFO - Successfully submitted the verification code!
2025-05-09 15:04:28,016 - INFO - Navigating to https://infinitybh.appfolio.com/buffered_reports/rent_roll?customize=true and downloading CSV...
2025-05-09 15:04:32,028 - INFO - Update button clicked successfully.
2025-05-09 15:05:02,259 - INFO - Export CSV button clicked successfully.
2025-05-09 15:05:02,260 - INFO - CSV export process initiated.
2025-05-09 15:05:32,260 - INFO -  Waiting for CSV file to be downloaded...
2025-05-09 15:05:32,262 - INFO -  Latest downloaded file: C:\Users\SelengeTulga\Documents\GitHub\infinity_bh_appfolio\data\rent_roll-20250509.csv
2025-05-09 15:05:32,262 - INFO - [SUCCESS] CSV file ready: C:\Users\SelengeTulga\Documents\GitHub\infinity_bh_appfolio\data\rent_roll-20250509.csv
2025-05-09 15:05:32,262 - INFO - [SUCCESS] CSV URL: file://C:\Users\SelengeTulga\Documents\GitHub\infinity_bh_appfolio\data\rent_roll-20250509.csv
2025-05-09 15:05:32,317 - INFO - Deleted original file: C:\Users\SelengeTulga\Documents\GitHub\infinity_bh_appfolio\data\rent_roll-20250509.csv
2025-05-09 15:05:32,317 - INFO - Navigating to https://infinitybh.appfolio.com/buffered_reports/tenant_directory?customize=true and downloading CSV...
2025-05-09 15:05:32,319 - INFO -  An error occurred: Message: invalid session id: session deleted as the browser has closed the connection
from disconnected: not connected to DevTools
  (Session info: chrome=136.0.7103.93)
Stacktrace:
	GetHandleVerifier [0x00007FF75FCA5355+78597]
	GetHandleVerifier [0x00007FF75FCA53B0+78688]
	(No symbol) [0x00007FF75FA591AA]
	(No symbol) [0x00007FF75FA44EF5]
	(No symbol) [0x00007FF75FA69F04]
	(No symbol) [0x00007FF75FADED0F]
	(No symbol) [0x00007FF75FAFEBB2]
	(No symbol) [0x00007FF75FAD6EC3]
	(No symbol) [0x00007FF75FAA03F8]
	(No symbol) [0x00007FF75FAA1163]
	GetHandleVerifier [0x00007FF75FF4EF0D+2870973]
	GetHandleVerifier [0x00007FF75FF496B8+2848360]
	GetHandleVerifier [0x00007FF75FF66993+2967875]
	GetHandleVerifier [0x00007FF75FCC019A+188746]
	GetHandleVerifier [0x00007FF75FCC847F+222255]
	GetHandleVerifier [0x00007FF75FCAD2D4+111236]
	GetHandleVerifier [0x00007FF75FCAD482+111666]
	GetHandleVerifier [0x00007FF75FC935A9+5465]
	BaseThreadInitThunk [0x00007FF96DB6E8D7+23]
	RtlUserThreadStart [0x00007FF96FB5BF6C+44]

2025-05-09 15:05:34,409 - INFO - [ERROR] The process encountered an error.
2025-05-09 15:06:54,830 - INFO - Started Appfolio data process
2025-05-09 15:06:55,887 - INFO - [INFO] Opening login page...
2025-05-09 15:06:57,659 - INFO - [INFO] Entered username
2025-05-09 15:06:57,820 - INFO - [INFO] Entered password
2025-05-09 15:06:58,629 - INFO - [INFO] Clicked login button
2025-05-09 15:07:01,635 - INFO - [INFO] 2-Step Verification detected. Retrieving verification code...
2025-05-09 15:07:01,954 - INFO - [INFO] Requested verification code.
2025-05-09 15:07:05,519 - INFO - Entered verification code: 393174
2025-05-09 15:07:07,300 - INFO - Successfully submitted the verification code!
2025-05-09 15:07:10,301 - INFO - Navigating to https://infinitybh.appfolio.com/buffered_reports/guest_card_inquiries?customize=true and downloading CSV...
2025-05-09 15:07:14,430 - INFO - Update button clicked successfully.
2025-05-09 15:08:00,589 - INFO - Export CSV button clicked successfully.
2025-05-09 15:08:00,589 - INFO - CSV export process initiated.
2025-05-09 15:08:30,591 - INFO -  Waiting for CSV file to be downloaded...
2025-05-09 15:08:30,593 - INFO -  Latest downloaded file: C:\Users\SelengeTulga\Documents\GitHub\infinity_bh_appfolio\data\guest_card_inquiries-20250509 (1).csv
2025-05-09 15:08:30,594 - INFO - [SUCCESS] CSV file ready: C:\Users\SelengeTulga\Documents\GitHub\infinity_bh_appfolio\data\guest_card_inquiries-20250509 (1).csv
2025-05-09 15:08:30,594 - INFO - [SUCCESS] CSV URL: file://C:\Users\SelengeTulga\Documents\GitHub\infinity_bh_appfolio\data\guest_card_inquiries-20250509 (1).csv
2025-05-09 15:08:30,709 - INFO - Deleted original file: C:\Users\SelengeTulga\Documents\GitHub\infinity_bh_appfolio\data\guest_card_inquiries-20250509 (1).csv
2025-05-09 15:08:32,930 - INFO - [SUCCESS] The entire process completed successfully.
2025-05-09 15:11:52,634 - INFO - Started Appfolio data process
2025-05-09 15:11:53,706 - INFO - [INFO] Opening login page...
2025-05-09 15:11:55,650 - INFO - [INFO] Entered username
2025-05-09 15:11:55,723 - INFO - [INFO] Entered password
2025-05-09 15:11:56,550 - INFO - [INFO] Clicked login button
2025-05-09 15:11:59,555 - INFO - [INFO] 2-Step Verification detected. Retrieving verification code...
2025-05-09 15:12:21,287 - INFO - API Error: HTTPSConnectionPool(host='api-app2.simpletexting.com', port=443): Read timed out. (read timeout=None)
2025-05-09 15:12:21,607 - INFO - [INFO] Requested verification code.
2025-05-09 15:12:27,453 - INFO - Entered verification code: 688056
2025-05-09 15:12:29,336 - INFO - Successfully submitted the verification code!
2025-05-09 15:12:32,336 - INFO - Navigating to https://infinitybh.appfolio.com/buffered_reports/bill_detail?customize=true and downloading CSV...
2025-05-09 15:12:46,783 - INFO - Update button clicked successfully.
2025-05-09 15:13:29,210 - INFO -  An error occurred: Message: 
Stacktrace:
	GetHandleVerifier [0x00007FF75FCA5355+78597]
	GetHandleVerifier [0x00007FF75FCA53B0+78688]
	(No symbol) [0x00007FF75FA591AA]
	(No symbol) [0x00007FF75FAAF149]
	(No symbol) [0x00007FF75FAAF3FC]
	(No symbol) [0x00007FF75FB02467]
	(No symbol) [0x00007FF75FAD712F]
	(No symbol) [0x00007FF75FAFF2BB]
	(No symbol) [0x00007FF75FAD6EC3]
	(No symbol) [0x00007FF75FAA03F8]
	(No symbol) [0x00007FF75FAA1163]
	GetHandleVerifier [0x00007FF75FF4EF0D+2870973]
	GetHandleVerifier [0x00007FF75FF496B8+2848360]
	GetHandleVerifier [0x00007FF75FF66993+2967875]
	GetHandleVerifier [0x00007FF75FCC019A+188746]
	GetHandleVerifier [0x00007FF75FCC847F+222255]
	GetHandleVerifier [0x00007FF75FCAD2D4+111236]
	GetHandleVerifier [0x00007FF75FCAD482+111666]
	GetHandleVerifier [0x00007FF75FC935A9+5465]
	BaseThreadInitThunk [0x00007FF96DB6E8D7+23]
	RtlUserThreadStart [0x00007FF96FB5BF6C+44]

2025-05-09 15:13:31,464 - INFO - [ERROR] The process encountered an error.
2025-05-09 15:16:06,306 - INFO - Started Appfolio data process
2025-05-09 15:16:07,352 - INFO - [INFO] Opening login page...
2025-05-09 15:16:09,231 - INFO - [INFO] Entered username
2025-05-09 15:16:09,369 - INFO - [INFO] Entered password
2025-05-09 15:16:09,440 - INFO - [INFO] Clicked login button
2025-05-09 15:16:12,448 - INFO - [INFO] 2-Step Verification detected. Retrieving verification code...
2025-05-09 15:16:12,782 - INFO - [INFO] Requested verification code.
2025-05-09 15:16:18,627 - INFO - Entered verification code: 733965
2025-05-09 15:16:20,375 - INFO - Successfully submitted the verification code!
2025-05-09 15:16:23,376 - INFO - Navigating to https://infinitybh.appfolio.com/buffered_reports/guest_card_inquiries?customize=true and downloading CSV...
2025-05-09 15:16:27,883 - INFO - Update button clicked successfully.
2025-05-09 15:17:17,266 - INFO - Export CSV button clicked successfully.
2025-05-09 15:17:17,266 - INFO - CSV export process initiated.
2025-05-09 15:17:47,267 - INFO -  Waiting for CSV file to be downloaded...
2025-05-09 15:17:47,269 - INFO -  Latest downloaded file: C:\Users\SelengeTulga\Documents\GitHub\infinity_bh_appfolio\data\guest_card_inquiries-20250509 (1).csv
2025-05-09 15:17:47,269 - INFO - [SUCCESS] CSV file ready: C:\Users\SelengeTulga\Documents\GitHub\infinity_bh_appfolio\data\guest_card_inquiries-20250509 (1).csv
2025-05-09 15:17:47,269 - INFO - [SUCCESS] CSV URL: file://C:\Users\SelengeTulga\Documents\GitHub\infinity_bh_appfolio\data\guest_card_inquiries-20250509 (1).csv
2025-05-09 15:17:47,379 - INFO - Deleted original file: C:\Users\SelengeTulga\Documents\GitHub\infinity_bh_appfolio\data\guest_card_inquiries-20250509 (1).csv
2025-05-09 15:17:49,585 - INFO - [SUCCESS] The entire process completed successfully.
2025-05-09 15:18:15,200 - INFO - Started Appfolio data process
2025-05-09 15:18:16,274 - INFO - [INFO] Opening login page...
2025-05-09 15:18:18,411 - INFO - [INFO] Entered username
2025-05-09 15:18:18,488 - INFO - [INFO] Entered password
2025-05-09 15:18:19,471 - INFO - [INFO] Clicked login button
2025-05-09 15:18:22,477 - INFO - [INFO] 2-Step Verification detected. Retrieving verification code...
2025-05-09 15:18:22,810 - INFO - [INFO] Requested verification code.
2025-05-09 15:18:23,030 - INFO - Too many requests. Waiting 10 seconds before retrying...
2025-05-09 15:18:34,380 - INFO - Entered verification code: 724147
2025-05-09 15:18:34,453 - INFO - Successfully submitted the verification code!
2025-05-09 15:18:37,455 - INFO - Navigating to https://infinitybh.appfolio.com/buffered_reports/bill_detail?customize=true and downloading CSV...
2025-05-09 15:18:53,940 - INFO - Update button clicked successfully.
2025-05-09 15:19:27,335 - INFO - Export CSV button clicked successfully.
2025-05-09 15:19:27,335 - INFO - CSV export process initiated.
2025-05-09 15:19:57,336 - INFO -  Waiting for CSV file to be downloaded...
2025-05-09 15:19:57,339 - INFO -  Latest downloaded file: C:\Users\SelengeTulga\Documents\GitHub\infinity_bh_appfolio\data\bill_detail-20250509.csv
2025-05-09 15:19:57,339 - INFO - [SUCCESS] CSV file ready: C:\Users\SelengeTulga\Documents\GitHub\infinity_bh_appfolio\data\bill_detail-20250509.csv
2025-05-09 15:19:57,339 - INFO - [SUCCESS] CSV URL: file://C:\Users\SelengeTulga\Documents\GitHub\infinity_bh_appfolio\data\bill_detail-20250509.csv
2025-05-09 15:19:57,804 - INFO - Deleted original file: C:\Users\SelengeTulga\Documents\GitHub\infinity_bh_appfolio\data\bill_detail-20250509.csv
2025-05-09 15:20:00,064 - INFO - [SUCCESS] The entire process completed successfully.
2025-05-22 07:58:21,673 - INFO - Started Appfolio data process
2025-05-22 07:58:22,990 - INFO - [INFO] Opening login page...
2025-05-22 07:58:25,189 - INFO - [INFO] Entered username
2025-05-22 07:58:25,348 - INFO - [INFO] Entered password
2025-05-22 07:58:25,414 - INFO - [INFO] Clicked login button
2025-05-22 07:58:28,424 - INFO - [INFO] 2-Step Verification detected. Retrieving verification code...
2025-05-22 07:58:28,827 - INFO - [INFO] Requested verification code.
2025-05-22 07:58:34,678 - INFO - Entered verification code: 805888
2025-05-22 07:58:36,743 - INFO - Successfully submitted the verification code!
2025-05-22 07:58:39,744 - INFO - Navigating to https://infinitybh.appfolio.com/buffered_reports/bill_detail?customize=true and downloading CSV...
2025-05-22 07:58:54,150 - INFO - Update button clicked successfully.
2025-05-22 07:59:27,554 - INFO - Export CSV button clicked successfully.
2025-05-22 07:59:27,554 - INFO - CSV export process initiated.
2025-05-22 07:59:57,555 - INFO -  Waiting for CSV file to be downloaded...
2025-05-22 07:59:57,565 - INFO -  Latest downloaded file: C:\Users\SelengeTulga\Documents\GitHub\infinity_bh_appfolio\data\bill_detail-20250522.csv
2025-05-22 07:59:57,565 - INFO - [SUCCESS] CSV file ready: C:\Users\SelengeTulga\Documents\GitHub\infinity_bh_appfolio\data\bill_detail-20250522.csv
2025-05-22 07:59:57,565 - INFO - [SUCCESS] CSV URL: file://C:\Users\SelengeTulga\Documents\GitHub\infinity_bh_appfolio\data\bill_detail-20250522.csv
2025-05-22 07:59:58,166 - INFO - Deleted original file: C:\Users\SelengeTulga\Documents\GitHub\infinity_bh_appfolio\data\bill_detail-20250522.csv
2025-05-22 08:00:00,395 - INFO - [SUCCESS] The entire process completed successfully.
2025-05-22 08:00:16,846 - INFO - Started Appfolio data process
2025-05-22 08:00:17,894 - INFO - [INFO] Opening login page...
2025-05-22 08:00:19,861 - INFO - [INFO] Entered username
2025-05-22 08:00:19,934 - INFO - [INFO] Entered password
2025-05-22 08:00:20,932 - INFO - [INFO] Clicked login button
2025-05-22 08:00:23,939 - INFO - [INFO] 2-Step Verification detected. Retrieving verification code...
2025-05-22 08:00:24,272 - INFO - [INFO] Requested verification code.
2025-05-22 08:00:30,112 - INFO - Entered verification code: 290854
2025-05-22 08:00:31,958 - INFO - Successfully submitted the verification code!
2025-05-22 08:00:34,958 - INFO - Navigating to https://infinitybh.appfolio.com/buffered_reports/guest_card_inquiries?customize=true and downloading CSV...
2025-05-22 08:00:39,132 - INFO - Update button clicked successfully.
2025-05-22 08:01:25,365 - INFO - Export CSV button clicked successfully.
2025-05-22 08:01:25,365 - INFO - CSV export process initiated.
2025-05-22 08:01:55,365 - INFO -  Waiting for CSV file to be downloaded...
2025-05-22 08:01:55,368 - INFO -  Latest downloaded file: C:\Users\SelengeTulga\Documents\GitHub\infinity_bh_appfolio\data\guest_card_inquiries-20250522.csv
2025-05-22 08:01:55,368 - INFO - [SUCCESS] CSV file ready: C:\Users\SelengeTulga\Documents\GitHub\infinity_bh_appfolio\data\guest_card_inquiries-20250522.csv
2025-05-22 08:01:55,368 - INFO - [SUCCESS] CSV URL: file://C:\Users\SelengeTulga\Documents\GitHub\infinity_bh_appfolio\data\guest_card_inquiries-20250522.csv
2025-05-22 08:01:55,501 - INFO - Deleted original file: C:\Users\SelengeTulga\Documents\GitHub\infinity_bh_appfolio\data\guest_card_inquiries-20250522.csv
2025-05-22 08:01:55,501 - INFO - Navigating to https://infinitybh.appfolio.com/buffered_reports/general_ledger?customize=true and downloading CSV...
2025-05-22 08:02:02,212 - INFO - Update button clicked successfully.
2025-05-22 08:02:35,623 - INFO - Export CSV button clicked successfully.
2025-05-22 08:02:35,623 - INFO - CSV export process initiated.
2025-05-22 08:03:05,625 - INFO -  Waiting for CSV file to be downloaded...
2025-05-22 08:03:05,628 - INFO -  Latest downloaded file: C:\Users\SelengeTulga\Documents\GitHub\infinity_bh_appfolio\data\general_ledger-20250522.csv
2025-05-22 08:03:05,629 - INFO - [SUCCESS] CSV file ready: C:\Users\SelengeTulga\Documents\GitHub\infinity_bh_appfolio\data\general_ledger-20250522.csv
2025-05-22 08:03:05,629 - INFO - [SUCCESS] CSV URL: file://C:\Users\SelengeTulga\Documents\GitHub\infinity_bh_appfolio\data\general_ledger-20250522.csv
2025-05-22 08:03:05,703 - INFO - Deleted original file: C:\Users\SelengeTulga\Documents\GitHub\infinity_bh_appfolio\data\general_ledger-20250522.csv
2025-05-22 08:03:07,906 - INFO - [SUCCESS] The entire process completed successfully.
2025-06-05 12:07:12,691 - INFO - Started Appfolio data process
2025-06-05 12:07:13,882 - INFO - [INFO] Opening login page...
2025-06-05 12:07:16,625 - INFO - [INFO] Entered username
2025-06-05 12:07:16,694 - INFO - [INFO] Entered password
2025-06-05 12:07:16,762 - INFO - [INFO] Clicked login button
2025-06-05 12:07:19,769 - INFO - [INFO] 2-Step Verification detected. Retrieving verification code...
2025-06-05 12:07:20,322 - INFO - [INFO] Requested verification code.
2025-06-05 12:07:26,268 - INFO - Entered verification code: 910866
2025-06-05 12:07:26,376 - INFO - Successfully submitted the verification code!
2025-06-05 12:07:29,376 - INFO - Navigating to https://infinitybh.appfolio.com/buffered_reports/rent_roll?customize=true and downloading CSV...
2025-06-05 12:07:33,473 - INFO - Update button clicked successfully.
2025-06-05 12:08:03,751 - INFO - Export CSV button clicked successfully.
2025-06-05 12:08:03,751 - INFO - CSV export process initiated.
2025-06-05 12:08:33,751 - INFO -  Waiting for CSV file to be downloaded...
2025-06-05 12:08:33,753 - INFO -  Latest downloaded file: C:\Users\SelengeTulga\Documents\GitHub\infinity_bh_appfolio\data\rent_roll-20250605.csv
2025-06-05 12:08:33,753 - INFO - [SUCCESS] CSV file ready: C:\Users\SelengeTulga\Documents\GitHub\infinity_bh_appfolio\data\rent_roll-20250605.csv
2025-06-05 12:08:33,753 - INFO - [SUCCESS] CSV URL: file://C:\Users\SelengeTulga\Documents\GitHub\infinity_bh_appfolio\data\rent_roll-20250605.csv
2025-06-05 12:08:33,823 - INFO - Deleted original file: C:\Users\SelengeTulga\Documents\GitHub\infinity_bh_appfolio\data\rent_roll-20250605.csv
2025-06-05 12:08:33,824 - INFO - Navigating to https://infinitybh.appfolio.com/buffered_reports/tenant_directory?customize=true and downloading CSV...
2025-06-05 12:08:37,695 - INFO - Update button clicked successfully.
2025-06-05 12:09:11,226 - INFO - Export CSV button clicked successfully.
2025-06-05 12:09:11,227 - INFO - CSV export process initiated.
2025-06-05 12:09:41,228 - INFO -  Waiting for CSV file to be downloaded...
2025-06-05 12:09:41,230 - INFO -  Latest downloaded file: C:\Users\SelengeTulga\Documents\GitHub\infinity_bh_appfolio\data\tenant_directory-20250605.csv
2025-06-05 12:09:41,231 - INFO - [SUCCESS] CSV file ready: C:\Users\SelengeTulga\Documents\GitHub\infinity_bh_appfolio\data\tenant_directory-20250605.csv
2025-06-05 12:09:41,231 - INFO - [SUCCESS] CSV URL: file://C:\Users\SelengeTulga\Documents\GitHub\infinity_bh_appfolio\data\tenant_directory-20250605.csv
2025-06-05 12:09:41,446 - INFO - Deleted original file: C:\Users\SelengeTulga\Documents\GitHub\infinity_bh_appfolio\data\tenant_directory-20250605.csv
2025-06-05 12:09:41,446 - INFO - Navigating to https://infinitybh.appfolio.com/buffered_reports/work_order?customize=true and downloading CSV...
2025-06-05 12:09:46,153 - INFO - Update button clicked successfully.
2025-06-05 12:10:16,415 - INFO - Export CSV button clicked successfully.
2025-06-05 12:10:16,415 - INFO - CSV export process initiated.
2025-06-05 12:10:46,417 - INFO -  Waiting for CSV file to be downloaded...
2025-06-05 12:10:46,419 - INFO -  Latest downloaded file: C:\Users\SelengeTulga\Documents\GitHub\infinity_bh_appfolio\data\work_order-20250605.csv
2025-06-05 12:10:46,419 - INFO - [SUCCESS] CSV file ready: C:\Users\SelengeTulga\Documents\GitHub\infinity_bh_appfolio\data\work_order-20250605.csv
2025-06-05 12:10:46,419 - INFO - [SUCCESS] CSV URL: file://C:\Users\SelengeTulga\Documents\GitHub\infinity_bh_appfolio\data\work_order-20250605.csv
2025-06-05 12:10:46,495 - INFO - Deleted original file: C:\Users\SelengeTulga\Documents\GitHub\infinity_bh_appfolio\data\work_order-20250605.csv
2025-06-05 12:10:46,495 - INFO - Navigating to https://infinitybh.appfolio.com/buffered_reports/leasing_funnel_performance?customize=true and downloading CSV...
2025-06-05 12:10:50,375 - INFO - Update button clicked successfully.
2025-06-05 12:11:20,559 - INFO - Export CSV button clicked successfully.
2025-06-05 12:11:20,559 - INFO - CSV export process initiated.
2025-06-05 12:11:50,560 - INFO -  Waiting for CSV file to be downloaded...
2025-06-05 12:11:50,566 - INFO -  Latest downloaded file: C:\Users\SelengeTulga\Documents\GitHub\infinity_bh_appfolio\data\leasing_funnel_performance-20250605.csv
2025-06-05 12:11:50,567 - INFO - [SUCCESS] CSV file ready: C:\Users\SelengeTulga\Documents\GitHub\infinity_bh_appfolio\data\leasing_funnel_performance-20250605.csv
2025-06-05 12:11:50,567 - INFO - [SUCCESS] CSV URL: file://C:\Users\SelengeTulga\Documents\GitHub\infinity_bh_appfolio\data\leasing_funnel_performance-20250605.csv
2025-06-05 12:11:50,593 - INFO - Deleted original file: C:\Users\SelengeTulga\Documents\GitHub\infinity_bh_appfolio\data\leasing_funnel_performance-20250605.csv
2025-06-05 12:11:50,593 - INFO - Navigating to https://infinitybh.appfolio.com/buffered_reports/prospect_source_tracking?customize=true and downloading CSV...
2025-06-05 12:11:54,253 - INFO - Update button clicked successfully.
2025-06-05 12:12:24,494 - INFO - Export CSV button clicked successfully.
2025-06-05 12:12:24,494 - INFO - CSV export process initiated.
2025-06-05 12:12:54,495 - INFO -  Waiting for CSV file to be downloaded...
2025-06-05 12:12:54,497 - INFO -  Latest downloaded file: C:\Users\SelengeTulga\Documents\GitHub\infinity_bh_appfolio\data\prospect_source_tracking-20250605.csv
2025-06-05 12:12:54,497 - INFO - [SUCCESS] CSV file ready: C:\Users\SelengeTulga\Documents\GitHub\infinity_bh_appfolio\data\prospect_source_tracking-20250605.csv
2025-06-05 12:12:54,497 - INFO - [SUCCESS] CSV URL: file://C:\Users\SelengeTulga\Documents\GitHub\infinity_bh_appfolio\data\prospect_source_tracking-20250605.csv
2025-06-05 12:12:54,516 - INFO - Deleted original file: C:\Users\SelengeTulga\Documents\GitHub\infinity_bh_appfolio\data\prospect_source_tracking-20250605.csv
2025-06-05 12:12:54,516 - INFO - Navigating to https://infinitybh.appfolio.com/buffered_reports/bill_detail?customize=true and downloading CSV...
2025-06-05 12:13:09,222 - INFO - Update button clicked successfully.
2025-06-05 12:13:44,601 - INFO - An error occurred: Message: element click intercepted: Element <button type="button" aria-haspopup="true" aria-expanded="false" class="dropdown-div__button js-dropdown btn btn-secondary dropdown-toggle btn btn-secondary">...</button> is not clickable at point (1397, 27). Other element would receive the click: <div class="modal show" aria-modal="true" role="dialog" tabindex="-1" style="display: block;">...</div>
  (Session info: chrome=137.0.7151.68)
Stacktrace:
	GetHandleVerifier [0x0x7ff67024fea5+79173]
	GetHandleVerifier [0x0x7ff67024ff00+79264]
	(No symbol) [0x0x7ff670009e5a]
	(No symbol) [0x0x7ff670068599]
	(No symbol) [0x0x7ff670065f32]
	(No symbol) [0x0x7ff670062f71]
	(No symbol) [0x0x7ff670061e61]
	(No symbol) [0x0x7ff670053464]
	(No symbol) [0x0x7ff67008896a]
	(No symbol) [0x0x7ff670052d16]
	(No symbol) [0x0x7ff670088b80]
	(No symbol) [0x0x7ff6700b100d]
	(No symbol) [0x0x7ff670088743]
	(No symbol) [0x0x7ff6700514c1]
	(No symbol) [0x0x7ff670052253]
	GetHandleVerifier [0x0x7ff67051a2dd+3004797]
	GetHandleVerifier [0x0x7ff67051472d+2981325]
	GetHandleVerifier [0x0x7ff670533380+3107360]
	GetHandleVerifier [0x0x7ff67026aa2e+188622]
	GetHandleVerifier [0x0x7ff6702722bf+219487]
	GetHandleVerifier [0x0x7ff670258df4+115860]
	GetHandleVerifier [0x0x7ff670258fa9+116297]
	GetHandleVerifier [0x0x7ff67023f558+11256]
	BaseThreadInitThunk [0x0x7ff96db6e8d7+23]
	RtlUserThreadStart [0x0x7ff96fb5bf6c+44]

2025-06-05 12:14:14,602 - INFO -  Waiting for CSV file to be downloaded...
2025-06-05 12:14:14,604 - INFO -  Latest downloaded file: C:\Users\SelengeTulga\Documents\GitHub\infinity_bh_appfolio\data\prospect_cleaned_20250605_121254.csv
2025-06-05 12:14:14,604 - INFO - [SUCCESS] CSV file ready: C:\Users\SelengeTulga\Documents\GitHub\infinity_bh_appfolio\data\prospect_cleaned_20250605_121254.csv
2025-06-05 12:14:14,604 - INFO - [SUCCESS] CSV URL: file://C:\Users\SelengeTulga\Documents\GitHub\infinity_bh_appfolio\data\prospect_cleaned_20250605_121254.csv
2025-06-05 12:14:14,630 - INFO -  An error occurred: 'Reference'
2025-06-05 12:14:16,902 - INFO - [ERROR] The process encountered an error.
2025-06-05 12:15:59,270 - INFO - Started Appfolio data process
2025-06-05 12:16:00,339 - INFO - [INFO] Opening login page...
2025-06-05 12:16:02,318 - INFO - [INFO] Entered username
2025-06-05 12:16:02,395 - INFO - [INFO] Entered password
2025-06-05 12:16:02,516 - INFO - [INFO] Clicked login button
2025-06-05 12:16:05,522 - INFO - [INFO] 2-Step Verification detected. Retrieving verification code...
2025-06-05 12:16:05,883 - INFO - [INFO] Requested verification code.
2025-06-05 12:16:09,423 - INFO - Entered verification code: 084035
2025-06-05 12:16:09,506 - INFO - Successfully submitted the verification code!
2025-06-05 12:16:12,507 - INFO - Navigating to https://infinitybh.appfolio.com/buffered_reports/guest_card_inquiries?customize=true and downloading CSV...
2025-06-05 12:16:16,547 - INFO - Update button clicked successfully.
2025-06-05 12:17:03,127 - INFO - Export CSV button clicked successfully.
2025-06-05 12:17:03,127 - INFO - CSV export process initiated.
2025-06-05 12:17:33,128 - INFO -  Waiting for CSV file to be downloaded...
2025-06-05 12:17:33,130 - INFO -  Latest downloaded file: C:\Users\SelengeTulga\Documents\GitHub\infinity_bh_appfolio\data\guest_card_inquiries-20250605.csv
2025-06-05 12:17:33,131 - INFO - [SUCCESS] CSV file ready: C:\Users\SelengeTulga\Documents\GitHub\infinity_bh_appfolio\data\guest_card_inquiries-20250605.csv
2025-06-05 12:17:33,131 - INFO - [SUCCESS] CSV URL: file://C:\Users\SelengeTulga\Documents\GitHub\infinity_bh_appfolio\data\guest_card_inquiries-20250605.csv
2025-06-05 12:17:33,275 - INFO - Deleted original file: C:\Users\SelengeTulga\Documents\GitHub\infinity_bh_appfolio\data\guest_card_inquiries-20250605.csv
2025-06-05 12:17:33,275 - INFO - Navigating to https://infinitybh.appfolio.com/buffered_reports/general_ledger?customize=true and downloading CSV...
2025-06-05 12:17:37,694 - INFO - Update button clicked successfully.
2025-06-05 12:18:11,097 - INFO - Export CSV button clicked successfully.
2025-06-05 12:18:11,097 - INFO - CSV export process initiated.
2025-06-05 12:18:41,098 - INFO -  Waiting for CSV file to be downloaded...
2025-06-05 12:18:41,101 - INFO -  Latest downloaded file: C:\Users\SelengeTulga\Documents\GitHub\infinity_bh_appfolio\data\general_ledger-20250605.csv
2025-06-05 12:18:41,101 - INFO - [SUCCESS] CSV file ready: C:\Users\SelengeTulga\Documents\GitHub\infinity_bh_appfolio\data\general_ledger-20250605.csv
2025-06-05 12:18:41,101 - INFO - [SUCCESS] CSV URL: file://C:\Users\SelengeTulga\Documents\GitHub\infinity_bh_appfolio\data\general_ledger-20250605.csv
2025-06-05 12:18:41,194 - INFO - Deleted original file: C:\Users\SelengeTulga\Documents\GitHub\infinity_bh_appfolio\data\general_ledger-20250605.csv
2025-06-05 12:18:41,196 - INFO - Navigating to https://infinitybh.appfolio.com/buffered_reports/rent_roll?customize=true and downloading CSV...
2025-06-05 12:18:45,306 - INFO - Set date to 05-31-2025
2025-06-05 12:18:45,396 - INFO - Update button clicked successfully.
2025-06-05 12:19:15,696 - INFO - Export CSV button clicked successfully.
2025-06-05 12:19:15,697 - INFO - CSV export process initiated.
2025-06-05 12:19:45,697 - INFO -  Waiting for CSV file to be downloaded...
2025-06-05 12:19:45,700 - INFO -  Latest downloaded file: C:\Users\SelengeTulga\Documents\GitHub\infinity_bh_appfolio\data\rent_roll-20250605.csv
2025-06-05 12:19:45,700 - INFO - [SUCCESS] CSV file ready: C:\Users\SelengeTulga\Documents\GitHub\infinity_bh_appfolio\data\rent_roll-20250605.csv
2025-06-05 12:19:45,700 - INFO - [SUCCESS] CSV URL: file://C:\Users\SelengeTulga\Documents\GitHub\infinity_bh_appfolio\data\rent_roll-20250605.csv
2025-06-05 12:19:45,750 - INFO - Deleted original file: C:\Users\SelengeTulga\Documents\GitHub\infinity_bh_appfolio\data\rent_roll-20250605.csv
2025-06-05 12:19:48,487 - INFO - [SUCCESS] The entire process completed successfully.
2025-06-10 08:24:49,511 - INFO - Started Appfolio data process
2025-06-10 08:24:51,274 - INFO - [INFO] Opening login page...
2025-06-10 08:24:53,205 - INFO - [INFO] Entered username
2025-06-10 08:24:53,348 - INFO - [INFO] Entered password
2025-06-10 08:24:54,051 - INFO - [INFO] Clicked login button
2025-06-10 08:24:57,058 - INFO - [INFO] 2-Step Verification detected. Retrieving verification code...
2025-06-10 08:24:57,478 - INFO - [INFO] Requested verification code.
2025-06-10 08:24:57,697 - INFO - Too many requests. Waiting 10 seconds before retrying...
2025-06-10 08:25:09,079 - INFO - Entered verification code: 611874
2025-06-10 08:25:09,165 - INFO - Successfully submitted the verification code!
2025-06-10 08:25:12,165 - INFO - Navigating to https://infinitybh.appfolio.com/buffered_reports/bill_detail?customize=true and downloading CSV...
2025-06-10 08:25:26,631 - INFO - Update button clicked successfully.
2025-06-10 08:26:01,969 - INFO - An error occurred: Message: element click intercepted: Element <button type="button" aria-haspopup="true" aria-expanded="false" class="dropdown-div__button js-dropdown btn btn-secondary dropdown-toggle btn btn-secondary">...</button> is not clickable at point (1397, 27). Other element would receive the click: <div class="modal show" aria-modal="true" role="dialog" tabindex="-1" style="display: block;">...</div>
  (Session info: chrome=137.0.7151.69)
Stacktrace:
	GetHandleVerifier [0x0x7ff6272dfea5+79173]
	GetHandleVerifier [0x0x7ff6272dff00+79264]
	(No symbol) [0x0x7ff627099e5a]
	(No symbol) [0x0x7ff6270f8599]
	(No symbol) [0x0x7ff6270f5f32]
	(No symbol) [0x0x7ff6270f2f71]
	(No symbol) [0x0x7ff6270f1e61]
	(No symbol) [0x0x7ff6270e3464]
	(No symbol) [0x0x7ff62711896a]
	(No symbol) [0x0x7ff6270e2d16]
	(No symbol) [0x0x7ff627118b80]
	(No symbol) [0x0x7ff62714100d]
	(No symbol) [0x0x7ff627118743]
	(No symbol) [0x0x7ff6270e14c1]
	(No symbol) [0x0x7ff6270e2253]
	GetHandleVerifier [0x0x7ff6275aa2dd+3004797]
	GetHandleVerifier [0x0x7ff6275a472d+2981325]
	GetHandleVerifier [0x0x7ff6275c3380+3107360]
	GetHandleVerifier [0x0x7ff6272faa2e+188622]
	GetHandleVerifier [0x0x7ff6273022bf+219487]
	GetHandleVerifier [0x0x7ff6272e8df4+115860]
	GetHandleVerifier [0x0x7ff6272e8fa9+116297]
	GetHandleVerifier [0x0x7ff6272cf558+11256]
	BaseThreadInitThunk [0x0x7ff96db6e8d7+23]
	RtlUserThreadStart [0x0x7ff96fb5bf6c+44]

2025-06-10 08:26:31,969 - INFO -  Waiting for CSV file to be downloaded...
2025-06-10 08:26:31,976 - INFO -  Latest downloaded file: C:\Users\SelengeTulga\Documents\GitHub\infinity_bh_appfolio\data\rentroll_12_months_combined_20250605.csv
2025-06-10 08:26:31,978 - INFO - [SUCCESS] CSV file ready: C:\Users\SelengeTulga\Documents\GitHub\infinity_bh_appfolio\data\rentroll_12_months_combined_20250605.csv
2025-06-10 08:26:31,978 - INFO - [SUCCESS] CSV URL: file://C:\Users\SelengeTulga\Documents\GitHub\infinity_bh_appfolio\data\rentroll_12_months_combined_20250605.csv
2025-06-10 08:26:32,180 - INFO -  An error occurred: 'Reference'
2025-06-10 08:26:34,452 - INFO - [ERROR] The process encountered an error.
